#***************************************************************************

#sjplacer

#Version:            1.1

#Build Date:         Sep  9 2019 11:47:43

#File Generated:     Mar 14 2026 18:21:32

#Purpose:            

#Copyright (C) 2010-2011 by Softjin Technologies Pvt Ltd. All rights reserved.

#***************************************************************************

Executing : C:\Program Files (x86)\Cypress\PSoC Creator\4.4\PSoC Creator\bin/sjplacer.exe --proj-name CE210514_PSOC3_5_Thermistor --netlist-vh2 CE210514_PSOC3_5_Thermistor_p.vh2 --arch p35_udb4x6 --arch-file C:\Program Files (x86)\Cypress\PSoC Creator\4.4\PSoC Creator\dev\arch/udbdsi_4x6_24.cydata --ip-file C:\Program Files (x86)\Cypress\PSoC Creator\4.4\PSoC Creator\dev\psoc5/psoc5lp/ip_blocks.cydata --rrg-file C:\Program Files (x86)\Cypress\PSoC Creator\4.4\PSoC Creator\dev\psoc5/psoc5lp/route_arch-rrg.cydata --irq-file C:\Program Files (x86)\Cypress\PSoC Creator\4.4\PSoC Creator\dev\psoc5/psoc5lp/irqconn.cydata --drq-file C:\Program Files (x86)\Cypress\PSoC Creator\4.4\PSoC Creator\dev\psoc5/psoc5lp/dmaconn.cydata --dsi-conn-file C:\Program Files (x86)\Cypress\PSoC Creator\4.4\PSoC Creator\dev\psoc5/psoc5lp/dsiconn.cydata --pins-file pins_100-TQFP.xml --lib-file CE210514_PSOC3_5_Thermistor_p.lib --sdc-file CE210514_PSOC3_5_Thermistor.sdc --io-pcf CE210514_PSOC3_5_Thermistor.pci --outdir .

		Softjin Techologies Placer, Version 1.1

Build Date : Sep  9 2019	11:45:12

D2004: Option and Settings Summary
=============================================================
Netlist vh2 file          - CE210514_PSOC3_5_Thermistor_p.vh2
Architecture file         - C:\Program Files (x86)\Cypress\PSoC Creator\4.4\PSoC Creator\dev\arch/udbdsi_4x6_24.cydata
Package                   - 
Defparam file             - 
SDC file                  - CE210514_PSOC3_5_Thermistor.sdc
Output directory          - .
Timing library            - CE210514_PSOC3_5_Thermistor_p.lib
IO Placement file         - CE210514_PSOC3_5_Thermistor.pci

D2050: Starting reading inputs for placer
=============================================================
D2065: Reading netlist file : "CE210514_PSOC3_5_Thermistor_p.vh2"
D2065: Reading arch file : "C:\Program Files (x86)\Cypress\PSoC Creator\4.4\PSoC Creator\dev\arch/udbdsi_4x6_24.cydata"
D2051: Reading of inputs for placer completed successfully

D2053: Starting placement of the design
=============================================================

Phase 2
Phase 3

Design Statistics after Packing
    Number of Combinational MCs 	:	19
    Number of Sequential MCs    	:	37
    Number of DPs               	:	8
    Number of Controls          	:	5
    Number of Status            	:	6
    Number of SyncCells         	:	1
    Number of count7cells       	:	4

Device Utilization Summary after Packing
    Macrocells                  :	56/192
    UDBS                        :	12/24
    IOs                         :	24/72


D2088: Phase 3, elapsed time : 0.0 (sec)

Phase 4
D2088: Phase 4, elapsed time : 0.0 (sec)

Phase 5
D2088: Phase 5, elapsed time : 0.0 (sec)

Phase 6

######################################################################
Placement Timing Summary

The timing summary is based on estimated routing delays after
placement. For final timing report, please carry out the timing
analysis after routing.
======================================================================

######################################################################
                     Clock Summary 
======================================================================
Number of clocks: 9
Clock: CapSense_IntClock    | Frequency:  52.4 MHz | Target:  33.0 MHz
Clock: CyBUS_CLK            | Frequency: N/A       | Target:  66.0 MHz
Clock: CyILO                | Frequency: N/A       | Target:   0.1 MHz
Clock: CyIMO                | Frequency: N/A       | Target:  24.0 MHz
Clock: CyMASTER_CLK         | Frequency: N/A       | Target:  66.0 MHz
Clock: CyPLL_OUT            | Frequency: N/A       | Target:  66.0 MHz
Clock: SPIM_1_IntClock      | Frequency:  65.0 MHz | Target:   9.4 MHz
Clock: SPIM_2_IntClock      | Frequency:  65.0 MHz | Target:   9.4 MHz
Clock: SPIM_3_IntClock      | Frequency:  62.1 MHz | Target:   0.0 MHz

======================================================================
                     End of Clock Summary
######################################################################

D2088: Phase 6, elapsed time : 0.0 (sec)

Phase 7
######################################################################
                     Clock Summary 
======================================================================
Number of clocks: 9
Clock: CapSense_IntClock    | Frequency:  54.0 MHz | Target:  33.0 MHz
Clock: CyBUS_CLK            | Frequency: N/A       | Target:  66.0 MHz
Clock: CyILO                | Frequency: N/A       | Target:   0.1 MHz
Clock: CyIMO                | Frequency: N/A       | Target:  24.0 MHz
Clock: CyMASTER_CLK         | Frequency: N/A       | Target:  66.0 MHz
Clock: CyPLL_OUT            | Frequency: N/A       | Target:  66.0 MHz
Clock: SPIM_1_IntClock      | Frequency:  65.0 MHz | Target:   9.4 MHz
Clock: SPIM_2_IntClock      | Frequency:  65.0 MHz | Target:   9.4 MHz
Clock: SPIM_3_IntClock      | Frequency:  65.0 MHz | Target:   0.0 MHz

======================================================================
                     End of Clock Summary
######################################################################
D2088: Phase 7, elapsed time : 0.5 (sec)

Final Design Statistics
    Number of Combinational MCs 	:	19
    Number of Sequential MCs    	:	37
    Number of DPs               	:	8
    Number of Controls          	:	5
    Number of Status            	:	6
    Number of SyncCells         	:	1
    Number of count7cells       	:	4
    Number of IOs       	:	24

Device Utilization Summary
    Macrocells                  :	56/192
    IOs                         :	24/72



######################################################################
Placement Timing Summary

The timing summary is based on estimated routing delays after
placement. For final timing report, please carry out the timing
analysis after routing.
======================================================================


######################################################################
                     Clock Summary 
======================================================================
Number of clocks: 9
Clock: CapSense_IntClock    | Frequency:  55.9 MHz | Target:  35.7 MHz
Clock: CyBUS_CLK            | Frequency: N/A       | Target:  66.0 MHz
Clock: CyILO                | Frequency: N/A       | Target:   0.1 MHz
Clock: CyIMO                | Frequency: N/A       | Target:  24.0 MHz
Clock: CyMASTER_CLK         | Frequency: N/A       | Target:  66.0 MHz
Clock: CyPLL_OUT            | Frequency: N/A       | Target:  66.0 MHz
Clock: SPIM_1_IntClock      | Frequency:  68.9 MHz | Target:  10.3 MHz
Clock: SPIM_2_IntClock      | Frequency:  60.4 MHz | Target:  10.3 MHz
Clock: SPIM_3_IntClock      | Frequency:  62.5 MHz | Target:   0.0 MHz

======================================================================
                     End of Clock Summary
######################################################################

Phase 8
D2088: Phase 8, elapsed time : 0.0 (sec)

D2054: Placement of the design completed successfully

I2076: Total run-time: 1.0 sec.

