Archive member included to satisfy reference by file (symbol)

/Applications/STM32CubeIDE.app/Contents/Eclipse/plugins/com.st.stm32cube.ide.mcu.externaltools.gnu-tools-for-stm32.10.3-2021.10.macos64_1.0.200.202301161003/tools/bin/../lib/gcc/arm-none-eabi/10.3.1/../../../../arm-none-eabi/lib/thumb/v7e-m+dp/hard/libc_nano.a(lib_a-errno.o)
                              ./Core/Src/syscalls.o (__errno)
/Applications/STM32CubeIDE.app/Contents/Eclipse/plugins/com.st.stm32cube.ide.mcu.externaltools.gnu-tools-for-stm32.10.3-2021.10.macos64_1.0.200.202301161003/tools/bin/../lib/gcc/arm-none-eabi/10.3.1/../../../../arm-none-eabi/lib/thumb/v7e-m+dp/hard/libc_nano.a(lib_a-exit.o)
                              /Applications/STM32CubeIDE.app/Contents/Eclipse/plugins/com.st.stm32cube.ide.mcu.externaltools.gnu-tools-for-stm32.10.3-2021.10.macos64_1.0.200.202301161003/tools/bin/../lib/gcc/arm-none-eabi/10.3.1/../../../../arm-none-eabi/lib/thumb/v7e-m+dp/hard/crt0.o (exit)
/Applications/STM32CubeIDE.app/Contents/Eclipse/plugins/com.st.stm32cube.ide.mcu.externaltools.gnu-tools-for-stm32.10.3-2021.10.macos64_1.0.200.202301161003/tools/bin/../lib/gcc/arm-none-eabi/10.3.1/../../../../arm-none-eabi/lib/thumb/v7e-m+dp/hard/libc_nano.a(lib_a-impure.o)
                              /Applications/STM32CubeIDE.app/Contents/Eclipse/plugins/com.st.stm32cube.ide.mcu.externaltools.gnu-tools-for-stm32.10.3-2021.10.macos64_1.0.200.202301161003/tools/bin/../lib/gcc/arm-none-eabi/10.3.1/../../../../arm-none-eabi/lib/thumb/v7e-m+dp/hard/libc_nano.a(lib_a-exit.o) (_global_impure_ptr)
/Applications/STM32CubeIDE.app/Contents/Eclipse/plugins/com.st.stm32cube.ide.mcu.externaltools.gnu-tools-for-stm32.10.3-2021.10.macos64_1.0.200.202301161003/tools/bin/../lib/gcc/arm-none-eabi/10.3.1/../../../../arm-none-eabi/lib/thumb/v7e-m+dp/hard/libc_nano.a(lib_a-init.o)
                              /Applications/STM32CubeIDE.app/Contents/Eclipse/plugins/com.st.stm32cube.ide.mcu.externaltools.gnu-tools-for-stm32.10.3-2021.10.macos64_1.0.200.202301161003/tools/bin/../lib/gcc/arm-none-eabi/10.3.1/../../../../arm-none-eabi/lib/thumb/v7e-m+dp/hard/crt0.o (__libc_init_array)
/Applications/STM32CubeIDE.app/Contents/Eclipse/plugins/com.st.stm32cube.ide.mcu.externaltools.gnu-tools-for-stm32.10.3-2021.10.macos64_1.0.200.202301161003/tools/bin/../lib/gcc/arm-none-eabi/10.3.1/../../../../arm-none-eabi/lib/thumb/v7e-m+dp/hard/libc_nano.a(lib_a-memcpy-stub.o)
                              ./leaf/Externals/d_fft_mayer.o (memcpy)
/Applications/STM32CubeIDE.app/Contents/Eclipse/plugins/com.st.stm32cube.ide.mcu.externaltools.gnu-tools-for-stm32.10.3-2021.10.macos64_1.0.200.202301161003/tools/bin/../lib/gcc/arm-none-eabi/10.3.1/../../../../arm-none-eabi/lib/thumb/v7e-m+dp/hard/libc_nano.a(lib_a-memset.o)
                              /Applications/STM32CubeIDE.app/Contents/Eclipse/plugins/com.st.stm32cube.ide.mcu.externaltools.gnu-tools-for-stm32.10.3-2021.10.macos64_1.0.200.202301161003/tools/bin/../lib/gcc/arm-none-eabi/10.3.1/../../../../arm-none-eabi/lib/thumb/v7e-m+dp/hard/crt0.o (memset)
/Applications/STM32CubeIDE.app/Contents/Eclipse/plugins/com.st.stm32cube.ide.mcu.externaltools.gnu-tools-for-stm32.10.3-2021.10.macos64_1.0.200.202301161003/tools/bin/../lib/gcc/arm-none-eabi/10.3.1/../../../../arm-none-eabi/lib/thumb/v7e-m+dp/hard/libc_nano.a(lib_a-sf_frexp.o)
                              ./leaf/Src/leaf-math.o (frexpf)
/Applications/STM32CubeIDE.app/Contents/Eclipse/plugins/com.st.stm32cube.ide.mcu.externaltools.gnu-tools-for-stm32.10.3-2021.10.macos64_1.0.200.202301161003/tools/bin/../lib/gcc/arm-none-eabi/10.3.1/../../../../arm-none-eabi/lib/thumb/v7e-m+dp/hard/libm.a(lib_a-cosf.o)
                              ./leaf/Src/leaf-analysis.o (cosf)
/Applications/STM32CubeIDE.app/Contents/Eclipse/plugins/com.st.stm32cube.ide.mcu.externaltools.gnu-tools-for-stm32.10.3-2021.10.macos64_1.0.200.202301161003/tools/bin/../lib/gcc/arm-none-eabi/10.3.1/../../../../arm-none-eabi/lib/thumb/v7e-m+dp/hard/libm.a(lib_a-exp.o)
                              ./leaf/Src/leaf-analysis.o (exp)
/Applications/STM32CubeIDE.app/Contents/Eclipse/plugins/com.st.stm32cube.ide.mcu.externaltools.gnu-tools-for-stm32.10.3-2021.10.macos64_1.0.200.202301161003/tools/bin/../lib/gcc/arm-none-eabi/10.3.1/../../../../arm-none-eabi/lib/thumb/v7e-m+dp/hard/libm.a(lib_a-exp_data.o)
                              /Applications/STM32CubeIDE.app/Contents/Eclipse/plugins/com.st.stm32cube.ide.mcu.externaltools.gnu-tools-for-stm32.10.3-2021.10.macos64_1.0.200.202301161003/tools/bin/../lib/gcc/arm-none-eabi/10.3.1/../../../../arm-none-eabi/lib/thumb/v7e-m+dp/hard/libm.a(lib_a-exp.o) (__exp_data)
/Applications/STM32CubeIDE.app/Contents/Eclipse/plugins/com.st.stm32cube.ide.mcu.externaltools.gnu-tools-for-stm32.10.3-2021.10.macos64_1.0.200.202301161003/tools/bin/../lib/gcc/arm-none-eabi/10.3.1/../../../../arm-none-eabi/lib/thumb/v7e-m+dp/hard/libm.a(lib_a-log.o)
[...]
Memory Configuration

Name             Origin             Length             Attributes
ITCMRAM          0x0000000000000000 0x0000000000010000 xrw
DTCMRAM          0x0000000020000000 0x0000000000020000 xrw
FLASH            0x0000000008000000 0x0000000000020000 xr
RAM_D1           0x0000000024000000 0x0000000000050000 xrw
RAM_D2           0x0000000030000000 0x0000000000008000 xrw
RAM_D3           0x0000000038000000 0x0000000000004000 xrw
*default*        0x0000000000000000 0xffffffffffffffff

Linker script and memory map

LOAD /Applications/STM32CubeIDE.app/Contents/Eclipse/plugins/com.st.stm32cube.ide.mcu.externaltools.gnu-tools-for-stm32.10.3-2021.10.macos64_1.0.200.202301161003/tools/bin/../lib/gcc/arm-none-eabi/10.3.1/thumb/v7e-m+dp/hard/crti.o
LOAD /Applications/STM32CubeIDE.app/Contents/Eclipse/plugins/com.st.stm32cube.ide.mcu.externaltools.gnu-tools-for-stm32.10.3-2021.10.macos64_1.0.200.202301161003/tools/bin/../lib/gcc/arm-none-eabi/10.3.1/thumb/v7e-m+dp/hard/crtbegin.o
LOAD /Applications/STM32CubeIDE.app/Contents/Eclipse/plugins/com.st.stm32cube.ide.mcu.externaltools.gnu-tools-for-stm32.10.3-2021.10.macos64_1.0.200.202301161003/tools/bin/../lib/gcc/arm-none-eabi/10.3.1/../../../../arm-none-eabi/lib/thumb/v7e-m+dp/hard/crt0.o
LOAD ./Core/Src/main.o
LOAD ./Core/Src/stm32h7xx_hal_msp.o
LOAD ./Core/Src/stm32h7xx_it.o
LOAD ./Core/Src/syscalls.o
LOAD ./Core/Src/sysmem.o
LOAD ./Core/Src/system_stm32h7xx.o
LOAD ./Core/Startup/startup_stm32h730zbtx.o
LOAD ./Drivers/STM32H7xx_HAL_Driver/Src/stm32h7xx_hal.o
LOAD ./Drivers/STM32H7xx_HAL_Driver/Src/stm32h7xx_hal_adc.o
LOAD ./Drivers/STM32H7xx_HAL_Driver/Src/stm32h7xx_hal_adc_ex.o
LOAD ./Drivers/STM32H7xx_HAL_Driver/Src/stm32h7xx_hal_cortex.o
LOAD ./Drivers/STM32H7xx_HAL_Driver/Src/stm32h7xx_hal_dma.o
LOAD ./Drivers/STM32H7xx_HAL_Driver/Src/stm32h7xx_hal_dma_ex.o
LOAD ./Drivers/STM32H7xx_HAL_Driver/Src/stm32h7xx_hal_exti.o
LOAD ./Drivers/STM32H7xx_HAL_Driver/Src/stm32h7xx_hal_flash.o
LOAD ./Drivers/STM32H7xx_HAL_Driver/Src/stm32h7xx_hal_flash_ex.o
LOAD ./Drivers/STM32H7xx_HAL_Driver/Src/stm32h7xx_hal_gpio.o
LOAD ./Drivers/STM32H7xx_HAL_Driver/Src/stm32h7xx_hal_hsem.o
LOAD ./Drivers/STM32H7xx_HAL_Driver/Src/stm32h7xx_hal_i2c.o
LOAD ./Drivers/STM32H7xx_HAL_Driver/Src/stm32h7xx_hal_i2c_ex.o
LOAD ./Drivers/STM32H7xx_HAL_Driver/Src/stm32h7xx_hal_mdma.o
LOAD ./Drivers/STM32H7xx_HAL_Driver/Src/stm32h7xx_hal_pwr.o
LOAD ./Drivers/STM32H7xx_HAL_Driver/Src/stm32h7xx_hal_pwr_ex.o
LOAD ./Drivers/STM32H7xx_HAL_Driver/Src/stm32h7xx_hal_rcc.o
LOAD ./Drivers/STM32H7xx_HAL_Driver/Src/stm32h7xx_hal_rcc_ex.o
LOAD ./Drivers/STM32H7xx_HAL_Driver/Src/stm32h7xx_hal_rng.o
LOAD ./Drivers/STM32H7xx_HAL_Driver/Src/stm32h7xx_hal_rng_ex.o
LOAD ./Drivers/STM32H7xx_HAL_Driver/Src/stm32h7xx_hal_spi.o
LOAD ./Drivers/STM32H7xx_HAL_Driver/Src/stm32h7xx_hal_spi_ex.o
LOAD ./Drivers/STM32H7xx_HAL_Driver/Src/stm32h7xx_hal_tim.o
LOAD ./Drivers/STM32H7xx_HAL_Driver/Src/stm32h7xx_hal_tim_ex.o
LOAD ./leaf/Externals/d_fft_mayer.o
LOAD ./leaf/Src/leaf-analysis.o
LOAD ./leaf/Src/leaf-delay.o
LOAD ./leaf/Src/leaf-distortion.o
LOAD ./leaf/Src/leaf-dynamics.o
LOAD ./leaf/Src/leaf-effects.o
LOAD ./leaf/Src/leaf-electrical.o
LOAD ./leaf/Src/leaf-envelopes.o
LOAD ./leaf/Src/leaf-filters.o
LOAD ./leaf/Src/leaf-instruments.o
LOAD ./leaf/Src/leaf-math.o
LOAD ./leaf/Src/leaf-mempool.o
LOAD ./leaf/Src/leaf-midi.o
LOAD ./leaf/Src/leaf-oscillators.o
LOAD ./leaf/Src/leaf-physical.o
LOAD ./leaf/Src/leaf-reverb.o
LOAD ./leaf/Src/leaf-sampling.o
LOAD ./leaf/Src/leaf-tables.o
LOAD ./leaf/Src/leaf.o
START GROUP
LOAD /Applications/STM32CubeIDE.app/Contents/Eclipse/plugins/com.st.stm32cube.ide.mcu.externaltools.gnu-tools-for-stm32.10.3-2021.10.macos64_1.0.200.202301161003/tools/bin/../lib/gcc/arm-none-eabi/10.3.1/../../../../arm-none-eabi/lib/thumb/v7e-m+dp/hard/libc_nano.a
LOAD /Applications/STM32CubeIDE.app/Contents/Eclipse/plugins/com.st.stm32cube.ide.mcu.externaltools.gnu-tools-for-stm32.10.3-2021.10.macos64_1.0.200.202301161003/tools/bin/../lib/gcc/arm-none-eabi/10.3.1/../../../../arm-none-eabi/lib/thumb/v7e-m+dp/hard/libm.a
END GROUP
START GROUP
LOAD /Applications/STM32CubeIDE.app/Contents/Eclipse/plugins/com.st.stm32cube.ide.mcu.externaltools.gnu-tools-for-stm32.10.3-2021.10.macos64_1.0.200.202301161003/tools/bin/../lib/gcc/arm-none-eabi/10.3.1/thumb/v7e-m+dp/hard/libgcc.a
LOAD /Applications/STM32CubeIDE.app/Contents/Eclipse/plugins/com.st.stm32cube.ide.mcu.externaltools.gnu-tools-for-stm32.10.3-2021.10.macos64_1.0.200.202301161003/tools/bin/../lib/gcc/arm-none-eabi/10.3.1/../../../../arm-none-eabi/lib/thumb/v7e-m+dp/hard/libc_nano.a
END GROUP
START GROUP
LOAD /Applications/STM32CubeIDE.app/Contents/Eclipse/plugins/com.st.stm32cube.ide.mcu.externaltools.gnu-tools-for-stm32.10.3-2021.10.macos64_1.0.200.202301161003/tools/bin/../lib/gcc/arm-none-eabi/10.3.1/thumb/v7e-m+dp/hard/libgcc.a
LOAD /Applications/STM32CubeIDE.app/Contents/Eclipse/plugins/com.st.stm32cube.ide.mcu.externaltools.gnu-tools-for-stm32.10.3-2021.10.macos64_1.0.200.202301161003/tools/bin/../lib/gcc/arm-none-eabi/10.3.1/../../../../arm-none-eabi/lib/thumb/v7e-m+dp/hard/libc_nano.a
LOAD /Applications/STM32CubeIDE.app/Contents/Eclipse/plugins/com.st.stm32cube.ide.mcu.externaltools.gnu-tools-for-stm32.10.3-2021.10.macos64_1.0.200.202301161003/tools/bin/../lib/gcc/arm-none-eabi/10.3.1/../../../../arm-none-eabi/lib/thumb/v7e-m+dp/hard/libnosys.a
END GROUP
START GROUP
LOAD /Applications/STM32CubeIDE.app/Contents/Eclipse/plugins/com.st.stm32cube.ide.mcu.externaltools.gnu-tools-for-stm32.10.3-2021.10.macos64_1.0.200.202301161003/tools/bin/../lib/gcc/arm-none-eabi/10.3.1/thumb/v7e-m+dp/hard/libgcc.a
LOAD /Applications/STM32CubeIDE.app/Contents/Eclipse/plugins/com.st.stm32cube.ide.mcu.externaltools.gnu-tools-for-stm32.10.3-2021.10.macos64_1.0.200.202301161003/tools/bin/../lib/gcc/arm-none-eabi/10.3.1/../../../../arm-none-eabi/lib/thumb/v7e-m+dp/hard/libc_nano.a
LOAD /Applications/STM32CubeIDE.app/Contents/Eclipse/plugins/com.st.stm32cube.ide.mcu.externaltools.gnu-tools-for-stm32.10.3-2021.10.macos64_1.0.200.202301161003/tools/bin/../lib/gcc/arm-none-eabi/10.3.1/../../../../arm-none-eabi/lib/thumb/v7e-m+dp/hard/libnosys.a
END GROUP
LOAD /Applications/STM32CubeIDE.app/Contents/Eclipse/plugins/com.st.stm32cube.ide.mcu.externaltools.gnu-tools-for-stm32.10.3-2021.10.macos64_1.0.200.202301161003/tools/bin/../lib/gcc/arm-none-eabi/10.3.1/thumb/v7e-m+dp/hard/crtend.o
LOAD /Applications/STM32CubeIDE.app/Contents/Eclipse/plugins/com.st.stm32cube.ide.mcu.externaltools.gnu-tools-for-stm32.10.3-2021.10.macos64_1.0.200.202301161003/tools/bin/../lib/gcc/arm-none-eabi/10.3.1/thumb/v7e-m+dp/hard/crtn.o
                0x0000000024050000                _estack = (ORIGIN (RAM_D1) + LENGTH (RAM_D1))
                0x0000000000000200                _Min_Heap_Size = 0x200
                0x0000000000000400                _Min_Stack_Size = 0x400

.isr_vector     0x0000000008000000      0x2cc
                0x0000000008000000                . = ALIGN (0x4)
 *(.isr_vector)
 .isr_vector    0x0000000008000000      0x2cc ./Core/Startup/startup_stm32h730zbtx.o
                0x0000000008000000                g_pfnVectors
                0x00000000080002cc                . = ALIGN (0x4)

.text           0x00000000080002d0     0x8380
                0x00000000080002d0                . = ALIGN (0x4)
 *(.text)
 .text          0x00000000080002d0       0x40 /Applications/STM32CubeIDE.app/Contents/Eclipse/plugins/com.st.stm32cube.ide.mcu.externaltools.gnu-tools-for-stm32.10.3-2021.10.macos64_1.0.200.202301161003/tools/bin/../lib/gcc/arm-none-eabi/10.3.1/thumb/v7e-m+dp/hard/crtbegin.o
 *(.text*)
 .text.randomNumber
                0x0000000008000310       0x2c ./Core/Src/main.o
                0x0000000008000310                randomNumber
 .text.SystemClock_Config
                0x000000000800033c       0xac ./Core/Src/main.o
                0x000000000800033c                SystemClock_Config
 .text.MPU_Conf
                0x00000000080003e8       0x30 ./Core/Src/main.o
                0x00000000080003e8                MPU_Conf
 .text.startup.main
                0x0000000008000418      0x634 ./Core/Src/main.o
                0x0000000008000418                main
 .text.attackDetectPeak2
                0x0000000008000a4c      0x1f8 ./Core/Src/main.o
                0x0000000008000a4c                attackDetectPeak2
 .text.ADC_Frame
                0x0000000008000c44      0x1d0 ./Core/Src/main.o
                0x0000000008000c44                ADC_Frame
 .text.HAL_ADC_ConvCpltCallback
                0x0000000008000e14        0x8 ./Core/Src/main.o
                0x0000000008000e14                HAL_ADC_ConvCpltCallback
 .text.HAL_ADC_ConvHalfCpltCallback
                0x0000000008000e1c        0x8 ./Core/Src/main.o
                0x0000000008000e1c                HAL_ADC_ConvHalfCpltCallback
 .text.HAL_SPI_RxCpltCallback
                0x0000000008000e24       0x3c ./Core/Src/main.o
                0x0000000008000e24                HAL_SPI_RxCpltCallback
 .text.HAL_SPI_RxHalfCpltCallback
                0x0000000008000e60       0x3c ./Core/Src/main.o
                0x0000000008000e60                HAL_SPI_RxHalfCpltCallback
 .text.Error_Handler
                0x0000000008000e9c        0x4 ./Core/Src/main.o
                0x0000000008000e9c                Error_Handler
 .text.HAL_MspInit
                0x0000000008000ea0       0x24 ./Core/Src/stm32h7xx_hal_msp.o
                0x0000000008000ea0                HAL_MspInit
 .text.HAL_ADC_MspInit
                0x0000000008000ec4      0x174 ./Core/Src/stm32h7xx_hal_msp.o
                0x0000000008000ec4                HAL_ADC_MspInit
 .text.HAL_RNG_MspInit
                0x0000000008001038       0x5c ./Core/Src/stm32h7xx_hal_msp.o
                0x0000000008001038                HAL_RNG_MspInit
 .text.HAL_SPI_MspInit
                0x0000000008001094      0x2d0 ./Core/Src/stm32h7xx_hal_msp.o
                0x0000000008001094                HAL_SPI_MspInit
 .text.NMI_Handler
                0x0000000008001364        0x4 ./Core/Src/stm32h7xx_it.o
                0x0000000008001364                NMI_Handler
 .text.HardFault_Handler
                0x0000000008001368        0x4 ./Core/Src/stm32h7xx_it.o
                0x0000000008001368                HardFault_Handler
 .text.MemManage_Handler
                0x000000000800136c        0x4 ./Core/Src/stm32h7xx_it.o
                0x000000000800136c                MemManage_Handler
 .text.BusFault_Handler
                0x0000000008001370        0x4 ./Core/Src/stm32h7xx_it.o
                0x0000000008001370                BusFault_Handler
 .text.UsageFault_Handler
                0x0000000008001374        0x4 ./Core/Src/stm32h7xx_it.o
                0x0000000008001374                UsageFault_Handler
 .text.SVC_Handler
                0x0000000008001378        0x4 ./Core/Src/stm32h7xx_it.o
                0x0000000008001378                SVC_Handler
 .text.DebugMon_Handler
                0x000000000800137c        0x4 ./Core/Src/stm32h7xx_it.o
                0x000000000800137c                DebugMon_Handler
 .text.PendSV_Handler
                0x0000000008001380        0x4 ./Core/Src/stm32h7xx_it.o
                0x0000000008001380                PendSV_Handler
 .text.SysTick_Handler
                0x0000000008001384        0x4 ./Core/Src/stm32h7xx_it.o
                0x0000000008001384                SysTick_Handler
 .text.DMA1_Stream0_IRQHandler
                0x0000000008001388        0xc ./Core/Src/stm32h7xx_it.o
                0x0000000008001388                DMA1_Stream0_IRQHandler
 .text.DMA1_Stream1_IRQHandler
                0x0000000008001394        0xc ./Core/Src/stm32h7xx_it.o
                0x0000000008001394                DMA1_Stream1_IRQHandler
 .text.DMA1_Stream2_IRQHandler
                0x00000000080013a0        0xc ./Core/Src/stm32h7xx_it.o
                0x00000000080013a0                DMA1_Stream2_IRQHandler
 .text.ADC_IRQHandler
                0x00000000080013ac        0xc ./Core/Src/stm32h7xx_it.o
                0x00000000080013ac                ADC_IRQHandler
 .text.SPI1_IRQHandler
                0x00000000080013b8        0xc ./Core/Src/stm32h7xx_it.o
                0x00000000080013b8                SPI1_IRQHandler
 .text.SPI2_IRQHandler
                0x00000000080013c4        0xc ./Core/Src/stm32h7xx_it.o
                0x00000000080013c4                SPI2_IRQHandler
 .text.SystemInit
                0x00000000080013d0       0xac ./Core/Src/system_stm32h7xx.o
                0x00000000080013d0                SystemInit
 .text.Reset_Handler
                0x000000000800147c       0x50 ./Core/Startup/startup_stm32h730zbtx.o
                0x000000000800147c                Reset_Handler
 .text.Default_Handler
                0x00000000080014cc        0x2 ./Core/Startup/startup_stm32h730zbtx.o
                0x00000000080014cc                DMA1_Stream3_IRQHandler
                0x00000000080014cc                HASH_RNG_IRQHandler
                0x00000000080014cc                EXTI2_IRQHandler
                0x00000000080014cc                TIM8_CC_IRQHandler
                0x00000000080014cc                UART8_IRQHandler
                0x00000000080014cc                SPI4_IRQHandler
                0x00000000080014cc                FDCAN3_IT0_IRQHandler
                0x00000000080014cc                TIM1_CC_IRQHandler
                0x00000000080014cc                BDMA_Channel6_IRQHandler
                0x00000000080014cc                DMA2_Stream5_IRQHandler
                0x00000000080014cc                DMA1_Stream5_IRQHandler
                0x00000000080014cc                CORDIC_IRQHandler
                0x00000000080014cc                BDMA_Channel1_IRQHandler
                0x00000000080014cc                TAMP_STAMP_IRQHandler
                0x00000000080014cc                EXTI3_IRQHandler
                0x00000000080014cc                LPTIM4_IRQHandler
                0x00000000080014cc                TIM8_TRG_COM_TIM14_IRQHandler
                0x00000000080014cc                LPTIM2_IRQHandler
                0x00000000080014cc                DFSDM1_FLT1_IRQHandler
                0x00000000080014cc                DMAMUX2_OVR_IRQHandler
                0x00000000080014cc                TIM8_UP_TIM13_IRQHandler
                0x00000000080014cc                I2C3_ER_IRQHandler
                0x00000000080014cc                DFSDM1_FLT2_IRQHandler
                0x00000000080014cc                I2C5_EV_IRQHandler
                0x00000000080014cc                USART10_IRQHandler
                0x00000000080014cc                MDMA_IRQHandler
                0x00000000080014cc                LPTIM3_IRQHandler
                0x00000000080014cc                HSEM1_IRQHandler
                0x00000000080014cc                EXTI0_IRQHandler
                0x00000000080014cc                I2C2_EV_IRQHandler
                0x00000000080014cc                FPU_IRQHandler
                0x00000000080014cc                OTG_HS_WKUP_IRQHandler
                0x00000000080014cc                FDCAN1_IT1_IRQHandler
                0x00000000080014cc                LTDC_ER_IRQHandler
                0x00000000080014cc                DMA2_Stream2_IRQHandler
                0x00000000080014cc                OCTOSPI1_IRQHandler
                0x00000000080014cc                TIM6_DAC_IRQHandler
                0x00000000080014cc                DMA2_Stream3_IRQHandler
                0x00000000080014cc                OCTOSPI2_IRQHandler
                0x00000000080014cc                DFSDM1_FLT3_IRQHandler
                0x00000000080014cc                TIM23_IRQHandler
                0x00000000080014cc                USART6_IRQHandler
                0x00000000080014cc                TIM17_IRQHandler
                0x00000000080014cc                USART3_IRQHandler
                0x00000000080014cc                BDMA_Channel7_IRQHandler
                0x00000000080014cc                CRYP_IRQHandler
                0x00000000080014cc                LPTIM5_IRQHandler
                0x00000000080014cc                UART5_IRQHandler
                0x00000000080014cc                ADC3_IRQHandler
                0x00000000080014cc                DMA2_Stream0_IRQHandler
                0x00000000080014cc                TIM4_IRQHandler
                0x00000000080014cc                BDMA_Channel2_IRQHandler
                0x00000000080014cc                I2C1_EV_IRQHandler
                0x00000000080014cc                DMA1_Stream6_IRQHandler
                0x00000000080014cc                DMAMUX1_OVR_IRQHandler
                0x00000000080014cc                TIM16_IRQHandler
                0x00000000080014cc                UART4_IRQHandler
                0x00000000080014cc                BDMA_Channel5_IRQHandler
                0x00000000080014cc                TIM3_IRQHandler
                0x00000000080014cc                RCC_IRQHandler
                0x00000000080014cc                UART9_IRQHandler
                0x00000000080014cc                TIM8_BRK_TIM12_IRQHandler
                0x00000000080014cc                TIM1_TRG_COM_IRQHandler
                0x00000000080014cc                Default_Handler
                0x00000000080014cc                ECC_IRQHandler
                0x00000000080014cc                FMAC_IRQHandler
                0x00000000080014cc                CEC_IRQHandler
                0x00000000080014cc                EXTI15_10_IRQHandler
                0x00000000080014cc                BDMA_Channel0_IRQHandler
                0x00000000080014cc                I2C5_ER_IRQHandler
                0x00000000080014cc                OTFDEC1_IRQHandler
                0x00000000080014cc                DMA1_Stream7_IRQHandler
                0x00000000080014cc                SPI5_IRQHandler
                0x00000000080014cc                TIM7_IRQHandler
                0x00000000080014cc                FDCAN3_IT1_IRQHandler
                0x00000000080014cc                SDMMC1_IRQHandler
                0x00000000080014cc                TIM5_IRQHandler
                0x00000000080014cc                DMA2_Stream7_IRQHandler
                0x00000000080014cc                TIM15_IRQHandler
                0x00000000080014cc                PVD_AVD_IRQHandler
                0x00000000080014cc                I2C3_EV_IRQHandler
                0x00000000080014cc                EXTI9_5_IRQHandler
                0x00000000080014cc                RTC_WKUP_IRQHandler
                0x00000000080014cc                LTDC_IRQHandler
                0x00000000080014cc                ETH_WKUP_IRQHandler
                0x00000000080014cc                SPDIF_RX_IRQHandler
                0x00000000080014cc                OTG_HS_EP1_IN_IRQHandler
                0x00000000080014cc                OTFDEC2_IRQHandler
                0x00000000080014cc                TIM24_IRQHandler
                0x00000000080014cc                CRS_IRQHandler
                0x00000000080014cc                EXTI4_IRQHandler
                0x00000000080014cc                FDCAN2_IT1_IRQHandler
                0x00000000080014cc                ETH_IRQHandler
                0x00000000080014cc                TIM1_UP_IRQHandler
                0x00000000080014cc                BDMA_Channel4_IRQHandler
                0x00000000080014cc                OTG_HS_EP1_OUT_IRQHandler
                0x00000000080014cc                WWDG_IRQHandler
                0x00000000080014cc                SPI6_IRQHandler
                0x00000000080014cc                MDIOS_IRQHandler
                0x00000000080014cc                I2C4_EV_IRQHandler
                0x00000000080014cc                FDCAN2_IT0_IRQHandler
                0x00000000080014cc                LPUART1_IRQHandler
                0x00000000080014cc                FDCAN1_IT0_IRQHandler
                0x00000000080014cc                TIM2_IRQHandler
                0x00000000080014cc                OTG_HS_IRQHandler
                0x00000000080014cc                DMA2D_IRQHandler
                0x00000000080014cc                TIM1_BRK_IRQHandler
                0x00000000080014cc                EXTI1_IRQHandler
                0x00000000080014cc                SDMMC2_IRQHandler
                0x00000000080014cc                BDMA_Channel3_IRQHandler
                0x00000000080014cc                DTS_IRQHandler
                0x00000000080014cc                UART7_IRQHandler
                0x00000000080014cc                MDIOS_WKUP_IRQHandler
                0x00000000080014cc                USART2_IRQHandler
                0x00000000080014cc                DFSDM1_FLT0_IRQHandler
                0x00000000080014cc                SAI4_IRQHandler
                0x00000000080014cc                I2C2_ER_IRQHandler
                0x00000000080014cc                DMA2_Stream1_IRQHandler
                0x00000000080014cc                FLASH_IRQHandler
                0x00000000080014cc                DMA2_Stream4_IRQHandler
                0x00000000080014cc                USART1_IRQHandler
                0x00000000080014cc                SPI3_IRQHandler
                0x00000000080014cc                WAKEUP_PIN_IRQHandler
                0x00000000080014cc                DMA1_Stream4_IRQHandler
                0x00000000080014cc                I2C1_ER_IRQHandler
                0x00000000080014cc                FMC_IRQHandler
                0x00000000080014cc                FDCAN_CAL_IRQHandler
                0x00000000080014cc                SWPMI1_IRQHandler
                0x00000000080014cc                COMP1_IRQHandler
                0x00000000080014cc                LPTIM1_IRQHandler
                0x00000000080014cc                DCMI_PSSI_IRQHandler
                0x00000000080014cc                I2C4_ER_IRQHandler
                0x00000000080014cc                DMA2_Stream6_IRQHandler
                0x00000000080014cc                SAI1_IRQHandler
                0x00000000080014cc                RTC_Alarm_IRQHandler
 *fill*         0x00000000080014ce        0x2 
 .text.HAL_InitTick
                0x00000000080014d0       0x4c ./Drivers/STM32H7xx_HAL_Driver/Src/stm32h7xx_hal.o
                0x00000000080014d0                HAL_InitTick
 .text.HAL_Init
                0x000000000800151c       0x60 ./Drivers/STM32H7xx_HAL_Driver/Src/stm32h7xx_hal.o
                0x000000000800151c                HAL_Init
 .text.HAL_IncTick
                0x000000000800157c       0x18 ./Drivers/STM32H7xx_HAL_Driver/Src/stm32h7xx_hal.o
                0x000000000800157c                HAL_IncTick
 .text.HAL_GetTick
                0x0000000008001594        0xc ./Drivers/STM32H7xx_HAL_Driver/Src/stm32h7xx_hal.o
                0x0000000008001594                HAL_GetTick
 .text.HAL_Delay
                0x00000000080015a0       0x24 ./Drivers/STM32H7xx_HAL_Driver/Src/stm32h7xx_hal.o
                0x00000000080015a0                HAL_Delay
 .text.ADC_DMAHalfConvCplt
                0x00000000080015c4        0xc ./Drivers/STM32H7xx_HAL_Driver/Src/stm32h7xx_hal_adc.o
                0x00000000080015c4                ADC_DMAHalfConvCplt
 .text.HAL_ADC_LevelOutOfWindowCallback
                0x00000000080015d0        0x4 ./Drivers/STM32H7xx_HAL_Driver/Src/stm32h7xx_hal_adc.o
                0x00000000080015d0                HAL_ADC_LevelOutOfWindowCallback
 .text.HAL_ADC_ErrorCallback
                0x00000000080015d4        0x4 ./Drivers/STM32H7xx_HAL_Driver/Src/stm32h7xx_hal_adc.o
                0x00000000080015d4                HAL_ADC_ErrorCallback
 .text.HAL_ADC_IRQHandler
                0x00000000080015d8      0x28c ./Drivers/STM32H7xx_HAL_Driver/Src/stm32h7xx_hal_adc.o
                0x00000000080015d8                HAL_ADC_IRQHandler
 .text.ADC_DMAConvCplt
                0x0000000008001864       0x6c ./Drivers/STM32H7xx_HAL_Driver/Src/stm32h7xx_hal_adc.o
                0x0000000008001864                ADC_DMAConvCplt
 .text.ADC_DMAError
                0x00000000080018d0       0x1c ./Drivers/STM32H7xx_HAL_Driver/Src/stm32h7xx_hal_adc.o
                0x00000000080018d0                ADC_DMAError
 .text.HAL_ADC_ConfigChannel
                0x00000000080018ec      0x6a4 ./Drivers/STM32H7xx_HAL_Driver/Src/stm32h7xx_hal_adc.o
                0x00000000080018ec                HAL_ADC_ConfigChannel
 .text.ADC_Enable
                0x0000000008001f90       0xac ./Drivers/STM32H7xx_HAL_Driver/Src/stm32h7xx_hal_adc.o
                0x0000000008001f90                ADC_Enable
 .text.HAL_ADC_Start_DMA
                0x000000000800203c      0x148 ./Drivers/STM32H7xx_HAL_Driver/Src/stm32h7xx_hal_adc.o
                0x000000000800203c                HAL_ADC_Start_DMA
 .text.ADC_ConfigureBoostMode
                0x0000000008002184      0x12c ./Drivers/STM32H7xx_HAL_Driver/Src/stm32h7xx_hal_adc.o
                0x0000000008002184                ADC_ConfigureBoostMode
 .text.HAL_ADC_Init
                0x00000000080022b0      0x2a8 ./Drivers/STM32H7xx_HAL_Driver/Src/stm32h7xx_hal_adc.o
                0x00000000080022b0                HAL_ADC_Init
 .text.HAL_ADCEx_InjectedConvCpltCallback
                0x0000000008002558        0x4 ./Drivers/STM32H7xx_HAL_Driver/Src/stm32h7xx_hal_adc_ex.o
                0x0000000008002558                HAL_ADCEx_InjectedConvCpltCallback
 .text.HAL_ADCEx_InjectedQueueOverflowCallback
                0x000000000800255c        0x4 ./Drivers/STM32H7xx_HAL_Driver/Src/stm32h7xx_hal_adc_ex.o
                0x000000000800255c                HAL_ADCEx_InjectedQueueOverflowCallback
 .text.HAL_ADCEx_LevelOutOfWindow2Callback
                0x0000000008002560        0x4 ./Drivers/STM32H7xx_HAL_Driver/Src/stm32h7xx_hal_adc_ex.o
                0x0000000008002560                HAL_ADCEx_LevelOutOfWindow2Callback
 .text.HAL_ADCEx_LevelOutOfWindow3Callback
                0x0000000008002564        0x4 ./Drivers/STM32H7xx_HAL_Driver/Src/stm32h7xx_hal_adc_ex.o
                0x0000000008002564                HAL_ADCEx_LevelOutOfWindow3Callback
 .text.HAL_ADCEx_EndOfSamplingCallback
                0x0000000008002568        0x4 ./Drivers/STM32H7xx_HAL_Driver/Src/stm32h7xx_hal_adc_ex.o
                0x0000000008002568                HAL_ADCEx_EndOfSamplingCallback
 .text.HAL_ADCEx_MultiModeConfigChannel
                0x000000000800256c      0x10c ./Drivers/STM32H7xx_HAL_Driver/Src/stm32h7xx_hal_adc_ex.o
                0x000000000800256c                HAL_ADCEx_MultiModeConfigChannel
 .text.HAL_NVIC_SetPriorityGrouping
                0x0000000008002678       0x24 ./Drivers/STM32H7xx_HAL_Driver/Src/stm32h7xx_hal_cortex.o
                0x0000000008002678                HAL_NVIC_SetPriorityGrouping
 .text.HAL_NVIC_SetPriority
                0x000000000800269c       0x7c ./Drivers/STM32H7xx_HAL_Driver/Src/stm32h7xx_hal_cortex.o
                0x000000000800269c                HAL_NVIC_SetPriority
 .text.HAL_NVIC_EnableIRQ
                0x0000000008002718       0x1c ./Drivers/STM32H7xx_HAL_Driver/Src/stm32h7xx_hal_cortex.o
                0x0000000008002718                HAL_NVIC_EnableIRQ
 .text.HAL_SYSTICK_Config
                0x0000000008002734       0x2c ./Drivers/STM32H7xx_HAL_Driver/Src/stm32h7xx_hal_cortex.o
                0x0000000008002734                HAL_SYSTICK_Config
 .text.HAL_MPU_Disable
                0x0000000008002760       0x1c ./Drivers/STM32H7xx_HAL_Driver/Src/stm32h7xx_hal_cortex.o
                0x0000000008002760                HAL_MPU_Disable
 .text.HAL_MPU_Enable
                0x000000000800277c       0x20 ./Drivers/STM32H7xx_HAL_Driver/Src/stm32h7xx_hal_cortex.o
                0x000000000800277c                HAL_MPU_Enable
 .text.HAL_MPU_ConfigRegion
                0x000000000800279c       0x60 ./Drivers/STM32H7xx_HAL_Driver/Src/stm32h7xx_hal_cortex.o
                0x000000000800279c                HAL_MPU_ConfigRegion
 .text.DMA_CalcBaseAndBitshift
                0x00000000080027fc       0xf4 ./Drivers/STM32H7xx_HAL_Driver/Src/stm32h7xx_hal_dma.o
 .text.DMA_CalcDMAMUXChannelBaseAndMask
                0x00000000080028f0       0xd8 ./Drivers/STM32H7xx_HAL_Driver/Src/stm32h7xx_hal_dma.o
 .text.HAL_DMA_Init
                0x00000000080029c8      0x4a8 ./Drivers/STM32H7xx_HAL_Driver/Src/stm32h7xx_hal_dma.o
                0x00000000080029c8                HAL_DMA_Init
 .text.HAL_DMA_Start_IT
                0x0000000008002e70      0x598 ./Drivers/STM32H7xx_HAL_Driver/Src/stm32h7xx_hal_dma.o
                0x0000000008002e70                HAL_DMA_Start_IT
 .text.HAL_DMA_Abort_IT
                0x0000000008003408      0x260 ./Drivers/STM32H7xx_HAL_Driver/Src/stm32h7xx_hal_dma.o
                0x0000000008003408                HAL_DMA_Abort_IT
 .text.HAL_DMA_IRQHandler
                0x0000000008003668      0x8c8 ./Drivers/STM32H7xx_HAL_Driver/Src/stm32h7xx_hal_dma.o
                0x0000000008003668                HAL_DMA_IRQHandler
 .text.HAL_DMA_GetError
                0x0000000008003f30        0x4 ./Drivers/STM32H7xx_HAL_Driver/Src/stm32h7xx_hal_dma.o
                0x0000000008003f30                HAL_DMA_GetError
 .text.HAL_GPIO_Init
                0x0000000008003f34      0x278 ./Drivers/STM32H7xx_HAL_Driver/Src/stm32h7xx_hal_gpio.o
                0x0000000008003f34                HAL_GPIO_Init
 .text.HAL_GPIO_WritePin
                0x00000000080041ac        0x8 ./Drivers/STM32H7xx_HAL_Driver/Src/stm32h7xx_hal_gpio.o
                0x00000000080041ac                HAL_GPIO_WritePin
 .text.HAL_PWREx_ConfigSupply
                0x00000000080041b4       0x48 ./Drivers/STM32H7xx_HAL_Driver/Src/stm32h7xx_hal_pwr_ex.o
                0x00000000080041b4                HAL_PWREx_ConfigSupply
 .text.HAL_RCC_GetSysClockFreq.part.0
                0x00000000080041fc      0x108 ./Drivers/STM32H7xx_HAL_Driver/Src/stm32h7xx_hal_rcc.o
 .text.HAL_RCC_OscConfig
                0x0000000008004304      0x554 ./Drivers/STM32H7xx_HAL_Driver/Src/stm32h7xx_hal_rcc.o
                0x0000000008004304                HAL_RCC_OscConfig
 .text.HAL_RCC_GetSysClockFreq
                0x0000000008004858      0x140 ./Drivers/STM32H7xx_HAL_Driver/Src/stm32h7xx_hal_rcc.o
                0x0000000008004858                HAL_RCC_GetSysClockFreq
 .text.HAL_RCC_ClockConfig
                0x0000000008004998      0x268 ./Drivers/STM32H7xx_HAL_Driver/Src/stm32h7xx_hal_rcc.o
                0x0000000008004998                HAL_RCC_ClockConfig
 .text.HAL_RCC_GetHCLKFreq
                0x0000000008004c00       0x80 ./Drivers/STM32H7xx_HAL_Driver/Src/stm32h7xx_hal_rcc.o
                0x0000000008004c00                HAL_RCC_GetHCLKFreq
 .text.HAL_RCC_GetPCLK1Freq
                0x0000000008004c80       0x90 ./Drivers/STM32H7xx_HAL_Driver/Src/stm32h7xx_hal_rcc.o
                0x0000000008004c80                HAL_RCC_GetPCLK1Freq
 .text.RCCEx_PLL2_Config
                0x0000000008004d10       0xf4 ./Drivers/STM32H7xx_HAL_Driver/Src/stm32h7xx_hal_rcc_ex.o
 .text.RCCEx_PLL3_Config
                0x0000000008004e04       0xf4 ./Drivers/STM32H7xx_HAL_Driver/Src/stm32h7xx_hal_rcc_ex.o
 .text.HAL_RCCEx_PeriphCLKConfig
                0x0000000008004ef8      0xb90 ./Drivers/STM32H7xx_HAL_Driver/Src/stm32h7xx_hal_rcc_ex.o
                0x0000000008004ef8                HAL_RCCEx_PeriphCLKConfig
 .text.HAL_RCCEx_GetPLL2ClockFreq
                0x0000000008005a88      0x158 ./Drivers/STM32H7xx_HAL_Driver/Src/stm32h7xx_hal_rcc_ex.o
                0x0000000008005a88                HAL_RCCEx_GetPLL2ClockFreq
 .text.HAL_RCCEx_GetPLL3ClockFreq
                0x0000000008005be0      0x158 ./Drivers/STM32H7xx_HAL_Driver/Src/stm32h7xx_hal_rcc_ex.o
                0x0000000008005be0                HAL_RCCEx_GetPLL3ClockFreq
 .text.HAL_RCCEx_GetPLL1ClockFreq
                0x0000000008005d38      0x158 ./Drivers/STM32H7xx_HAL_Driver/Src/stm32h7xx_hal_rcc_ex.o
                0x0000000008005d38                HAL_RCCEx_GetPLL1ClockFreq
 .text.HAL_RCCEx_GetPeriphCLKFreq
                0x0000000008005e90      0x35c ./Drivers/STM32H7xx_HAL_Driver/Src/stm32h7xx_hal_rcc_ex.o
                0x0000000008005e90                HAL_RCCEx_GetPeriphCLKFreq
 .text.HAL_RNG_Init
                0x00000000080061ec       0xd8 ./Drivers/STM32H7xx_HAL_Driver/Src/stm32h7xx_hal_rng.o
                0x00000000080061ec                HAL_RNG_Init
 .text.HAL_RNG_ErrorCallback
                0x00000000080062c4        0x4 ./Drivers/STM32H7xx_HAL_Driver/Src/stm32h7xx_hal_rng.o
                0x00000000080062c4                HAL_RNG_ErrorCallback
 .text.RNG_RecoverSeedError
                0x00000000080062c8       0x9c ./Drivers/STM32H7xx_HAL_Driver/Src/stm32h7xx_hal_rng.o
                0x00000000080062c8                RNG_RecoverSeedError
 .text.HAL_RNG_GenerateRandomNumber
                0x0000000008006364       0x98 ./Drivers/STM32H7xx_HAL_Driver/Src/stm32h7xx_hal_rng.o
                0x0000000008006364                HAL_RNG_GenerateRandomNumber
 .text.SPI_CloseTransfer
                0x00000000080063fc       0xc8 ./Drivers/STM32H7xx_HAL_Driver/Src/stm32h7xx_hal_spi.o
 .text.HAL_SPI_Init
                0x00000000080064c4      0x198 ./Drivers/STM32H7xx_HAL_Driver/Src/stm32h7xx_hal_spi.o
                0x00000000080064c4                HAL_SPI_Init
 .text.HAL_SPI_Transmit_DMA
                0x000000000800665c      0x1a8 ./Drivers/STM32H7xx_HAL_Driver/Src/stm32h7xx_hal_spi.o
                0x000000000800665c                HAL_SPI_Transmit_DMA
 .text.HAL_SPI_Receive_DMA
                0x0000000008006804      0x1c0 ./Drivers/STM32H7xx_HAL_Driver/Src/stm32h7xx_hal_spi.o
                0x0000000008006804                HAL_SPI_Receive_DMA
 .text.HAL_SPI_TxCpltCallback
                0x00000000080069c4        0x4 ./Drivers/STM32H7xx_HAL_Driver/Src/stm32h7xx_hal_spi.o
                0x00000000080069c4                HAL_SPI_TxCpltCallback
 .text.SPI_DMATransmitCplt
                0x00000000080069c8       0x28 ./Drivers/STM32H7xx_HAL_Driver/Src/stm32h7xx_hal_spi.o
 .text.SPI_DMAReceiveCplt
                0x00000000080069f0       0x28 ./Drivers/STM32H7xx_HAL_Driver/Src/stm32h7xx_hal_spi.o
 .text.HAL_SPI_TxRxCpltCallback
                0x0000000008006a18        0x4 ./Drivers/STM32H7xx_HAL_Driver/Src/stm32h7xx_hal_spi.o
                0x0000000008006a18                HAL_SPI_TxRxCpltCallback
 .text.HAL_SPI_TxHalfCpltCallback
                0x0000000008006a1c        0x4 ./Drivers/STM32H7xx_HAL_Driver/Src/stm32h7xx_hal_spi.o
                0x0000000008006a1c                HAL_SPI_TxHalfCpltCallback
 .text.SPI_DMAHalfTransmitCplt
                0x0000000008006a20        0xc ./Drivers/STM32H7xx_HAL_Driver/Src/stm32h7xx_hal_spi.o
 .text.SPI_DMAHalfReceiveCplt
                0x0000000008006a2c        0xc ./Drivers/STM32H7xx_HAL_Driver/Src/stm32h7xx_hal_spi.o
 .text.HAL_SPI_ErrorCallback
                0x0000000008006a38        0x4 ./Drivers/STM32H7xx_HAL_Driver/Src/stm32h7xx_hal_spi.o
                0x0000000008006a38                HAL_SPI_ErrorCallback
 .text.SPI_DMAError
                0x0000000008006a3c       0xe8 ./Drivers/STM32H7xx_HAL_Driver/Src/stm32h7xx_hal_spi.o
 .text.SPI_DMAAbortOnError
                0x0000000008006b24       0x1c ./Drivers/STM32H7xx_HAL_Driver/Src/stm32h7xx_hal_spi.o
 .text.HAL_SPI_SuspendCallback
                0x0000000008006b40        0x4 ./Drivers/STM32H7xx_HAL_Driver/Src/stm32h7xx_hal_spi.o
                0x0000000008006b40                HAL_SPI_SuspendCallback
 .text.HAL_SPI_IRQHandler
                0x0000000008006b44      0x234 ./Drivers/STM32H7xx_HAL_Driver/Src/stm32h7xx_hal_spi.o
                0x0000000008006b44                HAL_SPI_IRQHandler
 .text.tThreshold_init
                0x0000000008006d78       0x30 ./leaf/Src/leaf-dynamics.o
                0x0000000008006d78                tThreshold_init
 .text.tThreshold_tick
                0x0000000008006da8       0x34 ./leaf/Src/leaf-dynamics.o
                0x0000000008006da8                tThreshold_tick
 .text.tSlide_init
                0x0000000008006ddc       0x4c ./leaf/Src/leaf-envelopes.o
                0x0000000008006ddc                tSlide_init
 .text.tSlide_tick
                0x0000000008006e28       0x64 ./leaf/Src/leaf-envelopes.o
                0x0000000008006e28                tSlide_tick
 .text.tHighpass_init
                0x0000000008006e8c       0x40 ./leaf/Src/leaf-filters.o
                0x0000000008006e8c                tHighpass_init
 .text.tHighpass_tick
                0x0000000008006ecc       0x20 ./leaf/Src/leaf-filters.o
                0x0000000008006ecc                tHighpass_tick
 .text.tVZFilter_calcCoeffs
                0x0000000008006eec      0x270 ./leaf/Src/leaf-filters.o
                0x0000000008006eec                tVZFilter_calcCoeffs
 .text.tVZFilter_initToPool
                0x000000000800715c      0x138 ./leaf/Src/leaf-filters.o
                0x000000000800715c                tVZFilter_initToPool
 .text.tVZFilter_init
                0x0000000008007294        0x8 ./leaf/Src/leaf-filters.o
                0x0000000008007294                tVZFilter_init
 .text.fastsqrtf
                0x000000000800729c       0x44 ./leaf/Src/leaf-math.o
                0x000000000800729c                fastsqrtf
 .text.LEAF_clip
                0x00000000080072e0       0x28 ./leaf/Src/leaf-math.o
                0x00000000080072e0                LEAF_clip
 .text.LEAF_generate_atodb
                0x0000000008007308       0x4c ./leaf/Src/leaf-math.o
                0x0000000008007308                LEAF_generate_atodb
 .text.maximum  0x0000000008007354        0x8 ./leaf/Src/leaf-math.o
                0x0000000008007354                maximum
 .text.minimum  0x000000000800735c        0x8 ./leaf/Src/leaf-math.o
                0x000000000800735c                minimum
 .text.leaf_pool_init
                0x0000000008007364       0x2c ./leaf/Src/leaf-mempool.o
                0x0000000008007364                leaf_pool_init
 .text.mpool_alloc
                0x0000000008007390       0xc8 ./leaf/Src/leaf-mempool.o
                0x0000000008007390                mpool_alloc
 .text.mpool_calloc
                0x0000000008007458       0xbc ./leaf/Src/leaf-mempool.o
                0x0000000008007458                mpool_calloc
 .text.LEAF_defaultErrorCallback
                0x0000000008007514        0x4 ./leaf/Src/leaf.o
                0x0000000008007514                LEAF_defaultErrorCallback
 .text.LEAF_init
                0x0000000008007518       0x54 ./leaf/Src/leaf.o
                0x0000000008007518                LEAF_init
 .text.LEAF_internalErrorCallback
                0x000000000800756c       0x14 ./leaf/Src/leaf.o
                0x000000000800756c                LEAF_internalErrorCallback
 .text.__errno  0x0000000008007580        0xc /Applications/STM32CubeIDE.app/Contents/Eclipse/plugins/com.st.stm32cube.ide.mcu.externaltools.gnu-tools-for-stm32.10.3-2021.10.macos64_1.0.200.202301161003/tools/bin/../lib/gcc/arm-none-eabi/10.3.1/../../../../arm-none-eabi/lib/thumb/v7e-m+dp/hard/libc_nano.a(lib_a-errno.o)
                0x0000000008007580                __errno
 .text.__libc_init_array
                0x000000000800758c       0x48 /Applications/STM32CubeIDE.app/Contents/Eclipse/plugins/com.st.stm32cube.ide.mcu.externaltools.gnu-tools-for-stm32.10.3-2021.10.macos64_1.0.200.202301161003/tools/bin/../lib/gcc/arm-none-eabi/10.3.1/../../../../arm-none-eabi/lib/thumb/v7e-m+dp/hard/libc_nano.a(lib_a-init.o)
                0x000000000800758c                __libc_init_array
 .text.memset   0x00000000080075d4       0x10 /Applications/STM32CubeIDE.app/Contents/Eclipse/plugins/com.st.stm32cube.ide.mcu.externaltools.gnu-tools-for-stm32.10.3-2021.10.macos64_1.0.200.202301161003/tools/bin/../lib/gcc/arm-none-eabi/10.3.1/../../../../arm-none-eabi/lib/thumb/v7e-m+dp/hard/libc_nano.a(lib_a-memset.o)
                0x00000000080075d4                memset
 .text.with_errnof
                0x00000000080075e4       0x16 /Applications/STM32CubeIDE.app/Contents/Eclipse/plugins/com.st.stm32cube.ide.mcu.externaltools.gnu-tools-for-stm32.10.3-2021.10.macos64_1.0.200.202301161003/tools/bin/../lib/gcc/arm-none-eabi/10.3.1/../../../../arm-none-eabi/lib/thumb/v7e-m+dp/hard/libm.a(lib_a-math_errf.o)
 .text.xflowf   0x00000000080075fa       0x16 /Applications/STM32CubeIDE.app/Contents/Eclipse/plugins/com.st.stm32cube.ide.mcu.externaltools.gnu-tools-for-stm32.10.3-2021.10.macos64_1.0.200.202301161003/tools/bin/../lib/gcc/arm-none-eabi/10.3.1/../../../../arm-none-eabi/lib/thumb/v7e-m+dp/hard/libm.a(lib_a-math_errf.o)
 .text.__math_uflowf
                0x0000000008007610        0xc /Applications/STM32CubeIDE.app/Contents/Eclipse/plugins/com.st.stm32cube.ide.mcu.externaltools.gnu-tools-for-stm32.10.3-2021.10.macos64_1.0.200.202301161003/tools/bin/../lib/gcc/arm-none-eabi/10.3.1/../../../../arm-none-eabi/lib/thumb/v7e-m+dp/hard/libm.a(lib_a-math_errf.o)
                0x0000000008007610                __math_uflowf
 .text.__math_may_uflowf
                0x000000000800761c        0xc /Applications/STM32CubeIDE.app/Contents/Eclipse/plugins/com.st.stm32cube.ide.mcu.externaltools.gnu-tools-for-stm32.10.3-2021.10.macos64_1.0.200.202301161003/tools/bin/../lib/gcc/arm-none-eabi/10.3.1/../../../../arm-none-eabi/lib/thumb/v7e-m+dp/hard/libm.a(lib_a-math_errf.o)
                0x000000000800761c                __math_may_uflowf
 .text.__math_oflowf
                0x0000000008007628        0xc /Applications/STM32CubeIDE.app/Contents/Eclipse/plugins/com.st.stm32cube.ide.mcu.externaltools.gnu-tools-for-stm32.10.3-2021.10.macos64_1.0.200.202301161003/tools/bin/../lib/gcc/arm-none-eabi/10.3.1/../../../../arm-none-eabi/lib/thumb/v7e-m+dp/hard/libm.a(lib_a-math_errf.o)
                0x0000000008007628                __math_oflowf
 .text.__math_divzerof
                0x0000000008007634       0x20 /Applications/STM32CubeIDE.app/Contents/Eclipse/plugins/com.st.stm32cube.ide.mcu.externaltools.gnu-tools-for-stm32.10.3-2021.10.macos64_1.0.200.202301161003/tools/bin/../lib/gcc/arm-none-eabi/10.3.1/../../../../arm-none-eabi/lib/thumb/v7e-m+dp/hard/libm.a(lib_a-math_errf.o)
                0x0000000008007634                __math_divzerof
 .text.__math_invalidf
                0x0000000008007654       0x1e /Applications/STM32CubeIDE.app/Contents/Eclipse/plugins/com.st.stm32cube.ide.mcu.externaltools.gnu-tools-for-stm32.10.3-2021.10.macos64_1.0.200.202301161003/tools/bin/../lib/gcc/arm-none-eabi/10.3.1/../../../../arm-none-eabi/lib/thumb/v7e-m+dp/hard/libm.a(lib_a-math_errf.o)
                0x0000000008007654                __math_invalidf
 .text.fabsf    0x0000000008007672        0xe /Applications/STM32CubeIDE.app/Contents/Eclipse/plugins/com.st.stm32cube.ide.mcu.externaltools.gnu-tools-for-stm32.10.3-2021.10.macos64_1.0.200.202301161003/tools/bin/../lib/gcc/arm-none-eabi/10.3.1/../../../../arm-none-eabi/lib/thumb/v7e-m+dp/hard/libm.a(lib_a-sf_fabs.o)
                0x0000000008007672                fabsf
 .text.logf     0x0000000008007680       0xcc /Applications/STM32CubeIDE.app/Contents/Eclipse/plugins/com.st.stm32cube.ide.mcu.externaltools.gnu-tools-for-stm32.10.3-2021.10.macos64_1.0.200.202301161003/tools/bin/../lib/gcc/arm-none-eabi/10.3.1/../../../../arm-none-eabi/lib/thumb/v7e-m+dp/hard/libm.a(lib_a-sf_log.o)
                0x0000000008007680                logf
 .text.checkint
                0x000000000800774c       0x2e /Applications/STM32CubeIDE.app/Contents/Eclipse/plugins/com.st.stm32cube.ide.mcu.externaltools.gnu-tools-for-stm32.10.3-2021.10.macos64_1.0.200.202301161003/tools/bin/../lib/gcc/arm-none-eabi/10.3.1/../../../../arm-none-eabi/lib/thumb/v7e-m+dp/hard/libm.a(lib_a-sf_pow.o)
 *fill*         0x000000000800777a        0x6 
 .text.powf     0x0000000008007780      0x2c0 /Applications/STM32CubeIDE.app/Contents/Eclipse/plugins/com.st.stm32cube.ide.mcu.externaltools.gnu-tools-for-stm32.10.3-2021.10.macos64_1.0.200.202301161003/tools/bin/../lib/gcc/arm-none-eabi/10.3.1/../../../../arm-none-eabi/lib/thumb/v7e-m+dp/hard/libm.a(lib_a-sf_pow.o)
                0x0000000008007780                powf
 .text.tanf     0x0000000008007a40       0x58 /Applications/STM32CubeIDE.app/Contents/Eclipse/plugins/com.st.stm32cube.ide.mcu.externaltools.gnu-tools-for-stm32.10.3-2021.10.macos64_1.0.200.202301161003/tools/bin/../lib/gcc/arm-none-eabi/10.3.1/../../../../arm-none-eabi/lib/thumb/v7e-m+dp/hard/libm.a(lib_a-sf_tan.o)
                0x0000000008007a40                tanf
 .text.log10f   0x0000000008007a98       0x5c /Applications/STM32CubeIDE.app/Contents/Eclipse/plugins/com.st.stm32cube.ide.mcu.externaltools.gnu-tools-for-stm32.10.3-2021.10.macos64_1.0.200.202301161003/tools/bin/../lib/gcc/arm-none-eabi/10.3.1/../../../../arm-none-eabi/lib/thumb/v7e-m+dp/hard/libm.a(lib_a-wf_log10.o)
                0x0000000008007a98                log10f
 .text.__ieee754_log10f
                0x0000000008007af4       0xb0 /Applications/STM32CubeIDE.app/Contents/Eclipse/plugins/com.st.stm32cube.ide.mcu.externaltools.gnu-tools-for-stm32.10.3-2021.10.macos64_1.0.200.202301161003/tools/bin/../lib/gcc/arm-none-eabi/10.3.1/../../../../arm-none-eabi/lib/thumb/v7e-m+dp/hard/libm.a(lib_a-ef_log10.o)
                0x0000000008007af4                __ieee754_log10f
 .text.__ieee754_rem_pio2f
                0x0000000008007ba4      0x278 /Applications/STM32CubeIDE.app/Contents/Eclipse/plugins/com.st.stm32cube.ide.mcu.externaltools.gnu-tools-for-stm32.10.3-2021.10.macos64_1.0.200.202301161003/tools/bin/../lib/gcc/arm-none-eabi/10.3.1/../../../../arm-none-eabi/lib/thumb/v7e-m+dp/hard/libm.a(lib_a-ef_rem_pio2.o)
                0x0000000008007ba4                __ieee754_rem_pio2f
 .text.__kernel_rem_pio2f
                0x0000000008007e1c      0x4ec /Applications/STM32CubeIDE.app/Contents/Eclipse/plugins/com.st.stm32cube.ide.mcu.externaltools.gnu-tools-for-stm32.10.3-2021.10.macos64_1.0.200.202301161003/tools/bin/../lib/gcc/arm-none-eabi/10.3.1/../../../../arm-none-eabi/lib/thumb/v7e-m+dp/hard/libm.a(lib_a-kf_rem_pio2.o)
                0x0000000008007e1c                __kernel_rem_pio2f
 .text.__kernel_tanf
                0x0000000008008308      0x1c0 /Applications/STM32CubeIDE.app/Contents/Eclipse/plugins/com.st.stm32cube.ide.mcu.externaltools.gnu-tools-for-stm32.10.3-2021.10.macos64_1.0.200.202301161003/tools/bin/../lib/gcc/arm-none-eabi/10.3.1/../../../../arm-none-eabi/lib/thumb/v7e-m+dp/hard/libm.a(lib_a-kf_tan.o)
                0x0000000008008308                __kernel_tanf
 .text.floorf   0x00000000080084c8       0x84 /Applications/STM32CubeIDE.app/Contents/Eclipse/plugins/com.st.stm32cube.ide.mcu.externaltools.gnu-tools-for-stm32.10.3-2021.10.macos64_1.0.200.202301161003/tools/bin/../lib/gcc/arm-none-eabi/10.3.1/../../../../arm-none-eabi/lib/thumb/v7e-m+dp/hard/libm.a(lib_a-sf_floor.o)
                0x00000000080084c8                floorf
 .text.nanf     0x000000000800854c        0xc /Applications/STM32CubeIDE.app/Contents/Eclipse/plugins/com.st.stm32cube.ide.mcu.externaltools.gnu-tools-for-stm32.10.3-2021.10.macos64_1.0.200.202301161003/tools/bin/../lib/gcc/arm-none-eabi/10.3.1/../../../../arm-none-eabi/lib/thumb/v7e-m+dp/hard/libm.a(lib_a-sf_nan.o)
                0x000000000800854c                nanf
 .text.scalbnf  0x0000000008008558       0xe0 /Applications/STM32CubeIDE.app/Contents/Eclipse/plugins/com.st.stm32cube.ide.mcu.externaltools.gnu-tools-for-stm32.10.3-2021.10.macos64_1.0.200.202301161003/tools/bin/../lib/gcc/arm-none-eabi/10.3.1/../../../../arm-none-eabi/lib/thumb/v7e-m+dp/hard/libm.a(lib_a-sf_scalbn.o)
                0x0000000008008558                scalbnf
 *(.glue_7)
 .glue_7        0x0000000008008638        0x0 linker stubs
 *(.glue_7t)
 .glue_7t       0x0000000008008638        0x0 linker stubs
 *(.eh_frame)
 .eh_frame      0x0000000008008638        0x0 /Applications/STM32CubeIDE.app/Contents/Eclipse/plugins/com.st.stm32cube.ide.mcu.externaltools.gnu-tools-for-stm32.10.3-2021.10.macos64_1.0.200.202301161003/tools/bin/../lib/gcc/arm-none-eabi/10.3.1/thumb/v7e-m+dp/hard/crtbegin.o
 *(.init)
 .init          0x0000000008008638        0x4 /Applications/STM32CubeIDE.app/Contents/Eclipse/plugins/com.st.stm32cube.ide.mcu.externaltools.gnu-tools-for-stm32.10.3-2021.10.macos64_1.0.200.202301161003/tools/bin/../lib/gcc/arm-none-eabi/10.3.1/thumb/v7e-m+dp/hard/crti.o
                0x0000000008008638                _init
 .init          0x000000000800863c        0x8 /Applications/STM32CubeIDE.app/Contents/Eclipse/plugins/com.st.stm32cube.ide.mcu.externaltools.gnu-tools-for-stm32.10.3-2021.10.macos64_1.0.200.202301161003/tools/bin/../lib/gcc/arm-none-eabi/10.3.1/thumb/v7e-m+dp/hard/crtn.o
 *(.fini)
 .fini          0x0000000008008644        0x4 /Applications/STM32CubeIDE.app/Contents/Eclipse/plugins/com.st.stm32cube.ide.mcu.externaltools.gnu-tools-for-stm32.10.3-2021.10.macos64_1.0.200.202301161003/tools/bin/../lib/gcc/arm-none-eabi/10.3.1/thumb/v7e-m+dp/hard/crti.o
                0x0000000008008644                _fini
 .fini          0x0000000008008648        0x8 /Applications/STM32CubeIDE.app/Contents/Eclipse/plugins/com.st.stm32cube.ide.mcu.externaltools.gnu-tools-for-stm32.10.3-2021.10.macos64_1.0.200.202301161003/tools/bin/../lib/gcc/arm-none-eabi/10.3.1/thumb/v7e-m+dp/hard/crtn.o
                0x0000000008008650                . = ALIGN (0x4)
                0x0000000008008650                _etext = .

.vfp11_veneer   0x0000000008008650        0x0
 .vfp11_veneer  0x0000000008008650        0x0 linker stubs

.v4_bx          0x0000000008008650        0x0
 .v4_bx         0x0000000008008650        0x0 linker stubs

.iplt           0x0000000008008650        0x0
 .iplt          0x0000000008008650        0x0 /Applications/STM32CubeIDE.app/Contents/Eclipse/plugins/com.st.stm32cube.ide.mcu.externaltools.gnu-tools-for-stm32.10.3-2021.10.macos64_1.0.200.202301161003/tools/bin/../lib/gcc/arm-none-eabi/10.3.1/thumb/v7e-m+dp/hard/crtbegin.o

.rodata         0x0000000008008650      0x77c
                0x0000000008008650                . = ALIGN (0x4)
 *(.rodata)
 *(.rodata*)
 .rodata.D1CorePrescTable
                0x0000000008008650       0x10 ./Core/Src/system_stm32h7xx.o
                0x0000000008008650                D1CorePrescTable
 .rodata.flagBitshiftOffset.0
                0x0000000008008660        0x8 ./Drivers/STM32H7xx_HAL_Driver/Src/stm32h7xx_hal_dma.o
 .rodata.__exp2f_data
                0x0000000008008668      0x148 /Applications/STM32CubeIDE.app/Contents/Eclipse/plugins/com.st.stm32cube.ide.mcu.externaltools.gnu-tools-for-stm32.10.3-2021.10.macos64_1.0.200.202301161003/tools/bin/../lib/gcc/arm-none-eabi/10.3.1/../../../../arm-none-eabi/lib/thumb/v7e-m+dp/hard/libm.a(lib_a-sf_exp2_data.o)
                0x0000000008008668                __exp2f_data
 .rodata.__logf_data
                0x00000000080087b0      0x120 /Applications/STM32CubeIDE.app/Contents/Eclipse/plugins/com.st.stm32cube.ide.mcu.externaltools.gnu-tools-for-stm32.10.3-2021.10.macos64_1.0.200.202301161003/tools/bin/../lib/gcc/arm-none-eabi/10.3.1/../../../../arm-none-eabi/lib/thumb/v7e-m+dp/hard/libm.a(lib_a-sf_log_data.o)
                0x00000000080087b0                __logf_data
 .rodata.__powf_log2_data
                0x00000000080088d0      0x128 /Applications/STM32CubeIDE.app/Contents/Eclipse/plugins/com.st.stm32cube.ide.mcu.externaltools.gnu-tools-for-stm32.10.3-2021.10.macos64_1.0.200.202301161003/tools/bin/../lib/gcc/arm-none-eabi/10.3.1/../../../../arm-none-eabi/lib/thumb/v7e-m+dp/hard/libm.a(lib_a-sf_pow_log2_data.o)
                0x00000000080088d0                __powf_log2_data
 .rodata.log10f.str1.1
                0x00000000080089f8        0x1 /Applications/STM32CubeIDE.app/Contents/Eclipse/plugins/com.st.stm32cube.ide.mcu.externaltools.gnu-tools-for-stm32.10.3-2021.10.macos64_1.0.200.202301161003/tools/bin/../lib/gcc/arm-none-eabi/10.3.1/../../../../arm-none-eabi/lib/thumb/v7e-m+dp/hard/libm.a(lib_a-wf_log10.o)
 *fill*         0x00000000080089f9        0x3 
 .rodata.npio2_hw
                0x00000000080089fc       0x80 /Applications/STM32CubeIDE.app/Contents/Eclipse/plugins/com.st.stm32cube.ide.mcu.externaltools.gnu-tools-for-stm32.10.3-2021.10.macos64_1.0.200.202301161003/tools/bin/../lib/gcc/arm-none-eabi/10.3.1/../../../../arm-none-eabi/lib/thumb/v7e-m+dp/hard/libm.a(lib_a-ef_rem_pio2.o)
 .rodata.two_over_pi
                0x0000000008008a7c      0x318 /Applications/STM32CubeIDE.app/Contents/Eclipse/plugins/com.st.stm32cube.ide.mcu.externaltools.gnu-tools-for-stm32.10.3-2021.10.macos64_1.0.200.202301161003/tools/bin/../lib/gcc/arm-none-eabi/10.3.1/../../../../arm-none-eabi/lib/thumb/v7e-m+dp/hard/libm.a(lib_a-ef_rem_pio2.o)
 .rodata.PIo2   0x0000000008008d94       0x2c /Applications/STM32CubeIDE.app/Contents/Eclipse/plugins/com.st.stm32cube.ide.mcu.externaltools.gnu-tools-for-stm32.10.3-2021.10.macos64_1.0.200.202301161003/tools/bin/../lib/gcc/arm-none-eabi/10.3.1/../../../../arm-none-eabi/lib/thumb/v7e-m+dp/hard/libm.a(lib_a-kf_rem_pio2.o)
 .rodata.init_jk
                0x0000000008008dc0        0xc /Applications/STM32CubeIDE.app/Contents/Eclipse/plugins/com.st.stm32cube.ide.mcu.externaltools.gnu-tools-for-stm32.10.3-2021.10.macos64_1.0.200.202301161003/tools/bin/../lib/gcc/arm-none-eabi/10.3.1/../../../../arm-none-eabi/lib/thumb/v7e-m+dp/hard/libm.a(lib_a-kf_rem_pio2.o)
                0x0000000008008dcc                . = ALIGN (0x4)

.rel.dyn        0x0000000008008dcc        0x0
 .rel.iplt      0x0000000008008dcc        0x0 /Applications/STM32CubeIDE.app/Contents/Eclipse/plugins/com.st.stm32cube.ide.mcu.externaltools.gnu-tools-for-stm32.10.3-2021.10.macos64_1.0.200.202301161003/tools/bin/../lib/gcc/arm-none-eabi/10.3.1/thumb/v7e-m+dp/hard/crtbegin.o

.ARM.extab
 *(.ARM.extab* .gnu.linkonce.armextab.*)

.ARM            0x0000000008008dcc        0x0
                0x0000000008008dcc                __exidx_start = .
 *(.ARM.exidx*)
                0x0000000008008dcc                __exidx_end = .

.preinit_array  0x0000000008008dcc        0x0
                0x0000000008008dcc                PROVIDE (__preinit_array_start = .)
 *(.preinit_array*)
                0x0000000008008dcc                PROVIDE (__preinit_array_end = .)

.init_array     0x0000000008008dcc        0x4
                0x0000000008008dcc                PROVIDE (__init_array_start = .)
 *(SORT_BY_NAME(.init_array.*))
 *(.init_array*)
 .init_array    0x0000000008008dcc        0x4 /Applications/STM32CubeIDE.app/Contents/Eclipse/plugins/com.st.stm32cube.ide.mcu.externaltools.gnu-tools-for-stm32.10.3-2021.10.macos64_1.0.200.202301161003/tools/bin/../lib/gcc/arm-none-eabi/10.3.1/thumb/v7e-m+dp/hard/crtbegin.o
                0x0000000008008dd0                PROVIDE (__init_array_end = .)

.fini_array     0x0000000008008dd0        0x4
                [!provide]                        PROVIDE (__fini_array_start = .)
 *(SORT_BY_NAME(.fini_array.*))
 *(.fini_array*)
 .fini_array    0x0000000008008dd0        0x4 /Applications/STM32CubeIDE.app/Contents/Eclipse/plugins/com.st.stm32cube.ide.mcu.externaltools.gnu-tools-for-stm32.10.3-2021.10.macos64_1.0.200.202301161003/tools/bin/../lib/gcc/arm-none-eabi/10.3.1/thumb/v7e-m+dp/hard/crtbegin.o
                [!provide]                        PROVIDE (__fini_array_end = .)
                0x0000000008008dd4                _sidata = LOADADDR (.data)

.data           0x0000000024000000       0x78 load address 0x0000000008008dd4
                0x0000000024000000                . = ALIGN (0x4)
                0x0000000024000000                _sdata = .
 *(.data)
 *(.data*)
 .data.howManyFrames
                0x0000000024000000        0x4 ./Core/Src/main.o
                0x0000000024000000                howManyFrames
 .data.SystemCoreClock
                0x0000000024000004        0x4 ./Core/Src/system_stm32h7xx.o
                0x0000000024000004                SystemCoreClock
 .data.SystemD2Clock
                0x0000000024000008        0x4 ./Core/Src/system_stm32h7xx.o
                0x0000000024000008                SystemD2Clock
 .data.uwTickFreq
                0x000000002400000c        0x1 ./Drivers/STM32H7xx_HAL_Driver/Src/stm32h7xx_hal.o
                0x000000002400000c                uwTickFreq
 *fill*         0x000000002400000d        0x3 
 .data.uwTickPrio
                0x0000000024000010        0x4 ./Drivers/STM32H7xx_HAL_Driver/Src/stm32h7xx_hal.o
                0x0000000024000010                uwTickPrio
 .data._impure_ptr
                0x0000000024000014        0x4 /Applications/STM32CubeIDE.app/Contents/Eclipse/plugins/com.st.stm32cube.ide.mcu.externaltools.gnu-tools-for-stm32.10.3-2021.10.macos64_1.0.200.202301161003/tools/bin/../lib/gcc/arm-none-eabi/10.3.1/../../../../arm-none-eabi/lib/thumb/v7e-m+dp/hard/libc_nano.a(lib_a-impure.o)
                0x0000000024000014                _impure_ptr
 .data.impure_data
                0x0000000024000018       0x60 /Applications/STM32CubeIDE.app/Contents/Eclipse/plugins/com.st.stm32cube.ide.mcu.externaltools.gnu-tools-for-stm32.10.3-2021.10.macos64_1.0.200.202301161003/tools/bin/../lib/gcc/arm-none-eabi/10.3.1/../../../../arm-none-eabi/lib/thumb/v7e-m+dp/hard/libc_nano.a(lib_a-impure.o)
 *(.RamFunc)
 *(.RamFunc*)
                0x0000000024000078                . = ALIGN (0x4)
                0x0000000024000078                _edata = .

.igot.plt       0x0000000024000078        0x0 load address 0x0000000008008e4c
 .igot.plt      0x0000000024000078        0x0 /Applications/STM32CubeIDE.app/Contents/Eclipse/plugins/com.st.stm32cube.ide.mcu.externaltools.gnu-tools-for-stm32.10.3-2021.10.macos64_1.0.200.202301161003/tools/bin/../lib/gcc/arm-none-eabi/10.3.1/thumb/v7e-m+dp/hard/crtbegin.o
                0x0000000024000078                . = ALIGN (0x4)

.bss            0x0000000024000078      0x790 load address 0x0000000008008e4c
                0x0000000024000078                _sbss = .
                0x0000000024000078                __bss_start__ = _sbss
 *(.bss)
 .bss           0x0000000024000078       0x1c /Applications/STM32CubeIDE.app/Contents/Eclipse/plugins/com.st.stm32cube.ide.mcu.externaltools.gnu-tools-for-stm32.10.3-2021.10.macos64_1.0.200.202301161003/tools/bin/../lib/gcc/arm-none-eabi/10.3.1/thumb/v7e-m+dp/hard/crtbegin.o
 *(.bss*)
 .bss.Dsmoothed
                0x0000000024000094        0x4 ./Core/Src/main.o
                0x0000000024000094                Dsmoothed
 .bss.Dsmoothed2
                0x0000000024000098        0x4 ./Core/Src/main.o
                0x0000000024000098                Dsmoothed2
 .bss.RHbits    0x000000002400009c        0x8 ./Core/Src/main.o
                0x000000002400009c                RHbits
 .bss.armed     0x00000000240000a4       0x30 ./Core/Src/main.o
                0x00000000240000a4                armed
 .bss.armedCounter
                0x00000000240000d4       0x30 ./Core/Src/main.o
                0x00000000240000d4                armedCounter
 .bss.counter   0x0000000024000104        0x1 ./Core/Src/main.o
                0x0000000024000104                counter
 *fill*         0x0000000024000105        0x3 
 .bss.dbSmoothed2
                0x0000000024000108        0x4 ./Core/Src/main.o
                0x0000000024000108                dbSmoothed2
 .bss.dbSmoothedStorage
                0x000000002400010c        0x4 ./Core/Src/main.o
                0x000000002400010c                dbSmoothedStorage
 .bss.didPlucked
                0x0000000024000110       0x30 ./Core/Src/main.o
                0x0000000024000110                didPlucked
 .bss.downCounter
                0x0000000024000140       0x30 ./Core/Src/main.o
                0x0000000024000140                downCounter
 .bss.fastSlide
                0x0000000024000170       0x30 ./Core/Src/main.o
                0x0000000024000170                fastSlide
 .bss.hadc1     0x00000000240001a0       0x70 ./Core/Src/main.o
                0x00000000240001a0                hadc1
 .bss.hdma_adc1
                0x0000000024000210       0x78 ./Core/Src/main.o
                0x0000000024000210                hdma_adc1
 .bss.hdma_spi1_tx
                0x0000000024000288       0x78 ./Core/Src/main.o
                0x0000000024000288                hdma_spi1_tx
 .bss.hdma_spi2_rx
                0x0000000024000300       0x78 ./Core/Src/main.o
                0x0000000024000300                hdma_spi2_rx
 .bss.hrng      0x0000000024000378       0x14 ./Core/Src/main.o
                0x0000000024000378                hrng
 .bss.hspi1     0x000000002400038c       0x88 ./Core/Src/main.o
                0x000000002400038c                hspi1
 *fill*         0x0000000024000414        0x4 
 .bss.hspi2     0x0000000024000418       0x88 ./Core/Src/main.o
                0x0000000024000418                hspi2
 .bss.hspi3     0x00000000240004a0       0x88 ./Core/Src/main.o
                0x00000000240004a0                hspi3
 .bss.integerVersions
                0x0000000024000528       0x30 ./Core/Src/main.o
                0x0000000024000528                integerVersions
 .bss.leaf      0x0000000024000558       0x50 ./Core/Src/main.o
                0x0000000024000558                leaf
 .bss.opticalHighpass
                0x00000000240005a8       0x60 ./Core/Src/main.o
                0x00000000240005a8                opticalHighpass
 .bss.opticalLowpass
                0x0000000024000608       0x60 ./Core/Src/main.o
                0x0000000024000608                opticalLowpass
 .bss.pluckValues
                0x0000000024000668       0x30 ./Core/Src/main.o
                0x0000000024000668                pluckValues
 .bss.prevdbSmoothed2
                0x0000000024000698       0x30 ./Core/Src/main.o
                0x0000000024000698                prevdbSmoothed2
 .bss.slopeStorage
                0x00000000240006c8       0x30 ./Core/Src/main.o
                0x00000000240006c8                slopeStorage
 .bss.slowSlide
                0x00000000240006f8       0x30 ./Core/Src/main.o
                0x00000000240006f8                slowSlide
 .bss.stringMaxes
                0x0000000024000728       0x30 ./Core/Src/main.o
                0x0000000024000728                stringMaxes
 .bss.stringSounding
                0x0000000024000758       0x30 ./Core/Src/main.o
                0x0000000024000758                stringSounding
 .bss.stringTouchRH
                0x0000000024000788       0x18 ./Core/Src/main.o
                0x0000000024000788                stringTouchRH
 .bss.string_values
                0x00000000240007a0       0x30 ./Core/Src/main.o
                0x00000000240007a0                string_values
 .bss.threshOut
                0x00000000240007d0        0x4 ./Core/Src/main.o
                0x00000000240007d0                threshOut
 .bss.threshold
                0x00000000240007d4       0x30 ./Core/Src/main.o
                0x00000000240007d4                threshold
 .bss.uwTick    0x0000000024000804        0x4 ./Drivers/STM32H7xx_HAL_Driver/Src/stm32h7xx_hal.o
                0x0000000024000804                uwTick
 *(COMMON)
                0x0000000024000808                . = ALIGN (0x4)
                0x0000000024000808                _ebss = .
                0x0000000024000808                __bss_end__ = _ebss

._user_heap_stack
                0x0000000024000808      0x600 load address 0x0000000008008e4c
                0x0000000024000808                . = ALIGN (0x8)
                [!provide]                        PROVIDE (end = .)
                0x0000000024000808                PROVIDE (_end = .)
                0x0000000024000a08                . = (. + _Min_Heap_Size)
 *fill*         0x0000000024000808      0x200 
                0x0000000024000e08                . = (. + _Min_Stack_Size)
 *fill*         0x0000000024000a08      0x400 
                0x0000000024000e08                . = ALIGN (0x8)

.RAM_D1         0x0000000024000e20    0x4baf0 load address 0x0000000008008e4c
 *(.RAM_D1)
 .RAM_D1        0x0000000024000e20    0x4baf0 ./Core/Src/main.o
                0x0000000024000e20                atodbTable
                0x00000000240194c0                mediumMemory

.RAM_D2         0x0000000030000000      0x1e0
 *(.RAM_D2)
 .RAM_D2        0x0000000030000000      0x1e0 ./Core/Src/main.o
                0x0000000030000000                SPI_TX
                0x0000000030000020                SPI_PLUCK_TX
                0x0000000030000040                SPI_RX
                0x0000000030000060                ADC_values1

.RAM_D3
 *(.RAM_D3)

/DISCARD/
 libc.a(*)
 libm.a(*)
 libgcc.a(*)

.ARM.attributes
                0x0000000000000000       0x2e
 *(.ARM.attributes)
 .ARM.attributes
                0x0000000000000000       0x1e /Applications/STM32CubeIDE.app/Contents/Eclipse/plugins/com.st.stm32cube.ide.mcu.externaltools.gnu-tools-for-stm32.10.3-2021.10.macos64_1.0.200.202301161003/tools/bin/../lib/gcc/arm-none-eabi/10.3.1/thumb/v7e-m+dp/hard/crti.o
 .ARM.attributes
                0x000000000000001e       0x32 /Applications/STM32CubeIDE.app/Contents/Eclipse/plugins/com.st.stm32cube.ide.mcu.externaltools.gnu-tools-for-stm32.10.3-2021.10.macos64_1.0.200.202301161003/tools/bin/../lib/gcc/arm-none-eabi/10.3.1/thumb/v7e-m+dp/hard/crtbegin.o
 .ARM.attributes
                0x0000000000000050       0x2e ./Core/Src/main.o
 .ARM.attributes
                0x000000000000007e       0x2e ./Core/Src/stm32h7xx_hal_msp.o
 .ARM.attributes
                0x00000000000000ac       0x2e ./Core/Src/stm32h7xx_it.o
 .ARM.attributes
                0x00000000000000da       0x2e ./Core/Src/system_stm32h7xx.o
 .ARM.attributes
                0x0000000000000108       0x21 ./Core/Startup/startup_stm32h730zbtx.o
 .ARM.attributes
                0x0000000000000129       0x2e ./Drivers/STM32H7xx_HAL_Driver/Src/stm32h7xx_hal.o
 .ARM.attributes
                0x0000000000000157       0x2e ./Drivers/STM32H7xx_HAL_Driver/Src/stm32h7xx_hal_adc.o
 .ARM.attributes
                0x0000000000000185       0x2e ./Drivers/STM32H7xx_HAL_Driver/Src/stm32h7xx_hal_adc_ex.o
 .ARM.attributes
                0x00000000000001b3       0x2e ./Drivers/STM32H7xx_HAL_Driver/Src/stm32h7xx_hal_cortex.o
 .ARM.attributes
                0x00000000000001e1       0x2e ./Drivers/STM32H7xx_HAL_Driver/Src/stm32h7xx_hal_dma.o
 .ARM.attributes
                0x000000000000020f       0x2e ./Drivers/STM32H7xx_HAL_Driver/Src/stm32h7xx_hal_gpio.o
 .ARM.attributes
                0x000000000000023d       0x2e ./Drivers/STM32H7xx_HAL_Driver/Src/stm32h7xx_hal_pwr_ex.o
 .ARM.attributes
                0x000000000000026b       0x2e ./Drivers/STM32H7xx_HAL_Driver/Src/stm32h7xx_hal_rcc.o
 .ARM.attributes
                0x0000000000000299       0x2e ./Drivers/STM32H7xx_HAL_Driver/Src/stm32h7xx_hal_rcc_ex.o
 .ARM.attributes
                0x00000000000002c7       0x2e ./Drivers/STM32H7xx_HAL_Driver/Src/stm32h7xx_hal_rng.o
 .ARM.attributes
                0x00000000000002f5       0x2e ./Drivers/STM32H7xx_HAL_Driver/Src/stm32h7xx_hal_spi.o
 .ARM.attributes
                0x0000000000000323       0x2e ./leaf/Src/leaf-dynamics.o
 .ARM.attributes
                0x0000000000000351       0x2e ./leaf/Src/leaf-envelopes.o
 .ARM.attributes
                0x000000000000037f       0x2e ./leaf/Src/leaf-filters.o
 .ARM.attributes
                0x00000000000003ad       0x2e ./leaf/Src/leaf-math.o
 .ARM.attributes
                0x00000000000003db       0x2e ./leaf/Src/leaf-mempool.o
 .ARM.attributes
                0x0000000000000409       0x2e ./leaf/Src/leaf.o
 .ARM.attributes
                0x0000000000000437       0x32 /Applications/STM32CubeIDE.app/Contents/Eclipse/plugins/com.st.stm32cube.ide.mcu.externaltools.gnu-tools-for-stm32.10.3-2021.10.macos64_1.0.200.202301161003/tools/bin/../lib/gcc/arm-none-eabi/10.3.1/../../../../arm-none-eabi/lib/thumb/v7e-m+dp/hard/libc_nano.a(lib_a-errno.o)
 .ARM.attributes
                0x0000000000000469       0x32 /Applications/STM32CubeIDE.app/Contents/Eclipse/plugins/com.st.stm32cube.ide.mcu.externaltools.gnu-tools-for-stm32.10.3-2021.10.macos64_1.0.200.202301161003/tools/bin/../lib/gcc/arm-none-eabi/10.3.1/../../../../arm-none-eabi/lib/thumb/v7e-m+dp/hard/libc_nano.a(lib_a-impure.o)
 .ARM.attributes
                0x000000000000049b       0x32 /Applications/STM32CubeIDE.app/Contents/Eclipse/plugins/com.st.stm32cube.ide.mcu.externaltools.gnu-tools-for-stm32.10.3-2021.10.macos64_1.0.200.202301161003/tools/bin/../lib/gcc/arm-none-eabi/10.3.1/../../../../arm-none-eabi/lib/thumb/v7e-m+dp/hard/libc_nano.a(lib_a-init.o)
 .ARM.attributes
                0x00000000000004cd       0x32 /Applications/STM32CubeIDE.app/Contents/Eclipse/plugins/com.st.stm32cube.ide.mcu.externaltools.gnu-tools-for-stm32.10.3-2021.10.macos64_1.0.200.202301161003/tools/bin/../lib/gcc/arm-none-eabi/10.3.1/../../../../arm-none-eabi/lib/thumb/v7e-m+dp/hard/libc_nano.a(lib_a-memset.o)
 .ARM.attributes
                0x00000000000004ff       0x32 /Applications/STM32CubeIDE.app/Contents/Eclipse/plugins/com.st.stm32cube.ide.mcu.externaltools.gnu-tools-for-stm32.10.3-2021.10.macos64_1.0.200.202301161003/tools/bin/../lib/gcc/arm-none-eabi/10.3.1/../../../../arm-none-eabi/lib/thumb/v7e-m+dp/hard/libm.a(lib_a-math_errf.o)
 .ARM.attributes
                0x0000000000000531       0x32 /Applications/STM32CubeIDE.app/Contents/Eclipse/plugins/com.st.stm32cube.ide.mcu.externaltools.gnu-tools-for-stm32.10.3-2021.10.macos64_1.0.200.202301161003/tools/bin/../lib/gcc/arm-none-eabi/10.3.1/../../../../arm-none-eabi/lib/thumb/v7e-m+dp/hard/libm.a(lib_a-sf_exp2_data.o)
 .ARM.attributes
                0x0000000000000563       0x32 /Applications/STM32CubeIDE.app/Contents/Eclipse/plugins/com.st.stm32cube.ide.mcu.externaltools.gnu-tools-for-stm32.10.3-2021.10.macos64_1.0.200.202301161003/tools/bin/../lib/gcc/arm-none-eabi/10.3.1/../../../../arm-none-eabi/lib/thumb/v7e-m+dp/hard/libm.a(lib_a-sf_fabs.o)
 .ARM.attributes
                0x0000000000000595       0x32 /Applications/STM32CubeIDE.app/Contents/Eclipse/plugins/com.st.stm32cube.ide.mcu.externaltools.gnu-tools-for-stm32.10.3-2021.10.macos64_1.0.200.202301161003/tools/bin/../lib/gcc/arm-none-eabi/10.3.1/../../../../arm-none-eabi/lib/thumb/v7e-m+dp/hard/libm.a(lib_a-sf_log.o)
 .ARM.attributes
                0x00000000000005c7       0x32 /Applications/STM32CubeIDE.app/Contents/Eclipse/plugins/com.st.stm32cube.ide.mcu.externaltools.gnu-tools-for-stm32.10.3-2021.10.macos64_1.0.200.202301161003/tools/bin/../lib/gcc/arm-none-eabi/10.3.1/../../../../arm-none-eabi/lib/thumb/v7e-m+dp/hard/libm.a(lib_a-sf_log_data.o)
 .ARM.attributes
                0x00000000000005f9       0x32 /Applications/STM32CubeIDE.app/Contents/Eclipse/plugins/com.st.stm32cube.ide.mcu.externaltools.gnu-tools-for-stm32.10.3-2021.10.macos64_1.0.200.202301161003/tools/bin/../lib/gcc/arm-none-eabi/10.3.1/../../../../arm-none-eabi/lib/thumb/v7e-m+dp/hard/libm.a(lib_a-sf_pow.o)
 .ARM.attributes
                0x000000000000062b       0x32 /Applications/STM32CubeIDE.app/Contents/Eclipse/plugins/com.st.stm32cube.ide.mcu.externaltools.gnu-tools-for-stm32.10.3-2021.10.macos64_1.0.200.202301161003/tools/bin/../lib/gcc/arm-none-eabi/10.3.1/../../../../arm-none-eabi/lib/thumb/v7e-m+dp/hard/libm.a(lib_a-sf_pow_log2_data.o)
 .ARM.attributes
                0x000000000000065d       0x32 /Applications/STM32CubeIDE.app/Contents/Eclipse/plugins/com.st.stm32cube.ide.mcu.externaltools.gnu-tools-for-stm32.10.3-2021.10.macos64_1.0.200.202301161003/tools/bin/../lib/gcc/arm-none-eabi/10.3.1/../../../../arm-none-eabi/lib/thumb/v7e-m+dp/hard/libm.a(lib_a-sf_tan.o)
 .ARM.attributes
                0x000000000000068f       0x32 /Applications/STM32CubeIDE.app/Contents/Eclipse/plugins/com.st.stm32cube.ide.mcu.externaltools.gnu-tools-for-stm32.10.3-2021.10.macos64_1.0.200.202301161003/tools/bin/../lib/gcc/arm-none-eabi/10.3.1/../../../../arm-none-eabi/lib/thumb/v7e-m+dp/hard/libm.a(lib_a-wf_log10.o)
 .ARM.attributes
                0x00000000000006c1       0x32 /Applications/STM32CubeIDE.app/Contents/Eclipse/plugins/com.st.stm32cube.ide.mcu.externaltools.gnu-tools-for-stm32.10.3-2021.10.macos64_1.0.200.202301161003/tools/bin/../lib/gcc/arm-none-eabi/10.3.1/../../../../arm-none-eabi/lib/thumb/v7e-m+dp/hard/libm.a(lib_a-ef_log10.o)
 .ARM.attributes
                0x00000000000006f3       0x32 /Applications/STM32CubeIDE.app/Contents/Eclipse/plugins/com.st.stm32cube.ide.mcu.externaltools.gnu-tools-for-stm32.10.3-2021.10.macos64_1.0.200.202301161003/tools/bin/../lib/gcc/arm-none-eabi/10.3.1/../../../../arm-none-eabi/lib/thumb/v7e-m+dp/hard/libm.a(lib_a-ef_rem_pio2.o)
 .ARM.attributes
                0x0000000000000725       0x32 /Applications/STM32CubeIDE.app/Contents/Eclipse/plugins/com.st.stm32cube.ide.mcu.externaltools.gnu-tools-for-stm32.10.3-2021.10.macos64_1.0.200.202301161003/tools/bin/../lib/gcc/arm-none-eabi/10.3.1/../../../../arm-none-eabi/lib/thumb/v7e-m+dp/hard/libm.a(lib_a-kf_rem_pio2.o)
 .ARM.attributes
                0x0000000000000757       0x32 /Applications/STM32CubeIDE.app/Contents/Eclipse/plugins/com.st.stm32cube.ide.mcu.externaltools.gnu-tools-for-stm32.10.3-2021.10.macos64_1.0.200.202301161003/tools/bin/../lib/gcc/arm-none-eabi/10.3.1/../../../../arm-none-eabi/lib/thumb/v7e-m+dp/hard/libm.a(lib_a-kf_tan.o)
 .ARM.attributes
                0x0000000000000789       0x32 /Applications/STM32CubeIDE.app/Contents/Eclipse/plugins/com.st.stm32cube.ide.mcu.externaltools.gnu-tools-for-stm32.10.3-2021.10.macos64_1.0.200.202301161003/tools/bin/../lib/gcc/arm-none-eabi/10.3.1/../../../../arm-none-eabi/lib/thumb/v7e-m+dp/hard/libm.a(lib_a-sf_floor.o)
 .ARM.attributes
                0x00000000000007bb       0x32 /Applications/STM32CubeIDE.app/Contents/Eclipse/plugins/com.st.stm32cube.ide.mcu.externaltools.gnu-tools-for-stm32.10.3-2021.10.macos64_1.0.200.202301161003/tools/bin/../lib/gcc/arm-none-eabi/10.3.1/../../../../arm-none-eabi/lib/thumb/v7e-m+dp/hard/libm.a(lib_a-sf_nan.o)
 .ARM.attributes
                0x00000000000007ed       0x32 /Applications/STM32CubeIDE.app/Contents/Eclipse/plugins/com.st.stm32cube.ide.mcu.externaltools.gnu-tools-for-stm32.10.3-2021.10.macos64_1.0.200.202301161003/tools/bin/../lib/gcc/arm-none-eabi/10.3.1/../../../../arm-none-eabi/lib/thumb/v7e-m+dp/hard/libm.a(lib_a-sf_scalbn.o)
 .ARM.attributes
                0x000000000000081f       0x1e /Applications/STM32CubeIDE.app/Contents/Eclipse/plugins/com.st.stm32cube.ide.mcu.externaltools.gnu-tools-for-stm32.10.3-2021.10.macos64_1.0.200.202301161003/tools/bin/../lib/gcc/arm-none-eabi/10.3.1/thumb/v7e-m+dp/hard/crtn.o
OUTPUT(electrosteel_strings_STM32H730.elf elf32-littlearm)
LOAD linker stubs
LOAD /Applications/STM32CubeIDE.app/Contents/Eclipse/plugins/com.st.stm32cube.ide.mcu.externaltools.gnu-tools-for-stm32.10.3-2021.10.macos64_1.0.200.202301161003/tools/bin/../lib/gcc/arm-none-eabi/10.3.1/../../../../arm-none-eabi/lib/thumb/v7e-m+dp/hard/libc.a
LOAD /Applications/STM32CubeIDE.app/Contents/Eclipse/plugins/com.st.stm32cube.ide.mcu.externaltools.gnu-tools-for-stm32.10.3-2021.10.macos64_1.0.200.202301161003/tools/bin/../lib/gcc/arm-none-eabi/10.3.1/../../../../arm-none-eabi/lib/thumb/v7e-m+dp/hard/libm.a
LOAD /Applications/STM32CubeIDE.app/Contents/Eclipse/plugins/com.st.stm32cube.ide.mcu.externaltools.gnu-tools-for-stm32.10.3-2021.10.macos64_1.0.200.202301161003/tools/bin/../lib/gcc/arm-none-eabi/10.3.1/thumb/v7e-m+dp/hard/libgcc.a

.debug_info     0x0000000000000000    0x2a0bd
 .debug_info    0x0000000000000000     0x401a ./Core/Src/main.o
 .debug_info    0x000000000000401a     0x2138 ./Core/Src/stm32h7xx_hal_msp.o
 .debug_info    0x0000000000006152      0xe42 ./Core/Src/stm32h7xx_it.o
 .debug_info    0x0000000000006f94      0xb72 ./Core/Src/system_stm32h7xx.o
 .debug_info    0x0000000000007b06       0x22 ./Core/Startup/startup_stm32h730zbtx.o
 .debug_info    0x0000000000007b28     0x18c7 ./Drivers/STM32H7xx_HAL_Driver/Src/stm32h7xx_hal.o
 .debug_info    0x00000000000093ef     0x3b39 ./Drivers/STM32H7xx_HAL_Driver/Src/stm32h7xx_hal_adc.o
 .debug_info    0x000000000000cf28     0x3c80 ./Drivers/STM32H7xx_HAL_Driver/Src/stm32h7xx_hal_adc_ex.o
 .debug_info    0x0000000000010ba8     0x13f0 ./Drivers/STM32H7xx_HAL_Driver/Src/stm32h7xx_hal_cortex.o
 .debug_info    0x0000000000011f98      0xf24 ./Drivers/STM32H7xx_HAL_Driver/Src/stm32h7xx_hal_dma.o
 .debug_info    0x0000000000012ebc      0xd75 ./Drivers/STM32H7xx_HAL_Driver/Src/stm32h7xx_hal_gpio.o
 .debug_info    0x0000000000013c31      0xfb4 ./Drivers/STM32H7xx_HAL_Driver/Src/stm32h7xx_hal_pwr_ex.o
 .debug_info    0x0000000000014be5     0x1334 ./Drivers/STM32H7xx_HAL_Driver/Src/stm32h7xx_hal_rcc.o
 .debug_info    0x0000000000015f19     0x19fc ./Drivers/STM32H7xx_HAL_Driver/Src/stm32h7xx_hal_rcc_ex.o
 .debug_info    0x0000000000017915      0x5fe ./Drivers/STM32H7xx_HAL_Driver/Src/stm32h7xx_hal_rng.o
 .debug_info    0x0000000000017f13     0x1c57 ./Drivers/STM32H7xx_HAL_Driver/Src/stm32h7xx_hal_spi.o
 .debug_info    0x0000000000019b6a     0x1140 ./leaf/Src/leaf-dynamics.o
 .debug_info    0x000000000001acaa     0x3c04 ./leaf/Src/leaf-envelopes.o
 .debug_info    0x000000000001e8ae     0x7b30 ./leaf/Src/leaf-filters.o
 .debug_info    0x00000000000263de     0x26b5 ./leaf/Src/leaf-math.o
 .debug_info    0x0000000000028a93     0x11a7 ./leaf/Src/leaf-mempool.o
 .debug_info    0x0000000000029c3a      0x483 ./leaf/Src/leaf.o

.debug_abbrev   0x0000000000000000     0x444a
 .debug_abbrev  0x0000000000000000      0x512 ./Core/Src/main.o
 .debug_abbrev  0x0000000000000512      0x2ab ./Core/Src/stm32h7xx_hal_msp.o
 .debug_abbrev  0x00000000000007bd      0x1e9 ./Core/Src/stm32h7xx_it.o
 .debug_abbrev  0x00000000000009a6      0x13c ./Core/Src/system_stm32h7xx.o
 .debug_abbrev  0x0000000000000ae2       0x12 ./Core/Startup/startup_stm32h730zbtx.o
 .debug_abbrev  0x0000000000000af4      0x319 ./Drivers/STM32H7xx_HAL_Driver/Src/stm32h7xx_hal.o
 .debug_abbrev  0x0000000000000e0d      0x3a3 ./Drivers/STM32H7xx_HAL_Driver/Src/stm32h7xx_hal_adc.o
 .debug_abbrev  0x00000000000011b0      0x430 ./Drivers/STM32H7xx_HAL_Driver/Src/stm32h7xx_hal_adc_ex.o
 .debug_abbrev  0x00000000000015e0      0x374 ./Drivers/STM32H7xx_HAL_Driver/Src/stm32h7xx_hal_cortex.o
 .debug_abbrev  0x0000000000001954      0x338 ./Drivers/STM32H7xx_HAL_Driver/Src/stm32h7xx_hal_dma.o
 .debug_abbrev  0x0000000000001c8c      0x23a ./Drivers/STM32H7xx_HAL_Driver/Src/stm32h7xx_hal_gpio.o
 .debug_abbrev  0x0000000000001ec6      0x2ee ./Drivers/STM32H7xx_HAL_Driver/Src/stm32h7xx_hal_pwr_ex.o
 .debug_abbrev  0x00000000000021b4      0x30c ./Drivers/STM32H7xx_HAL_Driver/Src/stm32h7xx_hal_rcc.o
 .debug_abbrev  0x00000000000024c0      0x336 ./Drivers/STM32H7xx_HAL_Driver/Src/stm32h7xx_hal_rcc_ex.o
 .debug_abbrev  0x00000000000027f6      0x22f ./Drivers/STM32H7xx_HAL_Driver/Src/stm32h7xx_hal_rng.o
 .debug_abbrev  0x0000000000002a25      0x3b8 ./Drivers/STM32H7xx_HAL_Driver/Src/stm32h7xx_hal_spi.o
 .debug_abbrev  0x0000000000002ddd      0x32c ./leaf/Src/leaf-dynamics.o
 .debug_abbrev  0x0000000000003109      0x454 ./leaf/Src/leaf-envelopes.o
 .debug_abbrev  0x000000000000355d      0x50a ./leaf/Src/leaf-filters.o
 .debug_abbrev  0x0000000000003a67      0x425 ./leaf/Src/leaf-math.o
 .debug_abbrev  0x0000000000003e8c      0x425 ./leaf/Src/leaf-mempool.o
 .debug_abbrev  0x00000000000042b1      0x199 ./leaf/Src/leaf.o

.debug_loc      0x0000000000000000    0x1e66a
 .debug_loc     0x0000000000000000      0x6c0 ./Core/Src/main.o
 .debug_loc     0x00000000000006c0      0x13b ./Core/Src/stm32h7xx_hal_msp.o
 .debug_loc     0x00000000000007fb      0x17c ./Core/Src/system_stm32h7xx.o
 .debug_loc     0x0000000000000977      0x631 ./Drivers/STM32H7xx_HAL_Driver/Src/stm32h7xx_hal.o
 .debug_loc     0x0000000000000fa8     0x2ee5 ./Drivers/STM32H7xx_HAL_Driver/Src/stm32h7xx_hal_adc.o
 .debug_loc     0x0000000000003e8d     0x36d7 ./Drivers/STM32H7xx_HAL_Driver/Src/stm32h7xx_hal_adc_ex.o
 .debug_loc     0x0000000000007564      0x7af ./Drivers/STM32H7xx_HAL_Driver/Src/stm32h7xx_hal_cortex.o
 .debug_loc     0x0000000000007d13     0x119a ./Drivers/STM32H7xx_HAL_Driver/Src/stm32h7xx_hal_dma.o
 .debug_loc     0x0000000000008ead      0x474 ./Drivers/STM32H7xx_HAL_Driver/Src/stm32h7xx_hal_gpio.o
 .debug_loc     0x0000000000009321      0x41e ./Drivers/STM32H7xx_HAL_Driver/Src/stm32h7xx_hal_pwr_ex.o
 .debug_loc     0x000000000000973f      0xa77 ./Drivers/STM32H7xx_HAL_Driver/Src/stm32h7xx_hal_rcc.o
 .debug_loc     0x000000000000a1b6     0x138b ./Drivers/STM32H7xx_HAL_Driver/Src/stm32h7xx_hal_rcc_ex.o
 .debug_loc     0x000000000000b541      0x45d ./Drivers/STM32H7xx_HAL_Driver/Src/stm32h7xx_hal_rng.o
 .debug_loc     0x000000000000b99e     0x2074 ./Drivers/STM32H7xx_HAL_Driver/Src/stm32h7xx_hal_spi.o
 .debug_loc     0x000000000000da12      0xc79 ./leaf/Src/leaf-dynamics.o
 .debug_loc     0x000000000000e68b     0x3c0e ./leaf/Src/leaf-envelopes.o
 .debug_loc     0x0000000000012299     0x78cc ./leaf/Src/leaf-filters.o
 .debug_loc     0x0000000000019b65     0x356a ./leaf/Src/leaf-math.o
 .debug_loc     0x000000000001d0cf     0x1421 ./leaf/Src/leaf-mempool.o
 .debug_loc     0x000000000001e4f0      0x17a ./leaf/Src/leaf.o

.debug_aranges  0x0000000000000000     0x1668
 .debug_aranges
                0x0000000000000000       0x78 ./Core/Src/main.o
 .debug_aranges
                0x0000000000000078       0x50 ./Core/Src/stm32h7xx_hal_msp.o
 .debug_aranges
                0x00000000000000c8       0x80 ./Core/Src/stm32h7xx_it.o
 .debug_aranges
                0x0000000000000148       0x28 ./Core/Src/system_stm32h7xx.o
 .debug_aranges
                0x0000000000000170       0x28 ./Core/Startup/startup_stm32h730zbtx.o
 .debug_aranges
                0x0000000000000198      0x1c0 ./Drivers/STM32H7xx_HAL_Driver/Src/stm32h7xx_hal.o
 .debug_aranges
                0x0000000000000358       0xd8 ./Drivers/STM32H7xx_HAL_Driver/Src/stm32h7xx_hal_adc.o
 .debug_aranges
                0x0000000000000430       0xe8 ./Drivers/STM32H7xx_HAL_Driver/Src/stm32h7xx_hal_adc_ex.o
 .debug_aranges
                0x0000000000000518       0xb0 ./Drivers/STM32H7xx_HAL_Driver/Src/stm32h7xx_hal_cortex.o
 .debug_aranges
                0x00000000000005c8       0x88 ./Drivers/STM32H7xx_HAL_Driver/Src/stm32h7xx_hal_dma.o
 .debug_aranges
                0x0000000000000650       0x58 ./Drivers/STM32H7xx_HAL_Driver/Src/stm32h7xx_hal_gpio.o
 .debug_aranges
                0x00000000000006a8      0x128 ./Drivers/STM32H7xx_HAL_Driver/Src/stm32h7xx_hal_pwr_ex.o
 .debug_aranges
                0x00000000000007d0       0x90 ./Drivers/STM32H7xx_HAL_Driver/Src/stm32h7xx_hal_rcc.o
 .debug_aranges
                0x0000000000000860       0xe0 ./Drivers/STM32H7xx_HAL_Driver/Src/stm32h7xx_hal_rcc_ex.o
 .debug_aranges
                0x0000000000000940       0x70 ./Drivers/STM32H7xx_HAL_Driver/Src/stm32h7xx_hal_rng.o
 .debug_aranges
                0x00000000000009b0      0x138 ./Drivers/STM32H7xx_HAL_Driver/Src/stm32h7xx_hal_spi.o
 .debug_aranges
                0x0000000000000ae8       0xb8 ./leaf/Src/leaf-dynamics.o
 .debug_aranges
                0x0000000000000ba0      0x2a8 ./leaf/Src/leaf-envelopes.o
 .debug_aranges
                0x0000000000000e48      0x508 ./leaf/Src/leaf-filters.o
 .debug_aranges
                0x0000000000001350      0x238 ./leaf/Src/leaf-math.o
 .debug_aranges
                0x0000000000001588       0x98 ./leaf/Src/leaf-mempool.o
 .debug_aranges
                0x0000000000001620       0x48 ./leaf/Src/leaf.o

.debug_ranges   0x0000000000000000     0x4648
 .debug_ranges  0x0000000000000000      0x558 ./Core/Src/main.o
 .debug_ranges  0x0000000000000558      0x180 ./Core/Src/stm32h7xx_hal_msp.o
 .debug_ranges  0x00000000000006d8       0x70 ./Core/Src/stm32h7xx_it.o
 .debug_ranges  0x0000000000000748       0x18 ./Core/Src/system_stm32h7xx.o
 .debug_ranges  0x0000000000000760       0x20 ./Core/Startup/startup_stm32h730zbtx.o
 .debug_ranges  0x0000000000000780      0x1b0 ./Drivers/STM32H7xx_HAL_Driver/Src/stm32h7xx_hal.o
 .debug_ranges  0x0000000000000930      0x958 ./Drivers/STM32H7xx_HAL_Driver/Src/stm32h7xx_hal_adc.o
 .debug_ranges  0x0000000000001288      0x9d0 ./Drivers/STM32H7xx_HAL_Driver/Src/stm32h7xx_hal_adc_ex.o
 .debug_ranges  0x0000000000001c58      0x168 ./Drivers/STM32H7xx_HAL_Driver/Src/stm32h7xx_hal_cortex.o
 .debug_ranges  0x0000000000001dc0      0x130 ./Drivers/STM32H7xx_HAL_Driver/Src/stm32h7xx_hal_dma.o
 .debug_ranges  0x0000000000001ef0       0x70 ./Drivers/STM32H7xx_HAL_Driver/Src/stm32h7xx_hal_gpio.o
 .debug_ranges  0x0000000000001f60      0x1a8 ./Drivers/STM32H7xx_HAL_Driver/Src/stm32h7xx_hal_pwr_ex.o
 .debug_ranges  0x0000000000002108      0x220 ./Drivers/STM32H7xx_HAL_Driver/Src/stm32h7xx_hal_rcc.o
 .debug_ranges  0x0000000000002328      0x100 ./Drivers/STM32H7xx_HAL_Driver/Src/stm32h7xx_hal_rcc_ex.o
 .debug_ranges  0x0000000000002428       0x60 ./Drivers/STM32H7xx_HAL_Driver/Src/stm32h7xx_hal_rng.o
 .debug_ranges  0x0000000000002488      0x1c8 ./Drivers/STM32H7xx_HAL_Driver/Src/stm32h7xx_hal_spi.o
 .debug_ranges  0x0000000000002650      0x128 ./leaf/Src/leaf-dynamics.o
 .debug_ranges  0x0000000000002778      0x698 ./leaf/Src/leaf-envelopes.o
 .debug_ranges  0x0000000000002e10      0xf30 ./leaf/Src/leaf-filters.o
 .debug_ranges  0x0000000000003d40      0x610 ./leaf/Src/leaf-math.o
 .debug_ranges  0x0000000000004350      0x2a8 ./leaf/Src/leaf-mempool.o
 .debug_ranges  0x00000000000045f8       0x50 ./leaf/Src/leaf.o

.debug_macro    0x0000000000000000    0x3692d
 .debug_macro   0x0000000000000000      0x58b ./Core/Src/main.o
 .debug_macro   0x000000000000058b      0xa9c ./Core/Src/main.o
 .debug_macro   0x0000000000001027      0x23e ./Core/Src/main.o
 .debug_macro   0x0000000000001265       0x2e ./Core/Src/main.o
 .debug_macro   0x0000000000001293       0x3b ./Core/Src/main.o
 .debug_macro   0x00000000000012ce       0x22 ./Core/Src/main.o
 .debug_macro   0x00000000000012f0       0x8e ./Core/Src/main.o
 .debug_macro   0x000000000000137e       0x51 ./Core/Src/main.o
 .debug_macro   0x00000000000013cf      0x103 ./Core/Src/main.o
 .debug_macro   0x00000000000014d2       0x6a ./Core/Src/main.o
 .debug_macro   0x000000000000153c      0x1df ./Core/Src/main.o
 .debug_macro   0x000000000000171b       0x1c ./Core/Src/main.o
 .debug_macro   0x0000000000001737       0x22 ./Core/Src/main.o
 .debug_macro   0x0000000000001759       0xfb ./Core/Src/main.o
 .debug_macro   0x0000000000001854     0x1305 ./Core/Src/main.o
 .debug_macro   0x0000000000002b59      0x11f ./Core/Src/main.o
 .debug_macro   0x0000000000002c78       0x27 ./Core/Src/main.o
 .debug_macro   0x0000000000002c9f    0x21be9 ./Core/Src/main.o
 .debug_macro   0x0000000000024888       0x6d ./Core/Src/main.o
 .debug_macro   0x00000000000248f5     0x3d48 ./Core/Src/main.o
 .debug_macro   0x000000000002863d      0x174 ./Core/Src/main.o
 .debug_macro   0x00000000000287b1       0x52 ./Core/Src/main.o
 .debug_macro   0x0000000000028803       0x1d ./Core/Src/main.o
 .debug_macro   0x0000000000028820       0x3c ./Core/Src/main.o
 .debug_macro   0x000000000002885c       0x34 ./Core/Src/main.o
 .debug_macro   0x0000000000028890       0x16 ./Core/Src/main.o
 .debug_macro   0x00000000000288a6       0x43 ./Core/Src/main.o
 .debug_macro   0x00000000000288e9       0x34 ./Core/Src/main.o
 .debug_macro   0x000000000002891d       0x10 ./Core/Src/main.o
 .debug_macro   0x000000000002892d       0x58 ./Core/Src/main.o
 .debug_macro   0x0000000000028985       0x71 ./Core/Src/main.o
 .debug_macro   0x00000000000289f6       0x1c ./Core/Src/main.o
 .debug_macro   0x0000000000028a12      0x12a ./Core/Src/main.o
 .debug_macro   0x0000000000028b3c      0x341 ./Core/Src/main.o
 .debug_macro   0x0000000000028e7d      0x19b ./Core/Src/main.o
 .debug_macro   0x0000000000029018       0x5d ./Core/Src/main.o
 .debug_macro   0x0000000000029075     0x257a ./Core/Src/main.o
 .debug_macro   0x000000000002b5ef     0x1079 ./Core/Src/main.o
 .debug_macro   0x000000000002c668      0x154 ./Core/Src/main.o
 .debug_macro   0x000000000002c7bc      0x114 ./Core/Src/main.o
 .debug_macro   0x000000000002c8d0      0x3f8 ./Core/Src/main.o
 .debug_macro   0x000000000002ccc8       0xac ./Core/Src/main.o
 .debug_macro   0x000000000002cd74      0x788 ./Core/Src/main.o
 .debug_macro   0x000000000002d4fc      0x228 ./Core/Src/main.o
 .debug_macro   0x000000000002d724       0x66 ./Core/Src/main.o
 .debug_macro   0x000000000002d78a      0x3a6 ./Core/Src/main.o
 .debug_macro   0x000000000002db30      0x3f9 ./Core/Src/main.o
 .debug_macro   0x000000000002df29      0x275 ./Core/Src/main.o
 .debug_macro   0x000000000002e19e     0x1178 ./Core/Src/main.o
 .debug_macro   0x000000000002f316      0x7c8 ./Core/Src/main.o
 .debug_macro   0x000000000002fade      0x398 ./Core/Src/main.o
 .debug_macro   0x000000000002fe76      0x3ca ./Core/Src/main.o
 .debug_macro   0x0000000000030240      0x45c ./Core/Src/main.o
 .debug_macro   0x000000000003069c       0x3c ./Core/Src/main.o
 .debug_macro   0x00000000000306d8       0x4a ./Core/Src/main.o
 .debug_macro   0x0000000000030722      0x22c ./Core/Src/main.o
 .debug_macro   0x000000000003094e       0x67 ./Core/Src/main.o
 .debug_macro   0x00000000000309b5       0xa5 ./Core/Src/main.o
 .debug_macro   0x0000000000030a5a      0x1c4 ./Core/Src/main.o
 .debug_macro   0x0000000000030c1e      0x22a ./Core/Src/main.o
 .debug_macro   0x0000000000030e48       0x35 ./Core/Src/main.o
 .debug_macro   0x0000000000030e7d       0xa4 ./Core/Src/main.o
 .debug_macro   0x0000000000030f21       0x99 ./Core/Src/main.o
 .debug_macro   0x0000000000030fba       0x19 ./Core/Src/main.o
 .debug_macro   0x0000000000030fd3      0x5e4 ./Core/Src/main.o
 .debug_macro   0x00000000000315b7       0xba ./Core/Src/main.o
 .debug_macro   0x0000000000031671      0x5e6 ./Core/Src/main.o
 .debug_macro   0x0000000000031c57       0x10 ./Core/Src/main.o
 .debug_macro   0x0000000000031c67       0x1c ./Core/Src/main.o
 .debug_macro   0x0000000000031c83       0x35 ./Core/Src/main.o
 .debug_macro   0x0000000000031cb8       0x10 ./Core/Src/main.o
 .debug_macro   0x0000000000031cc8       0x10 ./Core/Src/main.o
 .debug_macro   0x0000000000031cd8       0x1c ./Core/Src/main.o
 .debug_macro   0x0000000000031cf4       0x52 ./Core/Src/main.o
 .debug_macro   0x0000000000031d46       0x22 ./Core/Src/main.o
 .debug_macro   0x0000000000031d68       0x10 ./Core/Src/main.o
 .debug_macro   0x0000000000031d78       0x52 ./Core/Src/main.o
 .debug_macro   0x0000000000031dca       0xd5 ./Core/Src/main.o
 .debug_macro   0x0000000000031e9f       0x1c ./Core/Src/main.o
 .debug_macro   0x0000000000031ebb       0x3d ./Core/Src/main.o
 .debug_macro   0x0000000000031ef8       0x16 ./Core/Src/main.o
 .debug_macro   0x0000000000031f0e      0x145 ./Core/Src/main.o
 .debug_macro   0x0000000000032053       0x16 ./Core/Src/main.o
 .debug_macro   0x0000000000032069       0x16 ./Core/Src/main.o
 .debug_macro   0x000000000003207f       0x29 ./Core/Src/main.o
 .debug_macro   0x00000000000320a8       0x16 ./Core/Src/main.o
 .debug_macro   0x00000000000320be       0x20 ./Core/Src/main.o
 .debug_macro   0x00000000000320de       0x22 ./Core/Src/main.o
 .debug_macro   0x0000000000032100       0x6a ./Core/Src/main.o
 .debug_macro   0x000000000003216a       0x7c ./Core/Src/main.o
 .debug_macro   0x00000000000321e6       0x17 ./Core/Src/main.o
 .debug_macro   0x00000000000321fd      0x118 ./Core/Src/main.o
 .debug_macro   0x0000000000032315      0x154 ./Core/Src/main.o
 .debug_macro   0x0000000000032469       0x6a ./Core/Src/main.o
 .debug_macro   0x00000000000324d3       0xb3 ./Core/Src/main.o
 .debug_macro   0x0000000000032586       0x18 ./Core/Src/main.o
 .debug_macro   0x000000000003259e       0x2d ./Core/Src/main.o
 .debug_macro   0x00000000000325cb       0x10 ./Core/Src/main.o
 .debug_macro   0x00000000000325db       0x3a ./Core/Src/main.o
 .debug_macro   0x0000000000032615      0x56d ./Core/Src/stm32h7xx_hal_msp.o
 .debug_macro   0x0000000000032b82      0x577 ./Core/Src/stm32h7xx_it.o
 .debug_macro   0x00000000000330f9      0x2db ./Core/Src/system_stm32h7xx.o
 .debug_macro   0x00000000000333d4      0x305 ./Drivers/STM32H7xx_HAL_Driver/Src/stm32h7xx_hal.o
 .debug_macro   0x00000000000336d9      0x306 ./Drivers/STM32H7xx_HAL_Driver/Src/stm32h7xx_hal_adc.o
 .debug_macro   0x00000000000339df      0x2e7 ./Drivers/STM32H7xx_HAL_Driver/Src/stm32h7xx_hal_adc_ex.o
 .debug_macro   0x0000000000033cc6      0x2db ./Drivers/STM32H7xx_HAL_Driver/Src/stm32h7xx_hal_cortex.o
 .debug_macro   0x0000000000033fa1      0x32f ./Drivers/STM32H7xx_HAL_Driver/Src/stm32h7xx_hal_dma.o
 .debug_macro   0x00000000000342d0      0x2e2 ./Drivers/STM32H7xx_HAL_Driver/Src/stm32h7xx_hal_gpio.o
 .debug_macro   0x00000000000345b2      0x314 ./Drivers/STM32H7xx_HAL_Driver/Src/stm32h7xx_hal_pwr_ex.o
 .debug_macro   0x00000000000348c6      0x2ff ./Drivers/STM32H7xx_HAL_Driver/Src/stm32h7xx_hal_rcc.o
 .debug_macro   0x0000000000034bc5      0x2f9 ./Drivers/STM32H7xx_HAL_Driver/Src/stm32h7xx_hal_rcc_ex.o
 .debug_macro   0x0000000000034ebe      0x2ee ./Drivers/STM32H7xx_HAL_Driver/Src/stm32h7xx_hal_rng.o
 .debug_macro   0x00000000000351ac      0x2ea ./Drivers/STM32H7xx_HAL_Driver/Src/stm32h7xx_hal_spi.o
 .debug_macro   0x0000000000035496      0x30d ./leaf/Src/leaf-dynamics.o
 .debug_macro   0x00000000000357a3      0x3bf ./leaf/Src/leaf-envelopes.o
 .debug_macro   0x0000000000035b62      0x3b7 ./leaf/Src/leaf-filters.o
 .debug_macro   0x0000000000035f19      0x2da ./leaf/Src/leaf-math.o
 .debug_macro   0x00000000000361f3      0x39f ./leaf/Src/leaf-mempool.o
 .debug_macro   0x0000000000036592      0x39b ./leaf/Src/leaf.o

.debug_line     0x0000000000000000    0x27ba9
 .debug_line    0x0000000000000000     0x1ebc ./Core/Src/main.o
 .debug_line    0x0000000000001ebc     0x133b ./Core/Src/stm32h7xx_hal_msp.o
 .debug_line    0x00000000000031f7      0xeb4 ./Core/Src/stm32h7xx_it.o
 .debug_line    0x00000000000040ab      0xb36 ./Core/Src/system_stm32h7xx.o
 .debug_line    0x0000000000004be1       0x88 ./Core/Startup/startup_stm32h730zbtx.o
 .debug_line    0x0000000000004c69     0x10fb ./Drivers/STM32H7xx_HAL_Driver/Src/stm32h7xx_hal.o
 .debug_line    0x0000000000005d64     0x3944 ./Drivers/STM32H7xx_HAL_Driver/Src/stm32h7xx_hal_adc.o
 .debug_line    0x00000000000096a8     0x3887 ./Drivers/STM32H7xx_HAL_Driver/Src/stm32h7xx_hal_adc_ex.o
 .debug_line    0x000000000000cf2f      0xf0a ./Drivers/STM32H7xx_HAL_Driver/Src/stm32h7xx_hal_cortex.o
 .debug_line    0x000000000000de39     0x20f7 ./Drivers/STM32H7xx_HAL_Driver/Src/stm32h7xx_hal_dma.o