../Drivers/STM32H7xx_HAL_Driver/Src/stm32h7xx_hal_sai.c:867:13:HAL_SAI_MspInit	0	static
../Drivers/STM32H7xx_HAL_Driver/Src/stm32h7xx_hal_sai.c:371:19:HAL_SAI_Init	24	static
../Drivers/STM32H7xx_HAL_Driver/Src/stm32h7xx_hal_sai.c:332:19:HAL_SAI_InitProtocol	8	static
../Drivers/STM32H7xx_HAL_Driver/Src/stm32h7xx_hal_sai.c:883:13:HAL_SAI_MspDeInit	0	static
../Drivers/STM32H7xx_HAL_Driver/Src/stm32h7xx_hal_sai.c:786:19:HAL_SAI_DeInit	8	static
../Drivers/STM32H7xx_HAL_Driver/Src/stm32h7xx_hal_sai.c:1124:19:HAL_SAI_Transmit	24	static
../Drivers/STM32H7xx_HAL_Driver/Src/stm32h7xx_hal_sai.c:1237:19:HAL_SAI_Receive	24	static
../Drivers/STM32H7xx_HAL_Driver/Src/stm32h7xx_hal_sai.c:1347:19:HAL_SAI_Transmit_IT	24	static
../Drivers/STM32H7xx_HAL_Driver/Src/stm32h7xx_hal_sai.c:1409:19:HAL_SAI_Receive_IT	4	static
../Drivers/STM32H7xx_HAL_Driver/Src/stm32h7xx_hal_sai.c:1467:19:HAL_SAI_DMAPause	4	static
../Drivers/STM32H7xx_HAL_Driver/Src/stm32h7xx_hal_sai.c:1487:19:HAL_SAI_DMAResume	0	static
../Drivers/STM32H7xx_HAL_Driver/Src/stm32h7xx_hal_sai.c:1514:19:HAL_SAI_DMAStop	16	static
../Drivers/STM32H7xx_HAL_Driver/Src/stm32h7xx_hal_sai.c:1576:19:HAL_SAI_Abort	16	static
../Drivers/STM32H7xx_HAL_Driver/Src/stm32h7xx_hal_sai.c:1648:19:HAL_SAI_Transmit_DMA	24	static
../Drivers/STM32H7xx_HAL_Driver/Src/stm32h7xx_hal_sai.c:1735:19:HAL_SAI_Receive_DMA	16	static
../Drivers/STM32H7xx_HAL_Driver/Src/stm32h7xx_hal_sai.c:1804:19:HAL_SAI_EnableTxMuteMode	0	static
../Drivers/STM32H7xx_HAL_Driver/Src/stm32h7xx_hal_sai.c:1823:19:HAL_SAI_DisableTxMuteMode	0	static
../Drivers/STM32H7xx_HAL_Driver/Src/stm32h7xx_hal_sai.c:1841:19:HAL_SAI_EnableRxMuteMode	4	static
../Drivers/STM32H7xx_HAL_Driver/Src/stm32h7xx_hal_sai.c:1864:19:HAL_SAI_DisableRxMuteMode	0	static
../Drivers/STM32H7xx_HAL_Driver/Src/stm32h7xx_hal_sai.c:2156:13:HAL_SAI_TxCpltCallback	0	static
../Drivers/STM32H7xx_HAL_Driver/Src/stm32h7xx_hal_sai.c:2629:13:SAI_Transmit_IT32Bit	8	static
../Drivers/STM32H7xx_HAL_Driver/Src/stm32h7xx_hal_sai.c:2596:13:SAI_Transmit_IT16Bit	8	static
../Drivers/STM32H7xx_HAL_Driver/Src/stm32h7xx_hal_sai.c:2773:13:SAI_DMATxCplt	8	static
../Drivers/STM32H7xx_HAL_Driver/Src/stm32h7xx_hal_sai.c:2567:13:SAI_Transmit_IT8Bit	8	static
../Drivers/STM32H7xx_HAL_Driver/Src/stm32h7xx_hal_sai.c:2172:13:HAL_SAI_TxHalfCpltCallback	0	static
../Drivers/STM32H7xx_HAL_Driver/Src/stm32h7xx_hal_sai.c:2802:13:SAI_DMATxHalfCplt	8	static
../Drivers/STM32H7xx_HAL_Driver/Src/stm32h7xx_hal_sai.c:2188:13:HAL_SAI_RxCpltCallback	0	static
../Drivers/STM32H7xx_HAL_Driver/Src/stm32h7xx_hal_sai.c:2733:13:SAI_Receive_IT32Bit	8	static
../Drivers/STM32H7xx_HAL_Driver/Src/stm32h7xx_hal_sai.c:2819:13:SAI_DMARxCplt	8	static
../Drivers/STM32H7xx_HAL_Driver/Src/stm32h7xx_hal_sai.c:2666:13:SAI_Receive_IT8Bit	8	static
../Drivers/STM32H7xx_HAL_Driver/Src/stm32h7xx_hal_sai.c:2697:13:SAI_Receive_IT16Bit	8	static
../Drivers/STM32H7xx_HAL_Driver/Src/stm32h7xx_hal_sai.c:2204:13:HAL_SAI_RxHalfCpltCallback	0	static
../Drivers/STM32H7xx_HAL_Driver/Src/stm32h7xx_hal_sai.c:2847:13:SAI_DMARxHalfCplt	8	static
../Drivers/STM32H7xx_HAL_Driver/Src/stm32h7xx_hal_sai.c:2220:13:HAL_SAI_ErrorCallback	0	static
../Drivers/STM32H7xx_HAL_Driver/Src/stm32h7xx_hal_sai.c:2864:13:SAI_DMAError	8	static
../Drivers/STM32H7xx_HAL_Driver/Src/stm32h7xx_hal_sai.c:1883:6:HAL_SAI_IRQHandler	16	static
../Drivers/STM32H7xx_HAL_Driver/Src/stm32h7xx_hal_sai.c:2902:13:SAI_DMAAbort	8	static
../Drivers/STM32H7xx_HAL_Driver/Src/stm32h7xx_hal_sai.c:2255:22:HAL_SAI_GetState	0	static
../Drivers/STM32H7xx_HAL_Driver/Src/stm32h7xx_hal_sai.c:2266:10:HAL_SAI_GetError	0	static
