../Core/Src/main.c:90:6:FlushECC	56	static
../Core/Src/main.c:121:9:BSP_SD_IsDetected	16	static
../Core/Src/main.c:140:5:main	88	static,ignoring_inline_asm
../Core/Src/main.c:405:6:SystemClock_Config	120	static
../Core/Src/main.c:460:6:i2cError	8	static
../Core/Src/main.c:471:6:qspi_error	8	static
../Core/Src/main.c:483:5:AutopollingMemReady	104	static
../Core/Src/main.c:519:5:qspi_WriteEnable	96	static
../Core/Src/main.c:569:6:qspi_reset_memory	64	static
../Core/Src/main.c:610:6:qspi_dummy_cycles_config	72	static
../Core/Src/main.c:658:6:qspi_quad_enable	96	static
../Core/Src/main.c:734:6:qspi_enable_memory_mapped	80	static
../Core/Src/main.c:768:6:qspi_initialize	16	static
../Core/Src/main.c:786:6:qspi_SetMode	16	static
../Core/Src/main.c:799:5:qpsi_EraseSector	80	static
../Core/Src/main.c:854:6:qspi_Erase	24	static
../Core/Src/main.c:871:5:qspi_WritePage	88	static
../Core/Src/main.c:920:6:qspi_Write	56	static
../Core/Src/main.c:1006:13:FS_FileOperations	16	static
../Core/Src/main.c:1061:6:checkForNewFirmwareFromMainSynthBoard	16	static
../Core/Src/main.c:1168:6:HAL_GPIO_EXTI_Callback	16	static
../Core/Src/main.c:1174:39:boot_to	40	static,ignoring_inline_asm
../Core/Src/main.c:1219:6:MPU_Config	24	static
../Core/Src/main.c:1250:6:Error_Handler	4	static,ignoring_inline_asm
