../Core/Src/main.c:88:6:FlushECC	56	static
../Core/Src/main.c:119:9:BSP_SD_IsDetected	16	static
../Core/Src/main.c:138:5:main	80	static,ignoring_inline_asm
../Core/Src/main.c:401:6:SystemClock_Config	128	static
../Core/Src/main.c:463:6:qspi_error	8	static
../Core/Src/main.c:468:5:AutopollingMemReady	104	static
../Core/Src/main.c:504:5:qspi_WriteEnable	96	static
../Core/Src/main.c:554:6:qspi_reset_memory	64	static
../Core/Src/main.c:595:6:qspi_dummy_cycles_config	72	static
../Core/Src/main.c:643:6:qspi_quad_enable	96	static
../Core/Src/main.c:719:6:qspi_enable_memory_mapped	80	static
../Core/Src/main.c:753:6:qspi_initialize	16	static
../Core/Src/main.c:771:6:qspi_SetMode	16	static
../Core/Src/main.c:784:5:qpsi_EraseSector	80	static
../Core/Src/main.c:839:6:qspi_Erase	24	static
../Core/Src/main.c:856:5:qspi_WritePage	88	static
../Core/Src/main.c:905:6:qspi_Write	56	static
../Core/Src/main.c:991:13:FS_FileOperations	16	static
../Core/Src/main.c:1048:6:HAL_GPIO_EXTI_Callback	24	static
../Core/Src/main.c:1131:39:boot_to	40	static,ignoring_inline_asm
../Core/Src/main.c:1176:6:MPU_Config	24	static
../Core/Src/main.c:1207:6:Error_Handler	4	static,ignoring_inline_asm
