../Core/Src/main.c:90:6:FlushECC	5
../Core/Src/main.c:121:9:BSP_SD_IsDetected	1
../Core/Src/main.c:140:5:main	15
../Core/Src/main.c:405:6:SystemClock_Config	4
../Core/Src/main.c:460:6:i2cError	1
../Core/Src/main.c:471:6:qspi_error	1
../Core/Src/main.c:483:5:AutopollingMemReady	2
../Core/Src/main.c:519:5:qspi_WriteEnable	3
../Core/Src/main.c:569:6:qspi_reset_memory	4
../Core/Src/main.c:610:6:qspi_dummy_cycles_config	4
../Core/Src/main.c:658:6:qspi_quad_enable	6
../Core/Src/main.c:734:6:qspi_enable_memory_mapped	2
../Core/Src/main.c:768:6:qspi_initialize	2
../Core/Src/main.c:786:6:qspi_SetMode	3
../Core/Src/main.c:799:5:qpsi_EraseSector	5
../Core/Src/main.c:854:6:qspi_Erase	3
../Core/Src/main.c:871:5:qspi_WritePage	6
../Core/Src/main.c:920:6:qspi_Write	9
../Core/Src/main.c:1006:13:FS_FileOperations	6
../Core/Src/main.c:1061:6:checkForNewFirmwareFromMainSynthBoard	14
../Core/Src/main.c:1168:6:HAL_GPIO_EXTI_Callback	1
../Core/Src/main.c:1174:39:boot_to	0
../Core/Src/main.c:1219:6:MPU_Config	1
../Core/Src/main.c:1250:6:Error_Handler	1
