../Core/Src/audiostream.c:333:7:map	0	static
../Core/Src/audiostream.c:339:6:audioInit	128	static
../Core/Src/audiostream.c:646:6:updateStateFromSPIMessage	16	static
../Core/Src/audiostream.c:1107:21:oscillator_tick	112	static
../Core/Src/audiostream.c:1166:22:sawSquareTick	40	static
../Core/Src/audiostream.c:1178:22:sineTriTick	40	static
../Core/Src/audiostream.c:1189:22:sawTick	32	static
../Core/Src/audiostream.c:1199:22:pulseTick	40	static
../Core/Src/audiostream.c:1210:22:sineTick	16	static
../Core/Src/audiostream.c:1216:22:triTick	40	static
../Core/Src/audiostream.c:1227:22:userTick	0	static
../Core/Src/audiostream.c:1236:22:filter_tick	56	static
../Core/Src/audiostream.c:1283:22:lowpassTick	24	static
../Core/Src/audiostream.c:1290:22:highpassTick	24	static
../Core/Src/audiostream.c:1297:22:bandpassTick	24	static
../Core/Src/audiostream.c:1304:22:diodeLowpassTick	24	static
../Core/Src/audiostream.c:1311:22:VZpeakTick	16	static
../Core/Src/audiostream.c:1317:22:VZlowshelfTick	16	static
../Core/Src/audiostream.c:1322:22:VZhighshelfTick	16	static
../Core/Src/audiostream.c:1327:22:VZbandrejectTick	24	static
../Core/Src/audiostream.c:1334:22:LadderLowpassTick	24	static
../Core/Src/audiostream.c:1344:21:setFreqMultPitch	16	static
../Core/Src/audiostream.c:1355:21:setFreqMultHarm	0	static
../Core/Src/audiostream.c:1376:22:lowpassSetQ	0	static
../Core/Src/audiostream.c:1381:22:highpassSetQ	0	static
../Core/Src/audiostream.c:1386:22:bandpassSetQ	0	static
../Core/Src/audiostream.c:1391:22:diodeLowpassSetQ	0	static
../Core/Src/audiostream.c:1396:22:VZpeakSetQ	0	static
../Core/Src/audiostream.c:1401:22:VZlowshelfSetQ	0	static
../Core/Src/audiostream.c:1406:22:VZhighshelfSetQ	0	static
../Core/Src/audiostream.c:1411:22:VZbandrejectSetQ	0	static
../Core/Src/audiostream.c:1416:22:LadderLowpassSetQ	0	static
../Core/Src/audiostream.c:1421:22:lowpassSetGain	16	static
../Core/Src/audiostream.c:1426:22:highpassSetGain	16	static
../Core/Src/audiostream.c:1431:22:bandpassSetGain	16	static
../Core/Src/audiostream.c:1436:22:diodeLowpassSetGain	16	static
../Core/Src/audiostream.c:1441:22:VZpeakSetGain	16	static
../Core/Src/audiostream.c:1446:22:VZlowshelfSetGain	16	static
../Core/Src/audiostream.c:1451:22:VZhighshelfSetGain	16	static
../Core/Src/audiostream.c:1456:22:VZbandrejectSetGain	16	static
../Core/Src/audiostream.c:1461:23:LadderLowpassSetGain	16	static
../Core/Src/audiostream.c:1467:21:envelope_tick	24	static
../Core/Src/audiostream.c:1481:21:lfo_tick	40	static
../Core/Src/audiostream.c:1498:23:setEnvelopeAttack	0	static
../Core/Src/audiostream.c:1504:23:setEnvelopeDecay	0	static
../Core/Src/audiostream.c:1510:23:setEnvelopeSustain	0	static
../Core/Src/audiostream.c:1515:23:setEnvelopeRelease	0	static
../Core/Src/audiostream.c:1521:23:setEnvelopeLeak	0	static
../Core/Src/audiostream.c:1526:23:setAmp	0	static
../Core/Src/audiostream.c:1531:23:setMaster	0	static
../Core/Src/audiostream.c:1536:23:setTranspose	0	static
../Core/Src/audiostream.c:1541:23:setPitchBendRange	0	static
../Core/Src/audiostream.c:1546:23:setFinalLowpass	8	static
../Core/Src/audiostream.c:1552:21:tickMappings	56	static
../Core/Src/audiostream.c:1838:8:audioTickString	96	dynamic
../Core/Src/audiostream.c:1896:8:audioTickString2	96	dynamic
../Core/Src/audiostream.c:2022:6:lfoSawSquareTick	8	static
../Core/Src/audiostream.c:2027:6:lfoSineTriTick	8	static
../Core/Src/audiostream.c:2032:6:lfoSineTick	8	static
../Core/Src/audiostream.c:2037:6:lfoTriTick	8	static
../Core/Src/audiostream.c:2041:6:lfoSawTick	8	static
../Core/Src/audiostream.c:2046:6:lfoPulseTick	8	static
../Core/Src/audiostream.c:2051:6:lfoSawSquareSetRate	0	static
../Core/Src/audiostream.c:2056:6:lfoSineTriSetRate	0	static
../Core/Src/audiostream.c:2060:6:lfoSineSetRate	0	static
../Core/Src/audiostream.c:2064:6:lfoTriSetRate	0	static
../Core/Src/audiostream.c:2068:6:lfoSawSetRate	0	static
../Core/Src/audiostream.c:2072:6:lfoPulseSetRate	0	static
../Core/Src/audiostream.c:2078:6:lfoSawSquareSetPhase	0	static
../Core/Src/audiostream.c:2082:6:lfoSineTriSetPhase	0	static
../Core/Src/audiostream.c:2086:6:lfoSineSetPhase	0	static
../Core/Src/audiostream.c:2090:6:lfoTriSetPhase	0	static
../Core/Src/audiostream.c:2094:6:lfoSawSetPhase	0	static
../Core/Src/audiostream.c:2098:6:lfoPulseSetPhase	0	static
../Core/Src/audiostream.c:2104:6:lfoSawSquareSetShape	0	static
../Core/Src/audiostream.c:2108:6:lfoSineTriSetShape	0	static
../Core/Src/audiostream.c:2112:6:lfoSineSetShape	0	static
../Core/Src/audiostream.c:2116:6:lfoTriSetShape	0	static
../Core/Src/audiostream.c:2120:6:lfoSawSetShape	0	static
../Core/Src/audiostream.c:2124:6:lfoPulseSetShape	0	static
../Core/Src/audiostream.c:2142:22:clipperGainSet	16	static
../Core/Src/audiostream.c:2146:22:wavefolderParam1	16	static
../Core/Src/audiostream.c:2150:22:wavefolderParam3	0	static
../Core/Src/audiostream.c:2157:22:tiltParam1	16	static
../Core/Src/audiostream.c:2163:22:tiltParam2	16	static
../Core/Src/audiostream.c:2169:22:tiltParam3	0	static
../Core/Src/audiostream.c:2173:22:tiltParam4	16	static
../Core/Src/audiostream.c:2178:22:compressorParam1	0	static
../Core/Src/audiostream.c:2182:22:compressorParam2	0	static
../Core/Src/audiostream.c:2188:22:compressorParam3	0	static
../Core/Src/audiostream.c:2193:22:compressorParam4	8	static
../Core/Src/audiostream.c:2199:22:compressorParam5	8	static
../Core/Src/audiostream.c:2205:22:offsetParam2	0	static
../Core/Src/audiostream.c:2209:21:param2Linear	0	static
../Core/Src/audiostream.c:2213:21:param3Linear	0	static
../Core/Src/audiostream.c:2217:21:param3Soft	0	static
../Core/Src/audiostream.c:2223:21:param3Hard	16	static
../Core/Src/audiostream.c:2233:21:param4Linear	0	static
../Core/Src/audiostream.c:2238:21:param5Linear	0	static
../Core/Src/audiostream.c:2242:21:param2BC	0	static
../Core/Src/audiostream.c:2246:21:param3BC	0	static
../Core/Src/audiostream.c:2251:21:param4BC	0	static
../Core/Src/audiostream.c:2255:21:param5BC	0	static
../Core/Src/audiostream.c:2262:21:fxMixSet	0	static
../Core/Src/audiostream.c:2267:21:fxPostGainSet	16	static
../Core/Src/audiostream.c:2275:22:wavefolderTick	24	static
../Core/Src/audiostream.c:2313:21:chorusParam1	0	static
../Core/Src/audiostream.c:2317:21:chorusParam2	0	static
../Core/Src/audiostream.c:2322:21:chorusParam3	0	static
../Core/Src/audiostream.c:2327:21:chorusParam4	0	static
../Core/Src/audiostream.c:2333:22:chorusTick	0	static
../Core/Src/audiostream.c:2344:22:shaperTick	8	static
../Core/Src/audiostream.c:2352:22:blankTick	0	static
../Core/Src/audiostream.c:2357:22:tiltFilterTick	8	static
../Core/Src/audiostream.c:2365:22:tanhTick	8	static
../Core/Src/audiostream.c:2380:22:softClipTick	4	static
../Core/Src/audiostream.c:2402:22:hardClipTick	16	static
../Core/Src/audiostream.c:2424:22:satTick	8	static
../Core/Src/audiostream.c:2436:22:bcTick	0	static
../Core/Src/audiostream.c:2443:22:compressorTick	0	static
../Core/Src/audiostream.c:2449:23:FXlowpassTick	0	static
../Core/Src/audiostream.c:2454:23:FXhighpassTick	0	static
../Core/Src/audiostream.c:2459:23:FXbandpassTick	0	static
../Core/Src/audiostream.c:2464:23:FXdiodeLowpassTick	0	static
../Core/Src/audiostream.c:2469:23:FXVZpeakTick	0	static
../Core/Src/audiostream.c:2474:23:FXVZlowshelfTick	0	static
../Core/Src/audiostream.c:2478:23:FXVZhighshelfTick	0	static
../Core/Src/audiostream.c:2482:23:FXVZbandrejectTick	0	static
../Core/Src/audiostream.c:2487:23:FXLadderLowpassTick	0	static
../Core/Src/audiostream.c:2493:6:FXLowpassParam1	16	static
../Core/Src/audiostream.c:2499:6:FXHighpassParam1	16	static
../Core/Src/audiostream.c:2506:6:FXBandpassParam1	16	static
../Core/Src/audiostream.c:2513:6:FXDiodeParam1	16	static
../Core/Src/audiostream.c:2519:6:FXPeakParam1	16	static
../Core/Src/audiostream.c:2525:6:FXLowShelfParam1	16	static
../Core/Src/audiostream.c:2531:6:FXHighShelfParam1	16	static
../Core/Src/audiostream.c:2537:6:FXNotchParam1	16	static
../Core/Src/audiostream.c:2543:6:FXLadderParam1	16	static
../Core/Src/audiostream.c:2552:6:FXPeakParam2	16	static
../Core/Src/audiostream.c:2557:6:FXLowShelfParam2	16	static
../Core/Src/audiostream.c:2562:6:FXHighShelfParam2	16	static
../Core/Src/audiostream.c:2567:6:FXNotchParam2	16	static
../Core/Src/audiostream.c:2573:6:FXLowpassParam3	0	static
../Core/Src/audiostream.c:2578:6:FXHighpassParam3	0	static
../Core/Src/audiostream.c:2583:6:FXBandpassParam3	0	static
../Core/Src/audiostream.c:2588:6:FXDiodeParam3	0	static
../Core/Src/audiostream.c:2594:6:FXPeakParam3	0	static
../Core/Src/audiostream.c:2600:6:FXLowShelfParam3	0	static
../Core/Src/audiostream.c:2606:6:FXHighShelfParam3	0	static
../Core/Src/audiostream.c:2612:6:FXNotchParam3	0	static
../Core/Src/audiostream.c:2618:6:FXLadderParam3	0	static
../Core/Src/audiostream.c:2628:21:noiseSetTilt	16	static
../Core/Src/audiostream.c:2635:21:noiseSetGain	8	static
../Core/Src/audiostream.c:2640:21:noiseSetFreq	8	static
../Core/Src/audiostream.c:2651:21:noise_tick	40	static
../Core/Src/audiostream.c:1597:8:audioTickL	120	dynamic
../Core/Src/audiostream.c:686:6:audioFrame	152	static
../Core/Src/audiostream.c:2675:6:HAL_SPI_RxCpltCallback	16	static
../Core/Src/audiostream.c:2722:6:HAL_SPI_RxHalfCpltCallback	16	static
../Core/Src/audiostream.c:2761:6:HAL_SPI_TxRxCpltCallback	8	static
../Core/Src/audiostream.c:2772:6:HAL_SPI_TxRxHalfCpltCallback	8	static
../Core/Src/audiostream.c:2782:21:HAL_SAI_TxCpltCallback	0	static
../Core/Src/audiostream.c:2788:21:HAL_SAI_TxHalfCpltCallback	0	static
../Core/Src/audiostream.c:2794:6:HAL_SAI_ErrorCallback	0	static
