../leaf/Src/leaf-distortion.c:25:6:tSampleReducer_init	16	static
../leaf/Src/leaf-distortion.c:30:6:tSampleReducer_initToPool	16	static
../leaf/Src/leaf-distortion.c:41:6:tSampleReducer_free	0	static
../leaf/Src/leaf-distortion.c:48:7:tSampleReducer_tick	0	static
../leaf/Src/leaf-distortion.c:62:6:tSampleReducer_setRatio	0	static
../leaf/Src/leaf-distortion.c:75:6:tOversampler_init	32	static
../leaf/Src/leaf-distortion.c:80:6:tOversampler_initToPool	32	static
../leaf/Src/leaf-distortion.c:104:6:tOversampler_free	8	static
../leaf/Src/leaf-distortion.c:130:6:tOversampler_upsample	28	static
../leaf/Src/leaf-distortion.c:233:7:tOversampler_downsample	12	static
../leaf/Src/leaf-distortion.c:113:7:tOversampler_tick	32	static
../leaf/Src/leaf-distortion.c:320:9:tOversampler_setRatio	16	static
../leaf/Src/leaf-distortion.c:338:9:tOversampler_setQuality	16	static
../leaf/Src/leaf-distortion.c:355:5:tOversampler_getLatency	0	static
../leaf/Src/leaf-distortion.c:370:6:tLockhartWavefolder_init	16	static
../leaf/Src/leaf-distortion.c:375:6:tLockhartWavefolder_initToPool	16	static
../leaf/Src/leaf-distortion.c:420:6:tLockhartWavefolder_free	0	static
../leaf/Src/leaf-distortion.c:429:8:tLockhartWavefolderLambert	64	static
../leaf/Src/leaf-distortion.c:512:7:tLockhartWavefolder_tick	32	static
../leaf/Src/leaf-distortion.c:626:6:tCrusher_init	24	static
../leaf/Src/leaf-distortion.c:631:6:tCrusher_initToPool	24	static
../leaf/Src/leaf-distortion.c:645:6:tCrusher_free	8	static
../leaf/Src/leaf-distortion.c:653:7:tCrusher_tick	8	static
../leaf/Src/leaf-distortion.c:677:9:tCrusher_setOperation	0	static
../leaf/Src/leaf-distortion.c:684:9:tCrusher_setQuality	8	static
../leaf/Src/leaf-distortion.c:696:9:tCrusher_setRound	0	static
../leaf/Src/leaf-distortion.c:702:9:tCrusher_setSamplingRatio	0	static
