/Users/jeffsnyder/dev/LEAF/leaf/Src/leaf-physical.c:25:9:tPluck_initToPool	40	static
/Users/jeffsnyder/dev/LEAF/leaf/Src/leaf-physical.c:20:9:tPluck_init	0	static
/Users/jeffsnyder/dev/LEAF/leaf/Src/leaf-physical.c:48:9:tPluck_free	8	static
/Users/jeffsnyder/dev/LEAF/leaf/Src/leaf-physical.c:60:10:tPluck_getLastOut	0	static
/Users/jeffsnyder/dev/LEAF/leaf/Src/leaf-physical.c:66:10:tPluck_tick	16	static
/Users/jeffsnyder/dev/LEAF/leaf/Src/leaf-physical.c:72:9:tPluck_pluck	32	static
/Users/jeffsnyder/dev/LEAF/leaf/Src/leaf-physical.c:88:9:tPluck_noteOn	32	static
/Users/jeffsnyder/dev/LEAF/leaf/Src/leaf-physical.c:97:9:tPluck_noteOff	0	static
/Users/jeffsnyder/dev/LEAF/leaf/Src/leaf-physical.c:108:9:tPluck_setFrequency	16	static
/Users/jeffsnyder/dev/LEAF/leaf/Src/leaf-physical.c:125:9:tPluck_controlChange	0	static
/Users/jeffsnyder/dev/LEAF/leaf/Src/leaf-physical.c:130:6:tPluck_setSampleRate	32	static
/Users/jeffsnyder/dev/LEAF/leaf/Src/leaf-physical.c:186:9:tKarplusStrong_free	8	static
/Users/jeffsnyder/dev/LEAF/leaf/Src/leaf-physical.c:203:10:tKarplusStrong_getLastOut	0	static
/Users/jeffsnyder/dev/LEAF/leaf/Src/leaf-physical.c:209:10:tKarplusStrong_tick	32	static
/Users/jeffsnyder/dev/LEAF/leaf/Src/leaf-physical.c:228:9:tKarplusStrong_pluck	40	static
/Users/jeffsnyder/dev/LEAF/leaf/Src/leaf-physical.c:253:9:tKarplusStrong_noteOff	0	static
/Users/jeffsnyder/dev/LEAF/leaf/Src/leaf-physical.c:285:9:tKarplusStrong_setStretch	48	static
/Users/jeffsnyder/dev/LEAF/leaf/Src/leaf-physical.c:264:9:tKarplusStrong_setFrequency	24	static
/Users/jeffsnyder/dev/LEAF/leaf/Src/leaf-physical.c:246:9:tKarplusStrong_noteOn	40	static
/Users/jeffsnyder/dev/LEAF/leaf/Src/leaf-physical.c:150:9:tKarplusStrong_initToPool	32	static
/Users/jeffsnyder/dev/LEAF/leaf/Src/leaf-physical.c:145:9:tKarplusStrong_init	0	static
/Users/jeffsnyder/dev/LEAF/leaf/Src/leaf-physical.c:312:9:tKarplusStrong_setPickupPosition	0	static
/Users/jeffsnyder/dev/LEAF/leaf/Src/leaf-physical.c:324:9:tKarplusStrong_setBaseLoopGain	0	static
/Users/jeffsnyder/dev/LEAF/leaf/Src/leaf-physical.c:334:9:tKarplusStrong_controlChange	0	static
/Users/jeffsnyder/dev/LEAF/leaf/Src/leaf-physical.c:349:9:tKarplusStrong_setSampleRate	32	static
/Users/jeffsnyder/dev/LEAF/leaf/Src/leaf-physical.c:380:9:tSimpleLivingString_initToPool	56	static
/Users/jeffsnyder/dev/LEAF/leaf/Src/leaf-physical.c:373:9:tSimpleLivingString_init	0	static
/Users/jeffsnyder/dev/LEAF/leaf/Src/leaf-physical.c:402:9:tSimpleLivingString_free	8	static
/Users/jeffsnyder/dev/LEAF/leaf/Src/leaf-physical.c:415:10:tSimpleLivingString_setFreq	0	static
/Users/jeffsnyder/dev/LEAF/leaf/Src/leaf-physical.c:425:10:tSimpleLivingString_setWaveLength	0	static
/Users/jeffsnyder/dev/LEAF/leaf/Src/leaf-physical.c:435:10:tSimpleLivingString_setDampFreq	0	static
/Users/jeffsnyder/dev/LEAF/leaf/Src/leaf-physical.c:441:10:tSimpleLivingString_setDecay	0	static
/Users/jeffsnyder/dev/LEAF/leaf/Src/leaf-physical.c:447:10:tSimpleLivingString_setTargetLev	0	static
/Users/jeffsnyder/dev/LEAF/leaf/Src/leaf-physical.c:453:10:tSimpleLivingString_setLevSmoothFactor	0	static
/Users/jeffsnyder/dev/LEAF/leaf/Src/leaf-physical.c:459:10:tSimpleLivingString_setLevStrength	0	static
/Users/jeffsnyder/dev/LEAF/leaf/Src/leaf-physical.c:465:10:tSimpleLivingString_setLevMode	16	static
/Users/jeffsnyder/dev/LEAF/leaf/Src/leaf-physical.c:472:10:tSimpleLivingString_tick	24	static
/Users/jeffsnyder/dev/LEAF/leaf/Src/leaf-physical.c:484:10:tSimpleLivingString_sample	0	static
/Users/jeffsnyder/dev/LEAF/leaf/Src/leaf-physical.c:490:8:tSimpleLivingString_setSampleRate	8	static
/Users/jeffsnyder/dev/LEAF/leaf/Src/leaf-physical.c:511:9:tSimpleLivingString2_initToPool	64	static
/Users/jeffsnyder/dev/LEAF/leaf/Src/leaf-physical.c:504:9:tSimpleLivingString2_init	0	static
/Users/jeffsnyder/dev/LEAF/leaf/Src/leaf-physical.c:534:9:tSimpleLivingString2_free	8	static
/Users/jeffsnyder/dev/LEAF/leaf/Src/leaf-physical.c:547:10:tSimpleLivingString2_setFreq	0	static
/Users/jeffsnyder/dev/LEAF/leaf/Src/leaf-physical.c:557:10:tSimpleLivingString2_setWaveLength	0	static
/Users/jeffsnyder/dev/LEAF/leaf/Src/leaf-physical.c:567:10:tSimpleLivingString2_setBrightness	0	static
/Users/jeffsnyder/dev/LEAF/leaf/Src/leaf-physical.c:575:10:tSimpleLivingString2_setDecay	0	static
/Users/jeffsnyder/dev/LEAF/leaf/Src/leaf-physical.c:581:10:tSimpleLivingString2_setTargetLev	0	static
/Users/jeffsnyder/dev/LEAF/leaf/Src/leaf-physical.c:587:10:tSimpleLivingString2_setLevSmoothFactor	0	static
/Users/jeffsnyder/dev/LEAF/leaf/Src/leaf-physical.c:593:10:tSimpleLivingString2_setLevStrength	0	static
/Users/jeffsnyder/dev/LEAF/leaf/Src/leaf-physical.c:599:10:tSimpleLivingString2_setLevMode	16	static
/Users/jeffsnyder/dev/LEAF/leaf/Src/leaf-physical.c:606:10:tSimpleLivingString2_tick	24	static
/Users/jeffsnyder/dev/LEAF/leaf/Src/leaf-physical.c:619:10:tSimpleLivingString2_sample	0	static
/Users/jeffsnyder/dev/LEAF/leaf/Src/leaf-physical.c:625:8:tSimpleLivingString2_setSampleRate	8	static
/Users/jeffsnyder/dev/LEAF/leaf/Src/leaf-physical.c:644:9:tLivingString_initToPool	72	static
/Users/jeffsnyder/dev/LEAF/leaf/Src/leaf-physical.c:637:9:tLivingString_init	0	static
/Users/jeffsnyder/dev/LEAF/leaf/Src/leaf-physical.c:693:9:tSimpleLivingString3_initToPool	88	static
/Users/jeffsnyder/dev/LEAF/leaf/Src/leaf-physical.c:686:9:tSimpleLivingString3_init	0	static
/Users/jeffsnyder/dev/LEAF/leaf/Src/leaf-physical.c:746:9:tSimpleLivingString3_free	8	static
/Users/jeffsnyder/dev/LEAF/leaf/Src/leaf-physical.c:760:10:tSimpleLivingString3_setFreq	8	static
/Users/jeffsnyder/dev/LEAF/leaf/Src/leaf-physical.c:778:10:tSimpleLivingString3_setWaveLength	0	static
/Users/jeffsnyder/dev/LEAF/leaf/Src/leaf-physical.c:788:10:tSimpleLivingString3_setDampFreq	0	static
/Users/jeffsnyder/dev/LEAF/leaf/Src/leaf-physical.c:798:10:tSimpleLivingString3_setDecay	8	static
/Users/jeffsnyder/dev/LEAF/leaf/Src/leaf-physical.c:809:10:tSimpleLivingString3_setTargetLev	0	static
/Users/jeffsnyder/dev/LEAF/leaf/Src/leaf-physical.c:815:10:tSimpleLivingString3_setLevSmoothFactor	0	static
/Users/jeffsnyder/dev/LEAF/leaf/Src/leaf-physical.c:821:10:tSimpleLivingString3_setLevStrength	0	static
/Users/jeffsnyder/dev/LEAF/leaf/Src/leaf-physical.c:827:10:tSimpleLivingString3_setLevMode	16	static
/Users/jeffsnyder/dev/LEAF/leaf/Src/leaf-physical.c:834:8:tSimpleLivingString3_pluck	40	static
/Users/jeffsnyder/dev/LEAF/leaf/Src/leaf-physical.c:872:10:tSimpleLivingString3_tick	40	static
/Users/jeffsnyder/dev/LEAF/leaf/Src/leaf-physical.c:929:8:tSimpleLivingString3_setPickupPoint	0	static
/Users/jeffsnyder/dev/LEAF/leaf/Src/leaf-physical.c:936:10:tSimpleLivingString3_sample	0	static
/Users/jeffsnyder/dev/LEAF/leaf/Src/leaf-physical.c:942:8:tSimpleLivingString3_setSampleRate	8	static
/Users/jeffsnyder/dev/LEAF/leaf/Src/leaf-physical.c:965:9:tSimpleLivingString4_initToPool	88	static
/Users/jeffsnyder/dev/LEAF/leaf/Src/leaf-physical.c:958:9:tSimpleLivingString4_init	0	static
/Users/jeffsnyder/dev/LEAF/leaf/Src/leaf-physical.c:1021:9:tSimpleLivingString4_free	8	static
/Users/jeffsnyder/dev/LEAF/leaf/Src/leaf-physical.c:1036:10:tSimpleLivingString4_setFreq	8	static
/Users/jeffsnyder/dev/LEAF/leaf/Src/leaf-physical.c:1054:10:tSimpleLivingString4_setWaveLength	0	static
/Users/jeffsnyder/dev/LEAF/leaf/Src/leaf-physical.c:1064:10:tSimpleLivingString4_setDampFreq	0	static
/Users/jeffsnyder/dev/LEAF/leaf/Src/leaf-physical.c:1074:10:tSimpleLivingString4_setDecay	8	static
/Users/jeffsnyder/dev/LEAF/leaf/Src/leaf-physical.c:1085:10:tSimpleLivingString4_setTargetLev	0	static
/Users/jeffsnyder/dev/LEAF/leaf/Src/leaf-physical.c:1091:10:tSimpleLivingString4_setLevSmoothFactor	0	static
/Users/jeffsnyder/dev/LEAF/leaf/Src/leaf-physical.c:1097:10:tSimpleLivingString4_setLevStrength	0	static
/Users/jeffsnyder/dev/LEAF/leaf/Src/leaf-physical.c:1103:10:tSimpleLivingString4_setLevMode	16	static
/Users/jeffsnyder/dev/LEAF/leaf/Src/leaf-physical.c:1110:8:tSimpleLivingString4_setPluckPosition	0	static
/Users/jeffsnyder/dev/LEAF/leaf/Src/leaf-physical.c:1117:8:tSimpleLivingString4_pluck	64	static
/Users/jeffsnyder/dev/LEAF/leaf/Src/leaf-physical.c:1155:8:tSimpleLivingString4_pluckNoPosition	64	static
/Users/jeffsnyder/dev/LEAF/leaf/Src/leaf-physical.c:1195:10:tSimpleLivingString4_tick	96	static
/Users/jeffsnyder/dev/LEAF/leaf/Src/leaf-physical.c:1257:8:tSimpleLivingString4_setPickupPoint	0	static
/Users/jeffsnyder/dev/LEAF/leaf/Src/leaf-physical.c:1264:10:tSimpleLivingString4_sample	0	static
/Users/jeffsnyder/dev/LEAF/leaf/Src/leaf-physical.c:1270:8:tSimpleLivingString4_setSampleRate	8	static
/Users/jeffsnyder/dev/LEAF/leaf/Src/leaf-physical.c:1294:9:tSimpleLivingString5_initToPool	88	static
/Users/jeffsnyder/dev/LEAF/leaf/Src/leaf-physical.c:1287:9:tSimpleLivingString5_init	0	static
/Users/jeffsnyder/dev/LEAF/leaf/Src/leaf-physical.c:1382:9:tSimpleLivingString5_free	8	static
/Users/jeffsnyder/dev/LEAF/leaf/Src/leaf-physical.c:1410:10:tSimpleLivingString5_setFreq	0	static
/Users/jeffsnyder/dev/LEAF/leaf/Src/leaf-physical.c:1428:10:tSimpleLivingString5_setWaveLength	0	static
/Users/jeffsnyder/dev/LEAF/leaf/Src/leaf-physical.c:1438:10:tSimpleLivingString5_setDampFreq	16	static
/Users/jeffsnyder/dev/LEAF/leaf/Src/leaf-physical.c:1449:10:tSimpleLivingString5_setDecay	0	static
/Users/jeffsnyder/dev/LEAF/leaf/Src/leaf-physical.c:1461:8:tSimpleLivingString5_setPrepPosition	0	static
/Users/jeffsnyder/dev/LEAF/leaf/Src/leaf-physical.c:1466:8:tSimpleLivingString5_setPrepIndex	0	static
/Users/jeffsnyder/dev/LEAF/leaf/Src/leaf-physical.c:1472:10:tSimpleLivingString5_setTargetLev	16	static
/Users/jeffsnyder/dev/LEAF/leaf/Src/leaf-physical.c:1479:10:tSimpleLivingString5_setLevSmoothFactor	16	static
/Users/jeffsnyder/dev/LEAF/leaf/Src/leaf-physical.c:1486:10:tSimpleLivingString5_setLevStrength	16	static
/Users/jeffsnyder/dev/LEAF/leaf/Src/leaf-physical.c:1493:10:tSimpleLivingString5_setLevMode	16	static
/Users/jeffsnyder/dev/LEAF/leaf/Src/leaf-physical.c:1501:8:tSimpleLivingString5_setPluckPosition	0	static
/Users/jeffsnyder/dev/LEAF/leaf/Src/leaf-physical.c:1508:8:tSimpleLivingString5_pluck	72	static
/Users/jeffsnyder/dev/LEAF/leaf/Src/leaf-physical.c:1555:8:tSimpleLivingString5_pluckNoPosition	64	static
/Users/jeffsnyder/dev/LEAF/leaf/Src/leaf-physical.c:1637:10:tSimpleLivingString5_tick	88	static
/Users/jeffsnyder/dev/LEAF/leaf/Src/leaf-physical.c:1844:8:tSimpleLivingString5_setPickupPoint	0	static
/Users/jeffsnyder/dev/LEAF/leaf/Src/leaf-physical.c:1851:10:tSimpleLivingString5_sample	0	static
/Users/jeffsnyder/dev/LEAF/leaf/Src/leaf-physical.c:1857:8:tSimpleLivingString5_setSampleRate	8	static
/Users/jeffsnyder/dev/LEAF/leaf/Src/leaf-physical.c:1869:8:tSimpleLivingString5_setFBAmount	16	static
/Users/jeffsnyder/dev/LEAF/leaf/Src/leaf-physical.c:1875:8:tSimpleLivingString5_setFFAmount	16	static
/Users/jeffsnyder/dev/LEAF/leaf/Src/leaf-physical.c:1881:8:tSimpleLivingString5_setFoldDepth	16	static
/Users/jeffsnyder/dev/LEAF/leaf/Src/leaf-physical.c:1892:9:tLivingString_free	8	static
/Users/jeffsnyder/dev/LEAF/leaf/Src/leaf-physical.c:1914:10:tLivingString_setFreq	0	static
/Users/jeffsnyder/dev/LEAF/leaf/Src/leaf-physical.c:1924:10:tLivingString_setWaveLength	0	static
/Users/jeffsnyder/dev/LEAF/leaf/Src/leaf-physical.c:1933:10:tLivingString_setPickPos	0	static
/Users/jeffsnyder/dev/LEAF/leaf/Src/leaf-physical.c:1942:10:tLivingString_setPrepIndex	0	static
/Users/jeffsnyder/dev/LEAF/leaf/Src/leaf-physical.c:1950:10:tLivingString_setDampFreq	16	static
/Users/jeffsnyder/dev/LEAF/leaf/Src/leaf-physical.c:1959:10:tLivingString_setDecay	0	static
/Users/jeffsnyder/dev/LEAF/leaf/Src/leaf-physical.c:1965:10:tLivingString_setTargetLev	16	static
/Users/jeffsnyder/dev/LEAF/leaf/Src/leaf-physical.c:1972:10:tLivingString_setLevSmoothFactor	16	static
/Users/jeffsnyder/dev/LEAF/leaf/Src/leaf-physical.c:1979:10:tLivingString_setLevStrength	16	static
/Users/jeffsnyder/dev/LEAF/leaf/Src/leaf-physical.c:1986:10:tLivingString_setLevMode	16	static
/Users/jeffsnyder/dev/LEAF/leaf/Src/leaf-physical.c:1994:10:tLivingString_tick	64	static
/Users/jeffsnyder/dev/LEAF/leaf/Src/leaf-physical.c:2030:10:tLivingString_sample	0	static
/Users/jeffsnyder/dev/LEAF/leaf/Src/leaf-physical.c:2036:8:tLivingString_setSampleRate	8	static
/Users/jeffsnyder/dev/LEAF/leaf/Src/leaf-physical.c:2065:9:tLivingString2_initToPool	96	static
/Users/jeffsnyder/dev/LEAF/leaf/Src/leaf-physical.c:2058:9:tLivingString2_init	0	static
/Users/jeffsnyder/dev/LEAF/leaf/Src/leaf-physical.c:2110:9:tLivingString2_free	8	static
/Users/jeffsnyder/dev/LEAF/leaf/Src/leaf-physical.c:2134:10:tLivingString2_setFreq	0	static
/Users/jeffsnyder/dev/LEAF/leaf/Src/leaf-physical.c:2146:10:tLivingString2_setWaveLength	0	static
/Users/jeffsnyder/dev/LEAF/leaf/Src/leaf-physical.c:2158:10:tLivingString2_setPickPos	0	static
/Users/jeffsnyder/dev/LEAF/leaf/Src/leaf-physical.c:2167:10:tLivingString2_setPrepPos	0	static
/Users/jeffsnyder/dev/LEAF/leaf/Src/leaf-physical.c:2176:10:tLivingString2_setPickupPos	0	static
/Users/jeffsnyder/dev/LEAF/leaf/Src/leaf-physical.c:2185:10:tLivingString2_setPrepIndex	0	static
/Users/jeffsnyder/dev/LEAF/leaf/Src/leaf-physical.c:2193:10:tLivingString2_setBrightness	16	static
/Users/jeffsnyder/dev/LEAF/leaf/Src/leaf-physical.c:2205:10:tLivingString2_setDecay	8	static
/Users/jeffsnyder/dev/LEAF/leaf/Src/leaf-physical.c:2211:10:tLivingString2_setTargetLev	16	static
/Users/jeffsnyder/dev/LEAF/leaf/Src/leaf-physical.c:2218:10:tLivingString2_setLevSmoothFactor	16	static
/Users/jeffsnyder/dev/LEAF/leaf/Src/leaf-physical.c:2225:10:tLivingString2_setLevStrength	16	static
/Users/jeffsnyder/dev/LEAF/leaf/Src/leaf-physical.c:2232:10:tLivingString2_setLevMode	16	static
/Users/jeffsnyder/dev/LEAF/leaf/Src/leaf-physical.c:2240:10:tLivingString2_tick	72	static
/Users/jeffsnyder/dev/LEAF/leaf/Src/leaf-physical.c:2393:10:tLivingString2_tickEfficient	48	static
/Users/jeffsnyder/dev/LEAF/leaf/Src/leaf-physical.c:2456:6:tLivingString2_updateDelays	24	static
/Users/jeffsnyder/dev/LEAF/leaf/Src/leaf-physical.c:2471:10:tLivingString2_sample	0	static
/Users/jeffsnyder/dev/LEAF/leaf/Src/leaf-physical.c:2477:9:tLivingString2_setSampleRate	8	static
/Users/jeffsnyder/dev/LEAF/leaf/Src/leaf-physical.c:2503:9:tComplexLivingString_initToPool	88	static
/Users/jeffsnyder/dev/LEAF/leaf/Src/leaf-physical.c:2496:9:tComplexLivingString_init	0	static
/Users/jeffsnyder/dev/LEAF/leaf/Src/leaf-physical.c:2551:9:tComplexLivingString_free	8	static
/Users/jeffsnyder/dev/LEAF/leaf/Src/leaf-physical.c:2576:10:tComplexLivingString_setFreq	0	static
/Users/jeffsnyder/dev/LEAF/leaf/Src/leaf-physical.c:2586:10:tComplexLivingString_setWaveLength	0	static
/Users/jeffsnyder/dev/LEAF/leaf/Src/leaf-physical.c:2595:10:tComplexLivingString_setPickPos	0	static
/Users/jeffsnyder/dev/LEAF/leaf/Src/leaf-physical.c:2604:10:tComplexLivingString_setPrepPos	0	static
/Users/jeffsnyder/dev/LEAF/leaf/Src/leaf-physical.c:2613:10:tComplexLivingString_setPrepIndex	0	static
/Users/jeffsnyder/dev/LEAF/leaf/Src/leaf-physical.c:2621:10:tComplexLivingString_setDampFreq	16	static
/Users/jeffsnyder/dev/LEAF/leaf/Src/leaf-physical.c:2630:10:tComplexLivingString_setDecay	0	static
/Users/jeffsnyder/dev/LEAF/leaf/Src/leaf-physical.c:2636:10:tComplexLivingString_setTargetLev	16	static
/Users/jeffsnyder/dev/LEAF/leaf/Src/leaf-physical.c:2643:10:tComplexLivingString_setLevSmoothFactor	16	static
/Users/jeffsnyder/dev/LEAF/leaf/Src/leaf-physical.c:2650:10:tComplexLivingString_setLevStrength	16	static
/Users/jeffsnyder/dev/LEAF/leaf/Src/leaf-physical.c:2657:10:tComplexLivingString_setLevMode	16	static
/Users/jeffsnyder/dev/LEAF/leaf/Src/leaf-physical.c:2665:10:tComplexLivingString_tick	80	static
/Users/jeffsnyder/dev/LEAF/leaf/Src/leaf-physical.c:2727:10:tComplexLivingString_sample	0	static
/Users/jeffsnyder/dev/LEAF/leaf/Src/leaf-physical.c:2733:9:tComplexLivingString_setSampleRate	8	static
/Users/jeffsnyder/dev/LEAF/leaf/Src/leaf-physical.c:2751:9:tReedTable_init	24	static
/Users/jeffsnyder/dev/LEAF/leaf/Src/leaf-physical.c:2756:9:tReedTable_initToPool	24	static
/Users/jeffsnyder/dev/LEAF/leaf/Src/leaf-physical.c:2766:9:tReedTable_free	0	static
/Users/jeffsnyder/dev/LEAF/leaf/Src/leaf-physical.c:2773:10:tReedTable_tick	0	static
/Users/jeffsnyder/dev/LEAF/leaf/Src/leaf-physical.c:2792:10:tReedTable_tanh_tick	0	static
/Users/jeffsnyder/dev/LEAF/leaf/Src/leaf-physical.c:2804:10:tReedTable_setOffset	0	static
/Users/jeffsnyder/dev/LEAF/leaf/Src/leaf-physical.c:2810:10:tReedTable_setSlope	0	static
