/Users/jeffsnyder/dev/LEAF/leaf/Src/leaf-filters.c:27:9:tAllpass_init	32	static
/Users/jeffsnyder/dev/LEAF/leaf/Src/leaf-filters.c:32:9:tAllpass_initToPool	32	static
/Users/jeffsnyder/dev/LEAF/leaf/Src/leaf-filters.c:45:9:tAllpass_free	8	static
/Users/jeffsnyder/dev/LEAF/leaf/Src/leaf-filters.c:53:9:tAllpass_setDelay	0	static
/Users/jeffsnyder/dev/LEAF/leaf/Src/leaf-filters.c:60:9:tAllpass_setGain	0	static
/Users/jeffsnyder/dev/LEAF/leaf/Src/leaf-filters.c:67:9:tAllpass_tick	16	static
/Users/jeffsnyder/dev/LEAF/leaf/Src/leaf-filters.c:81:9:tOnePole_init	24	static
/Users/jeffsnyder/dev/LEAF/leaf/Src/leaf-filters.c:86:9:tOnePole_initToPool	24	static
/Users/jeffsnyder/dev/LEAF/leaf/Src/leaf-filters.c:104:9:tOnePole_free	0	static
/Users/jeffsnyder/dev/LEAF/leaf/Src/leaf-filters.c:111:9:tOnePole_setB0	0	static
/Users/jeffsnyder/dev/LEAF/leaf/Src/leaf-filters.c:117:9:tOnePole_setA1	0	static
/Users/jeffsnyder/dev/LEAF/leaf/Src/leaf-filters.c:124:9:tOnePole_setPole	0	static
/Users/jeffsnyder/dev/LEAF/leaf/Src/leaf-filters.c:137:13:tOnePole_setFreq	8	static
/Users/jeffsnyder/dev/LEAF/leaf/Src/leaf-filters.c:147:9:tOnePole_setCoefficients	0	static
/Users/jeffsnyder/dev/LEAF/leaf/Src/leaf-filters.c:155:9:tOnePole_setGain	0	static
/Users/jeffsnyder/dev/LEAF/leaf/Src/leaf-filters.c:161:9:tOnePole_tick	0	static
/Users/jeffsnyder/dev/LEAF/leaf/Src/leaf-filters.c:174:6:tOnePole_setSampleRate	8	static
/Users/jeffsnyder/dev/LEAF/leaf/Src/leaf-filters.c:184:9:tTwoPole_init	16	static
/Users/jeffsnyder/dev/LEAF/leaf/Src/leaf-filters.c:189:9:tTwoPole_initToPool	16	static
/Users/jeffsnyder/dev/LEAF/leaf/Src/leaf-filters.c:207:9:tTwoPole_free	0	static
/Users/jeffsnyder/dev/LEAF/leaf/Src/leaf-filters.c:213:9:tTwoPole_tick	0	static
/Users/jeffsnyder/dev/LEAF/leaf/Src/leaf-filters.c:226:9:tTwoPole_setB0	0	static
/Users/jeffsnyder/dev/LEAF/leaf/Src/leaf-filters.c:232:9:tTwoPole_setA1	0	static
/Users/jeffsnyder/dev/LEAF/leaf/Src/leaf-filters.c:238:9:tTwoPole_setA2	0	static
/Users/jeffsnyder/dev/LEAF/leaf/Src/leaf-filters.c:244:9:tTwoPole_setResonance	32	static
/Users/jeffsnyder/dev/LEAF/leaf/Src/leaf-filters.c:272:9:tTwoPole_setCoefficients	0	static
/Users/jeffsnyder/dev/LEAF/leaf/Src/leaf-filters.c:280:9:tTwoPole_setGain	0	static
/Users/jeffsnyder/dev/LEAF/leaf/Src/leaf-filters.c:286:10:tTwoPole_setSampleRate	24	static
/Users/jeffsnyder/dev/LEAF/leaf/Src/leaf-filters.c:305:9:tOneZero_init	24	static
/Users/jeffsnyder/dev/LEAF/leaf/Src/leaf-filters.c:310:9:tOneZero_initToPool	24	static
/Users/jeffsnyder/dev/LEAF/leaf/Src/leaf-filters.c:324:9:tOneZero_free	0	static
/Users/jeffsnyder/dev/LEAF/leaf/Src/leaf-filters.c:330:9:tOneZero_tick	0	static
/Users/jeffsnyder/dev/LEAF/leaf/Src/leaf-filters.c:342:9:tOneZero_setZero	0	static
/Users/jeffsnyder/dev/LEAF/leaf/Src/leaf-filters.c:353:9:tOneZero_setB0	0	static
/Users/jeffsnyder/dev/LEAF/leaf/Src/leaf-filters.c:360:9:tOneZero_setB1	0	static
/Users/jeffsnyder/dev/LEAF/leaf/Src/leaf-filters.c:366:9:tOneZero_setCoefficients	0	static
/Users/jeffsnyder/dev/LEAF/leaf/Src/leaf-filters.c:373:9:tOneZero_setGain	0	static
/Users/jeffsnyder/dev/LEAF/leaf/Src/leaf-filters.c:379:9:tOneZero_getPhaseDelay	24	static
/Users/jeffsnyder/dev/LEAF/leaf/Src/leaf-filters.c:409:9:tOneZero_setSampleRate	0	static
/Users/jeffsnyder/dev/LEAF/leaf/Src/leaf-filters.c:416:9:tTwoZero_init	16	static
/Users/jeffsnyder/dev/LEAF/leaf/Src/leaf-filters.c:421:9:tTwoZero_initToPool	16	static
/Users/jeffsnyder/dev/LEAF/leaf/Src/leaf-filters.c:434:9:tTwoZero_free	0	static
/Users/jeffsnyder/dev/LEAF/leaf/Src/leaf-filters.c:440:9:tTwoZero_tick	0	static
/Users/jeffsnyder/dev/LEAF/leaf/Src/leaf-filters.c:453:9:tTwoZero_setNotch	16	static
/Users/jeffsnyder/dev/LEAF/leaf/Src/leaf-filters.c:477:9:tTwoZero_setB0	0	static
/Users/jeffsnyder/dev/LEAF/leaf/Src/leaf-filters.c:483:9:tTwoZero_setB1	0	static
/Users/jeffsnyder/dev/LEAF/leaf/Src/leaf-filters.c:489:9:tTwoZero_setCoefficients	0	static
/Users/jeffsnyder/dev/LEAF/leaf/Src/leaf-filters.c:497:9:tTwoZero_setGain	0	static
/Users/jeffsnyder/dev/LEAF/leaf/Src/leaf-filters.c:503:6:tTwoZero_setSampleRate	16	static
/Users/jeffsnyder/dev/LEAF/leaf/Src/leaf-filters.c:512:8:tPoleZero_init	16	static
/Users/jeffsnyder/dev/LEAF/leaf/Src/leaf-filters.c:517:9:tPoleZero_initToPool	16	static
/Users/jeffsnyder/dev/LEAF/leaf/Src/leaf-filters.c:531:9:tPoleZero_free	0	static
/Users/jeffsnyder/dev/LEAF/leaf/Src/leaf-filters.c:537:9:tPoleZero_setB0	0	static
/Users/jeffsnyder/dev/LEAF/leaf/Src/leaf-filters.c:543:9:tPoleZero_setB1	0	static
/Users/jeffsnyder/dev/LEAF/leaf/Src/leaf-filters.c:549:9:tPoleZero_setA1	0	static
/Users/jeffsnyder/dev/LEAF/leaf/Src/leaf-filters.c:561:9:tPoleZero_setCoefficients	0	static
/Users/jeffsnyder/dev/LEAF/leaf/Src/leaf-filters.c:575:9:tPoleZero_setAllpass	0	static
/Users/jeffsnyder/dev/LEAF/leaf/Src/leaf-filters.c:590:9:tPoleZero_setBlockZero	0	static
/Users/jeffsnyder/dev/LEAF/leaf/Src/leaf-filters.c:605:9:tPoleZero_setGain	0	static
/Users/jeffsnyder/dev/LEAF/leaf/Src/leaf-filters.c:611:9:tPoleZero_tick	0	static
/Users/jeffsnyder/dev/LEAF/leaf/Src/leaf-filters.c:625:9:tBiQuad_init	16	static
/Users/jeffsnyder/dev/LEAF/leaf/Src/leaf-filters.c:630:9:tBiQuad_initToPool	16	static
/Users/jeffsnyder/dev/LEAF/leaf/Src/leaf-filters.c:650:9:tBiQuad_free	0	static
/Users/jeffsnyder/dev/LEAF/leaf/Src/leaf-filters.c:656:9:tBiQuad_tick	0	static
/Users/jeffsnyder/dev/LEAF/leaf/Src/leaf-filters.c:673:9:tBiQuad_setResonance	32	static
/Users/jeffsnyder/dev/LEAF/leaf/Src/leaf-filters.c:698:9:tBiQuad_setNotch	16	static
/Users/jeffsnyder/dev/LEAF/leaf/Src/leaf-filters.c:713:6:tBiQuad_setEqualGainZeros	0	static
/Users/jeffsnyder/dev/LEAF/leaf/Src/leaf-filters.c:721:9:tBiQuad_setB0	0	static
/Users/jeffsnyder/dev/LEAF/leaf/Src/leaf-filters.c:727:9:tBiQuad_setB1	0	static
/Users/jeffsnyder/dev/LEAF/leaf/Src/leaf-filters.c:733:9:tBiQuad_setB2	0	static
/Users/jeffsnyder/dev/LEAF/leaf/Src/leaf-filters.c:739:9:tBiQuad_setA1	0	static
/Users/jeffsnyder/dev/LEAF/leaf/Src/leaf-filters.c:745:9:tBiQuad_setA2	0	static
/Users/jeffsnyder/dev/LEAF/leaf/Src/leaf-filters.c:751:9:tBiQuad_setCoefficients	0	static
/Users/jeffsnyder/dev/LEAF/leaf/Src/leaf-filters.c:761:9:tBiQuad_setGain	0	static
/Users/jeffsnyder/dev/LEAF/leaf/Src/leaf-filters.c:767:9:tBiQuad_setSampleRate	16	static
/Users/jeffsnyder/dev/LEAF/leaf/Src/leaf-filters.c:787:6:tSVF_init	32	static
/Users/jeffsnyder/dev/LEAF/leaf/Src/leaf-filters.c:796:9:tSVF_initToPool	32	static
/Users/jeffsnyder/dev/LEAF/leaf/Src/leaf-filters.c:864:9:tSVF_free	0	static
/Users/jeffsnyder/dev/LEAF/leaf/Src/leaf-filters.c:870:9:tSVF_tick	0	static
/Users/jeffsnyder/dev/LEAF/leaf/Src/leaf-filters.c:884:10:tSVF_setFreq	8	static
/Users/jeffsnyder/dev/LEAF/leaf/Src/leaf-filters.c:896:9:tSVF_setFreqFast	0	static
/Users/jeffsnyder/dev/LEAF/leaf/Src/leaf-filters.c:908:9:tSVF_setQ	0	static
/Users/jeffsnyder/dev/LEAF/leaf/Src/leaf-filters.c:919:9:tSVF_setFreqAndQ	16	static
/Users/jeffsnyder/dev/LEAF/leaf/Src/leaf-filters.c:931:9:tSVF_setSampleRate	16	static
/Users/jeffsnyder/dev/LEAF/leaf/Src/leaf-filters.c:941:8:tEfficientSVF_init	32	static
/Users/jeffsnyder/dev/LEAF/leaf/Src/leaf-filters.c:946:9:tEfficientSVF_initToPool	32	static
/Users/jeffsnyder/dev/LEAF/leaf/Src/leaf-filters.c:964:9:tEfficientSVF_free	0	static
/Users/jeffsnyder/dev/LEAF/leaf/Src/leaf-filters.c:970:9:tEfficientSVF_tick	0	static
/Users/jeffsnyder/dev/LEAF/leaf/Src/leaf-filters.c:990:10:tEfficientSVF_setFreq	0	static
/Users/jeffsnyder/dev/LEAF/leaf/Src/leaf-filters.c:1000:10:tEfficientSVF_setQ	0	static
/Users/jeffsnyder/dev/LEAF/leaf/Src/leaf-filters.c:1010:9:tEfficientSVF_setFreqAndQ	0	static
/Users/jeffsnyder/dev/LEAF/leaf/Src/leaf-filters.c:1023:6:tHighpass_init	24	static
/Users/jeffsnyder/dev/LEAF/leaf/Src/leaf-filters.c:1028:6:tHighpass_initToPool	24	static
/Users/jeffsnyder/dev/LEAF/leaf/Src/leaf-filters.c:1043:6:tHighpass_free	0	static
/Users/jeffsnyder/dev/LEAF/leaf/Src/leaf-filters.c:1049:6:tHighpass_setFreq	0	static
/Users/jeffsnyder/dev/LEAF/leaf/Src/leaf-filters.c:1057:7:tHighpass_getFreq	0	static
/Users/jeffsnyder/dev/LEAF/leaf/Src/leaf-filters.c:1064:7:tHighpass_tick	0	static
/Users/jeffsnyder/dev/LEAF/leaf/Src/leaf-filters.c:1072:6:tHighpass_setSampleRate	0	static
/Users/jeffsnyder/dev/LEAF/leaf/Src/leaf-filters.c:1084:9:tButterworth_initToPool	64	static
/Users/jeffsnyder/dev/LEAF/leaf/Src/leaf-filters.c:1079:6:tButterworth_init	0	static
/Users/jeffsnyder/dev/LEAF/leaf/Src/leaf-filters.c:1110:9:tButterworth_free	16	static
/Users/jeffsnyder/dev/LEAF/leaf/Src/leaf-filters.c:1120:7:tButterworth_tick	0	static
/Users/jeffsnyder/dev/LEAF/leaf/Src/leaf-filters.c:1130:6:tButterworth_setF1	32	static
/Users/jeffsnyder/dev/LEAF/leaf/Src/leaf-filters.c:1140:6:tButterworth_setF2	40	static
/Users/jeffsnyder/dev/LEAF/leaf/Src/leaf-filters.c:1152:6:tButterworth_setFreqs	48	static
/Users/jeffsnyder/dev/LEAF/leaf/Src/leaf-filters.c:1158:9:tButterworth_setSampleRate	40	static
/Users/jeffsnyder/dev/LEAF/leaf/Src/leaf-filters.c:1166:9:tFIR_init	32	static
/Users/jeffsnyder/dev/LEAF/leaf/Src/leaf-filters.c:1171:9:tFIR_initToPool	32	static
/Users/jeffsnyder/dev/LEAF/leaf/Src/leaf-filters.c:1183:9:tFIR_free	8	static
/Users/jeffsnyder/dev/LEAF/leaf/Src/leaf-filters.c:1191:9:tFIR_tick	4	static
/Users/jeffsnyder/dev/LEAF/leaf/Src/leaf-filters.c:1208:9:tMedianFilter_init	24	static
/Users/jeffsnyder/dev/LEAF/leaf/Src/leaf-filters.c:1213:9:tMedianFilter_initToPool	24	static
/Users/jeffsnyder/dev/LEAF/leaf/Src/leaf-filters.c:1232:9:tMedianFilter_free	8	static
/Users/jeffsnyder/dev/LEAF/leaf/Src/leaf-filters.c:1241:9:tMedianFilter_tick	20	static
/Users/jeffsnyder/dev/LEAF/leaf/Src/leaf-filters.c:1314:9:tVZFilter_free	0	static
/Users/jeffsnyder/dev/LEAF/leaf/Src/leaf-filters.c:1320:9:tVZFilter_tick	32	static
/Users/jeffsnyder/dev/LEAF/leaf/Src/leaf-filters.c:1355:9:tVZFilter_tickEfficient	0	static
/Users/jeffsnyder/dev/LEAF/leaf/Src/leaf-filters.c:1377:8:tVZFilter_calcCoeffs	24	static
/Users/jeffsnyder/dev/LEAF/leaf/Src/leaf-filters.c:1287:9:tVZFilter_initToPool	48	static
/Users/jeffsnyder/dev/LEAF/leaf/Src/leaf-filters.c:1282:9:tVZFilter_init	0	static
/Users/jeffsnyder/dev/LEAF/leaf/Src/leaf-filters.c:1499:8:tVZFilter_calcCoeffsEfficientBP	32	static
/Users/jeffsnyder/dev/LEAF/leaf/Src/leaf-filters.c:1508:8:tVZFilter_setBandwidth	16	static
/Users/jeffsnyder/dev/LEAF/leaf/Src/leaf-filters.c:1515:8:tVZFilter_setFreq	16	static
/Users/jeffsnyder/dev/LEAF/leaf/Src/leaf-filters.c:1523:9:tVZFilter_setFreqFast	16	static
/Users/jeffsnyder/dev/LEAF/leaf/Src/leaf-filters.c:1650:8:tVZFilter_setFreqAndBandwidth	24	static
/Users/jeffsnyder/dev/LEAF/leaf/Src/leaf-filters.c:1659:8:tVZFilter_setFreqAndBandwidthEfficientBP	24	static
/Users/jeffsnyder/dev/LEAF/leaf/Src/leaf-filters.c:1668:8:tVZFilter_setGain	16	static
/Users/jeffsnyder/dev/LEAF/leaf/Src/leaf-filters.c:1677:8:tVZFilter_setResonance	16	static
/Users/jeffsnyder/dev/LEAF/leaf/Src/leaf-filters.c:1686:6:tVZFilter_setFrequencyAndResonance	24	static
/Users/jeffsnyder/dev/LEAF/leaf/Src/leaf-filters.c:1695:6:tVZFilter_setFrequencyAndResonanceAndGain	32	static
/Users/jeffsnyder/dev/LEAF/leaf/Src/leaf-filters.c:1706:6:tVZFilter_setFastFrequencyAndResonanceAndGain	32	static
/Users/jeffsnyder/dev/LEAF/leaf/Src/leaf-filters.c:1717:6:tVZFilter_setFrequencyAndBandwidthAndGain	24	static
/Users/jeffsnyder/dev/LEAF/leaf/Src/leaf-filters.c:1729:6:tVZFilter_setFrequencyAndResonanceAndMorph	24	static
/Users/jeffsnyder/dev/LEAF/leaf/Src/leaf-filters.c:1739:8:tVZFilter_setMorph	16	static
/Users/jeffsnyder/dev/LEAF/leaf/Src/leaf-filters.c:1746:8:tVZFilter_setMorphOnly	8	static
/Users/jeffsnyder/dev/LEAF/leaf/Src/leaf-filters.c:1753:6:tVZFilter_setType	24	static
/Users/jeffsnyder/dev/LEAF/leaf/Src/leaf-filters.c:1760:7:tVZFilter_BandwidthToR	8	static
/Users/jeffsnyder/dev/LEAF/leaf/Src/leaf-filters.c:1771:7:tVZFilter_BandwidthToREfficientBP	16	static
/Users/jeffsnyder/dev/LEAF/leaf/Src/leaf-filters.c:1782:9:tVZFilter_setSampleRate	0	static
/Users/jeffsnyder/dev/LEAF/leaf/Src/leaf-filters.c:1794:9:tDiodeFilter_init	24	static
/Users/jeffsnyder/dev/LEAF/leaf/Src/leaf-filters.c:1799:9:tDiodeFilter_initToPool	24	static
/Users/jeffsnyder/dev/LEAF/leaf/Src/leaf-filters.c:1825:9:tDiodeFilter_free	0	static
/Users/jeffsnyder/dev/LEAF/leaf/Src/leaf-filters.c:1831:7:tanhXdX	0	static
/Users/jeffsnyder/dev/LEAF/leaf/Src/leaf-filters.c:1848:9:tDiodeFilter_tick	24	static
/Users/jeffsnyder/dev/LEAF/leaf/Src/leaf-filters.c:1935:9:tDiodeFilter_setFreq	8	static
/Users/jeffsnyder/dev/LEAF/leaf/Src/leaf-filters.c:1943:9:tDiodeFilter_setFreqFast	0	static
/Users/jeffsnyder/dev/LEAF/leaf/Src/leaf-filters.c:1951:9:tDiodeFilter_setQ	8	static
/Users/jeffsnyder/dev/LEAF/leaf/Src/leaf-filters.c:1957:9:tDiodeFilter_setSampleRate	8	static
/Users/jeffsnyder/dev/LEAF/leaf/Src/leaf-filters.c:1966:9:tLadderFilter_init	24	static
/Users/jeffsnyder/dev/LEAF/leaf/Src/leaf-filters.c:1971:9:tLadderFilter_initToPool	24	static
/Users/jeffsnyder/dev/LEAF/leaf/Src/leaf-filters.c:2003:9:tLadderFilter_free	0	static
/Users/jeffsnyder/dev/LEAF/leaf/Src/leaf-filters.c:2009:7:smoothABS	0	static
/Users/jeffsnyder/dev/LEAF/leaf/Src/leaf-filters.c:2023:7:smoothclip	0	static
/Users/jeffsnyder/dev/LEAF/leaf/Src/leaf-filters.c:2033:7:tanhd	0	static
/Users/jeffsnyder/dev/LEAF/leaf/Src/leaf-filters.c:2038:9:tLadderFilter_tick	64	static
/Users/jeffsnyder/dev/LEAF/leaf/Src/leaf-filters.c:2097:9:tLadderFilter_setFreq	8	static
/Users/jeffsnyder/dev/LEAF/leaf/Src/leaf-filters.c:2106:9:tLadderFilter_setFreqFast	0	static
/Users/jeffsnyder/dev/LEAF/leaf/Src/leaf-filters.c:2116:9:tLadderFilter_setQ	8	static
/Users/jeffsnyder/dev/LEAF/leaf/Src/leaf-filters.c:2122:9:tLadderFilter_setSampleRate	8	static
