/Users/jeffsnyder/dev/LEAF/leaf/Src/leaf-dynamics.c:44:6:tCompressor_init	24	static
/Users/jeffsnyder/dev/LEAF/leaf/Src/leaf-dynamics.c:49:6:tCompressor_initToPool	24	static
/Users/jeffsnyder/dev/LEAF/leaf/Src/leaf-dynamics.c:75:6:tCompressor_free	0	static
/Users/jeffsnyder/dev/LEAF/leaf/Src/leaf-dynamics.c:82:8:tCompressor_tick	16	static
/Users/jeffsnyder/dev/LEAF/leaf/Src/leaf-dynamics.c:137:8:tCompressor_tickWithTable	16	static
/Users/jeffsnyder/dev/LEAF/leaf/Src/leaf-dynamics.c:185:8:tCompressor_tickWithTableHardKnee	16	static
/Users/jeffsnyder/dev/LEAF/leaf/Src/leaf-dynamics.c:226:6:tCompressor_setTables	0	static
/Users/jeffsnyder/dev/LEAF/leaf/Src/leaf-dynamics.c:253:6:tCompressor_setParams	16	static
/Users/jeffsnyder/dev/LEAF/leaf/Src/leaf-dynamics.c:266:6:tCompressor_setSampleRate	0	static
/Users/jeffsnyder/dev/LEAF/leaf/Src/leaf-dynamics.c:273:6:tFeedbackLeveler_init	40	static
/Users/jeffsnyder/dev/LEAF/leaf/Src/leaf-dynamics.c:278:6:tFeedbackLeveler_initToPool	40	static
/Users/jeffsnyder/dev/LEAF/leaf/Src/leaf-dynamics.c:291:6:tFeedbackLeveler_free	8	static
/Users/jeffsnyder/dev/LEAF/leaf/Src/leaf-dynamics.c:299:10:tFeedbackLeveler_setStrength	0	static
/Users/jeffsnyder/dev/LEAF/leaf/Src/leaf-dynamics.c:306:10:tFeedbackLeveler_setFactor	0	static
/Users/jeffsnyder/dev/LEAF/leaf/Src/leaf-dynamics.c:312:10:tFeedbackLeveler_setMode	0	static
/Users/jeffsnyder/dev/LEAF/leaf/Src/leaf-dynamics.c:318:10:tFeedbackLeveler_tick	16	static
/Users/jeffsnyder/dev/LEAF/leaf/Src/leaf-dynamics.c:327:10:tFeedbackLeveler_sample	0	static
/Users/jeffsnyder/dev/LEAF/leaf/Src/leaf-dynamics.c:334:10:tFeedbackLeveler_setTargetLevel	0	static
/Users/jeffsnyder/dev/LEAF/leaf/Src/leaf-dynamics.c:341:6:tThreshold_init	24	static
/Users/jeffsnyder/dev/LEAF/leaf/Src/leaf-dynamics.c:346:6:tThreshold_initToPool	24	static
/Users/jeffsnyder/dev/LEAF/leaf/Src/leaf-dynamics.c:358:6:tThreshold_free	0	static
/Users/jeffsnyder/dev/LEAF/leaf/Src/leaf-dynamics.c:365:5:tThreshold_tick	0	static
/Users/jeffsnyder/dev/LEAF/leaf/Src/leaf-dynamics.c:381:6:tThreshold_setLow	0	static
/Users/jeffsnyder/dev/LEAF/leaf/Src/leaf-dynamics.c:388:6:tThreshold_setHigh	0	static
