/Users/josnyder/dev/LEAF/leaf/Src/leaf-midi.c:23:6:tStack_init	16	static
/Users/josnyder/dev/LEAF/leaf/Src/leaf-midi.c:28:9:tStack_initToPool	16	static
/Users/josnyder/dev/LEAF/leaf/Src/leaf-midi.c:42:9:tStack_free	0	static
/Users/josnyder/dev/LEAF/leaf/Src/leaf-midi.c:50:5:tStack_contains	4	static
/Users/josnyder/dev/LEAF/leaf/Src/leaf-midi.c:59:6:tStack_add	12	static
/Users/josnyder/dev/LEAF/leaf/Src/leaf-midi.c:91:5:tStack_addIfNotAlreadyThere	8	static
/Users/josnyder/dev/LEAF/leaf/Src/leaf-midi.c:133:5:tStack_remove	20	static
/Users/josnyder/dev/LEAF/leaf/Src/leaf-midi.c:167:6:tStack_setCapacity	4	static
/Users/josnyder/dev/LEAF/leaf/Src/leaf-midi.c:191:5:tStack_getSize	0	static
/Users/josnyder/dev/LEAF/leaf/Src/leaf-midi.c:196:6:tStack_clear	8	static
/Users/josnyder/dev/LEAF/leaf/Src/leaf-midi.c:207:5:tStack_next	0	static
/Users/josnyder/dev/LEAF/leaf/Src/leaf-midi.c:230:5:tStack_get	0	static
/Users/josnyder/dev/LEAF/leaf/Src/leaf-midi.c:235:5:tStack_first	0	static
/Users/josnyder/dev/LEAF/leaf/Src/leaf-midi.c:247:9:tPoly_initToPool	40	static
/Users/josnyder/dev/LEAF/leaf/Src/leaf-midi.c:242:6:tPoly_init	0	static
/Users/josnyder/dev/LEAF/leaf/Src/leaf-midi.c:294:9:tPoly_free	16	static
/Users/josnyder/dev/LEAF/leaf/Src/leaf-midi.c:315:6:tPoly_tickPitch	16	static
/Users/josnyder/dev/LEAF/leaf/Src/leaf-midi.c:321:6:tPoly_tickPitchGlide	16	static
/Users/josnyder/dev/LEAF/leaf/Src/leaf-midi.c:329:6:tPoly_tickPitchBend	0	static
/Users/josnyder/dev/LEAF/leaf/Src/leaf-midi.c:334:6:tPoly_setPitchBend	0	static
/Users/josnyder/dev/LEAF/leaf/Src/leaf-midi.c:340:5:tPoly_noteOn	24	static
/Users/josnyder/dev/LEAF/leaf/Src/leaf-midi.c:416:5:tPoly_noteOff	32	static
/Users/josnyder/dev/LEAF/leaf/Src/leaf-midi.c:474:6:tPoly_orderedAddToStack	8	static
/Users/josnyder/dev/LEAF/leaf/Src/leaf-midi.c:512:6:tPoly_setNumVoices	0	static
/Users/josnyder/dev/LEAF/leaf/Src/leaf-midi.c:517:6:tPoly_setPitchGlideActive	0	static
/Users/josnyder/dev/LEAF/leaf/Src/leaf-midi.c:522:6:tPoly_setPitchGlideTime	16	static
/Users/josnyder/dev/LEAF/leaf/Src/leaf-midi.c:531:6:tPoly_setBendGlideTime	0	static
/Users/josnyder/dev/LEAF/leaf/Src/leaf-midi.c:536:6:tPoly_setBendSamplesPerTick	0	static
/Users/josnyder/dev/LEAF/leaf/Src/leaf-midi.c:541:5:tPoly_getNumVoices	0	static
/Users/josnyder/dev/LEAF/leaf/Src/leaf-midi.c:546:5:tPoly_getNumActiveVoices	0	static
/Users/josnyder/dev/LEAF/leaf/Src/leaf-midi.c:551:8:tPoly_getPitch	16	static
/Users/josnyder/dev/LEAF/leaf/Src/leaf-midi.c:556:5:tPoly_getKey	0	static
/Users/josnyder/dev/LEAF/leaf/Src/leaf-midi.c:561:5:tPoly_getVelocity	0	static
/Users/josnyder/dev/LEAF/leaf/Src/leaf-midi.c:566:5:tPoly_isOn	0	static
/Users/josnyder/dev/LEAF/leaf/Src/leaf-midi.c:571:6:tPoly_setSampleRate	24	static
/Users/josnyder/dev/LEAF/leaf/Src/leaf-midi.c:590:9:tSimplePoly_initToPool	32	static
/Users/josnyder/dev/LEAF/leaf/Src/leaf-midi.c:585:6:tSimplePoly_init	0	static
/Users/josnyder/dev/LEAF/leaf/Src/leaf-midi.c:617:9:tSimplePoly_free	16	static
/Users/josnyder/dev/LEAF/leaf/Src/leaf-midi.c:630:5:tSimplePoly_noteOn	24	static
/Users/josnyder/dev/LEAF/leaf/Src/leaf-midi.c:707:5:tSimplePoly_noteOff	32	static
/Users/josnyder/dev/LEAF/leaf/Src/leaf-midi.c:750:6:tSimplePoly_deactivateVoice	16	static
/Users/josnyder/dev/LEAF/leaf/Src/leaf-midi.c:777:5:tSimplePoly_findVoiceAssignedToNote	4	static
/Users/josnyder/dev/LEAF/leaf/Src/leaf-midi.c:792:5:tSimplePoly_markPendingNoteOff	32	static
/Users/josnyder/dev/LEAF/leaf/Src/leaf-midi.c:814:6:tSimplePoly_setNumVoices	0	static
/Users/josnyder/dev/LEAF/leaf/Src/leaf-midi.c:820:5:tSimplePoly_getNumVoices	0	static
/Users/josnyder/dev/LEAF/leaf/Src/leaf-midi.c:825:5:tSimplePoly_getNumActiveVoices	0	static
/Users/josnyder/dev/LEAF/leaf/Src/leaf-midi.c:831:5:tSimplePoly_getPitch	0	static
/Users/josnyder/dev/LEAF/leaf/Src/leaf-midi.c:837:5:tSimplePoly_getPitchAndCheckActive	0	static
/Users/josnyder/dev/LEAF/leaf/Src/leaf-midi.c:842:5:tSimplePoly_getVelocity	0	static
/Users/josnyder/dev/LEAF/leaf/Src/leaf-midi.c:847:5:tSimplePoly_isOn	0	static
