/Users/jeffsnyder/dev/LEAF/leaf/Src/leaf-filters.c:27:9:tAllpass_init	32	static
/Users/jeffsnyder/dev/LEAF/leaf/Src/leaf-filters.c:32:9:tAllpass_initToPool	32	static
/Users/jeffsnyder/dev/LEAF/leaf/Src/leaf-filters.c:45:9:tAllpass_free	8	static
/Users/jeffsnyder/dev/LEAF/leaf/Src/leaf-filters.c:53:9:tAllpass_setDelay	0	static
/Users/jeffsnyder/dev/LEAF/leaf/Src/leaf-filters.c:60:9:tAllpass_setGain	0	static
/Users/jeffsnyder/dev/LEAF/leaf/Src/leaf-filters.c:67:10:tAllpass_tick	16	static
/Users/jeffsnyder/dev/LEAF/leaf/Src/leaf-filters.c:81:9:tOnePole_init	24	static
/Users/jeffsnyder/dev/LEAF/leaf/Src/leaf-filters.c:86:9:tOnePole_initToPool	24	static
/Users/jeffsnyder/dev/LEAF/leaf/Src/leaf-filters.c:104:9:tOnePole_free	0	static
/Users/jeffsnyder/dev/LEAF/leaf/Src/leaf-filters.c:111:9:tOnePole_setB0	0	static
/Users/jeffsnyder/dev/LEAF/leaf/Src/leaf-filters.c:117:9:tOnePole_setA1	0	static
/Users/jeffsnyder/dev/LEAF/leaf/Src/leaf-filters.c:124:9:tOnePole_setPole	0	static
/Users/jeffsnyder/dev/LEAF/leaf/Src/leaf-filters.c:137:13:tOnePole_setFreq	8	static
/Users/jeffsnyder/dev/LEAF/leaf/Src/leaf-filters.c:147:9:tOnePole_setCoefficients	0	static
/Users/jeffsnyder/dev/LEAF/leaf/Src/leaf-filters.c:155:9:tOnePole_setGain	0	static
/Users/jeffsnyder/dev/LEAF/leaf/Src/leaf-filters.c:161:10:tOnePole_tick	0	static
/Users/jeffsnyder/dev/LEAF/leaf/Src/leaf-filters.c:174:6:tOnePole_setSampleRate	8	static
/Users/jeffsnyder/dev/LEAF/leaf/Src/leaf-filters.c:184:9:tTwoPole_init	16	static
/Users/jeffsnyder/dev/LEAF/leaf/Src/leaf-filters.c:189:9:tTwoPole_initToPool	16	static
/Users/jeffsnyder/dev/LEAF/leaf/Src/leaf-filters.c:207:9:tTwoPole_free	0	static
/Users/jeffsnyder/dev/LEAF/leaf/Src/leaf-filters.c:213:10:tTwoPole_tick	0	static
/Users/jeffsnyder/dev/LEAF/leaf/Src/leaf-filters.c:226:9:tTwoPole_setB0	0	static
/Users/jeffsnyder/dev/LEAF/leaf/Src/leaf-filters.c:232:9:tTwoPole_setA1	0	static
/Users/jeffsnyder/dev/LEAF/leaf/Src/leaf-filters.c:238:9:tTwoPole_setA2	0	static
/Users/jeffsnyder/dev/LEAF/leaf/Src/leaf-filters.c:244:9:tTwoPole_setResonance	32	static
/Users/jeffsnyder/dev/LEAF/leaf/Src/leaf-filters.c:272:9:tTwoPole_setCoefficients	0	static
/Users/jeffsnyder/dev/LEAF/leaf/Src/leaf-filters.c:280:9:tTwoPole_setGain	0	static
/Users/jeffsnyder/dev/LEAF/leaf/Src/leaf-filters.c:286:10:tTwoPole_setSampleRate	24	static
/Users/jeffsnyder/dev/LEAF/leaf/Src/leaf-filters.c:305:9:tOneZero_init	24	static
/Users/jeffsnyder/dev/LEAF/leaf/Src/leaf-filters.c:310:9:tOneZero_initToPool	24	static
/Users/jeffsnyder/dev/LEAF/leaf/Src/leaf-filters.c:324:9:tOneZero_free	0	static
/Users/jeffsnyder/dev/LEAF/leaf/Src/leaf-filters.c:330:10:tOneZero_tick	0	static
/Users/jeffsnyder/dev/LEAF/leaf/Src/leaf-filters.c:342:9:tOneZero_setZero	0	static
/Users/jeffsnyder/dev/LEAF/leaf/Src/leaf-filters.c:353:9:tOneZero_setB0	0	static
/Users/jeffsnyder/dev/LEAF/leaf/Src/leaf-filters.c:360:9:tOneZero_setB1	0	static
/Users/jeffsnyder/dev/LEAF/leaf/Src/leaf-filters.c:366:9:tOneZero_setCoefficients	0	static
/Users/jeffsnyder/dev/LEAF/leaf/Src/leaf-filters.c:373:9:tOneZero_setGain	0	static
/Users/jeffsnyder/dev/LEAF/leaf/Src/leaf-filters.c:379:10:tOneZero_getPhaseDelay	24	static
/Users/jeffsnyder/dev/LEAF/leaf/Src/leaf-filters.c:409:9:tOneZero_setSampleRate	0	static
/Users/jeffsnyder/dev/LEAF/leaf/Src/leaf-filters.c:416:9:tTwoZero_init	16	static
/Users/jeffsnyder/dev/LEAF/leaf/Src/leaf-filters.c:421:9:tTwoZero_initToPool	16	static
/Users/jeffsnyder/dev/LEAF/leaf/Src/leaf-filters.c:434:9:tTwoZero_free	0	static
/Users/jeffsnyder/dev/LEAF/leaf/Src/leaf-filters.c:440:10:tTwoZero_tick	0	static
/Users/jeffsnyder/dev/LEAF/leaf/Src/leaf-filters.c:453:9:tTwoZero_setNotch	16	static
/Users/jeffsnyder/dev/LEAF/leaf/Src/leaf-filters.c:477:9:tTwoZero_setB0	0	static
/Users/jeffsnyder/dev/LEAF/leaf/Src/leaf-filters.c:483:9:tTwoZero_setB1	0	static
/Users/jeffsnyder/dev/LEAF/leaf/Src/leaf-filters.c:489:9:tTwoZero_setCoefficients	0	static
/Users/jeffsnyder/dev/LEAF/leaf/Src/leaf-filters.c:497:9:tTwoZero_setGain	0	static
/Users/jeffsnyder/dev/LEAF/leaf/Src/leaf-filters.c:503:6:tTwoZero_setSampleRate	16	static
/Users/jeffsnyder/dev/LEAF/leaf/Src/leaf-filters.c:512:8:tPoleZero_init	16	static
/Users/jeffsnyder/dev/LEAF/leaf/Src/leaf-filters.c:517:9:tPoleZero_initToPool	16	static
/Users/jeffsnyder/dev/LEAF/leaf/Src/leaf-filters.c:531:9:tPoleZero_free	0	static
/Users/jeffsnyder/dev/LEAF/leaf/Src/leaf-filters.c:537:9:tPoleZero_setB0	0	static
/Users/jeffsnyder/dev/LEAF/leaf/Src/leaf-filters.c:543:9:tPoleZero_setB1	0	static
/Users/jeffsnyder/dev/LEAF/leaf/Src/leaf-filters.c:549:9:tPoleZero_setA1	0	static
/Users/jeffsnyder/dev/LEAF/leaf/Src/leaf-filters.c:561:9:tPoleZero_setCoefficients	0	static
/Users/jeffsnyder/dev/LEAF/leaf/Src/leaf-filters.c:575:9:tPoleZero_setAllpass	0	static
/Users/jeffsnyder/dev/LEAF/leaf/Src/leaf-filters.c:590:9:tPoleZero_setBlockZero	0	static
/Users/jeffsnyder/dev/LEAF/leaf/Src/leaf-filters.c:605:9:tPoleZero_setGain	0	static
/Users/jeffsnyder/dev/LEAF/leaf/Src/leaf-filters.c:611:10:tPoleZero_tick	0	static
/Users/jeffsnyder/dev/LEAF/leaf/Src/leaf-filters.c:625:9:tBiQuad_init	16	static
/Users/jeffsnyder/dev/LEAF/leaf/Src/leaf-filters.c:630:9:tBiQuad_initToPool	16	static
/Users/jeffsnyder/dev/LEAF/leaf/Src/leaf-filters.c:650:9:tBiQuad_free	0	static
/Users/jeffsnyder/dev/LEAF/leaf/Src/leaf-filters.c:656:10:tBiQuad_tick	0	static
/Users/jeffsnyder/dev/LEAF/leaf/Src/leaf-filters.c:673:9:tBiQuad_setResonance	32	static
/Users/jeffsnyder/dev/LEAF/leaf/Src/leaf-filters.c:698:9:tBiQuad_setNotch	16	static
/Users/jeffsnyder/dev/LEAF/leaf/Src/leaf-filters.c:713:6:tBiQuad_setEqualGainZeros	0	static
/Users/jeffsnyder/dev/LEAF/leaf/Src/leaf-filters.c:721:9:tBiQuad_setB0	0	static
/Users/jeffsnyder/dev/LEAF/leaf/Src/leaf-filters.c:727:9:tBiQuad_setB1	0	static
/Users/jeffsnyder/dev/LEAF/leaf/Src/leaf-filters.c:733:9:tBiQuad_setB2	0	static
/Users/jeffsnyder/dev/LEAF/leaf/Src/leaf-filters.c:739:9:tBiQuad_setA1	0	static
/Users/jeffsnyder/dev/LEAF/leaf/Src/leaf-filters.c:745:9:tBiQuad_setA2	0	static
/Users/jeffsnyder/dev/LEAF/leaf/Src/leaf-filters.c:751:9:tBiQuad_setCoefficients	0	static
/Users/jeffsnyder/dev/LEAF/leaf/Src/leaf-filters.c:761:9:tBiQuad_setGain	0	static
/Users/jeffsnyder/dev/LEAF/leaf/Src/leaf-filters.c:767:9:tBiQuad_setSampleRate	16	static
/Users/jeffsnyder/dev/LEAF/leaf/Src/leaf-filters.c:787:6:tSVF_init	32	static
/Users/jeffsnyder/dev/LEAF/leaf/Src/leaf-filters.c:796:9:tSVF_initToPool	32	static
/Users/jeffsnyder/dev/LEAF/leaf/Src/leaf-filters.c:872:9:tSVF_free	0	static
/Users/jeffsnyder/dev/LEAF/leaf/Src/leaf-filters.c:878:10:tSVF_tick	0	static
/Users/jeffsnyder/dev/LEAF/leaf/Src/leaf-filters.c:897:10:tSVF_setFreq	8	static
/Users/jeffsnyder/dev/LEAF/leaf/Src/leaf-filters.c:908:9:tSVF_setFreqFast	0	static
/Users/jeffsnyder/dev/LEAF/leaf/Src/leaf-filters.c:930:10:tSVF_setQ	0	static
/Users/jeffsnyder/dev/LEAF/leaf/Src/leaf-filters.c:941:9:tSVF_setFreqAndQ	16	static
/Users/jeffsnyder/dev/LEAF/leaf/Src/leaf-filters.c:953:9:tSVF_setSampleRate	0	static
/Users/jeffsnyder/dev/LEAF/leaf/Src/leaf-filters.c:962:8:tEfficientSVF_init	32	static
/Users/jeffsnyder/dev/LEAF/leaf/Src/leaf-filters.c:967:9:tEfficientSVF_initToPool	32	static
/Users/jeffsnyder/dev/LEAF/leaf/Src/leaf-filters.c:994:9:tEfficientSVF_free	0	static
/Users/jeffsnyder/dev/LEAF/leaf/Src/leaf-filters.c:1000:10:tEfficientSVF_tick	0	static
/Users/jeffsnyder/dev/LEAF/leaf/Src/leaf-filters.c:1020:10:tEfficientSVF_setFreq	0	static
/Users/jeffsnyder/dev/LEAF/leaf/Src/leaf-filters.c:1039:10:tEfficientSVF_setQ	0	static
/Users/jeffsnyder/dev/LEAF/leaf/Src/leaf-filters.c:1049:9:tEfficientSVF_setFreqAndQ	0	static
/Users/jeffsnyder/dev/LEAF/leaf/Src/leaf-filters.c:1060:9:tEfficientSVF_setSampleRate	0	static
/Users/jeffsnyder/dev/LEAF/leaf/Src/leaf-filters.c:1076:6:tHighpass_init	24	static
/Users/jeffsnyder/dev/LEAF/leaf/Src/leaf-filters.c:1081:6:tHighpass_initToPool	24	static
/Users/jeffsnyder/dev/LEAF/leaf/Src/leaf-filters.c:1096:6:tHighpass_free	0	static
/Users/jeffsnyder/dev/LEAF/leaf/Src/leaf-filters.c:1102:6:tHighpass_setFreq	0	static
/Users/jeffsnyder/dev/LEAF/leaf/Src/leaf-filters.c:1110:8:tHighpass_getFreq	0	static
/Users/jeffsnyder/dev/LEAF/leaf/Src/leaf-filters.c:1117:8:tHighpass_tick	0	static
/Users/jeffsnyder/dev/LEAF/leaf/Src/leaf-filters.c:1125:6:tHighpass_setSampleRate	0	static
/Users/jeffsnyder/dev/LEAF/leaf/Src/leaf-filters.c:1137:9:tButterworth_initToPool	64	static
/Users/jeffsnyder/dev/LEAF/leaf/Src/leaf-filters.c:1132:6:tButterworth_init	0	static
/Users/jeffsnyder/dev/LEAF/leaf/Src/leaf-filters.c:1163:9:tButterworth_free	16	static
/Users/jeffsnyder/dev/LEAF/leaf/Src/leaf-filters.c:1173:8:tButterworth_tick	0	static
/Users/jeffsnyder/dev/LEAF/leaf/Src/leaf-filters.c:1183:6:tButterworth_setF1	32	static
/Users/jeffsnyder/dev/LEAF/leaf/Src/leaf-filters.c:1193:6:tButterworth_setF2	40	static
/Users/jeffsnyder/dev/LEAF/leaf/Src/leaf-filters.c:1205:6:tButterworth_setFreqs	48	static
/Users/jeffsnyder/dev/LEAF/leaf/Src/leaf-filters.c:1211:9:tButterworth_setSampleRate	0	static
/Users/jeffsnyder/dev/LEAF/leaf/Src/leaf-filters.c:1219:9:tFIR_init	32	static
/Users/jeffsnyder/dev/LEAF/leaf/Src/leaf-filters.c:1224:9:tFIR_initToPool	32	static
/Users/jeffsnyder/dev/LEAF/leaf/Src/leaf-filters.c:1236:9:tFIR_free	8	static
/Users/jeffsnyder/dev/LEAF/leaf/Src/leaf-filters.c:1244:10:tFIR_tick	4	static
/Users/jeffsnyder/dev/LEAF/leaf/Src/leaf-filters.c:1266:9:tMedianFilter_initToPool	24	static
/Users/jeffsnyder/dev/LEAF/leaf/Src/leaf-filters.c:1261:9:tMedianFilter_init	0	static
/Users/jeffsnyder/dev/LEAF/leaf/Src/leaf-filters.c:1285:9:tMedianFilter_free	8	static
/Users/jeffsnyder/dev/LEAF/leaf/Src/leaf-filters.c:1294:10:tMedianFilter_tick	12	static
/Users/jeffsnyder/dev/LEAF/leaf/Src/leaf-filters.c:1376:9:tVZFilter_free	0	static
/Users/jeffsnyder/dev/LEAF/leaf/Src/leaf-filters.c:1382:10:tVZFilter_tick	32	static
/Users/jeffsnyder/dev/LEAF/leaf/Src/leaf-filters.c:1417:10:tVZFilter_tickEfficient	0	static
/Users/jeffsnyder/dev/LEAF/leaf/Src/leaf-filters.c:1439:8:tVZFilter_calcCoeffs	16	static
/Users/jeffsnyder/dev/LEAF/leaf/Src/leaf-filters.c:1340:9:tVZFilter_initToPool	48	static
/Users/jeffsnyder/dev/LEAF/leaf/Src/leaf-filters.c:1335:9:tVZFilter_init	0	static
/Users/jeffsnyder/dev/LEAF/leaf/Src/leaf-filters.c:1560:8:tVZFilter_calcCoeffsEfficientBP	32	static
/Users/jeffsnyder/dev/LEAF/leaf/Src/leaf-filters.c:1569:8:tVZFilter_setBandwidth	16	static
/Users/jeffsnyder/dev/LEAF/leaf/Src/leaf-filters.c:1576:8:tVZFilter_setFreq	16	static
/Users/jeffsnyder/dev/LEAF/leaf/Src/leaf-filters.c:1584:9:tVZFilter_setFreqFast	16	static
/Users/jeffsnyder/dev/LEAF/leaf/Src/leaf-filters.c:1718:8:tVZFilter_setFreqAndBandwidth	24	static
/Users/jeffsnyder/dev/LEAF/leaf/Src/leaf-filters.c:1727:8:tVZFilter_setFreqAndBandwidthEfficientBP	24	static
/Users/jeffsnyder/dev/LEAF/leaf/Src/leaf-filters.c:1736:8:tVZFilter_setGain	16	static
/Users/jeffsnyder/dev/LEAF/leaf/Src/leaf-filters.c:1745:8:tVZFilter_setResonance	16	static
/Users/jeffsnyder/dev/LEAF/leaf/Src/leaf-filters.c:1754:6:tVZFilter_setFrequencyAndResonance	24	static
/Users/jeffsnyder/dev/LEAF/leaf/Src/leaf-filters.c:1763:6:tVZFilter_setFrequencyAndResonanceAndGain	32	static
/Users/jeffsnyder/dev/LEAF/leaf/Src/leaf-filters.c:1774:6:tVZFilter_setFastFrequencyAndResonanceAndGain	32	static
/Users/jeffsnyder/dev/LEAF/leaf/Src/leaf-filters.c:1786:6:tVZFilter_setFrequencyAndBandwidthAndGain	24	static
/Users/jeffsnyder/dev/LEAF/leaf/Src/leaf-filters.c:1798:6:tVZFilter_setFrequencyAndResonanceAndMorph	24	static
/Users/jeffsnyder/dev/LEAF/leaf/Src/leaf-filters.c:1808:8:tVZFilter_setMorph	16	static
/Users/jeffsnyder/dev/LEAF/leaf/Src/leaf-filters.c:1815:8:tVZFilter_setMorphOnly	8	static
/Users/jeffsnyder/dev/LEAF/leaf/Src/leaf-filters.c:1822:6:tVZFilter_setType	16	static
/Users/jeffsnyder/dev/LEAF/leaf/Src/leaf-filters.c:1829:8:tVZFilter_BandwidthToR	8	static
/Users/jeffsnyder/dev/LEAF/leaf/Src/leaf-filters.c:1840:8:tVZFilter_BandwidthToREfficientBP	16	static
/Users/jeffsnyder/dev/LEAF/leaf/Src/leaf-filters.c:1851:9:tVZFilter_setSampleRate	0	static
/Users/jeffsnyder/dev/LEAF/leaf/Src/leaf-filters.c:1872:9:tVZFilterLS_initToPool	40	static
/Users/jeffsnyder/dev/LEAF/leaf/Src/leaf-filters.c:1867:9:tVZFilterLS_init	0	static
/Users/jeffsnyder/dev/LEAF/leaf/Src/leaf-filters.c:1905:9:tVZFilterLS_free	0	static
/Users/jeffsnyder/dev/LEAF/leaf/Src/leaf-filters.c:1911:9:tVZFilterLS_setSampleRate	0	static
/Users/jeffsnyder/dev/LEAF/leaf/Src/leaf-filters.c:1926:10:tVZFilterLS_tick	0	static
/Users/jeffsnyder/dev/LEAF/leaf/Src/leaf-filters.c:1948:9:tVZFilterLS_setFreqFast	0	static
/Users/jeffsnyder/dev/LEAF/leaf/Src/leaf-filters.c:1970:9:tVZFilterLS_setBandwidthSlow	8	static
/Users/jeffsnyder/dev/LEAF/leaf/Src/leaf-filters.c:1975:9:tVZFilterLS_setFreq	0	static
/Users/jeffsnyder/dev/LEAF/leaf/Src/leaf-filters.c:1984:9:tVZFilterLS_setGain	8	static
/Users/jeffsnyder/dev/LEAF/leaf/Src/leaf-filters.c:1994:9:tVZFilterLS_setResonance	0	static
/Users/jeffsnyder/dev/LEAF/leaf/Src/leaf-filters.c:2003:9:tVZFilterLS_setFreqFastAndResonanceAndGain	16	static
/Users/jeffsnyder/dev/LEAF/leaf/Src/leaf-filters.c:2025:9:tVZFilterHS_initToPool	40	static
/Users/jeffsnyder/dev/LEAF/leaf/Src/leaf-filters.c:2020:9:tVZFilterHS_init	0	static
/Users/jeffsnyder/dev/LEAF/leaf/Src/leaf-filters.c:2058:9:tVZFilterHS_free	0	static
/Users/jeffsnyder/dev/LEAF/leaf/Src/leaf-filters.c:2064:9:tVZFilterHS_setSampleRate	0	static
/Users/jeffsnyder/dev/LEAF/leaf/Src/leaf-filters.c:2079:10:tVZFilterHS_tick	0	static
/Users/jeffsnyder/dev/LEAF/leaf/Src/leaf-filters.c:2101:9:tVZFilterHS_setFreqFast	0	static
/Users/jeffsnyder/dev/LEAF/leaf/Src/leaf-filters.c:2124:9:tVZFilterHS_setBandwidthSlow	8	static
/Users/jeffsnyder/dev/LEAF/leaf/Src/leaf-filters.c:2129:9:tVZFilterHS_setFreq	8	static
/Users/jeffsnyder/dev/LEAF/leaf/Src/leaf-filters.c:2139:9:tVZFilterHS_setGain	8	static
/Users/jeffsnyder/dev/LEAF/leaf/Src/leaf-filters.c:2149:9:tVZFilterHS_setResonance	0	static
/Users/jeffsnyder/dev/LEAF/leaf/Src/leaf-filters.c:2159:9:tVZFilterHS_setFreqFastAndResonanceAndGain	16	static
/Users/jeffsnyder/dev/LEAF/leaf/Src/leaf-filters.c:2180:9:tVZFilterBell_initToPool	40	static
/Users/jeffsnyder/dev/LEAF/leaf/Src/leaf-filters.c:2175:9:tVZFilterBell_init	0	static
/Users/jeffsnyder/dev/LEAF/leaf/Src/leaf-filters.c:2217:9:tVZFilterBell_free	0	static
/Users/jeffsnyder/dev/LEAF/leaf/Src/leaf-filters.c:2223:9:tVZFilterBell_setSampleRate	0	static
/Users/jeffsnyder/dev/LEAF/leaf/Src/leaf-filters.c:2238:10:tVZFilterBell_tick	0	static
/Users/jeffsnyder/dev/LEAF/leaf/Src/leaf-filters.c:2262:9:tVZFilterBell_setBandwidth	16	static
/Users/jeffsnyder/dev/LEAF/leaf/Src/leaf-filters.c:2274:9:tVZFilterBell_setFreq	16	static
/Users/jeffsnyder/dev/LEAF/leaf/Src/leaf-filters.c:2291:9:tVZFilterBell_setFreqFast	16	static
/Users/jeffsnyder/dev/LEAF/leaf/Src/leaf-filters.c:2329:9:tVZFilterBell_setGain	16	static
/Users/jeffsnyder/dev/LEAF/leaf/Src/leaf-filters.c:2338:9:tVZFilterBell_setFrequencyAndGain	24	static
/Users/jeffsnyder/dev/LEAF/leaf/Src/leaf-filters.c:2355:9:tVZFilterBell_setFrequencyAndBandwidthAndGain	24	static
/Users/jeffsnyder/dev/LEAF/leaf/Src/leaf-filters.c:2376:9:tDiodeFilter_init	24	static
/Users/jeffsnyder/dev/LEAF/leaf/Src/leaf-filters.c:2381:9:tDiodeFilter_initToPool	24	static
/Users/jeffsnyder/dev/LEAF/leaf/Src/leaf-filters.c:2416:9:tDiodeFilter_free	0	static
/Users/jeffsnyder/dev/LEAF/leaf/Src/leaf-filters.c:2422:8:tanhXdX	0	static
/Users/jeffsnyder/dev/LEAF/leaf/Src/leaf-filters.c:2441:10:tDiodeFilter_tick	16	static
/Users/jeffsnyder/dev/LEAF/leaf/Src/leaf-filters.c:2529:10:tDiodeFilter_tickEfficient	16	static
/Users/jeffsnyder/dev/LEAF/leaf/Src/leaf-filters.c:2619:9:tDiodeFilter_setFreq	8	static
/Users/jeffsnyder/dev/LEAF/leaf/Src/leaf-filters.c:2627:9:tDiodeFilter_setFreqFast	0	static
/Users/jeffsnyder/dev/LEAF/leaf/Src/leaf-filters.c:2646:9:tDiodeFilter_setQ	8	static
/Users/jeffsnyder/dev/LEAF/leaf/Src/leaf-filters.c:2652:9:tDiodeFilter_setSampleRate	0	static
/Users/jeffsnyder/dev/LEAF/leaf/Src/leaf-filters.c:2668:9:tLadderFilter_init	24	static
/Users/jeffsnyder/dev/LEAF/leaf/Src/leaf-filters.c:2673:9:tLadderFilter_initToPool	24	static
/Users/jeffsnyder/dev/LEAF/leaf/Src/leaf-filters.c:2712:9:tLadderFilter_free	0	static
/Users/jeffsnyder/dev/LEAF/leaf/Src/leaf-filters.c:2718:8:smoothABS	0	static
/Users/jeffsnyder/dev/LEAF/leaf/Src/leaf-filters.c:2732:8:smoothclip	0	static
/Users/jeffsnyder/dev/LEAF/leaf/Src/leaf-filters.c:2742:8:tanhd	0	static
/Users/jeffsnyder/dev/LEAF/leaf/Src/leaf-filters.c:2747:10:tLadderFilter_tick	64	static
/Users/jeffsnyder/dev/LEAF/leaf/Src/leaf-filters.c:2806:9:tLadderFilter_setFreq	8	static
/Users/jeffsnyder/dev/LEAF/leaf/Src/leaf-filters.c:2815:9:tLadderFilter_setFreqFast	0	static
/Users/jeffsnyder/dev/LEAF/leaf/Src/leaf-filters.c:2835:9:tLadderFilter_setQ	8	static
/Users/jeffsnyder/dev/LEAF/leaf/Src/leaf-filters.c:2841:9:tLadderFilter_setSampleRate	0	static
