/Users/jeffsnyder/dev/LEAF/leaf/Src/leaf-dynamics.c:49:6:tCompressor_initToPool	24	static
/Users/jeffsnyder/dev/LEAF/leaf/Src/leaf-dynamics.c:44:6:tCompressor_init	8	static
/Users/jeffsnyder/dev/LEAF/leaf/Src/leaf-dynamics.c:75:6:tCompressor_free	8	static
/Users/jeffsnyder/dev/LEAF/leaf/Src/leaf-dynamics.c:82:8:tCompressor_tick	16	static
/Users/jeffsnyder/dev/LEAF/leaf/Src/leaf-dynamics.c:137:8:tCompressor_tickWithTable	16	static
/Users/jeffsnyder/dev/LEAF/leaf/Src/leaf-dynamics.c:185:8:tCompressor_tickWithTableHardKnee	16	static
/Users/jeffsnyder/dev/LEAF/leaf/Src/leaf-dynamics.c:226:8:tCompressor_setTables	0	static
/Users/jeffsnyder/dev/LEAF/leaf/Src/leaf-dynamics.c:253:6:tCompressor_setParams	24	static
/Users/jeffsnyder/dev/LEAF/leaf/Src/leaf-dynamics.c:273:6:tFeedbackLeveler_initToPool	40	static
/Users/jeffsnyder/dev/LEAF/leaf/Src/leaf-dynamics.c:268:6:tFeedbackLeveler_init	8	static
/Users/jeffsnyder/dev/LEAF/leaf/Src/leaf-dynamics.c:286:6:tFeedbackLeveler_free	8	static
/Users/jeffsnyder/dev/LEAF/leaf/Src/leaf-dynamics.c:294:10:tFeedbackLeveler_setStrength	0	static
/Users/jeffsnyder/dev/LEAF/leaf/Src/leaf-dynamics.c:301:10:tFeedbackLeveler_setFactor	8	static
/Users/jeffsnyder/dev/LEAF/leaf/Src/leaf-dynamics.c:307:10:tFeedbackLeveler_setMode	0	static
/Users/jeffsnyder/dev/LEAF/leaf/Src/leaf-dynamics.c:313:10:tFeedbackLeveler_tick	16	static
/Users/jeffsnyder/dev/LEAF/leaf/Src/leaf-dynamics.c:322:10:tFeedbackLeveler_sample	0	static
/Users/jeffsnyder/dev/LEAF/leaf/Src/leaf-dynamics.c:329:10:tFeedbackLeveler_setTargetLevel	0	static
/Users/jeffsnyder/dev/LEAF/leaf/Src/leaf-dynamics.c:342:6:tThreshold_initToPool	24	static
/Users/jeffsnyder/dev/LEAF/leaf/Src/leaf-dynamics.c:337:6:tThreshold_init	8	static
/Users/jeffsnyder/dev/LEAF/leaf/Src/leaf-dynamics.c:354:6:tThreshold_free	8	static
/Users/jeffsnyder/dev/LEAF/leaf/Src/leaf-dynamics.c:361:5:tThreshold_tick	0	static
/Users/jeffsnyder/dev/LEAF/leaf/Src/leaf-dynamics.c:377:6:tThreshold_setLow	0	static
/Users/jeffsnyder/dev/LEAF/leaf/Src/leaf-dynamics.c:384:6:tThreshold_setHigh	0	static
