/Users/jeffsnyder/dev/LEAF/leaf/Src/leaf-math.c:953:75:place_step_dd	24	static
/Users/jeffsnyder/dev/LEAF/leaf/Src/leaf-math.c:977:75:place_slope_dd	32	static
/Users/jeffsnyder/dev/LEAF/leaf/Src/leaf-math.c:27:8:log2f_approx	16	static
/Users/jeffsnyder/dev/LEAF/leaf/Src/leaf-math.c:43:8:log2f_approx2	0	static
/Users/jeffsnyder/dev/LEAF/leaf/Src/leaf-math.c:48:8:interpolate3max	0	static
/Users/jeffsnyder/dev/LEAF/leaf/Src/leaf-math.c:60:8:interpolate3phase	0	static
/Users/jeffsnyder/dev/LEAF/leaf/Src/leaf-math.c:74:8:fastcosf	0	static
/Users/jeffsnyder/dev/LEAF/leaf/Src/leaf-math.c:91:8:fastercosf	0	static
/Users/jeffsnyder/dev/LEAF/leaf/Src/leaf-math.c:102:8:fasttanf	0	static
/Users/jeffsnyder/dev/LEAF/leaf/Src/leaf-math.c:122:8:fastertanf	0	static
/Users/jeffsnyder/dev/LEAF/leaf/Src/leaf-math.c:135:8:fastsqrtf	0	static
/Users/jeffsnyder/dev/LEAF/leaf/Src/leaf-math.c:146:5:fastabs_int	0	static
/Users/jeffsnyder/dev/LEAF/leaf/Src/leaf-math.c:157:8:fastabsf	0	static
/Users/jeffsnyder/dev/LEAF/leaf/Src/leaf-math.c:170:8:fastexp	0	static
/Users/jeffsnyder/dev/LEAF/leaf/Src/leaf-math.c:178:15:fastexpf	0	static
/Users/jeffsnyder/dev/LEAF/leaf/Src/leaf-math.c:186:8:fasterexp	0	static
/Users/jeffsnyder/dev/LEAF/leaf/Src/leaf-math.c:193:15:fasterexpf	0	static
/Users/jeffsnyder/dev/LEAF/leaf/Src/leaf-math.c:200:8:fast_sinf2	0	static
/Users/jeffsnyder/dev/LEAF/leaf/Src/leaf-math.c:223:8:fastexp2f	0	static
/Users/jeffsnyder/dev/LEAF/leaf/Src/leaf-math.c:253:8:fastPowf	0	static
/Users/jeffsnyder/dev/LEAF/leaf/Src/leaf-math.c:265:8:fastPow	8	static
/Users/jeffsnyder/dev/LEAF/leaf/Src/leaf-math.c:288:6:LEAF_crossfade	0	static
/Users/jeffsnyder/dev/LEAF/leaf/Src/leaf-math.c:294:8:LEAF_chebyshevT	160	static
/Users/jeffsnyder/dev/LEAF/leaf/Src/leaf-math.c:301:8:LEAF_CompoundChebyshevT	8	dynamic
/Users/jeffsnyder/dev/LEAF/leaf/Src/leaf-math.c:317:8:LEAF_frequencyToMidi	8	static
/Users/jeffsnyder/dev/LEAF/leaf/Src/leaf-math.c:323:8:LEAF_shaper	0	static
/Users/jeffsnyder/dev/LEAF/leaf/Src/leaf-math.c:339:8:LEAF_round	0	static
/Users/jeffsnyder/dev/LEAF/leaf/Src/leaf-math.c:352:8:LEAF_bitwise_xor	0	static
/Users/jeffsnyder/dev/LEAF/leaf/Src/leaf-math.c:361:8:LEAF_reedTable	0	static
/Users/jeffsnyder/dev/LEAF/leaf/Src/leaf-math.c:369:10:LEAF_softClip	0	static
/Users/jeffsnyder/dev/LEAF/leaf/Src/leaf-math.c:390:77:LEAF_clip	0	static
/Users/jeffsnyder/dev/LEAF/leaf/Src/leaf-math.c:410:7:LEAF_clipInt	0	static
/Users/jeffsnyder/dev/LEAF/leaf/Src/leaf-math.c:428:9:LEAF_isPrime	24	static
/Users/jeffsnyder/dev/LEAF/leaf/Src/leaf-math.c:440:8:LEAF_tanh	0	static
/Users/jeffsnyder/dev/LEAF/leaf/Src/leaf-math.c:452:8:LEAF_tanhNoClip	0	static
/Users/jeffsnyder/dev/LEAF/leaf/Src/leaf-math.c:458:8:fast_tanh	0	static
/Users/jeffsnyder/dev/LEAF/leaf/Src/leaf-math.c:465:8:fast_tanh2	0	static
/Users/jeffsnyder/dev/LEAF/leaf/Src/leaf-math.c:470:8:fast_tanh3	0	static
/Users/jeffsnyder/dev/LEAF/leaf/Src/leaf-math.c:477:10:fast_tanh4	0	static
/Users/jeffsnyder/dev/LEAF/leaf/Src/leaf-math.c:491:6:LEAF_generate_sine	24	static
/Users/jeffsnyder/dev/LEAF/leaf/Src/leaf-math.c:501:6:LEAF_generate_sawtooth	64	static
/Users/jeffsnyder/dev/LEAF/leaf/Src/leaf-math.c:523:6:LEAF_generate_triangle	72	static
/Users/jeffsnyder/dev/LEAF/leaf/Src/leaf-math.c:552:6:LEAF_generate_square	64	static
/Users/jeffsnyder/dev/LEAF/leaf/Src/leaf-math.c:576:6:LEAF_generate_exp	32	static
/Users/jeffsnyder/dev/LEAF/leaf/Src/leaf-math.c:590:6:LEAF_generate_table_skew_non_sym_double	56	static
/Users/jeffsnyder/dev/LEAF/leaf/Src/leaf-math.c:605:6:LEAF_generate_table_skew_non_sym	40	static
/Users/jeffsnyder/dev/LEAF/leaf/Src/leaf-math.c:620:6:LEAF_generate_atodb	32	static
/Users/jeffsnyder/dev/LEAF/leaf/Src/leaf-math.c:631:6:LEAF_generate_dbtoa	32	static
/Users/jeffsnyder/dev/LEAF/leaf/Src/leaf-math.c:643:6:LEAF_generate_atodbPositiveClipped	40	static
/Users/jeffsnyder/dev/LEAF/leaf/Src/leaf-math.c:658:6:LEAF_generate_mtof	56	static
/Users/jeffsnyder/dev/LEAF/leaf/Src/leaf-math.c:671:6:LEAF_generate_ftom	40	static
/Users/jeffsnyder/dev/LEAF/leaf/Src/leaf-math.c:688:8:LEAF_poly_blep	0	static
/Users/jeffsnyder/dev/LEAF/leaf/Src/leaf-math.c:740:8:LEAF_poly_blamp	0	static
/Users/jeffsnyder/dev/LEAF/leaf/Src/leaf-math.c:767:8:LEAF_midiToFrequency	8	static
/Users/jeffsnyder/dev/LEAF/leaf/Src/leaf-math.c:776:8:LEAF_interpolate_hermite	0	static
/Users/jeffsnyder/dev/LEAF/leaf/Src/leaf-math.c:792:8:LEAF_interpolate_hermite_x	0	static
/Users/jeffsnyder/dev/LEAF/leaf/Src/leaf-math.c:805:8:LEAF_interpolation_linear	0	static
/Users/jeffsnyder/dev/LEAF/leaf/Src/leaf-math.c:821:8:mtof	8	static
/Users/jeffsnyder/dev/LEAF/leaf/Src/leaf-math.c:828:8:fast_mtof	0	static
/Users/jeffsnyder/dev/LEAF/leaf/Src/leaf-math.c:833:8:faster_mtof	0	static
/Users/jeffsnyder/dev/LEAF/leaf/Src/leaf-math.c:838:8:ftom	8	static
/Users/jeffsnyder/dev/LEAF/leaf/Src/leaf-math.c:843:8:powtodb	16	static
/Users/jeffsnyder/dev/LEAF/leaf/Src/leaf-math.c:853:8:rmstodb	16	static
/Users/jeffsnyder/dev/LEAF/leaf/Src/leaf-math.c:863:8:dbtopow	0	static
/Users/jeffsnyder/dev/LEAF/leaf/Src/leaf-math.c:875:8:dbtorms	0	static
/Users/jeffsnyder/dev/LEAF/leaf/Src/leaf-math.c:888:8:atodb	8	static
/Users/jeffsnyder/dev/LEAF/leaf/Src/leaf-math.c:892:8:fasteratodb	16	static
/Users/jeffsnyder/dev/LEAF/leaf/Src/leaf-math.c:897:8:dbtoa	0	static
/Users/jeffsnyder/dev/LEAF/leaf/Src/leaf-math.c:903:8:fastdbtoa	0	static
/Users/jeffsnyder/dev/LEAF/leaf/Src/leaf-math.c:909:8:fasterdbtoa	0	static
/Users/jeffsnyder/dev/LEAF/leaf/Src/leaf-math.c:916:8:maximum	0	static
/Users/jeffsnyder/dev/LEAF/leaf/Src/leaf-math.c:921:8:minimum	0	static
/Users/jeffsnyder/dev/LEAF/leaf/Src/leaf-math.c:930:5:popcount	0	static
/Users/jeffsnyder/dev/LEAF/leaf/Src/leaf-math.c:944:8:median3f	0	static
