/Users/jeffsnyder/dev/LEAF/leaf/Src/leaf-envelopes.c:1371:77:tExpSmooth_tick	0	static
/Users/jeffsnyder/dev/LEAF/leaf/Src/leaf-envelopes.c:1349:75:tExpSmooth_setDest	0	static
/Users/jeffsnyder/dev/LEAF/leaf/Src/leaf-envelopes.c:28:9:tEnvelope_init	32	static
/Users/jeffsnyder/dev/LEAF/leaf/Src/leaf-envelopes.c:33:9:tEnvelope_initToPool	32	static
/Users/jeffsnyder/dev/LEAF/leaf/Src/leaf-envelopes.c:75:9:tEnvelope_free	0	static
/Users/jeffsnyder/dev/LEAF/leaf/Src/leaf-envelopes.c:81:10:tEnvelope_setAttack	0	static
/Users/jeffsnyder/dev/LEAF/leaf/Src/leaf-envelopes.c:98:10:tEnvelope_setDecay	0	static
/Users/jeffsnyder/dev/LEAF/leaf/Src/leaf-envelopes.c:115:10:tEnvelope_loop	0	static
/Users/jeffsnyder/dev/LEAF/leaf/Src/leaf-envelopes.c:121:10:tEnvelope_on	0	static
/Users/jeffsnyder/dev/LEAF/leaf/Src/leaf-envelopes.c:143:10:tEnvelope_tick	0	static
/Users/jeffsnyder/dev/LEAF/leaf/Src/leaf-envelopes.c:218:9:tADSR_init	32	static
/Users/jeffsnyder/dev/LEAF/leaf/Src/leaf-envelopes.c:223:9:tADSR_initToPool	32	static
/Users/jeffsnyder/dev/LEAF/leaf/Src/leaf-envelopes.c:290:9:tADSR_free	0	static
/Users/jeffsnyder/dev/LEAF/leaf/Src/leaf-envelopes.c:296:10:tADSR_setAttack	0	static
/Users/jeffsnyder/dev/LEAF/leaf/Src/leaf-envelopes.c:315:10:tADSR_setDecay	0	static
/Users/jeffsnyder/dev/LEAF/leaf/Src/leaf-envelopes.c:334:10:tADSR_setSustain	0	static
/Users/jeffsnyder/dev/LEAF/leaf/Src/leaf-envelopes.c:343:10:tADSR_setRelease	0	static
/Users/jeffsnyder/dev/LEAF/leaf/Src/leaf-envelopes.c:363:10:tADSR_setLeakFactor	8	static
/Users/jeffsnyder/dev/LEAF/leaf/Src/leaf-envelopes.c:370:6:tADSR_on	0	static
/Users/jeffsnyder/dev/LEAF/leaf/Src/leaf-envelopes.c:394:6:tADSR_off	0	static
/Users/jeffsnyder/dev/LEAF/leaf/Src/leaf-envelopes.c:408:10:tADSR_tick	0	static
/Users/jeffsnyder/dev/LEAF/leaf/Src/leaf-envelopes.c:496:6:tADSR_setSampleRate	8	static
/Users/jeffsnyder/dev/LEAF/leaf/Src/leaf-envelopes.c:515:8:calcADSR3Coef	16	static
/Users/jeffsnyder/dev/LEAF/leaf/Src/leaf-envelopes.c:525:9:tADSRS_initToPool	40	static
/Users/jeffsnyder/dev/LEAF/leaf/Src/leaf-envelopes.c:520:9:tADSRS_init	0	static
/Users/jeffsnyder/dev/LEAF/leaf/Src/leaf-envelopes.c:568:9:tADSRS_free	0	static
/Users/jeffsnyder/dev/LEAF/leaf/Src/leaf-envelopes.c:574:10:tADSRS_setAttack	24	static
/Users/jeffsnyder/dev/LEAF/leaf/Src/leaf-envelopes.c:584:10:tADSRS_setDecay	24	static
/Users/jeffsnyder/dev/LEAF/leaf/Src/leaf-envelopes.c:594:10:tADSRS_setSustain	0	static
/Users/jeffsnyder/dev/LEAF/leaf/Src/leaf-envelopes.c:602:10:tADSRS_setRelease	24	static
/Users/jeffsnyder/dev/LEAF/leaf/Src/leaf-envelopes.c:613:10:tADSRS_setLeakFactor	8	static
/Users/jeffsnyder/dev/LEAF/leaf/Src/leaf-envelopes.c:620:6:tADSRS_on	0	static
/Users/jeffsnyder/dev/LEAF/leaf/Src/leaf-envelopes.c:627:6:tADSRS_off	0	static
/Users/jeffsnyder/dev/LEAF/leaf/Src/leaf-envelopes.c:637:10:tADSRS_tick	0	static
/Users/jeffsnyder/dev/LEAF/leaf/Src/leaf-envelopes.c:675:6:tADSRS_setSampleRate	32	static
/Users/jeffsnyder/dev/LEAF/leaf/Src/leaf-envelopes.c:693:9:tADSRT_init	40	static
/Users/jeffsnyder/dev/LEAF/leaf/Src/leaf-envelopes.c:700:9:tADSRT_initToPool	40	static
/Users/jeffsnyder/dev/LEAF/leaf/Src/leaf-envelopes.c:748:9:tADSRT_free	0	static
/Users/jeffsnyder/dev/LEAF/leaf/Src/leaf-envelopes.c:754:10:tADSRT_setAttack	0	static
/Users/jeffsnyder/dev/LEAF/leaf/Src/leaf-envelopes.c:766:10:tADSRT_setDecay	0	static
/Users/jeffsnyder/dev/LEAF/leaf/Src/leaf-envelopes.c:778:10:tADSRT_setSustain	0	static
/Users/jeffsnyder/dev/LEAF/leaf/Src/leaf-envelopes.c:787:10:tADSRT_setRelease	0	static
/Users/jeffsnyder/dev/LEAF/leaf/Src/leaf-envelopes.c:800:10:tADSRT_setLeakFactor	8	static
/Users/jeffsnyder/dev/LEAF/leaf/Src/leaf-envelopes.c:807:6:tADSRT_on	0	static
/Users/jeffsnyder/dev/LEAF/leaf/Src/leaf-envelopes.c:828:6:tADSRT_off	0	static
/Users/jeffsnyder/dev/LEAF/leaf/Src/leaf-envelopes.c:843:10:tADSRT_tick	16	static
/Users/jeffsnyder/dev/LEAF/leaf/Src/leaf-envelopes.c:969:10:tADSRT_tickNoInterp	0	static
/Users/jeffsnyder/dev/LEAF/leaf/Src/leaf-envelopes.c:1049:9:tADSRT_setSampleRate	8	static
/Users/jeffsnyder/dev/LEAF/leaf/Src/leaf-envelopes.c:1065:9:tRamp_init	24	static
/Users/jeffsnyder/dev/LEAF/leaf/Src/leaf-envelopes.c:1070:9:tRamp_initToPool	24	static
/Users/jeffsnyder/dev/LEAF/leaf/Src/leaf-envelopes.c:1097:9:tRamp_free	0	static
/Users/jeffsnyder/dev/LEAF/leaf/Src/leaf-envelopes.c:1103:10:tRamp_setTime	0	static
/Users/jeffsnyder/dev/LEAF/leaf/Src/leaf-envelopes.c:1120:10:tRamp_setDest	0	static
/Users/jeffsnyder/dev/LEAF/leaf/Src/leaf-envelopes.c:1127:10:tRamp_setVal	0	static
/Users/jeffsnyder/dev/LEAF/leaf/Src/leaf-envelopes.c:1134:10:tRamp_tick	0	static
/Users/jeffsnyder/dev/LEAF/leaf/Src/leaf-envelopes.c:1149:10:tRamp_sample	0	static
/Users/jeffsnyder/dev/LEAF/leaf/Src/leaf-envelopes.c:1155:9:tRamp_setSampleRate	0	static
/Users/jeffsnyder/dev/LEAF/leaf/Src/leaf-envelopes.c:1168:9:tRampUpDown_init	24	static
/Users/jeffsnyder/dev/LEAF/leaf/Src/leaf-envelopes.c:1173:9:tRampUpDown_initToPool	24	static
/Users/jeffsnyder/dev/LEAF/leaf/Src/leaf-envelopes.c:1210:9:tRampUpDown_free	0	static
/Users/jeffsnyder/dev/LEAF/leaf/Src/leaf-envelopes.c:1216:10:tRampUpDown_setUpTime	0	static
/Users/jeffsnyder/dev/LEAF/leaf/Src/leaf-envelopes.c:1232:10:tRampUpDown_setDownTime	0	static
/Users/jeffsnyder/dev/LEAF/leaf/Src/leaf-envelopes.c:1247:10:tRampUpDown_setDest	0	static
/Users/jeffsnyder/dev/LEAF/leaf/Src/leaf-envelopes.c:1255:10:tRampUpDown_setVal	0	static
/Users/jeffsnyder/dev/LEAF/leaf/Src/leaf-envelopes.c:1263:10:tRampUpDown_tick	0	static
/Users/jeffsnyder/dev/LEAF/leaf/Src/leaf-envelopes.c:1297:10:tRampUpDown_sample	0	static
/Users/jeffsnyder/dev/LEAF/leaf/Src/leaf-envelopes.c:1309:9:tExpSmooth_init	24	static
/Users/jeffsnyder/dev/LEAF/leaf/Src/leaf-envelopes.c:1314:9:tExpSmooth_initToPool	24	static
/Users/jeffsnyder/dev/LEAF/leaf/Src/leaf-envelopes.c:1330:9:tExpSmooth_free	0	static
/Users/jeffsnyder/dev/LEAF/leaf/Src/leaf-envelopes.c:1336:10:tExpSmooth_setFactor	16	static
/Users/jeffsnyder/dev/LEAF/leaf/Src/leaf-envelopes.c:1358:10:tExpSmooth_setVal	0	static
/Users/jeffsnyder/dev/LEAF/leaf/Src/leaf-envelopes.c:1364:10:tExpSmooth_setValAndDest	0	static
/Users/jeffsnyder/dev/LEAF/leaf/Src/leaf-envelopes.c:1381:10:tExpSmooth_sample	0	static
/Users/jeffsnyder/dev/LEAF/leaf/Src/leaf-envelopes.c:1387:9:tExpSmooth_setSampleRate	16	static
/Users/jeffsnyder/dev/LEAF/leaf/Src/leaf-envelopes.c:1398:9:tSlide_init	24	static
/Users/jeffsnyder/dev/LEAF/leaf/Src/leaf-envelopes.c:1403:9:tSlide_initToPool	24	static
/Users/jeffsnyder/dev/LEAF/leaf/Src/leaf-envelopes.c:1426:9:tSlide_free	0	static
/Users/jeffsnyder/dev/LEAF/leaf/Src/leaf-envelopes.c:1432:6:tSlide_setUpSlide	0	static
/Users/jeffsnyder/dev/LEAF/leaf/Src/leaf-envelopes.c:1438:6:tSlide_setDownSlide	0	static
/Users/jeffsnyder/dev/LEAF/leaf/Src/leaf-envelopes.c:1444:6:tSlide_setDest	0	static
/Users/jeffsnyder/dev/LEAF/leaf/Src/leaf-envelopes.c:1450:8:tSlide_tickNoInput	0	static
/Users/jeffsnyder/dev/LEAF/leaf/Src/leaf-envelopes.c:1472:8:tSlide_tick	0	static
