/Users/jeffsnyder/dev/LEAF/leaf/Src/leaf-vocal.c:43:6:glottis_setup_waveform	40	static
/Users/jeffsnyder/dev/LEAF/leaf/Src/leaf-vocal.c:121:6:glottis_init	24	static
/Users/jeffsnyder/dev/LEAF/leaf/Src/leaf-vocal.c:126:6:glottis_initToPool	24	static
/Users/jeffsnyder/dev/LEAF/leaf/Src/leaf-vocal.c:141:6:glottis_free	0	static
/Users/jeffsnyder/dev/LEAF/leaf/Src/leaf-vocal.c:148:8:glottis_compute	40	static
/Users/jeffsnyder/dev/LEAF/leaf/Src/leaf-vocal.c:309:6:tract_free	0	static
/Users/jeffsnyder/dev/LEAF/leaf/Src/leaf-vocal.c:316:6:tract_calculate_reflections	4	static
/Users/jeffsnyder/dev/LEAF/leaf/Src/leaf-vocal.c:194:6:tract_initToPool	48	static
/Users/jeffsnyder/dev/LEAF/leaf/Src/leaf-vocal.c:189:6:tract_init	0	static
/Users/jeffsnyder/dev/LEAF/leaf/Src/leaf-vocal.c:350:6:tract_reshape	8	static
/Users/jeffsnyder/dev/LEAF/leaf/Src/leaf-vocal.c:406:6:tract_addTurbulenceNoiseAtPosition	40	static
/Users/jeffsnyder/dev/LEAF/leaf/Src/leaf-vocal.c:396:6:tract_addTurbulenceNoise	24	static
/Users/jeffsnyder/dev/LEAF/leaf/Src/leaf-vocal.c:427:6:tract_compute	56	static
/Users/jeffsnyder/dev/LEAF/leaf/Src/leaf-vocal.c:500:6:tract_calculate_nose_reflections	4	static
/Users/jeffsnyder/dev/LEAF/leaf/Src/leaf-vocal.c:517:5:append_transient	0	static
/Users/jeffsnyder/dev/LEAF/leaf/Src/leaf-vocal.c:553:6:remove_transient	8	static
/Users/jeffsnyder/dev/LEAF/leaf/Src/leaf-vocal.c:580:8:move_towards	0	static
/Users/jeffsnyder/dev/LEAF/leaf/Src/leaf-vocal.c:596:9:tVoc_init	32	static
/Users/jeffsnyder/dev/LEAF/leaf/Src/leaf-vocal.c:601:9:tVoc_initToPool	32	static
/Users/jeffsnyder/dev/LEAF/leaf/Src/leaf-vocal.c:610:9:tVoc_free	8	static
/Users/jeffsnyder/dev/LEAF/leaf/Src/leaf-vocal.c:619:10:tVoc_tick	16	static
/Users/jeffsnyder/dev/LEAF/leaf/Src/leaf-vocal.c:665:9:tVoc_tractCompute	32	static
/Users/jeffsnyder/dev/LEAF/leaf/Src/leaf-vocal.c:690:9:tVoc_setSampleRate	0	static
/Users/jeffsnyder/dev/LEAF/leaf/Src/leaf-vocal.c:697:9:tVoc_setFreq	0	static
/Users/jeffsnyder/dev/LEAF/leaf/Src/leaf-vocal.c:703:10:tVoc_get_frequency_ptr	0	static
/Users/jeffsnyder/dev/LEAF/leaf/Src/leaf-vocal.c:709:9:tVoc_get_tract_diameters	0	static
/Users/jeffsnyder/dev/LEAF/leaf/Src/leaf-vocal.c:715:9:tVoc_get_tract_rest_diameters	0	static
/Users/jeffsnyder/dev/LEAF/leaf/Src/leaf-vocal.c:721:9:tVoc_get_current_tract_diameters	0	static
/Users/jeffsnyder/dev/LEAF/leaf/Src/leaf-vocal.c:727:5:tVoc_get_tract_size	0	static
/Users/jeffsnyder/dev/LEAF/leaf/Src/leaf-vocal.c:734:9:tVoc_get_nose_diameters	0	static
/Users/jeffsnyder/dev/LEAF/leaf/Src/leaf-vocal.c:740:5:tVoc_get_nose_size	0	static
/Users/jeffsnyder/dev/LEAF/leaf/Src/leaf-vocal.c:766:6:tVoc_set_tenseness	0	static
/Users/jeffsnyder/dev/LEAF/leaf/Src/leaf-vocal.c:771:10:tVoc_get_tenseness_ptr	0	static
/Users/jeffsnyder/dev/LEAF/leaf/Src/leaf-vocal.c:776:6:tVoc_set_velum	0	static
/Users/jeffsnyder/dev/LEAF/leaf/Src/leaf-vocal.c:781:10:tVoc_get_velum_ptr	0	static
/Users/jeffsnyder/dev/LEAF/leaf/Src/leaf-vocal.c:788:6:tVoc_set_tongue_and_touch_diameters	72	static
/Users/jeffsnyder/dev/LEAF/leaf/Src/leaf-vocal.c:746:6:tVoc_set_tongue_shape_and_touch	32	static
/Users/jeffsnyder/dev/LEAF/leaf/Src/leaf-vocal.c:848:5:tVoc_get_counter	0	static
