/Users/jeffsnyder/dev/LEAF/leaf/Src/leaf-dynamics.c:44:6:tCompressor_init	24	static
/Users/jeffsnyder/dev/LEAF/leaf/Src/leaf-dynamics.c:49:6:tCompressor_initToPool	24	static
/Users/jeffsnyder/dev/LEAF/leaf/Src/leaf-dynamics.c:75:6:tCompressor_free	0	static
/Users/jeffsnyder/dev/LEAF/leaf/Src/leaf-dynamics.c:82:7:tCompressor_tick	16	static
/Users/jeffsnyder/dev/LEAF/leaf/Src/leaf-dynamics.c:144:6:tCompressor_setParams	16	static
/Users/jeffsnyder/dev/LEAF/leaf/Src/leaf-dynamics.c:159:6:tFeedbackLeveler_init	40	static
/Users/jeffsnyder/dev/LEAF/leaf/Src/leaf-dynamics.c:164:6:tFeedbackLeveler_initToPool	40	static
/Users/jeffsnyder/dev/LEAF/leaf/Src/leaf-dynamics.c:177:6:tFeedbackLeveler_free	8	static
/Users/jeffsnyder/dev/LEAF/leaf/Src/leaf-dynamics.c:185:10:tFeedbackLeveler_setStrength	0	static
/Users/jeffsnyder/dev/LEAF/leaf/Src/leaf-dynamics.c:192:10:tFeedbackLeveler_setFactor	0	static
/Users/jeffsnyder/dev/LEAF/leaf/Src/leaf-dynamics.c:198:10:tFeedbackLeveler_setMode	0	static
/Users/jeffsnyder/dev/LEAF/leaf/Src/leaf-dynamics.c:204:9:tFeedbackLeveler_tick	16	static
/Users/jeffsnyder/dev/LEAF/leaf/Src/leaf-dynamics.c:213:9:tFeedbackLeveler_sample	0	static
/Users/jeffsnyder/dev/LEAF/leaf/Src/leaf-dynamics.c:220:10:tFeedbackLeveler_setTargetLevel	0	static
/Users/jeffsnyder/dev/LEAF/leaf/Src/leaf-dynamics.c:228:6:tThreshold_init	24	static
/Users/jeffsnyder/dev/LEAF/leaf/Src/leaf-dynamics.c:233:6:tThreshold_initToPool	24	static
/Users/jeffsnyder/dev/LEAF/leaf/Src/leaf-dynamics.c:245:6:tThreshold_free	0	static
/Users/jeffsnyder/dev/LEAF/leaf/Src/leaf-dynamics.c:252:5:tThreshold_tick	0	static
/Users/jeffsnyder/dev/LEAF/leaf/Src/leaf-dynamics.c:268:6:tThreshold_setLow	0	static
/Users/jeffsnyder/dev/LEAF/leaf/Src/leaf-dynamics.c:275:6:tThreshold_setHigh	0	static
