/Users/jeffsnyder/dev/LEAF/leaf/Src/leaf-filters.c:28:9:tAllpass_init	32	static
/Users/jeffsnyder/dev/LEAF/leaf/Src/leaf-filters.c:33:9:tAllpass_initToPool	32	static
/Users/jeffsnyder/dev/LEAF/leaf/Src/leaf-filters.c:46:9:tAllpass_free	8	static
/Users/jeffsnyder/dev/LEAF/leaf/Src/leaf-filters.c:54:9:tAllpass_setDelay	0	static
/Users/jeffsnyder/dev/LEAF/leaf/Src/leaf-filters.c:61:9:tAllpass_setGain	0	static
/Users/jeffsnyder/dev/LEAF/leaf/Src/leaf-filters.c:68:10:tAllpass_tick	16	static
/Users/jeffsnyder/dev/LEAF/leaf/Src/leaf-filters.c:82:9:tAllpassSO_init	16	static
/Users/jeffsnyder/dev/LEAF/leaf/Src/leaf-filters.c:87:9:tAllpassSO_initToPool	16	static
/Users/jeffsnyder/dev/LEAF/leaf/Src/leaf-filters.c:99:9:tAllpassSO_free	0	static
/Users/jeffsnyder/dev/LEAF/leaf/Src/leaf-filters.c:105:9:tAllpassSO_setCoeff	0	static
/Users/jeffsnyder/dev/LEAF/leaf/Src/leaf-filters.c:123:10:tAllpassSO_tick	0	static
/Users/jeffsnyder/dev/LEAF/leaf/Src/leaf-filters.c:175:9:tThiranAllpassSOCascade_initToPool	40	static
/Users/jeffsnyder/dev/LEAF/leaf/Src/leaf-filters.c:170:9:tThiranAllpassSOCascade_init	0	static
/Users/jeffsnyder/dev/LEAF/leaf/Src/leaf-filters.c:202:9:tThiranAllpassSOCascade_free	16	static
/Users/jeffsnyder/dev/LEAF/leaf/Src/leaf-filters.c:214:10:tThiranAllpassSOCascade_setCoeff	40	static
/Users/jeffsnyder/dev/LEAF/leaf/Src/leaf-filters.c:285:10:tThiranAllpassSOCascade_tick	0	static
/Users/jeffsnyder/dev/LEAF/leaf/Src/leaf-filters.c:296:8:tThiranAllpassSOCascade_clear	0	static
/Users/jeffsnyder/dev/LEAF/leaf/Src/leaf-filters.c:310:9:tOnePole_init	24	static
/Users/jeffsnyder/dev/LEAF/leaf/Src/leaf-filters.c:315:9:tOnePole_initToPool	24	static
/Users/jeffsnyder/dev/LEAF/leaf/Src/leaf-filters.c:333:9:tOnePole_free	0	static
/Users/jeffsnyder/dev/LEAF/leaf/Src/leaf-filters.c:340:9:tOnePole_setB0	0	static
/Users/jeffsnyder/dev/LEAF/leaf/Src/leaf-filters.c:346:9:tOnePole_setA1	0	static
/Users/jeffsnyder/dev/LEAF/leaf/Src/leaf-filters.c:353:9:tOnePole_setPole	0	static
/Users/jeffsnyder/dev/LEAF/leaf/Src/leaf-filters.c:366:13:tOnePole_setFreq	8	static
/Users/jeffsnyder/dev/LEAF/leaf/Src/leaf-filters.c:376:9:tOnePole_setCoefficients	0	static
/Users/jeffsnyder/dev/LEAF/leaf/Src/leaf-filters.c:384:9:tOnePole_setGain	0	static
/Users/jeffsnyder/dev/LEAF/leaf/Src/leaf-filters.c:390:10:tOnePole_tick	0	static
/Users/jeffsnyder/dev/LEAF/leaf/Src/leaf-filters.c:403:6:tOnePole_setSampleRate	8	static
/Users/jeffsnyder/dev/LEAF/leaf/Src/leaf-filters.c:414:9:tCookOnePole_init	16	static
/Users/jeffsnyder/dev/LEAF/leaf/Src/leaf-filters.c:419:9:tCookOnePole_initToPool	16	static
/Users/jeffsnyder/dev/LEAF/leaf/Src/leaf-filters.c:433:9:tCookOnePole_free	0	static
/Users/jeffsnyder/dev/LEAF/leaf/Src/leaf-filters.c:441:9:tCookOnePole_setPole	0	static
/Users/jeffsnyder/dev/LEAF/leaf/Src/leaf-filters.c:453:9:tCookOnePole_setGainAndPole	0	static
/Users/jeffsnyder/dev/LEAF/leaf/Src/leaf-filters.c:463:10:tCookOnePole_tick	0	static
/Users/jeffsnyder/dev/LEAF/leaf/Src/leaf-filters.c:471:6:tCookOnePole_setSampleRate	0	static
/Users/jeffsnyder/dev/LEAF/leaf/Src/leaf-filters.c:478:9:tTwoPole_init	16	static
/Users/jeffsnyder/dev/LEAF/leaf/Src/leaf-filters.c:483:9:tTwoPole_initToPool	16	static
/Users/jeffsnyder/dev/LEAF/leaf/Src/leaf-filters.c:501:9:tTwoPole_free	0	static
/Users/jeffsnyder/dev/LEAF/leaf/Src/leaf-filters.c:507:10:tTwoPole_tick	0	static
/Users/jeffsnyder/dev/LEAF/leaf/Src/leaf-filters.c:520:9:tTwoPole_setB0	0	static
/Users/jeffsnyder/dev/LEAF/leaf/Src/leaf-filters.c:526:9:tTwoPole_setA1	0	static
/Users/jeffsnyder/dev/LEAF/leaf/Src/leaf-filters.c:532:9:tTwoPole_setA2	0	static
/Users/jeffsnyder/dev/LEAF/leaf/Src/leaf-filters.c:538:9:tTwoPole_setResonance	32	static
/Users/jeffsnyder/dev/LEAF/leaf/Src/leaf-filters.c:566:9:tTwoPole_setCoefficients	0	static
/Users/jeffsnyder/dev/LEAF/leaf/Src/leaf-filters.c:574:9:tTwoPole_setGain	0	static
/Users/jeffsnyder/dev/LEAF/leaf/Src/leaf-filters.c:580:10:tTwoPole_setSampleRate	24	static
/Users/jeffsnyder/dev/LEAF/leaf/Src/leaf-filters.c:599:9:tOneZero_init	24	static
/Users/jeffsnyder/dev/LEAF/leaf/Src/leaf-filters.c:604:9:tOneZero_initToPool	24	static
/Users/jeffsnyder/dev/LEAF/leaf/Src/leaf-filters.c:618:9:tOneZero_free	0	static
/Users/jeffsnyder/dev/LEAF/leaf/Src/leaf-filters.c:624:10:tOneZero_tick	0	static
/Users/jeffsnyder/dev/LEAF/leaf/Src/leaf-filters.c:636:9:tOneZero_setZero	0	static
/Users/jeffsnyder/dev/LEAF/leaf/Src/leaf-filters.c:647:9:tOneZero_setB0	0	static
/Users/jeffsnyder/dev/LEAF/leaf/Src/leaf-filters.c:654:9:tOneZero_setB1	0	static
/Users/jeffsnyder/dev/LEAF/leaf/Src/leaf-filters.c:660:9:tOneZero_setCoefficients	0	static
/Users/jeffsnyder/dev/LEAF/leaf/Src/leaf-filters.c:667:9:tOneZero_setGain	0	static
/Users/jeffsnyder/dev/LEAF/leaf/Src/leaf-filters.c:673:10:tOneZero_getPhaseDelay	24	static
/Users/jeffsnyder/dev/LEAF/leaf/Src/leaf-filters.c:703:9:tOneZero_setSampleRate	0	static
/Users/jeffsnyder/dev/LEAF/leaf/Src/leaf-filters.c:710:9:tTwoZero_init	16	static
/Users/jeffsnyder/dev/LEAF/leaf/Src/leaf-filters.c:715:9:tTwoZero_initToPool	16	static
/Users/jeffsnyder/dev/LEAF/leaf/Src/leaf-filters.c:728:9:tTwoZero_free	0	static
/Users/jeffsnyder/dev/LEAF/leaf/Src/leaf-filters.c:734:10:tTwoZero_tick	0	static
/Users/jeffsnyder/dev/LEAF/leaf/Src/leaf-filters.c:747:9:tTwoZero_setNotch	16	static
/Users/jeffsnyder/dev/LEAF/leaf/Src/leaf-filters.c:771:9:tTwoZero_setB0	0	static
/Users/jeffsnyder/dev/LEAF/leaf/Src/leaf-filters.c:777:9:tTwoZero_setB1	0	static
/Users/jeffsnyder/dev/LEAF/leaf/Src/leaf-filters.c:783:9:tTwoZero_setCoefficients	0	static
/Users/jeffsnyder/dev/LEAF/leaf/Src/leaf-filters.c:791:9:tTwoZero_setGain	0	static
/Users/jeffsnyder/dev/LEAF/leaf/Src/leaf-filters.c:797:6:tTwoZero_setSampleRate	16	static
/Users/jeffsnyder/dev/LEAF/leaf/Src/leaf-filters.c:806:8:tPoleZero_init	16	static
/Users/jeffsnyder/dev/LEAF/leaf/Src/leaf-filters.c:811:9:tPoleZero_initToPool	16	static
/Users/jeffsnyder/dev/LEAF/leaf/Src/leaf-filters.c:825:9:tPoleZero_free	0	static
/Users/jeffsnyder/dev/LEAF/leaf/Src/leaf-filters.c:831:9:tPoleZero_setB0	0	static
/Users/jeffsnyder/dev/LEAF/leaf/Src/leaf-filters.c:837:9:tPoleZero_setB1	0	static
/Users/jeffsnyder/dev/LEAF/leaf/Src/leaf-filters.c:843:9:tPoleZero_setA1	0	static
/Users/jeffsnyder/dev/LEAF/leaf/Src/leaf-filters.c:855:9:tPoleZero_setCoefficients	0	static
/Users/jeffsnyder/dev/LEAF/leaf/Src/leaf-filters.c:869:9:tPoleZero_setThiranAllpassSOCascade	0	static
/Users/jeffsnyder/dev/LEAF/leaf/Src/leaf-filters.c:884:9:tPoleZero_setBlockZero	0	static
/Users/jeffsnyder/dev/LEAF/leaf/Src/leaf-filters.c:899:9:tPoleZero_setGain	0	static
/Users/jeffsnyder/dev/LEAF/leaf/Src/leaf-filters.c:905:10:tPoleZero_tick	0	static
/Users/jeffsnyder/dev/LEAF/leaf/Src/leaf-filters.c:919:9:tBiQuad_init	16	static
/Users/jeffsnyder/dev/LEAF/leaf/Src/leaf-filters.c:924:9:tBiQuad_initToPool	16	static
/Users/jeffsnyder/dev/LEAF/leaf/Src/leaf-filters.c:944:9:tBiQuad_free	0	static
/Users/jeffsnyder/dev/LEAF/leaf/Src/leaf-filters.c:950:10:tBiQuad_tick	0	static
/Users/jeffsnyder/dev/LEAF/leaf/Src/leaf-filters.c:967:9:tBiQuad_setResonance	32	static
/Users/jeffsnyder/dev/LEAF/leaf/Src/leaf-filters.c:992:9:tBiQuad_setNotch	16	static
/Users/jeffsnyder/dev/LEAF/leaf/Src/leaf-filters.c:1007:6:tBiQuad_setEqualGainZeros	0	static
/Users/jeffsnyder/dev/LEAF/leaf/Src/leaf-filters.c:1015:9:tBiQuad_setB0	0	static
/Users/jeffsnyder/dev/LEAF/leaf/Src/leaf-filters.c:1021:9:tBiQuad_setB1	0	static
/Users/jeffsnyder/dev/LEAF/leaf/Src/leaf-filters.c:1027:9:tBiQuad_setB2	0	static
/Users/jeffsnyder/dev/LEAF/leaf/Src/leaf-filters.c:1033:9:tBiQuad_setA1	0	static
/Users/jeffsnyder/dev/LEAF/leaf/Src/leaf-filters.c:1039:9:tBiQuad_setA2	0	static
/Users/jeffsnyder/dev/LEAF/leaf/Src/leaf-filters.c:1045:9:tBiQuad_setCoefficients	0	static
/Users/jeffsnyder/dev/LEAF/leaf/Src/leaf-filters.c:1055:9:tBiQuad_setGain	0	static
/Users/jeffsnyder/dev/LEAF/leaf/Src/leaf-filters.c:1061:9:tBiQuad_setSampleRate	16	static
/Users/jeffsnyder/dev/LEAF/leaf/Src/leaf-filters.c:1081:6:tSVF_init	32	static
/Users/jeffsnyder/dev/LEAF/leaf/Src/leaf-filters.c:1090:9:tSVF_initToPool	32	static
/Users/jeffsnyder/dev/LEAF/leaf/Src/leaf-filters.c:1166:9:tSVF_free	0	static
/Users/jeffsnyder/dev/LEAF/leaf/Src/leaf-filters.c:1172:10:tSVF_tick	0	static
/Users/jeffsnyder/dev/LEAF/leaf/Src/leaf-filters.c:1191:10:tSVF_setFreq	8	static
/Users/jeffsnyder/dev/LEAF/leaf/Src/leaf-filters.c:1202:9:tSVF_setFreqFast	0	static
/Users/jeffsnyder/dev/LEAF/leaf/Src/leaf-filters.c:1224:10:tSVF_setQ	0	static
/Users/jeffsnyder/dev/LEAF/leaf/Src/leaf-filters.c:1235:9:tSVF_setFreqAndQ	16	static
/Users/jeffsnyder/dev/LEAF/leaf/Src/leaf-filters.c:1247:9:tSVF_setFilterType	0	static
/Users/jeffsnyder/dev/LEAF/leaf/Src/leaf-filters.c:1291:9:tSVF_setSampleRate	0	static
/Users/jeffsnyder/dev/LEAF/leaf/Src/leaf-filters.c:1300:11:tSVF_getPhaseAtFrequency	0	static
/Users/jeffsnyder/dev/LEAF/leaf/Src/leaf-filters.c:1314:8:tEfficientSVF_init	32	static
/Users/jeffsnyder/dev/LEAF/leaf/Src/leaf-filters.c:1319:9:tEfficientSVF_initToPool	32	static
/Users/jeffsnyder/dev/LEAF/leaf/Src/leaf-filters.c:1346:9:tEfficientSVF_free	0	static
/Users/jeffsnyder/dev/LEAF/leaf/Src/leaf-filters.c:1352:10:tEfficientSVF_tick	0	static
/Users/jeffsnyder/dev/LEAF/leaf/Src/leaf-filters.c:1372:10:tEfficientSVF_setFreq	0	static
/Users/jeffsnyder/dev/LEAF/leaf/Src/leaf-filters.c:1391:10:tEfficientSVF_setQ	0	static
/Users/jeffsnyder/dev/LEAF/leaf/Src/leaf-filters.c:1401:9:tEfficientSVF_setFreqAndQ	0	static
/Users/jeffsnyder/dev/LEAF/leaf/Src/leaf-filters.c:1412:9:tEfficientSVF_setSampleRate	0	static
/Users/jeffsnyder/dev/LEAF/leaf/Src/leaf-filters.c:1428:6:tHighpass_init	24	static
/Users/jeffsnyder/dev/LEAF/leaf/Src/leaf-filters.c:1433:6:tHighpass_initToPool	24	static
/Users/jeffsnyder/dev/LEAF/leaf/Src/leaf-filters.c:1448:6:tHighpass_free	0	static
/Users/jeffsnyder/dev/LEAF/leaf/Src/leaf-filters.c:1454:6:tHighpass_setFreq	0	static
/Users/jeffsnyder/dev/LEAF/leaf/Src/leaf-filters.c:1462:8:tHighpass_getFreq	0	static
/Users/jeffsnyder/dev/LEAF/leaf/Src/leaf-filters.c:1469:8:tHighpass_tick	0	static
/Users/jeffsnyder/dev/LEAF/leaf/Src/leaf-filters.c:1477:6:tHighpass_setSampleRate	0	static
/Users/jeffsnyder/dev/LEAF/leaf/Src/leaf-filters.c:1489:9:tButterworth_initToPool	64	static
/Users/jeffsnyder/dev/LEAF/leaf/Src/leaf-filters.c:1484:6:tButterworth_init	0	static
/Users/jeffsnyder/dev/LEAF/leaf/Src/leaf-filters.c:1515:9:tButterworth_free	16	static
/Users/jeffsnyder/dev/LEAF/leaf/Src/leaf-filters.c:1525:8:tButterworth_tick	0	static
/Users/jeffsnyder/dev/LEAF/leaf/Src/leaf-filters.c:1535:6:tButterworth_setF1	32	static
/Users/jeffsnyder/dev/LEAF/leaf/Src/leaf-filters.c:1545:6:tButterworth_setF2	40	static
/Users/jeffsnyder/dev/LEAF/leaf/Src/leaf-filters.c:1557:6:tButterworth_setFreqs	48	static
/Users/jeffsnyder/dev/LEAF/leaf/Src/leaf-filters.c:1563:9:tButterworth_setSampleRate	0	static
/Users/jeffsnyder/dev/LEAF/leaf/Src/leaf-filters.c:1571:9:tFIR_init	32	static
/Users/jeffsnyder/dev/LEAF/leaf/Src/leaf-filters.c:1576:9:tFIR_initToPool	32	static
/Users/jeffsnyder/dev/LEAF/leaf/Src/leaf-filters.c:1588:9:tFIR_free	8	static
/Users/jeffsnyder/dev/LEAF/leaf/Src/leaf-filters.c:1596:10:tFIR_tick	4	static
/Users/jeffsnyder/dev/LEAF/leaf/Src/leaf-filters.c:1618:9:tMedianFilter_initToPool	24	static
/Users/jeffsnyder/dev/LEAF/leaf/Src/leaf-filters.c:1613:9:tMedianFilter_init	0	static
/Users/jeffsnyder/dev/LEAF/leaf/Src/leaf-filters.c:1637:9:tMedianFilter_free	8	static
/Users/jeffsnyder/dev/LEAF/leaf/Src/leaf-filters.c:1646:10:tMedianFilter_tick	12	static
/Users/jeffsnyder/dev/LEAF/leaf/Src/leaf-filters.c:1728:9:tVZFilter_free	0	static
/Users/jeffsnyder/dev/LEAF/leaf/Src/leaf-filters.c:1734:10:tVZFilter_tick	32	static
/Users/jeffsnyder/dev/LEAF/leaf/Src/leaf-filters.c:1769:10:tVZFilter_tickEfficient	0	static
/Users/jeffsnyder/dev/LEAF/leaf/Src/leaf-filters.c:1791:8:tVZFilter_calcCoeffs	16	static
/Users/jeffsnyder/dev/LEAF/leaf/Src/leaf-filters.c:1692:9:tVZFilter_initToPool	48	static
/Users/jeffsnyder/dev/LEAF/leaf/Src/leaf-filters.c:1687:9:tVZFilter_init	0	static
/Users/jeffsnyder/dev/LEAF/leaf/Src/leaf-filters.c:1912:8:tVZFilter_calcCoeffsEfficientBP	32	static
/Users/jeffsnyder/dev/LEAF/leaf/Src/leaf-filters.c:1921:8:tVZFilter_setBandwidth	16	static
/Users/jeffsnyder/dev/LEAF/leaf/Src/leaf-filters.c:1928:8:tVZFilter_setFreq	16	static
/Users/jeffsnyder/dev/LEAF/leaf/Src/leaf-filters.c:1936:9:tVZFilter_setFreqFast	16	static
/Users/jeffsnyder/dev/LEAF/leaf/Src/leaf-filters.c:2070:8:tVZFilter_setFreqAndBandwidth	24	static
/Users/jeffsnyder/dev/LEAF/leaf/Src/leaf-filters.c:2079:8:tVZFilter_setFreqAndBandwidthEfficientBP	24	static
/Users/jeffsnyder/dev/LEAF/leaf/Src/leaf-filters.c:2088:8:tVZFilter_setGain	16	static
/Users/jeffsnyder/dev/LEAF/leaf/Src/leaf-filters.c:2097:8:tVZFilter_setResonance	16	static
/Users/jeffsnyder/dev/LEAF/leaf/Src/leaf-filters.c:2106:6:tVZFilter_setFrequencyAndResonance	24	static
/Users/jeffsnyder/dev/LEAF/leaf/Src/leaf-filters.c:2115:6:tVZFilter_setFrequencyAndResonanceAndGain	32	static
/Users/jeffsnyder/dev/LEAF/leaf/Src/leaf-filters.c:2126:6:tVZFilter_setFastFrequencyAndResonanceAndGain	32	static
/Users/jeffsnyder/dev/LEAF/leaf/Src/leaf-filters.c:2138:6:tVZFilter_setFrequencyAndBandwidthAndGain	24	static
/Users/jeffsnyder/dev/LEAF/leaf/Src/leaf-filters.c:2150:6:tVZFilter_setFrequencyAndResonanceAndMorph	24	static
/Users/jeffsnyder/dev/LEAF/leaf/Src/leaf-filters.c:2160:8:tVZFilter_setMorph	16	static
/Users/jeffsnyder/dev/LEAF/leaf/Src/leaf-filters.c:2167:8:tVZFilter_setMorphOnly	8	static
/Users/jeffsnyder/dev/LEAF/leaf/Src/leaf-filters.c:2174:6:tVZFilter_setType	16	static
/Users/jeffsnyder/dev/LEAF/leaf/Src/leaf-filters.c:2181:8:tVZFilter_BandwidthToR	8	static
/Users/jeffsnyder/dev/LEAF/leaf/Src/leaf-filters.c:2192:8:tVZFilter_BandwidthToREfficientBP	16	static
/Users/jeffsnyder/dev/LEAF/leaf/Src/leaf-filters.c:2203:9:tVZFilter_setSampleRate	0	static
/Users/jeffsnyder/dev/LEAF/leaf/Src/leaf-filters.c:2224:9:tVZFilterLS_initToPool	40	static
/Users/jeffsnyder/dev/LEAF/leaf/Src/leaf-filters.c:2219:9:tVZFilterLS_init	0	static
/Users/jeffsnyder/dev/LEAF/leaf/Src/leaf-filters.c:2257:9:tVZFilterLS_free	0	static
/Users/jeffsnyder/dev/LEAF/leaf/Src/leaf-filters.c:2263:9:tVZFilterLS_setSampleRate	0	static
/Users/jeffsnyder/dev/LEAF/leaf/Src/leaf-filters.c:2278:10:tVZFilterLS_tick	0	static
/Users/jeffsnyder/dev/LEAF/leaf/Src/leaf-filters.c:2300:9:tVZFilterLS_setFreqFast	0	static
/Users/jeffsnyder/dev/LEAF/leaf/Src/leaf-filters.c:2322:9:tVZFilterLS_setBandwidthSlow	8	static
/Users/jeffsnyder/dev/LEAF/leaf/Src/leaf-filters.c:2327:9:tVZFilterLS_setFreq	0	static
/Users/jeffsnyder/dev/LEAF/leaf/Src/leaf-filters.c:2336:9:tVZFilterLS_setGain	8	static
/Users/jeffsnyder/dev/LEAF/leaf/Src/leaf-filters.c:2346:9:tVZFilterLS_setResonance	0	static
/Users/jeffsnyder/dev/LEAF/leaf/Src/leaf-filters.c:2355:9:tVZFilterLS_setFreqFastAndResonanceAndGain	16	static
/Users/jeffsnyder/dev/LEAF/leaf/Src/leaf-filters.c:2377:9:tVZFilterHS_initToPool	40	static
/Users/jeffsnyder/dev/LEAF/leaf/Src/leaf-filters.c:2372:9:tVZFilterHS_init	0	static
/Users/jeffsnyder/dev/LEAF/leaf/Src/leaf-filters.c:2410:9:tVZFilterHS_free	0	static
/Users/jeffsnyder/dev/LEAF/leaf/Src/leaf-filters.c:2416:9:tVZFilterHS_setSampleRate	0	static
/Users/jeffsnyder/dev/LEAF/leaf/Src/leaf-filters.c:2431:10:tVZFilterHS_tick	0	static
/Users/jeffsnyder/dev/LEAF/leaf/Src/leaf-filters.c:2453:9:tVZFilterHS_setFreqFast	0	static
/Users/jeffsnyder/dev/LEAF/leaf/Src/leaf-filters.c:2476:9:tVZFilterHS_setBandwidthSlow	8	static
/Users/jeffsnyder/dev/LEAF/leaf/Src/leaf-filters.c:2481:9:tVZFilterHS_setFreq	8	static
/Users/jeffsnyder/dev/LEAF/leaf/Src/leaf-filters.c:2491:9:tVZFilterHS_setGain	8	static
/Users/jeffsnyder/dev/LEAF/leaf/Src/leaf-filters.c:2501:9:tVZFilterHS_setResonance	0	static
/Users/jeffsnyder/dev/LEAF/leaf/Src/leaf-filters.c:2511:9:tVZFilterHS_setFreqFastAndResonanceAndGain	16	static
/Users/jeffsnyder/dev/LEAF/leaf/Src/leaf-filters.c:2532:9:tVZFilterBell_initToPool	40	static
/Users/jeffsnyder/dev/LEAF/leaf/Src/leaf-filters.c:2527:9:tVZFilterBell_init	0	static
/Users/jeffsnyder/dev/LEAF/leaf/Src/leaf-filters.c:2569:9:tVZFilterBell_free	0	static
/Users/jeffsnyder/dev/LEAF/leaf/Src/leaf-filters.c:2575:9:tVZFilterBell_setSampleRate	0	static
/Users/jeffsnyder/dev/LEAF/leaf/Src/leaf-filters.c:2590:10:tVZFilterBell_tick	0	static
/Users/jeffsnyder/dev/LEAF/leaf/Src/leaf-filters.c:2614:9:tVZFilterBell_setBandwidth	16	static
/Users/jeffsnyder/dev/LEAF/leaf/Src/leaf-filters.c:2626:9:tVZFilterBell_setFreq	16	static
/Users/jeffsnyder/dev/LEAF/leaf/Src/leaf-filters.c:2643:9:tVZFilterBell_setFreqFast	16	static
/Users/jeffsnyder/dev/LEAF/leaf/Src/leaf-filters.c:2681:9:tVZFilterBell_setGain	16	static
/Users/jeffsnyder/dev/LEAF/leaf/Src/leaf-filters.c:2690:9:tVZFilterBell_setFrequencyAndGain	24	static
/Users/jeffsnyder/dev/LEAF/leaf/Src/leaf-filters.c:2707:9:tVZFilterBell_setFrequencyAndBandwidthAndGain	24	static
/Users/jeffsnyder/dev/LEAF/leaf/Src/leaf-filters.c:2728:9:tDiodeFilter_init	24	static
/Users/jeffsnyder/dev/LEAF/leaf/Src/leaf-filters.c:2733:9:tDiodeFilter_initToPool	24	static
/Users/jeffsnyder/dev/LEAF/leaf/Src/leaf-filters.c:2768:9:tDiodeFilter_free	0	static
/Users/jeffsnyder/dev/LEAF/leaf/Src/leaf-filters.c:2774:8:tanhXdX	0	static
/Users/jeffsnyder/dev/LEAF/leaf/Src/leaf-filters.c:2793:10:tDiodeFilter_tick	32	static
/Users/jeffsnyder/dev/LEAF/leaf/Src/leaf-filters.c:2885:10:tDiodeFilter_tickEfficient	24	static
/Users/jeffsnyder/dev/LEAF/leaf/Src/leaf-filters.c:2978:9:tDiodeFilter_setFreq	8	static
/Users/jeffsnyder/dev/LEAF/leaf/Src/leaf-filters.c:2986:9:tDiodeFilter_setFreqFast	0	static
/Users/jeffsnyder/dev/LEAF/leaf/Src/leaf-filters.c:3005:9:tDiodeFilter_setQ	8	static
/Users/jeffsnyder/dev/LEAF/leaf/Src/leaf-filters.c:3011:9:tDiodeFilter_setSampleRate	0	static
/Users/jeffsnyder/dev/LEAF/leaf/Src/leaf-filters.c:3027:9:tLadderFilter_init	24	static
/Users/jeffsnyder/dev/LEAF/leaf/Src/leaf-filters.c:3032:9:tLadderFilter_initToPool	24	static
/Users/jeffsnyder/dev/LEAF/leaf/Src/leaf-filters.c:3071:9:tLadderFilter_free	0	static
/Users/jeffsnyder/dev/LEAF/leaf/Src/leaf-filters.c:3077:8:smoothABS	0	static
/Users/jeffsnyder/dev/LEAF/leaf/Src/leaf-filters.c:3091:8:smoothclip	0	static
/Users/jeffsnyder/dev/LEAF/leaf/Src/leaf-filters.c:3101:8:tanhd	0	static
/Users/jeffsnyder/dev/LEAF/leaf/Src/leaf-filters.c:3106:10:tLadderFilter_tick	64	static
/Users/jeffsnyder/dev/LEAF/leaf/Src/leaf-filters.c:3165:9:tLadderFilter_setFreq	8	static
/Users/jeffsnyder/dev/LEAF/leaf/Src/leaf-filters.c:3174:9:tLadderFilter_setFreqFast	0	static
/Users/jeffsnyder/dev/LEAF/leaf/Src/leaf-filters.c:3194:9:tLadderFilter_setQ	8	static
/Users/jeffsnyder/dev/LEAF/leaf/Src/leaf-filters.c:3200:9:tLadderFilter_setSampleRate	0	static
