../Core/Src/main.c:130:6:HAL_SPI_TxRxCpltCallback	3
../Core/Src/main.c:143:6:HAL_SPI_TxRxHalfCpltCallback	3
../Core/Src/main.c:157:6:HAL_TIM_IC_CaptureCallback	28
../Core/Src/main.c:295:6:HAL_TIM_IC_CaptureHalfCpltCallback	28
../Core/Src/main.c:441:5:main	1
../Core/Src/main.c:516:6:SystemClock_Config	4
../Core/Src/main.c:570:13:MX_I2C1_Init	4
../Core/Src/main.c:618:13:MX_SPI1_Init	2
../Core/Src/main.c:657:13:MX_TIM1_Init	9
../Core/Src/main.c:729:13:MX_TIM2_Init	6
../Core/Src/main.c:787:13:MX_TIM3_Init	9
../Core/Src/main.c:857:13:MX_TIM4_Init	7
../Core/Src/main.c:919:13:MX_TIM5_Init	9
../Core/Src/main.c:989:13:MX_TIM8_Init	7
../Core/Src/main.c:1053:13:MX_TIM9_Init	6
../Core/Src/main.c:1108:13:MX_TIM12_Init	6
../Core/Src/main.c:1163:13:MX_UART8_Init	2
../Core/Src/main.c:1196:13:MX_DMA_Init	1
../Core/Src/main.c:1251:13:MX_GPIO_Init	1
../Core/Src/main.c:1293:6:MPU_Config	1
../Core/Src/main.c:1324:6:Error_Handler	1
