../Core/Src/main.c:124:6:HAL_TIM_IC_CaptureCallback	40	static
../Core/Src/main.c:260:6:HAL_TIM_IC_CaptureHalfCpltCallback	40	static
../Core/Src/main.c:404:5:main	8	static
../Core/Src/main.c:478:6:SystemClock_Config	88	static
../Core/Src/main.c:532:13:MX_I2C1_Init	8	static
../Core/Src/main.c:580:13:MX_SPI1_Init	8	static
../Core/Src/main.c:620:13:MX_TIM1_Init	56	static
../Core/Src/main.c:692:13:MX_TIM2_Init	56	static
../Core/Src/main.c:750:13:MX_TIM3_Init	56	static
../Core/Src/main.c:820:13:MX_TIM4_Init	56	static
../Core/Src/main.c:882:13:MX_TIM5_Init	56	static
../Core/Src/main.c:952:13:MX_TIM8_Init	56	static
../Core/Src/main.c:1016:13:MX_TIM9_Init	40	static
../Core/Src/main.c:1071:13:MX_TIM12_Init	40	static
../Core/Src/main.c:1126:13:MX_UART8_Init	8	static
../Core/Src/main.c:1159:13:MX_DMA_Init	16	static
../Core/Src/main.c:1214:13:MX_GPIO_Init	56	static
../Core/Src/main.c:1256:6:MPU_Config	24	static
../Core/Src/main.c:1287:6:Error_Handler	4	static,ignoring_inline_asm
