../Core/Src/audio.c:336:7:map	0	static
../Core/Src/audio.c:342:6:audioInit	136	static
../Core/Src/audio.c:637:6:audioStart	16	static
../Core/Src/audio.c:651:21:updateStateFromSPIMessage	32	static
../Core/Src/audio.c:1171:21:oscillator_tick	120	static
../Core/Src/audio.c:1234:22:sawSquareTick	40	static
../Core/Src/audio.c:1246:22:sineTriTick	40	static
../Core/Src/audio.c:1257:22:sawTick	32	static
../Core/Src/audio.c:1267:22:pulseTick	40	static
../Core/Src/audio.c:1278:22:sineTick	16	static
../Core/Src/audio.c:1284:22:triTick	40	static
../Core/Src/audio.c:1295:22:userTick	0	static
../Core/Src/audio.c:1304:22:filter_tick	56	static
../Core/Src/audio.c:1351:22:lowpassTick	24	static
../Core/Src/audio.c:1358:22:highpassTick	24	static
../Core/Src/audio.c:1365:22:bandpassTick	24	static
../Core/Src/audio.c:1372:22:diodeLowpassTick	24	static
../Core/Src/audio.c:1379:22:VZpeakTick	16	static
../Core/Src/audio.c:1385:22:VZlowshelfTick	16	static
../Core/Src/audio.c:1390:22:VZhighshelfTick	16	static
../Core/Src/audio.c:1395:22:VZbandrejectTick	24	static
../Core/Src/audio.c:1402:22:LadderLowpassTick	24	static
../Core/Src/audio.c:1412:21:setFreqMultPitch	16	static
../Core/Src/audio.c:1423:21:setFreqMultHarm	0	static
../Core/Src/audio.c:1444:22:lowpassSetQ	0	static
../Core/Src/audio.c:1449:22:highpassSetQ	0	static
../Core/Src/audio.c:1454:22:bandpassSetQ	0	static
../Core/Src/audio.c:1459:22:diodeLowpassSetQ	0	static
../Core/Src/audio.c:1464:22:VZpeakSetQ	0	static
../Core/Src/audio.c:1469:22:VZlowshelfSetQ	0	static
../Core/Src/audio.c:1474:22:VZhighshelfSetQ	0	static
../Core/Src/audio.c:1479:22:VZbandrejectSetQ	0	static
../Core/Src/audio.c:1484:22:LadderLowpassSetQ	0	static
../Core/Src/audio.c:1489:22:lowpassSetGain	16	static
../Core/Src/audio.c:1494:22:highpassSetGain	16	static
../Core/Src/audio.c:1499:22:bandpassSetGain	16	static
../Core/Src/audio.c:1504:22:diodeLowpassSetGain	16	static
../Core/Src/audio.c:1509:22:VZpeakSetGain	16	static
../Core/Src/audio.c:1514:22:VZlowshelfSetGain	16	static
../Core/Src/audio.c:1519:22:VZhighshelfSetGain	16	static
../Core/Src/audio.c:1524:22:VZbandrejectSetGain	16	static
../Core/Src/audio.c:1529:23:LadderLowpassSetGain	16	static
../Core/Src/audio.c:1535:21:envelope_tick	24	static
../Core/Src/audio.c:1549:21:lfo_tick	40	static
../Core/Src/audio.c:1566:23:setEnvelopeAttack	0	static
../Core/Src/audio.c:1572:23:setEnvelopeDecay	0	static
../Core/Src/audio.c:1578:23:setEnvelopeSustain	0	static
../Core/Src/audio.c:1583:23:setEnvelopeRelease	0	static
../Core/Src/audio.c:1589:23:setEnvelopeLeak	0	static
../Core/Src/audio.c:1594:23:setAmp	0	static
../Core/Src/audio.c:1599:23:setMaster	0	static
../Core/Src/audio.c:1604:23:setTranspose	0	static
../Core/Src/audio.c:1609:23:setPitchBendRange	0	static
../Core/Src/audio.c:1614:23:setFinalLowpass	8	static
../Core/Src/audio.c:1620:21:tickMappings	56	static
../Core/Src/audio.c:1899:8:audioTickString	96	dynamic
../Core/Src/audio.c:1957:8:audioTickString2	96	dynamic
../Core/Src/audio.c:2083:6:lfoSawSquareTick	8	static
../Core/Src/audio.c:2088:6:lfoSineTriTick	8	static
../Core/Src/audio.c:2093:6:lfoSineTick	8	static
../Core/Src/audio.c:2098:6:lfoTriTick	8	static
../Core/Src/audio.c:2102:6:lfoSawTick	8	static
../Core/Src/audio.c:2107:6:lfoPulseTick	8	static
../Core/Src/audio.c:2112:6:lfoSawSquareSetRate	0	static
../Core/Src/audio.c:2117:6:lfoSineTriSetRate	0	static
../Core/Src/audio.c:2121:6:lfoSineSetRate	0	static
../Core/Src/audio.c:2125:6:lfoTriSetRate	0	static
../Core/Src/audio.c:2129:6:lfoSawSetRate	0	static
../Core/Src/audio.c:2133:6:lfoPulseSetRate	0	static
../Core/Src/audio.c:2139:6:lfoSawSquareSetPhase	0	static
../Core/Src/audio.c:2143:6:lfoSineTriSetPhase	0	static
../Core/Src/audio.c:2147:6:lfoSineSetPhase	0	static
../Core/Src/audio.c:2151:6:lfoTriSetPhase	0	static
../Core/Src/audio.c:2155:6:lfoSawSetPhase	0	static
../Core/Src/audio.c:2159:6:lfoPulseSetPhase	0	static
../Core/Src/audio.c:2165:6:lfoSawSquareSetShape	0	static
../Core/Src/audio.c:2169:6:lfoSineTriSetShape	0	static
../Core/Src/audio.c:2173:6:lfoSineSetShape	0	static
../Core/Src/audio.c:2177:6:lfoTriSetShape	0	static
../Core/Src/audio.c:2181:6:lfoSawSetShape	0	static
../Core/Src/audio.c:2185:6:lfoPulseSetShape	0	static
../Core/Src/audio.c:2203:22:clipperGainSet	16	static
../Core/Src/audio.c:2207:22:wavefolderParam1	16	static
../Core/Src/audio.c:2211:22:wavefolderParam3	0	static
../Core/Src/audio.c:2218:22:tiltParam1	16	static
../Core/Src/audio.c:2224:22:tiltParam2	16	static
../Core/Src/audio.c:2230:22:tiltParam3	0	static
../Core/Src/audio.c:2234:22:tiltParam4	16	static
../Core/Src/audio.c:2239:22:compressorParam1	0	static
../Core/Src/audio.c:2243:22:compressorParam2	0	static
../Core/Src/audio.c:2249:22:compressorParam3	0	static
../Core/Src/audio.c:2254:22:compressorParam4	8	static
../Core/Src/audio.c:2260:22:compressorParam5	8	static
../Core/Src/audio.c:2266:22:offsetParam2	0	static
../Core/Src/audio.c:2270:21:param2Linear	0	static
../Core/Src/audio.c:2274:21:param3Linear	0	static
../Core/Src/audio.c:2278:21:param3Soft	0	static
../Core/Src/audio.c:2284:21:param3Hard	16	static
../Core/Src/audio.c:2294:21:param4Linear	0	static
../Core/Src/audio.c:2299:21:param5Linear	0	static
../Core/Src/audio.c:2303:21:param2BC	0	static
../Core/Src/audio.c:2307:21:param3BC	0	static
../Core/Src/audio.c:2312:21:param4BC	0	static
../Core/Src/audio.c:2316:21:param5BC	0	static
../Core/Src/audio.c:2323:21:fxMixSet	0	static
../Core/Src/audio.c:2328:21:fxPostGainSet	16	static
../Core/Src/audio.c:2336:22:wavefolderTick	24	static
../Core/Src/audio.c:2374:21:chorusParam1	0	static
../Core/Src/audio.c:2378:21:chorusParam2	0	static
../Core/Src/audio.c:2383:21:chorusParam3	0	static
../Core/Src/audio.c:2388:21:chorusParam4	0	static
../Core/Src/audio.c:2394:22:chorusTick	0	static
../Core/Src/audio.c:2405:22:shaperTick	8	static
../Core/Src/audio.c:2413:22:blankTick	0	static
../Core/Src/audio.c:2418:22:tiltFilterTick	8	static
../Core/Src/audio.c:2426:22:tanhTick	8	static
../Core/Src/audio.c:2441:22:softClipTick	4	static
../Core/Src/audio.c:2463:22:hardClipTick	16	static
../Core/Src/audio.c:2485:22:satTick	8	static
../Core/Src/audio.c:2497:22:bcTick	0	static
../Core/Src/audio.c:2504:22:compressorTick	0	static
../Core/Src/audio.c:2510:23:FXlowpassTick	0	static
../Core/Src/audio.c:2515:23:FXhighpassTick	0	static
../Core/Src/audio.c:2520:23:FXbandpassTick	0	static
../Core/Src/audio.c:2525:23:FXdiodeLowpassTick	0	static
../Core/Src/audio.c:2530:23:FXVZpeakTick	0	static
../Core/Src/audio.c:2535:23:FXVZlowshelfTick	0	static
../Core/Src/audio.c:2539:23:FXVZhighshelfTick	0	static
../Core/Src/audio.c:2543:23:FXVZbandrejectTick	0	static
../Core/Src/audio.c:2548:23:FXLadderLowpassTick	0	static
../Core/Src/audio.c:2554:6:FXLowpassParam1	16	static
../Core/Src/audio.c:2560:6:FXHighpassParam1	16	static
../Core/Src/audio.c:2567:6:FXBandpassParam1	16	static
../Core/Src/audio.c:2574:6:FXDiodeParam1	16	static
../Core/Src/audio.c:2580:6:FXPeakParam1	16	static
../Core/Src/audio.c:2586:6:FXLowShelfParam1	16	static
../Core/Src/audio.c:2592:6:FXHighShelfParam1	16	static
../Core/Src/audio.c:2598:6:FXNotchParam1	16	static
../Core/Src/audio.c:2604:6:FXLadderParam1	16	static
../Core/Src/audio.c:2613:6:FXPeakParam2	16	static
../Core/Src/audio.c:2618:6:FXLowShelfParam2	16	static
../Core/Src/audio.c:2623:6:FXHighShelfParam2	16	static
../Core/Src/audio.c:2628:6:FXNotchParam2	16	static
../Core/Src/audio.c:2634:6:FXLowpassParam3	0	static
../Core/Src/audio.c:2639:6:FXHighpassParam3	0	static
../Core/Src/audio.c:2644:6:FXBandpassParam3	0	static
../Core/Src/audio.c:2649:6:FXDiodeParam3	0	static
../Core/Src/audio.c:2655:6:FXPeakParam3	0	static
../Core/Src/audio.c:2661:6:FXLowShelfParam3	0	static
../Core/Src/audio.c:2667:6:FXHighShelfParam3	0	static
../Core/Src/audio.c:2673:6:FXNotchParam3	0	static
../Core/Src/audio.c:2679:6:FXLadderParam3	0	static
../Core/Src/audio.c:2689:21:noiseSetTilt	16	static
../Core/Src/audio.c:2696:21:noiseSetGain	8	static
../Core/Src/audio.c:2701:21:noiseSetFreq	8	static
../Core/Src/audio.c:2712:21:noise_tick	40	static
../Core/Src/audio.c:1665:8:audioTickL	128	dynamic
../Core/Src/audio.c:706:21:audioFrame	152	static
../Core/Src/audio.c:2735:21:HAL_SPI_RxCpltCallback	8	static
../Core/Src/audio.c:2756:21:HAL_SPI_RxHalfCpltCallback	8	static
../Core/Src/audio.c:2777:21:HAL_SPI_TxRxCpltCallback	8	static
../Core/Src/audio.c:2789:21:HAL_SPI_TxRxHalfCpltCallback	8	static
../Core/Src/audio.c:2801:21:HAL_SAI_TxCpltCallback	0	static
../Core/Src/audio.c:2808:21:HAL_SAI_TxHalfCpltCallback	0	static
../Core/Src/audio.c:2815:21:HAL_SAI_ErrorCallback	0	static
