../Core/Src/audio.c:340:7:map	0	static
../Core/Src/audio.c:346:6:audioInit	136	static
../Core/Src/audio.c:642:6:audioStart	16	static
../Core/Src/audio.c:656:6:updateStateFromSPIMessage	24	static
../Core/Src/audio.c:1227:21:oscillator_tick	120	static
../Core/Src/audio.c:1290:22:sawSquareTick	40	static
../Core/Src/audio.c:1302:22:sineTriTick	40	static
../Core/Src/audio.c:1313:22:sawTick	32	static
../Core/Src/audio.c:1323:22:pulseTick	40	static
../Core/Src/audio.c:1334:22:sineTick	16	static
../Core/Src/audio.c:1340:22:triTick	40	static
../Core/Src/audio.c:1351:22:userTick	0	static
../Core/Src/audio.c:1360:22:filter_tick	56	static
../Core/Src/audio.c:1407:22:lowpassTick	24	static
../Core/Src/audio.c:1414:22:highpassTick	24	static
../Core/Src/audio.c:1421:22:bandpassTick	24	static
../Core/Src/audio.c:1428:22:diodeLowpassTick	24	static
../Core/Src/audio.c:1435:22:VZpeakTick	16	static
../Core/Src/audio.c:1441:22:VZlowshelfTick	16	static
../Core/Src/audio.c:1446:22:VZhighshelfTick	16	static
../Core/Src/audio.c:1451:22:VZbandrejectTick	24	static
../Core/Src/audio.c:1458:22:LadderLowpassTick	24	static
../Core/Src/audio.c:1468:21:setFreqMultPitch	16	static
../Core/Src/audio.c:1479:21:setFreqMultHarm	0	static
../Core/Src/audio.c:1500:22:lowpassSetQ	0	static
../Core/Src/audio.c:1505:22:highpassSetQ	0	static
../Core/Src/audio.c:1510:22:bandpassSetQ	0	static
../Core/Src/audio.c:1515:22:diodeLowpassSetQ	0	static
../Core/Src/audio.c:1520:22:VZpeakSetQ	0	static
../Core/Src/audio.c:1525:22:VZlowshelfSetQ	0	static
../Core/Src/audio.c:1530:22:VZhighshelfSetQ	0	static
../Core/Src/audio.c:1535:22:VZbandrejectSetQ	0	static
../Core/Src/audio.c:1540:22:LadderLowpassSetQ	0	static
../Core/Src/audio.c:1545:22:lowpassSetGain	16	static
../Core/Src/audio.c:1550:22:highpassSetGain	16	static
../Core/Src/audio.c:1555:22:bandpassSetGain	16	static
../Core/Src/audio.c:1560:22:diodeLowpassSetGain	16	static
../Core/Src/audio.c:1565:22:VZpeakSetGain	16	static
../Core/Src/audio.c:1570:22:VZlowshelfSetGain	16	static
../Core/Src/audio.c:1575:22:VZhighshelfSetGain	16	static
../Core/Src/audio.c:1580:22:VZbandrejectSetGain	16	static
../Core/Src/audio.c:1585:23:LadderLowpassSetGain	16	static
../Core/Src/audio.c:1591:21:envelope_tick	24	static
../Core/Src/audio.c:1605:21:lfo_tick	40	static
../Core/Src/audio.c:1622:23:setEnvelopeAttack	0	static
../Core/Src/audio.c:1628:23:setEnvelopeDecay	0	static
../Core/Src/audio.c:1634:23:setEnvelopeSustain	0	static
../Core/Src/audio.c:1639:23:setEnvelopeRelease	0	static
../Core/Src/audio.c:1645:23:setEnvelopeLeak	0	static
../Core/Src/audio.c:1650:23:setAmp	0	static
../Core/Src/audio.c:1655:23:setMaster	0	static
../Core/Src/audio.c:1660:23:setTranspose	0	static
../Core/Src/audio.c:1665:23:setPitchBendRange	0	static
../Core/Src/audio.c:1670:23:setFinalLowpass	8	static
../Core/Src/audio.c:1676:21:tickMappings	56	static
../Core/Src/audio.c:1955:8:audioTickString	96	dynamic
../Core/Src/audio.c:2013:8:audioTickString2	96	dynamic
../Core/Src/audio.c:2139:6:lfoSawSquareTick	8	static
../Core/Src/audio.c:2144:6:lfoSineTriTick	8	static
../Core/Src/audio.c:2149:6:lfoSineTick	8	static
../Core/Src/audio.c:2154:6:lfoTriTick	8	static
../Core/Src/audio.c:2158:6:lfoSawTick	8	static
../Core/Src/audio.c:2163:6:lfoPulseTick	8	static
../Core/Src/audio.c:2168:6:lfoSawSquareSetRate	0	static
../Core/Src/audio.c:2173:6:lfoSineTriSetRate	0	static
../Core/Src/audio.c:2177:6:lfoSineSetRate	0	static
../Core/Src/audio.c:2181:6:lfoTriSetRate	0	static
../Core/Src/audio.c:2185:6:lfoSawSetRate	0	static
../Core/Src/audio.c:2189:6:lfoPulseSetRate	0	static
../Core/Src/audio.c:2195:6:lfoSawSquareSetPhase	0	static
../Core/Src/audio.c:2199:6:lfoSineTriSetPhase	0	static
../Core/Src/audio.c:2203:6:lfoSineSetPhase	0	static
../Core/Src/audio.c:2207:6:lfoTriSetPhase	0	static
../Core/Src/audio.c:2211:6:lfoSawSetPhase	0	static
../Core/Src/audio.c:2215:6:lfoPulseSetPhase	0	static
../Core/Src/audio.c:2221:6:lfoSawSquareSetShape	0	static
../Core/Src/audio.c:2225:6:lfoSineTriSetShape	0	static
../Core/Src/audio.c:2229:6:lfoSineSetShape	0	static
../Core/Src/audio.c:2233:6:lfoTriSetShape	0	static
../Core/Src/audio.c:2237:6:lfoSawSetShape	0	static
../Core/Src/audio.c:2241:6:lfoPulseSetShape	0	static
../Core/Src/audio.c:2259:22:clipperGainSet	16	static
../Core/Src/audio.c:2263:22:wavefolderParam1	16	static
../Core/Src/audio.c:2267:22:wavefolderParam3	0	static
../Core/Src/audio.c:2274:22:tiltParam1	16	static
../Core/Src/audio.c:2280:22:tiltParam2	16	static
../Core/Src/audio.c:2286:22:tiltParam3	0	static
../Core/Src/audio.c:2290:22:tiltParam4	16	static
../Core/Src/audio.c:2295:22:compressorParam1	0	static
../Core/Src/audio.c:2299:22:compressorParam2	0	static
../Core/Src/audio.c:2305:22:compressorParam3	0	static
../Core/Src/audio.c:2310:22:compressorParam4	8	static
../Core/Src/audio.c:2316:22:compressorParam5	8	static
../Core/Src/audio.c:2322:22:offsetParam2	0	static
../Core/Src/audio.c:2326:21:param2Linear	0	static
../Core/Src/audio.c:2330:21:param3Linear	0	static
../Core/Src/audio.c:2334:21:param3Soft	0	static
../Core/Src/audio.c:2340:21:param3Hard	16	static
../Core/Src/audio.c:2350:21:param4Linear	0	static
../Core/Src/audio.c:2355:21:param5Linear	0	static
../Core/Src/audio.c:2359:21:param2BC	0	static
../Core/Src/audio.c:2363:21:param3BC	0	static
../Core/Src/audio.c:2368:21:param4BC	0	static
../Core/Src/audio.c:2372:21:param5BC	0	static
../Core/Src/audio.c:2379:21:fxMixSet	0	static
../Core/Src/audio.c:2384:21:fxPostGainSet	16	static
../Core/Src/audio.c:2392:22:wavefolderTick	24	static
../Core/Src/audio.c:2430:21:chorusParam1	0	static
../Core/Src/audio.c:2434:21:chorusParam2	0	static
../Core/Src/audio.c:2439:21:chorusParam3	0	static
../Core/Src/audio.c:2444:21:chorusParam4	0	static
../Core/Src/audio.c:2450:22:chorusTick	0	static
../Core/Src/audio.c:2461:22:shaperTick	8	static
../Core/Src/audio.c:2469:22:blankTick	0	static
../Core/Src/audio.c:2474:22:tiltFilterTick	8	static
../Core/Src/audio.c:2482:22:tanhTick	8	static
../Core/Src/audio.c:2497:22:softClipTick	4	static
../Core/Src/audio.c:2519:22:hardClipTick	16	static
../Core/Src/audio.c:2541:22:satTick	8	static
../Core/Src/audio.c:2553:22:bcTick	0	static
../Core/Src/audio.c:2560:22:compressorTick	0	static
../Core/Src/audio.c:2566:23:FXlowpassTick	0	static
../Core/Src/audio.c:2571:23:FXhighpassTick	0	static
../Core/Src/audio.c:2576:23:FXbandpassTick	0	static
../Core/Src/audio.c:2581:23:FXdiodeLowpassTick	0	static
../Core/Src/audio.c:2586:23:FXVZpeakTick	0	static
../Core/Src/audio.c:2591:23:FXVZlowshelfTick	0	static
../Core/Src/audio.c:2595:23:FXVZhighshelfTick	0	static
../Core/Src/audio.c:2599:23:FXVZbandrejectTick	0	static
../Core/Src/audio.c:2604:23:FXLadderLowpassTick	0	static
../Core/Src/audio.c:2610:6:FXLowpassParam1	16	static
../Core/Src/audio.c:2616:6:FXHighpassParam1	16	static
../Core/Src/audio.c:2623:6:FXBandpassParam1	16	static
../Core/Src/audio.c:2630:6:FXDiodeParam1	16	static
../Core/Src/audio.c:2636:6:FXPeakParam1	16	static
../Core/Src/audio.c:2642:6:FXLowShelfParam1	16	static
../Core/Src/audio.c:2648:6:FXHighShelfParam1	16	static
../Core/Src/audio.c:2654:6:FXNotchParam1	16	static
../Core/Src/audio.c:2660:6:FXLadderParam1	16	static
../Core/Src/audio.c:2669:6:FXPeakParam2	16	static
../Core/Src/audio.c:2674:6:FXLowShelfParam2	16	static
../Core/Src/audio.c:2679:6:FXHighShelfParam2	16	static
../Core/Src/audio.c:2684:6:FXNotchParam2	16	static
../Core/Src/audio.c:2690:6:FXLowpassParam3	0	static
../Core/Src/audio.c:2695:6:FXHighpassParam3	0	static
../Core/Src/audio.c:2700:6:FXBandpassParam3	0	static
../Core/Src/audio.c:2705:6:FXDiodeParam3	0	static
../Core/Src/audio.c:2711:6:FXPeakParam3	0	static
../Core/Src/audio.c:2717:6:FXLowShelfParam3	0	static
../Core/Src/audio.c:2723:6:FXHighShelfParam3	0	static
../Core/Src/audio.c:2729:6:FXNotchParam3	0	static
../Core/Src/audio.c:2735:6:FXLadderParam3	0	static
../Core/Src/audio.c:2745:21:noiseSetTilt	16	static
../Core/Src/audio.c:2752:21:noiseSetGain	8	static
../Core/Src/audio.c:2757:21:noiseSetFreq	8	static
../Core/Src/audio.c:2768:21:noise_tick	40	static
../Core/Src/audio.c:1721:8:audioTickL	128	dynamic
../Core/Src/audio.c:703:6:audioFrame	152	static
../Core/Src/audio.c:2791:6:HAL_SPI_RxCpltCallback	8	static
../Core/Src/audio.c:2825:6:HAL_SPI_RxHalfCpltCallback	8	static
../Core/Src/audio.c:2859:6:HAL_SPI_TxRxCpltCallback	8	static
../Core/Src/audio.c:2870:6:HAL_SPI_TxRxHalfCpltCallback	8	static
../Core/Src/audio.c:2880:21:HAL_SAI_TxCpltCallback	0	static
../Core/Src/audio.c:2886:21:HAL_SAI_TxHalfCpltCallback	0	static
../Core/Src/audio.c:2892:6:HAL_SAI_ErrorCallback	0	static
