../Core/Src/audio.c:336:7:map	0	static
../Core/Src/audio.c:342:6:audioInit	136	static
../Core/Src/audio.c:636:6:audioStart	16	static
../Core/Src/audio.c:650:6:updateStateFromSPIMessage	24	static
../Core/Src/audio.c:1162:21:oscillator_tick	120	static
../Core/Src/audio.c:1225:22:sawSquareTick	40	static
../Core/Src/audio.c:1237:22:sineTriTick	40	static
../Core/Src/audio.c:1248:22:sawTick	32	static
../Core/Src/audio.c:1258:22:pulseTick	40	static
../Core/Src/audio.c:1269:22:sineTick	16	static
../Core/Src/audio.c:1275:22:triTick	40	static
../Core/Src/audio.c:1286:22:userTick	0	static
../Core/Src/audio.c:1295:22:filter_tick	56	static
../Core/Src/audio.c:1342:22:lowpassTick	24	static
../Core/Src/audio.c:1349:22:highpassTick	24	static
../Core/Src/audio.c:1356:22:bandpassTick	24	static
../Core/Src/audio.c:1363:22:diodeLowpassTick	24	static
../Core/Src/audio.c:1370:22:VZpeakTick	16	static
../Core/Src/audio.c:1376:22:VZlowshelfTick	16	static
../Core/Src/audio.c:1381:22:VZhighshelfTick	16	static
../Core/Src/audio.c:1386:22:VZbandrejectTick	24	static
../Core/Src/audio.c:1393:22:LadderLowpassTick	24	static
../Core/Src/audio.c:1403:21:setFreqMultPitch	16	static
../Core/Src/audio.c:1414:21:setFreqMultHarm	0	static
../Core/Src/audio.c:1435:22:lowpassSetQ	0	static
../Core/Src/audio.c:1440:22:highpassSetQ	0	static
../Core/Src/audio.c:1445:22:bandpassSetQ	0	static
../Core/Src/audio.c:1450:22:diodeLowpassSetQ	0	static
../Core/Src/audio.c:1455:22:VZpeakSetQ	0	static
../Core/Src/audio.c:1460:22:VZlowshelfSetQ	0	static
../Core/Src/audio.c:1465:22:VZhighshelfSetQ	0	static
../Core/Src/audio.c:1470:22:VZbandrejectSetQ	0	static
../Core/Src/audio.c:1475:22:LadderLowpassSetQ	0	static
../Core/Src/audio.c:1480:22:lowpassSetGain	16	static
../Core/Src/audio.c:1485:22:highpassSetGain	16	static
../Core/Src/audio.c:1490:22:bandpassSetGain	16	static
../Core/Src/audio.c:1495:22:diodeLowpassSetGain	16	static
../Core/Src/audio.c:1500:22:VZpeakSetGain	16	static
../Core/Src/audio.c:1505:22:VZlowshelfSetGain	16	static
../Core/Src/audio.c:1510:22:VZhighshelfSetGain	16	static
../Core/Src/audio.c:1515:22:VZbandrejectSetGain	16	static
../Core/Src/audio.c:1520:23:LadderLowpassSetGain	16	static
../Core/Src/audio.c:1526:21:envelope_tick	24	static
../Core/Src/audio.c:1540:21:lfo_tick	40	static
../Core/Src/audio.c:1557:23:setEnvelopeAttack	0	static
../Core/Src/audio.c:1563:23:setEnvelopeDecay	0	static
../Core/Src/audio.c:1569:23:setEnvelopeSustain	0	static
../Core/Src/audio.c:1574:23:setEnvelopeRelease	0	static
../Core/Src/audio.c:1580:23:setEnvelopeLeak	0	static
../Core/Src/audio.c:1585:23:setAmp	0	static
../Core/Src/audio.c:1590:23:setMaster	0	static
../Core/Src/audio.c:1595:23:setTranspose	0	static
../Core/Src/audio.c:1600:23:setPitchBendRange	0	static
../Core/Src/audio.c:1605:23:setFinalLowpass	8	static
../Core/Src/audio.c:1611:21:tickMappings	56	static
../Core/Src/audio.c:1890:8:audioTickString	96	dynamic
../Core/Src/audio.c:1948:8:audioTickString2	96	dynamic
../Core/Src/audio.c:2074:6:lfoSawSquareTick	8	static
../Core/Src/audio.c:2079:6:lfoSineTriTick	8	static
../Core/Src/audio.c:2084:6:lfoSineTick	8	static
../Core/Src/audio.c:2089:6:lfoTriTick	8	static
../Core/Src/audio.c:2093:6:lfoSawTick	8	static
../Core/Src/audio.c:2098:6:lfoPulseTick	8	static
../Core/Src/audio.c:2103:6:lfoSawSquareSetRate	0	static
../Core/Src/audio.c:2108:6:lfoSineTriSetRate	0	static
../Core/Src/audio.c:2112:6:lfoSineSetRate	0	static
../Core/Src/audio.c:2116:6:lfoTriSetRate	0	static
../Core/Src/audio.c:2120:6:lfoSawSetRate	0	static
../Core/Src/audio.c:2124:6:lfoPulseSetRate	0	static
../Core/Src/audio.c:2130:6:lfoSawSquareSetPhase	0	static
../Core/Src/audio.c:2134:6:lfoSineTriSetPhase	0	static
../Core/Src/audio.c:2138:6:lfoSineSetPhase	0	static
../Core/Src/audio.c:2142:6:lfoTriSetPhase	0	static
../Core/Src/audio.c:2146:6:lfoSawSetPhase	0	static
../Core/Src/audio.c:2150:6:lfoPulseSetPhase	0	static
../Core/Src/audio.c:2156:6:lfoSawSquareSetShape	0	static
../Core/Src/audio.c:2160:6:lfoSineTriSetShape	0	static
../Core/Src/audio.c:2164:6:lfoSineSetShape	0	static
../Core/Src/audio.c:2168:6:lfoTriSetShape	0	static
../Core/Src/audio.c:2172:6:lfoSawSetShape	0	static
../Core/Src/audio.c:2176:6:lfoPulseSetShape	0	static
../Core/Src/audio.c:2194:22:clipperGainSet	16	static
../Core/Src/audio.c:2198:22:wavefolderParam1	16	static
../Core/Src/audio.c:2202:22:wavefolderParam3	0	static
../Core/Src/audio.c:2209:22:tiltParam1	16	static
../Core/Src/audio.c:2215:22:tiltParam2	16	static
../Core/Src/audio.c:2221:22:tiltParam3	0	static
../Core/Src/audio.c:2225:22:tiltParam4	16	static
../Core/Src/audio.c:2230:22:compressorParam1	0	static
../Core/Src/audio.c:2234:22:compressorParam2	0	static
../Core/Src/audio.c:2240:22:compressorParam3	0	static
../Core/Src/audio.c:2245:22:compressorParam4	8	static
../Core/Src/audio.c:2251:22:compressorParam5	8	static
../Core/Src/audio.c:2257:22:offsetParam2	0	static
../Core/Src/audio.c:2261:21:param2Linear	0	static
../Core/Src/audio.c:2265:21:param3Linear	0	static
../Core/Src/audio.c:2269:21:param3Soft	0	static
../Core/Src/audio.c:2275:21:param3Hard	16	static
../Core/Src/audio.c:2285:21:param4Linear	0	static
../Core/Src/audio.c:2290:21:param5Linear	0	static
../Core/Src/audio.c:2294:21:param2BC	0	static
../Core/Src/audio.c:2298:21:param3BC	0	static
../Core/Src/audio.c:2303:21:param4BC	0	static
../Core/Src/audio.c:2307:21:param5BC	0	static
../Core/Src/audio.c:2314:21:fxMixSet	0	static
../Core/Src/audio.c:2319:21:fxPostGainSet	16	static
../Core/Src/audio.c:2327:22:wavefolderTick	24	static
../Core/Src/audio.c:2365:21:chorusParam1	0	static
../Core/Src/audio.c:2369:21:chorusParam2	0	static
../Core/Src/audio.c:2374:21:chorusParam3	0	static
../Core/Src/audio.c:2379:21:chorusParam4	0	static
../Core/Src/audio.c:2385:22:chorusTick	0	static
../Core/Src/audio.c:2396:22:shaperTick	8	static
../Core/Src/audio.c:2404:22:blankTick	0	static
../Core/Src/audio.c:2409:22:tiltFilterTick	8	static
../Core/Src/audio.c:2417:22:tanhTick	8	static
../Core/Src/audio.c:2432:22:softClipTick	4	static
../Core/Src/audio.c:2454:22:hardClipTick	16	static
../Core/Src/audio.c:2476:22:satTick	8	static
../Core/Src/audio.c:2488:22:bcTick	0	static
../Core/Src/audio.c:2495:22:compressorTick	0	static
../Core/Src/audio.c:2501:23:FXlowpassTick	0	static
../Core/Src/audio.c:2506:23:FXhighpassTick	0	static
../Core/Src/audio.c:2511:23:FXbandpassTick	0	static
../Core/Src/audio.c:2516:23:FXdiodeLowpassTick	0	static
../Core/Src/audio.c:2521:23:FXVZpeakTick	0	static
../Core/Src/audio.c:2526:23:FXVZlowshelfTick	0	static
../Core/Src/audio.c:2530:23:FXVZhighshelfTick	0	static
../Core/Src/audio.c:2534:23:FXVZbandrejectTick	0	static
../Core/Src/audio.c:2539:23:FXLadderLowpassTick	0	static
../Core/Src/audio.c:2545:6:FXLowpassParam1	16	static
../Core/Src/audio.c:2551:6:FXHighpassParam1	16	static
../Core/Src/audio.c:2558:6:FXBandpassParam1	16	static
../Core/Src/audio.c:2565:6:FXDiodeParam1	16	static
../Core/Src/audio.c:2571:6:FXPeakParam1	16	static
../Core/Src/audio.c:2577:6:FXLowShelfParam1	16	static
../Core/Src/audio.c:2583:6:FXHighShelfParam1	16	static
../Core/Src/audio.c:2589:6:FXNotchParam1	16	static
../Core/Src/audio.c:2595:6:FXLadderParam1	16	static
../Core/Src/audio.c:2604:6:FXPeakParam2	16	static
../Core/Src/audio.c:2609:6:FXLowShelfParam2	16	static
../Core/Src/audio.c:2614:6:FXHighShelfParam2	16	static
../Core/Src/audio.c:2619:6:FXNotchParam2	16	static
../Core/Src/audio.c:2625:6:FXLowpassParam3	0	static
../Core/Src/audio.c:2630:6:FXHighpassParam3	0	static
../Core/Src/audio.c:2635:6:FXBandpassParam3	0	static
../Core/Src/audio.c:2640:6:FXDiodeParam3	0	static
../Core/Src/audio.c:2646:6:FXPeakParam3	0	static
../Core/Src/audio.c:2652:6:FXLowShelfParam3	0	static
../Core/Src/audio.c:2658:6:FXHighShelfParam3	0	static
../Core/Src/audio.c:2664:6:FXNotchParam3	0	static
../Core/Src/audio.c:2670:6:FXLadderParam3	0	static
../Core/Src/audio.c:2680:21:noiseSetTilt	16	static
../Core/Src/audio.c:2687:21:noiseSetGain	8	static
../Core/Src/audio.c:2692:21:noiseSetFreq	8	static
../Core/Src/audio.c:2703:21:noise_tick	40	static
../Core/Src/audio.c:1656:8:audioTickL	128	dynamic
../Core/Src/audio.c:697:6:audioFrame	152	static
../Core/Src/audio.c:2726:6:HAL_SPI_RxCpltCallback	8	static
../Core/Src/audio.c:2746:6:HAL_SPI_RxHalfCpltCallback	8	static
../Core/Src/audio.c:2767:6:HAL_SPI_TxRxCpltCallback	8	static
../Core/Src/audio.c:2778:6:HAL_SPI_TxRxHalfCpltCallback	8	static
../Core/Src/audio.c:2789:21:HAL_SAI_TxCpltCallback	0	static
../Core/Src/audio.c:2795:21:HAL_SAI_TxHalfCpltCallback	0	static
../Core/Src/audio.c:2801:6:HAL_SAI_ErrorCallback	0	static
