../Core/Src/audio.c:336:7:map	0	static
../Core/Src/audio.c:342:6:audioInit	136	static
../Core/Src/audio.c:637:6:audioStart	16	static
../Core/Src/audio.c:651:21:updateStateFromSPIMessage	24	static
../Core/Src/audio.c:1163:21:oscillator_tick	120	static
../Core/Src/audio.c:1226:22:sawSquareTick	40	static
../Core/Src/audio.c:1238:22:sineTriTick	40	static
../Core/Src/audio.c:1249:22:sawTick	32	static
../Core/Src/audio.c:1259:22:pulseTick	40	static
../Core/Src/audio.c:1270:22:sineTick	16	static
../Core/Src/audio.c:1276:22:triTick	40	static
../Core/Src/audio.c:1287:22:userTick	0	static
../Core/Src/audio.c:1296:22:filter_tick	56	static
../Core/Src/audio.c:1343:22:lowpassTick	24	static
../Core/Src/audio.c:1350:22:highpassTick	24	static
../Core/Src/audio.c:1357:22:bandpassTick	24	static
../Core/Src/audio.c:1364:22:diodeLowpassTick	24	static
../Core/Src/audio.c:1371:22:VZpeakTick	16	static
../Core/Src/audio.c:1377:22:VZlowshelfTick	16	static
../Core/Src/audio.c:1382:22:VZhighshelfTick	16	static
../Core/Src/audio.c:1387:22:VZbandrejectTick	24	static
../Core/Src/audio.c:1394:22:LadderLowpassTick	24	static
../Core/Src/audio.c:1404:21:setFreqMultPitch	16	static
../Core/Src/audio.c:1415:21:setFreqMultHarm	0	static
../Core/Src/audio.c:1436:22:lowpassSetQ	0	static
../Core/Src/audio.c:1441:22:highpassSetQ	0	static
../Core/Src/audio.c:1446:22:bandpassSetQ	0	static
../Core/Src/audio.c:1451:22:diodeLowpassSetQ	0	static
../Core/Src/audio.c:1456:22:VZpeakSetQ	0	static
../Core/Src/audio.c:1461:22:VZlowshelfSetQ	0	static
../Core/Src/audio.c:1466:22:VZhighshelfSetQ	0	static
../Core/Src/audio.c:1471:22:VZbandrejectSetQ	0	static
../Core/Src/audio.c:1476:22:LadderLowpassSetQ	0	static
../Core/Src/audio.c:1481:22:lowpassSetGain	16	static
../Core/Src/audio.c:1486:22:highpassSetGain	16	static
../Core/Src/audio.c:1491:22:bandpassSetGain	16	static
../Core/Src/audio.c:1496:22:diodeLowpassSetGain	16	static
../Core/Src/audio.c:1501:22:VZpeakSetGain	16	static
../Core/Src/audio.c:1506:22:VZlowshelfSetGain	16	static
../Core/Src/audio.c:1511:22:VZhighshelfSetGain	16	static
../Core/Src/audio.c:1516:22:VZbandrejectSetGain	16	static
../Core/Src/audio.c:1521:23:LadderLowpassSetGain	16	static
../Core/Src/audio.c:1527:21:envelope_tick	24	static
../Core/Src/audio.c:1541:21:lfo_tick	40	static
../Core/Src/audio.c:1558:23:setEnvelopeAttack	0	static
../Core/Src/audio.c:1564:23:setEnvelopeDecay	0	static
../Core/Src/audio.c:1570:23:setEnvelopeSustain	0	static
../Core/Src/audio.c:1575:23:setEnvelopeRelease	0	static
../Core/Src/audio.c:1581:23:setEnvelopeLeak	0	static
../Core/Src/audio.c:1586:23:setAmp	0	static
../Core/Src/audio.c:1591:23:setMaster	0	static
../Core/Src/audio.c:1596:23:setTranspose	0	static
../Core/Src/audio.c:1601:23:setPitchBendRange	0	static
../Core/Src/audio.c:1606:23:setFinalLowpass	8	static
../Core/Src/audio.c:1612:21:tickMappings	56	static
../Core/Src/audio.c:1891:22:audioTickString	96	dynamic
../Core/Src/audio.c:1949:23:audioTickString2	96	dynamic
../Core/Src/audio.c:2075:21:lfoSawSquareTick	8	static
../Core/Src/audio.c:2080:21:lfoSineTriTick	8	static
../Core/Src/audio.c:2085:21:lfoSineTick	8	static
../Core/Src/audio.c:2090:21:lfoTriTick	8	static
../Core/Src/audio.c:2094:21:lfoSawTick	8	static
../Core/Src/audio.c:2099:21:lfoPulseTick	8	static
../Core/Src/audio.c:2104:21:lfoSawSquareSetRate	0	static
../Core/Src/audio.c:2109:21:lfoSineTriSetRate	0	static
../Core/Src/audio.c:2113:21:lfoSineSetRate	0	static
../Core/Src/audio.c:2117:21:lfoTriSetRate	0	static
../Core/Src/audio.c:2121:21:lfoSawSetRate	0	static
../Core/Src/audio.c:2125:21:lfoPulseSetRate	0	static
../Core/Src/audio.c:2131:21:lfoSawSquareSetPhase	0	static
../Core/Src/audio.c:2135:21:lfoSineTriSetPhase	0	static
../Core/Src/audio.c:2139:21:lfoSineSetPhase	0	static
../Core/Src/audio.c:2143:21:lfoTriSetPhase	0	static
../Core/Src/audio.c:2147:21:lfoSawSetPhase	0	static
../Core/Src/audio.c:2151:21:lfoPulseSetPhase	0	static
../Core/Src/audio.c:2157:21:lfoSawSquareSetShape	0	static
../Core/Src/audio.c:2161:21:lfoSineTriSetShape	0	static
../Core/Src/audio.c:2165:21:lfoSineSetShape	0	static
../Core/Src/audio.c:2169:21:lfoTriSetShape	0	static
../Core/Src/audio.c:2173:21:lfoSawSetShape	0	static
../Core/Src/audio.c:2177:21:lfoPulseSetShape	0	static
../Core/Src/audio.c:2195:22:clipperGainSet	16	static
../Core/Src/audio.c:2199:22:wavefolderParam1	16	static
../Core/Src/audio.c:2203:22:wavefolderParam3	0	static
../Core/Src/audio.c:2210:22:tiltParam1	16	static
../Core/Src/audio.c:2216:22:tiltParam2	16	static
../Core/Src/audio.c:2222:22:tiltParam3	0	static
../Core/Src/audio.c:2226:22:tiltParam4	16	static
../Core/Src/audio.c:2231:22:compressorParam1	0	static
../Core/Src/audio.c:2235:22:compressorParam2	0	static
../Core/Src/audio.c:2241:22:compressorParam3	0	static
../Core/Src/audio.c:2246:22:compressorParam4	8	static
../Core/Src/audio.c:2252:22:compressorParam5	8	static
../Core/Src/audio.c:2258:22:offsetParam2	0	static
../Core/Src/audio.c:2262:21:param2Linear	0	static
../Core/Src/audio.c:2266:21:param3Linear	0	static
../Core/Src/audio.c:2270:21:param3Soft	0	static
../Core/Src/audio.c:2276:21:param3Hard	16	static
../Core/Src/audio.c:2286:21:param4Linear	0	static
../Core/Src/audio.c:2291:21:param5Linear	0	static
../Core/Src/audio.c:2295:21:param2BC	0	static
../Core/Src/audio.c:2299:21:param3BC	0	static
../Core/Src/audio.c:2304:21:param4BC	0	static
../Core/Src/audio.c:2308:21:param5BC	0	static
../Core/Src/audio.c:2315:21:fxMixSet	0	static
../Core/Src/audio.c:2320:21:fxPostGainSet	16	static
../Core/Src/audio.c:2328:22:wavefolderTick	24	static
../Core/Src/audio.c:2366:21:chorusParam1	0	static
../Core/Src/audio.c:2370:21:chorusParam2	0	static
../Core/Src/audio.c:2375:21:chorusParam3	0	static
../Core/Src/audio.c:2380:21:chorusParam4	0	static
../Core/Src/audio.c:2386:22:chorusTick	40	static
../Core/Src/audio.c:2397:22:shaperTick	8	static
../Core/Src/audio.c:2405:22:blankTick	0	static
../Core/Src/audio.c:2410:22:tiltFilterTick	8	static
../Core/Src/audio.c:2418:22:tanhTick	8	static
../Core/Src/audio.c:2433:22:softClipTick	4	static
../Core/Src/audio.c:2455:22:hardClipTick	16	static
../Core/Src/audio.c:2477:22:satTick	8	static
../Core/Src/audio.c:2489:22:bcTick	0	static
../Core/Src/audio.c:2496:22:compressorTick	0	static
../Core/Src/audio.c:2502:23:FXlowpassTick	0	static
../Core/Src/audio.c:2507:23:FXhighpassTick	0	static
../Core/Src/audio.c:2512:23:FXbandpassTick	0	static
../Core/Src/audio.c:2517:23:FXdiodeLowpassTick	0	static
../Core/Src/audio.c:2522:23:FXVZpeakTick	0	static
../Core/Src/audio.c:2527:23:FXVZlowshelfTick	0	static
../Core/Src/audio.c:2531:23:FXVZhighshelfTick	0	static
../Core/Src/audio.c:2535:23:FXVZbandrejectTick	0	static
../Core/Src/audio.c:2540:23:FXLadderLowpassTick	0	static
../Core/Src/audio.c:2546:22:FXLowpassParam1	16	static
../Core/Src/audio.c:2552:21:FXHighpassParam1	16	static
../Core/Src/audio.c:2559:21:FXBandpassParam1	16	static
../Core/Src/audio.c:2566:21:FXDiodeParam1	16	static
../Core/Src/audio.c:2572:21:FXPeakParam1	16	static
../Core/Src/audio.c:2578:21:FXLowShelfParam1	16	static
../Core/Src/audio.c:2584:21:FXHighShelfParam1	16	static
../Core/Src/audio.c:2590:21:FXNotchParam1	16	static
../Core/Src/audio.c:2596:21:FXLadderParam1	16	static
../Core/Src/audio.c:2605:21:FXPeakParam2	16	static
../Core/Src/audio.c:2610:21:FXLowShelfParam2	16	static
../Core/Src/audio.c:2615:21:FXHighShelfParam2	16	static
../Core/Src/audio.c:2620:21:FXNotchParam2	16	static
../Core/Src/audio.c:2626:21:FXLowpassParam3	0	static
../Core/Src/audio.c:2631:21:FXHighpassParam3	0	static
../Core/Src/audio.c:2636:21:FXBandpassParam3	0	static
../Core/Src/audio.c:2641:21:FXDiodeParam3	0	static
../Core/Src/audio.c:2647:21:FXPeakParam3	0	static
../Core/Src/audio.c:2653:21:FXLowShelfParam3	0	static
../Core/Src/audio.c:2659:21:FXHighShelfParam3	0	static
../Core/Src/audio.c:2665:21:FXNotchParam3	0	static
../Core/Src/audio.c:2671:21:FXLadderParam3	0	static
../Core/Src/audio.c:2681:21:noiseSetTilt	16	static
../Core/Src/audio.c:2688:21:noiseSetGain	8	static
../Core/Src/audio.c:2693:21:noiseSetFreq	8	static
../Core/Src/audio.c:2704:21:noise_tick	40	static
../Core/Src/audio.c:1657:22:audioTickL	128	dynamic
../Core/Src/audio.c:698:21:audioFrame	152	static
../Core/Src/audio.c:2727:21:HAL_SPI_RxCpltCallback	8	static,ignoring_inline_asm
../Core/Src/audio.c:2744:21:HAL_SPI_RxHalfCpltCallback	8	static,ignoring_inline_asm
../Core/Src/audio.c:2762:21:HAL_SPI_TxRxCpltCallback	24	static,ignoring_inline_asm
../Core/Src/audio.c:2775:21:HAL_SPI_TxRxHalfCpltCallback	24	static,ignoring_inline_asm
../Core/Src/audio.c:2789:21:HAL_SAI_TxCpltCallback	8	static,ignoring_inline_asm
../Core/Src/audio.c:2797:21:HAL_SAI_TxHalfCpltCallback	8	static,ignoring_inline_asm
../Core/Src/audio.c:2805:21:HAL_SAI_ErrorCallback	0	static
