../Core/Src/audio.c:343:7:map	0	static
../Core/Src/audio.c:349:6:audioInit	136	static
../Core/Src/audio.c:631:6:audioStart	16	static
../Core/Src/audio.c:646:21:updateStateFromSPIMessage	24	static
../Core/Src/audio.c:710:21:switchStringModel	48	static
../Core/Src/audio.c:1147:21:oscillator_tick	112	static
../Core/Src/audio.c:1198:22:sawSquareTick	16	static
../Core/Src/audio.c:1210:22:sineTriTick	24	static
../Core/Src/audio.c:1221:22:sawTick	16	static
../Core/Src/audio.c:1231:22:pulseTick	24	static
../Core/Src/audio.c:1242:22:sineTick	16	static
../Core/Src/audio.c:1248:22:triTick	24	static
../Core/Src/audio.c:1259:22:userTick	0	static
../Core/Src/audio.c:1268:22:filter_tick	56	static
../Core/Src/audio.c:1311:22:lowpassTick	24	static
../Core/Src/audio.c:1318:22:highpassTick	24	static
../Core/Src/audio.c:1325:22:bandpassTick	24	static
../Core/Src/audio.c:1332:22:diodeLowpassTick	24	static
../Core/Src/audio.c:1339:22:VZpeakTick	16	static
../Core/Src/audio.c:1345:22:VZlowshelfTick	16	static
../Core/Src/audio.c:1350:22:VZhighshelfTick	16	static
../Core/Src/audio.c:1355:22:VZbandrejectTick	24	static
../Core/Src/audio.c:1362:22:LadderLowpassTick	24	static
../Core/Src/audio.c:1372:21:setFreqMultPitch	16	static
../Core/Src/audio.c:1383:21:setFreqMultHarm	0	static
../Core/Src/audio.c:1404:22:lowpassSetQ	0	static
../Core/Src/audio.c:1409:22:highpassSetQ	0	static
../Core/Src/audio.c:1414:22:bandpassSetQ	0	static
../Core/Src/audio.c:1419:22:diodeLowpassSetQ	0	static
../Core/Src/audio.c:1424:22:VZpeakSetQ	0	static
../Core/Src/audio.c:1429:22:VZlowshelfSetQ	0	static
../Core/Src/audio.c:1434:22:VZhighshelfSetQ	0	static
../Core/Src/audio.c:1439:22:VZbandrejectSetQ	0	static
../Core/Src/audio.c:1444:22:LadderLowpassSetQ	0	static
../Core/Src/audio.c:1449:22:lowpassSetGain	16	static
../Core/Src/audio.c:1454:22:highpassSetGain	16	static
../Core/Src/audio.c:1459:22:bandpassSetGain	16	static
../Core/Src/audio.c:1464:22:diodeLowpassSetGain	16	static
../Core/Src/audio.c:1469:22:VZpeakSetGain	16	static
../Core/Src/audio.c:1474:22:VZlowshelfSetGain	16	static
../Core/Src/audio.c:1479:22:VZhighshelfSetGain	16	static
../Core/Src/audio.c:1484:22:VZbandrejectSetGain	16	static
../Core/Src/audio.c:1489:23:LadderLowpassSetGain	16	static
../Core/Src/audio.c:1495:21:envelope_tick	16	static
../Core/Src/audio.c:1508:21:lfo_tick	40	static
../Core/Src/audio.c:1522:23:setEnvelopeAttack	0	static
../Core/Src/audio.c:1528:23:setEnvelopeDecay	0	static
../Core/Src/audio.c:1534:23:setEnvelopeSustain	0	static
../Core/Src/audio.c:1539:23:setEnvelopeRelease	0	static
../Core/Src/audio.c:1545:23:setEnvelopeLeak	0	static
../Core/Src/audio.c:1550:23:setAmp	0	static
../Core/Src/audio.c:1555:23:setMaster	0	static
../Core/Src/audio.c:1560:23:setTranspose	0	static
../Core/Src/audio.c:1565:23:setPitchBendRange	0	static
../Core/Src/audio.c:1570:23:setFinalLowpass	8	static
../Core/Src/audio.c:1576:21:tickMappings	48	static
../Core/Src/audio.c:1818:22:audioTickString	96	dynamic
../Core/Src/audio.c:1876:23:audioTickString2	80	dynamic
../Core/Src/audio.c:1976:21:lfoSawSquareTick	8	static
../Core/Src/audio.c:1981:21:lfoSineTriTick	8	static
../Core/Src/audio.c:1986:21:lfoSineTick	8	static
../Core/Src/audio.c:1991:21:lfoTriTick	8	static
../Core/Src/audio.c:1995:21:lfoSawTick	8	static
../Core/Src/audio.c:2000:21:lfoPulseTick	8	static
../Core/Src/audio.c:2005:21:lfoSawSquareSetRate	0	static
../Core/Src/audio.c:2010:21:lfoSineTriSetRate	0	static
../Core/Src/audio.c:2014:21:lfoSineSetRate	0	static
../Core/Src/audio.c:2018:21:lfoTriSetRate	0	static
../Core/Src/audio.c:2022:21:lfoSawSetRate	0	static
../Core/Src/audio.c:2026:21:lfoPulseSetRate	0	static
../Core/Src/audio.c:2032:21:lfoSawSquareSetPhase	0	static
../Core/Src/audio.c:2036:21:lfoSineTriSetPhase	0	static
../Core/Src/audio.c:2040:21:lfoSineSetPhase	0	static
../Core/Src/audio.c:2044:21:lfoTriSetPhase	0	static
../Core/Src/audio.c:2048:21:lfoSawSetPhase	0	static
../Core/Src/audio.c:2052:21:lfoPulseSetPhase	0	static
../Core/Src/audio.c:2058:21:lfoSawSquareSetShape	0	static
../Core/Src/audio.c:2062:21:lfoSineTriSetShape	0	static
../Core/Src/audio.c:2066:21:lfoSineSetShape	0	static
../Core/Src/audio.c:2070:21:lfoTriSetShape	0	static
../Core/Src/audio.c:2074:21:lfoSawSetShape	0	static
../Core/Src/audio.c:2078:21:lfoPulseSetShape	0	static
../Core/Src/audio.c:2096:22:clipperGainSet	16	static
../Core/Src/audio.c:2100:22:wavefolderParam1	16	static
../Core/Src/audio.c:2104:22:wavefolderParam3	0	static
../Core/Src/audio.c:2111:22:tiltParam1	16	static
../Core/Src/audio.c:2117:22:tiltParam2	16	static
../Core/Src/audio.c:2123:22:tiltParam3	0	static
../Core/Src/audio.c:2127:22:tiltParam4	16	static
../Core/Src/audio.c:2132:22:compressorParam1	0	static
../Core/Src/audio.c:2136:22:compressorParam2	0	static
../Core/Src/audio.c:2142:22:compressorParam3	0	static
../Core/Src/audio.c:2147:22:compressorParam4	8	static
../Core/Src/audio.c:2153:22:compressorParam5	8	static
../Core/Src/audio.c:2159:22:offsetParam2	0	static
../Core/Src/audio.c:2163:21:param2Linear	0	static
../Core/Src/audio.c:2167:21:param3Linear	0	static
../Core/Src/audio.c:2171:21:param3Soft	0	static
../Core/Src/audio.c:2177:21:param3Hard	16	static
../Core/Src/audio.c:2187:21:param4Linear	0	static
../Core/Src/audio.c:2192:21:param5Linear	0	static
../Core/Src/audio.c:2196:21:param2BC	0	static
../Core/Src/audio.c:2200:21:param3BC	0	static
../Core/Src/audio.c:2205:21:param4BC	0	static
../Core/Src/audio.c:2209:21:param5BC	0	static
../Core/Src/audio.c:2216:21:fxMixSet	0	static
../Core/Src/audio.c:2221:21:fxPostGainSet	16	static
../Core/Src/audio.c:2229:22:wavefolderTick	24	static
../Core/Src/audio.c:2267:21:chorusParam1	0	static
../Core/Src/audio.c:2271:21:chorusParam2	0	static
../Core/Src/audio.c:2276:21:chorusParam3	0	static
../Core/Src/audio.c:2281:21:chorusParam4	0	static
../Core/Src/audio.c:2287:22:chorusTick	40	static
../Core/Src/audio.c:2298:22:shaperTick	8	static
../Core/Src/audio.c:2306:22:blankTick	0	static
../Core/Src/audio.c:2311:22:tiltFilterTick	8	static
../Core/Src/audio.c:2319:22:tanhTick	8	static
../Core/Src/audio.c:2334:22:softClipTick	4	static
../Core/Src/audio.c:2356:22:hardClipTick	16	static
../Core/Src/audio.c:2378:22:satTick	8	static
../Core/Src/audio.c:2390:22:bcTick	0	static
../Core/Src/audio.c:2397:22:compressorTick	0	static
../Core/Src/audio.c:2403:23:FXlowpassTick	0	static
../Core/Src/audio.c:2408:23:FXhighpassTick	0	static
../Core/Src/audio.c:2413:23:FXbandpassTick	0	static
../Core/Src/audio.c:2418:23:FXdiodeLowpassTick	0	static
../Core/Src/audio.c:2423:23:FXVZpeakTick	0	static
../Core/Src/audio.c:2428:23:FXVZlowshelfTick	0	static
../Core/Src/audio.c:2432:23:FXVZhighshelfTick	0	static
../Core/Src/audio.c:2436:23:FXVZbandrejectTick	0	static
../Core/Src/audio.c:2441:23:FXLadderLowpassTick	0	static
../Core/Src/audio.c:2447:22:FXLowpassParam1	16	static
../Core/Src/audio.c:2453:21:FXHighpassParam1	16	static
../Core/Src/audio.c:2460:21:FXBandpassParam1	16	static
../Core/Src/audio.c:2467:21:FXDiodeParam1	16	static
../Core/Src/audio.c:2473:21:FXPeakParam1	16	static
../Core/Src/audio.c:2479:21:FXLowShelfParam1	16	static
../Core/Src/audio.c:2485:21:FXHighShelfParam1	16	static
../Core/Src/audio.c:2491:21:FXNotchParam1	16	static
../Core/Src/audio.c:2497:21:FXLadderParam1	16	static
../Core/Src/audio.c:2506:21:FXPeakParam2	16	static
../Core/Src/audio.c:2511:21:FXLowShelfParam2	16	static
../Core/Src/audio.c:2516:21:FXHighShelfParam2	16	static
../Core/Src/audio.c:2521:21:FXNotchParam2	16	static
../Core/Src/audio.c:2527:21:FXLowpassParam3	0	static
../Core/Src/audio.c:2532:21:FXHighpassParam3	0	static
../Core/Src/audio.c:2537:21:FXBandpassParam3	0	static
../Core/Src/audio.c:2542:21:FXDiodeParam3	0	static
../Core/Src/audio.c:2548:21:FXPeakParam3	0	static
../Core/Src/audio.c:2554:21:FXLowShelfParam3	0	static
../Core/Src/audio.c:2560:21:FXHighShelfParam3	0	static
../Core/Src/audio.c:2566:21:FXNotchParam3	0	static
../Core/Src/audio.c:2572:21:FXLadderParam3	0	static
../Core/Src/audio.c:2582:21:noiseSetTilt	16	static
../Core/Src/audio.c:2589:21:noiseSetGain	8	static
../Core/Src/audio.c:2594:21:noiseSetFreq	8	static
../Core/Src/audio.c:2602:21:noise_tick	32	static
../Core/Src/audio.c:1633:22:audioTickL	136	dynamic
../Core/Src/audio.c:750:21:audioFrame	152	static
../Core/Src/audio.c:2621:21:HAL_SPI_RxCpltCallback	8	static,ignoring_inline_asm
../Core/Src/audio.c:2637:21:HAL_SPI_RxHalfCpltCallback	8	static,ignoring_inline_asm
../Core/Src/audio.c:2653:21:HAL_SPI_TxRxCpltCallback	24	static,ignoring_inline_asm
../Core/Src/audio.c:2666:21:HAL_SPI_TxRxHalfCpltCallback	24	static,ignoring_inline_asm
../Core/Src/audio.c:2680:21:HAL_SAI_TxCpltCallback	8	static,ignoring_inline_asm
../Core/Src/audio.c:2689:21:HAL_SAI_TxHalfCpltCallback	8	static,ignoring_inline_asm
../Core/Src/audio.c:2698:21:HAL_SAI_ErrorCallback	0	static
