../Core/Src/audiostream.c:596:21:audioFrameWaiting	4	static
../Core/Src/audiostream.c:568:21:audioFrameTesting	40	static
../Core/Src/audiostream.c:227:20:dbToATableLookup	0	static
../Core/Src/audiostream.c:248:20:mtofTableLookup	0	static
../Core/Src/audiostream.c:259:6:audioInit	24	static
../Core/Src/audiostream.c:403:6:audioStart	16	static
../Core/Src/audiostream.c:411:21:updateStateFromSPIMessage	24	static
../Core/Src/audiostream.c:451:6:voiceChangeCheck	16	static
../Core/Src/audiostream.c:528:21:HAL_SAI_TxCpltCallback	8	static,ignoring_inline_asm
../Core/Src/audiostream.c:546:21:HAL_SAI_TxHalfCpltCallback	8	static,ignoring_inline_asm
../Core/Src/audiostream.c:560:21:HAL_SAI_ErrorCallback	0	static
