../Core/Src/audio.c:165:6:audio_init	16	static
../Core/Src/audio.c:306:6:audio_start	16	static
../Core/Src/audio.c:320:21:audioFrame	40	static
../Core/Src/audio.c:369:21:oscillator_tick	96	static
../Core/Src/audio.c:407:22:sawSquareTick	32	static
../Core/Src/audio.c:419:22:sineTriTick	32	static
../Core/Src/audio.c:430:22:sawTick	24	static
../Core/Src/audio.c:440:22:pulseTick	32	static
../Core/Src/audio.c:451:22:sineTick	16	static
../Core/Src/audio.c:457:22:triTick	32	static
../Core/Src/audio.c:468:22:userTick	0	static
../Core/Src/audio.c:477:22:filter_tick	40	static
../Core/Src/audio.c:525:22:lowpassTick	24	static
../Core/Src/audio.c:532:22:highpassTick	24	static
../Core/Src/audio.c:539:22:bandpassTick	24	static
../Core/Src/audio.c:546:22:diodeLowpassTick	24	static
../Core/Src/audio.c:553:22:VZpeakTick	16	static
../Core/Src/audio.c:559:22:VZlowshelfTick	16	static
../Core/Src/audio.c:564:22:VZhighshelfTick	16	static
../Core/Src/audio.c:569:22:VZbandrejectTick	24	static
../Core/Src/audio.c:576:22:LadderLowpassTick	24	static
../Core/Src/audio.c:586:21:setFreqMultPitch	8	static
../Core/Src/audio.c:598:21:setFreqMultHarm	0	static
../Core/Src/audio.c:619:22:lowpassSetQ	0	static
../Core/Src/audio.c:624:22:highpassSetQ	0	static
../Core/Src/audio.c:629:22:bandpassSetQ	0	static
../Core/Src/audio.c:634:22:diodeLowpassSetQ	0	static
../Core/Src/audio.c:639:22:VZpeakSetQ	0	static
../Core/Src/audio.c:644:22:VZlowshelfSetQ	0	static
../Core/Src/audio.c:649:22:VZhighshelfSetQ	0	static
../Core/Src/audio.c:654:22:VZbandrejectSetQ	0	static
../Core/Src/audio.c:659:22:LadderLowpassSetQ	0	static
../Core/Src/audio.c:664:22:lowpassSetGain	8	static
../Core/Src/audio.c:669:22:highpassSetGain	8	static
../Core/Src/audio.c:674:22:bandpassSetGain	8	static
../Core/Src/audio.c:679:22:diodeLowpassSetGain	8	static
../Core/Src/audio.c:684:22:VZpeakSetGain	8	static
../Core/Src/audio.c:689:22:VZlowshelfSetGain	8	static
../Core/Src/audio.c:694:22:VZhighshelfSetGain	8	static
../Core/Src/audio.c:699:22:VZbandrejectSetGain	8	static
../Core/Src/audio.c:704:23:LadderLowpassSetGain	8	static
../Core/Src/audio.c:710:21:envelope_tick	24	static
../Core/Src/audio.c:723:21:lfo_tick	40	static
../Core/Src/audio.c:740:23:setEnvelopeAttack	0	static
../Core/Src/audio.c:745:23:setEnvelopeDecay	0	static
../Core/Src/audio.c:750:23:setEnvelopeSustain	0	static
../Core/Src/audio.c:755:23:setEnvelopeRelease	0	static
../Core/Src/audio.c:760:23:setEnvelopeLeak	0	static
../Core/Src/audio.c:765:23:setAmp	0	static
../Core/Src/audio.c:770:23:setMaster	0	static
../Core/Src/audio.c:775:23:setTranspose	0	static
../Core/Src/audio.c:780:23:setPitchBendRange	0	static
../Core/Src/audio.c:785:23:setFinalLowpass	8	static
../Core/Src/audio.c:791:21:tickMappings	40	static
../Core/Src/audio.c:830:22:audioTickL	16	static
../Core/Src/audio.c:932:21:sendNoteOn	32	static
../Core/Src/audio.c:981:21:sendCtrl	0	static
../Core/Src/audio.c:989:21:sendPitchBend	0	static
../Core/Src/audio.c:1003:21:HAL_SAI_RxCpltCallback	32	static
../Core/Src/audio.c:1009:21:HAL_SAI_RxHalfCpltCallback	32	static
../Core/Src/audio.c:1019:6:lfoSawSquareTick	8	static
../Core/Src/audio.c:1024:6:lfoSineTriTick	8	static
../Core/Src/audio.c:1029:6:lfoSineTick	8	static
../Core/Src/audio.c:1034:6:lfoTriTick	8	static
../Core/Src/audio.c:1038:6:lfoSawTick	8	static
../Core/Src/audio.c:1043:6:lfoPulseTick	8	static
../Core/Src/audio.c:1048:6:lfoSawSquareSetRate	0	static
../Core/Src/audio.c:1053:6:lfoSineTriSetRate	0	static
../Core/Src/audio.c:1057:6:lfoSineSetRate	0	static
../Core/Src/audio.c:1061:6:lfoTriSetRate	0	static
../Core/Src/audio.c:1065:6:lfoSawSetRate	0	static
../Core/Src/audio.c:1069:6:lfoPulseSetRate	0	static
../Core/Src/audio.c:1075:6:lfoSawSquareSetPhase	0	static
../Core/Src/audio.c:1079:6:lfoSineTriSetPhase	0	static
../Core/Src/audio.c:1083:6:lfoSineSetPhase	0	static
../Core/Src/audio.c:1087:6:lfoTriSetPhase	0	static
../Core/Src/audio.c:1091:6:lfoSawSetPhase	0	static
../Core/Src/audio.c:1095:6:lfoPulseSetPhase	0	static
../Core/Src/audio.c:1101:6:lfoSawSquareSetShape	0	static
../Core/Src/audio.c:1105:6:lfoSineTriSetShape	0	static
../Core/Src/audio.c:1109:6:lfoSineSetShape	0	static
../Core/Src/audio.c:1113:6:lfoTriSetShape	0	static
../Core/Src/audio.c:1117:6:lfoSawSetShape	0	static
../Core/Src/audio.c:1121:6:lfoPulseSetShape	0	static
../Core/Src/audio.c:1128:21:cStack_init	0	static
../Core/Src/audio.c:1139:21:cStack_push	4	static
../Core/Src/audio.c:1147:21:cStack_pop	0	static
../Core/Src/audio.c:1165:22:clipperGainSet	8	static
../Core/Src/audio.c:1169:22:wavefolderParam1	8	static
../Core/Src/audio.c:1173:22:wavefolderParam3	0	static
../Core/Src/audio.c:1180:22:tiltParam1	16	static
../Core/Src/audio.c:1186:22:tiltParam2	8	static
../Core/Src/audio.c:1192:22:tiltParam3	0	static
../Core/Src/audio.c:1196:22:tiltParam4	8	static
../Core/Src/audio.c:1201:22:compressorParam1	0	static
../Core/Src/audio.c:1205:22:compressorParam2	0	static
../Core/Src/audio.c:1211:22:compressorParam3	0	static
../Core/Src/audio.c:1216:22:compressorParam4	8	static
../Core/Src/audio.c:1222:22:compressorParam5	8	static
../Core/Src/audio.c:1228:22:offsetParam2	0	static
../Core/Src/audio.c:1232:21:param2Linear	0	static
../Core/Src/audio.c:1236:21:param3Linear	0	static
../Core/Src/audio.c:1240:21:param3Soft	0	static
../Core/Src/audio.c:1246:21:param3Hard	8	static
../Core/Src/audio.c:1251:21:param4Linear	0	static
../Core/Src/audio.c:1256:21:param5Linear	0	static
../Core/Src/audio.c:1260:21:param2BC	0	static
../Core/Src/audio.c:1264:21:param3BC	0	static
../Core/Src/audio.c:1269:21:param4BC	0	static
../Core/Src/audio.c:1273:21:param5BC	0	static
../Core/Src/audio.c:1280:21:fxMixSet	0	static
../Core/Src/audio.c:1285:21:fxPostGainSet	8	static
../Core/Src/audio.c:1293:22:wavefolderTick	24	static
../Core/Src/audio.c:1331:21:chorusParam1	0	static
../Core/Src/audio.c:1335:21:chorusParam2	0	static
../Core/Src/audio.c:1340:21:chorusParam3	0	static
../Core/Src/audio.c:1345:21:chorusParam4	0	static
../Core/Src/audio.c:1351:22:chorusTick	40	static
../Core/Src/audio.c:1361:22:shaperTick	8	static
../Core/Src/audio.c:1369:22:blankTick	0	static
../Core/Src/audio.c:1374:22:tiltFilterTick	8	static
../Core/Src/audio.c:1382:22:tanhTick	8	static
../Core/Src/audio.c:1397:22:softClipTick	0	static
../Core/Src/audio.c:1419:22:hardClipTick	16	static
../Core/Src/audio.c:1441:22:satTick	8	static
../Core/Src/audio.c:1453:22:bcTick	0	static
../Core/Src/audio.c:1460:22:compressorTick	0	static
../Core/Src/audio.c:1465:23:FXlowpassTick	0	static
../Core/Src/audio.c:1470:23:FXhighpassTick	0	static
../Core/Src/audio.c:1475:23:FXbandpassTick	0	static
../Core/Src/audio.c:1480:23:FXdiodeLowpassTick	0	static
../Core/Src/audio.c:1485:23:FXVZpeakTick	0	static
../Core/Src/audio.c:1490:23:FXVZlowshelfTick	0	static
../Core/Src/audio.c:1494:23:FXVZhighshelfTick	0	static
../Core/Src/audio.c:1498:23:FXVZbandrejectTick	0	static
../Core/Src/audio.c:1503:23:FXLadderLowpassTick	0	static
../Core/Src/audio.c:1509:6:FXLowpassParam1	8	static
../Core/Src/audio.c:1515:6:FXHighpassParam1	8	static
../Core/Src/audio.c:1522:6:FXBandpassParam1	8	static
../Core/Src/audio.c:1529:6:FXDiodeParam1	8	static
../Core/Src/audio.c:1535:6:FXPeakParam1	8	static
../Core/Src/audio.c:1541:6:FXLowShelfParam1	8	static
../Core/Src/audio.c:1547:6:FXHighShelfParam1	8	static
../Core/Src/audio.c:1553:6:FXNotchParam1	8	static
../Core/Src/audio.c:1559:6:FXLadderParam1	8	static
../Core/Src/audio.c:1568:6:FXPeakParam2	8	static
../Core/Src/audio.c:1573:6:FXLowShelfParam2	8	static
../Core/Src/audio.c:1578:6:FXHighShelfParam2	8	static
../Core/Src/audio.c:1583:6:FXNotchParam2	8	static
../Core/Src/audio.c:1589:6:FXLowpassParam3	0	static
../Core/Src/audio.c:1594:6:FXHighpassParam3	0	static
../Core/Src/audio.c:1599:6:FXBandpassParam3	0	static
../Core/Src/audio.c:1604:6:FXDiodeParam3	0	static
../Core/Src/audio.c:1610:6:FXPeakParam3	0	static
../Core/Src/audio.c:1616:6:FXLowShelfParam3	0	static
../Core/Src/audio.c:1622:6:FXHighShelfParam3	0	static
../Core/Src/audio.c:1628:6:FXNotchParam3	0	static
../Core/Src/audio.c:1634:6:FXLadderParam3	0	static
../Core/Src/audio.c:1644:21:noiseSetTilt	16	static
../Core/Src/audio.c:1651:21:noiseSetGain	8	static
../Core/Src/audio.c:1656:21:noiseSetFreq	0	static
../Core/Src/audio.c:1667:21:noise_tick	32	static
