../Core/Src/audio.c:343:7:map	0	static
../Core/Src/audio.c:349:6:audioInit	48	static
../Core/Src/audio.c:645:6:audioStart	16	static
../Core/Src/audio.c:660:21:updateStateFromSPIMessage	8	static
../Core/Src/audio.c:720:21:switchStringModel	24	static
../Core/Src/audio.c:1205:21:oscillator_tick	88	static
../Core/Src/audio.c:1268:22:sawSquareTick	16	static
../Core/Src/audio.c:1280:22:sineTriTick	32	static
../Core/Src/audio.c:1291:22:sawTick	16	static
../Core/Src/audio.c:1301:22:pulseTick	24	static
../Core/Src/audio.c:1312:22:sineTick	16	static
../Core/Src/audio.c:1318:22:triTick	24	static
../Core/Src/audio.c:1329:22:userTick	0	static
../Core/Src/audio.c:1338:22:filter_tick	56	static
../Core/Src/audio.c:1385:22:lowpassTick	16	static
../Core/Src/audio.c:1392:22:highpassTick	16	static
../Core/Src/audio.c:1399:22:bandpassTick	16	static
../Core/Src/audio.c:1406:22:diodeLowpassTick	16	static
../Core/Src/audio.c:1413:22:VZpeakTick	16	static
../Core/Src/audio.c:1419:22:VZlowshelfTick	16	static
../Core/Src/audio.c:1424:22:VZhighshelfTick	16	static
../Core/Src/audio.c:1429:22:VZbandrejectTick	16	static
../Core/Src/audio.c:1436:22:LadderLowpassTick	16	static
../Core/Src/audio.c:1446:21:setFreqMultPitch	16	static
../Core/Src/audio.c:1457:21:setFreqMultHarm	0	static
../Core/Src/audio.c:1478:22:lowpassSetQ	8	static
../Core/Src/audio.c:1483:22:highpassSetQ	8	static
../Core/Src/audio.c:1488:22:bandpassSetQ	8	static
../Core/Src/audio.c:1493:22:diodeLowpassSetQ	8	static
../Core/Src/audio.c:1498:22:VZpeakSetQ	8	static
../Core/Src/audio.c:1503:22:VZlowshelfSetQ	8	static
../Core/Src/audio.c:1508:22:VZhighshelfSetQ	8	static
../Core/Src/audio.c:1513:22:VZbandrejectSetQ	8	static
../Core/Src/audio.c:1518:22:LadderLowpassSetQ	8	static
../Core/Src/audio.c:1523:22:lowpassSetGain	16	static
../Core/Src/audio.c:1528:22:highpassSetGain	16	static
../Core/Src/audio.c:1533:22:bandpassSetGain	16	static
../Core/Src/audio.c:1538:22:diodeLowpassSetGain	16	static
../Core/Src/audio.c:1543:22:VZpeakSetGain	8	static
../Core/Src/audio.c:1548:22:VZlowshelfSetGain	8	static
../Core/Src/audio.c:1553:22:VZhighshelfSetGain	8	static
../Core/Src/audio.c:1558:22:VZbandrejectSetGain	16	static
../Core/Src/audio.c:1563:23:LadderLowpassSetGain	16	static
../Core/Src/audio.c:1569:21:envelope_tick	16	static
../Core/Src/audio.c:1583:21:lfo_tick	24	static
../Core/Src/audio.c:1600:23:setEnvelopeAttack	8	static
../Core/Src/audio.c:1606:23:setEnvelopeDecay	8	static
../Core/Src/audio.c:1612:23:setEnvelopeSustain	8	static
../Core/Src/audio.c:1617:23:setEnvelopeRelease	8	static
../Core/Src/audio.c:1623:23:setEnvelopeLeak	8	static
../Core/Src/audio.c:1628:23:setAmp	0	static
../Core/Src/audio.c:1633:23:setMaster	0	static
../Core/Src/audio.c:1638:23:setTranspose	0	static
../Core/Src/audio.c:1643:23:setPitchBendRange	0	static
../Core/Src/audio.c:1648:23:setFinalLowpass	8	static
../Core/Src/audio.c:1654:21:tickMappings	40	static
../Core/Src/audio.c:1944:22:audioTickString	48	dynamic
../Core/Src/audio.c:2002:23:audioTickString2	64	dynamic
../Core/Src/audio.c:2129:21:lfoSawSquareTick	8	static
../Core/Src/audio.c:2134:21:lfoSineTriTick	8	static
../Core/Src/audio.c:2139:21:lfoSineTick	8	static
../Core/Src/audio.c:2144:21:lfoTriTick	8	static
../Core/Src/audio.c:2148:21:lfoSawTick	8	static
../Core/Src/audio.c:2153:21:lfoPulseTick	8	static
../Core/Src/audio.c:2158:21:lfoSawSquareSetRate	8	static
../Core/Src/audio.c:2163:21:lfoSineTriSetRate	8	static
../Core/Src/audio.c:2167:21:lfoSineSetRate	8	static
../Core/Src/audio.c:2171:21:lfoTriSetRate	8	static
../Core/Src/audio.c:2175:21:lfoSawSetRate	8	static
../Core/Src/audio.c:2179:21:lfoPulseSetRate	8	static
../Core/Src/audio.c:2185:21:lfoSawSquareSetPhase	8	static
../Core/Src/audio.c:2189:21:lfoSineTriSetPhase	8	static
../Core/Src/audio.c:2193:21:lfoSineSetPhase	8	static
../Core/Src/audio.c:2197:21:lfoTriSetPhase	8	static
../Core/Src/audio.c:2201:21:lfoSawSetPhase	8	static
../Core/Src/audio.c:2205:21:lfoPulseSetPhase	8	static
../Core/Src/audio.c:2211:21:lfoSawSquareSetShape	8	static
../Core/Src/audio.c:2215:21:lfoSineTriSetShape	8	static
../Core/Src/audio.c:2219:21:lfoSineSetShape	0	static
../Core/Src/audio.c:2223:21:lfoTriSetShape	0	static
../Core/Src/audio.c:2227:21:lfoSawSetShape	0	static
../Core/Src/audio.c:2231:21:lfoPulseSetShape	8	static
../Core/Src/audio.c:2249:22:clipperGainSet	16	static
../Core/Src/audio.c:2253:22:wavefolderParam1	16	static
../Core/Src/audio.c:2257:22:wavefolderParam3	0	static
../Core/Src/audio.c:2264:22:tiltParam1	24	static
../Core/Src/audio.c:2270:22:tiltParam2	16	static
../Core/Src/audio.c:2276:22:tiltParam3	8	static
../Core/Src/audio.c:2280:22:tiltParam4	8	static
../Core/Src/audio.c:2285:22:compressorParam1	0	static
../Core/Src/audio.c:2289:22:compressorParam2	0	static
../Core/Src/audio.c:2295:22:compressorParam3	0	static
../Core/Src/audio.c:2300:22:compressorParam4	8	static
../Core/Src/audio.c:2306:22:compressorParam5	8	static
../Core/Src/audio.c:2312:22:offsetParam2	0	static
../Core/Src/audio.c:2316:21:param2Linear	0	static
../Core/Src/audio.c:2320:21:param3Linear	0	static
../Core/Src/audio.c:2324:21:param3Soft	0	static
../Core/Src/audio.c:2330:21:param3Hard	16	static
../Core/Src/audio.c:2340:21:param4Linear	0	static
../Core/Src/audio.c:2345:21:param5Linear	0	static
../Core/Src/audio.c:2349:21:param2BC	8	static
../Core/Src/audio.c:2353:21:param3BC	8	static
../Core/Src/audio.c:2358:21:param4BC	8	static
../Core/Src/audio.c:2362:21:param5BC	8	static
../Core/Src/audio.c:2369:21:fxMixSet	0	static
../Core/Src/audio.c:2374:21:fxPostGainSet	16	static
../Core/Src/audio.c:2382:22:wavefolderTick	16	static
../Core/Src/audio.c:2420:21:chorusParam1	0	static
../Core/Src/audio.c:2424:21:chorusParam2	0	static
../Core/Src/audio.c:2429:21:chorusParam3	8	static
../Core/Src/audio.c:2434:21:chorusParam4	8	static
../Core/Src/audio.c:2440:22:chorusTick	40	static
../Core/Src/audio.c:2451:22:shaperTick	8	static
../Core/Src/audio.c:2459:22:blankTick	0	static
../Core/Src/audio.c:2464:22:tiltFilterTick	8	static
../Core/Src/audio.c:2472:22:tanhTick	8	static
../Core/Src/audio.c:2487:22:softClipTick	8	static
../Core/Src/audio.c:2509:22:hardClipTick	16	static
../Core/Src/audio.c:2531:22:satTick	8	static
../Core/Src/audio.c:2543:22:bcTick	8	static
../Core/Src/audio.c:2550:22:compressorTick	8	static
../Core/Src/audio.c:2556:23:FXlowpassTick	8	static
../Core/Src/audio.c:2561:23:FXhighpassTick	8	static
../Core/Src/audio.c:2566:23:FXbandpassTick	8	static
../Core/Src/audio.c:2571:23:FXdiodeLowpassTick	8	static
../Core/Src/audio.c:2576:23:FXVZpeakTick	8	static
../Core/Src/audio.c:2581:23:FXVZlowshelfTick	8	static
../Core/Src/audio.c:2585:23:FXVZhighshelfTick	8	static
../Core/Src/audio.c:2589:23:FXVZbandrejectTick	8	static
../Core/Src/audio.c:2594:23:FXLadderLowpassTick	8	static
../Core/Src/audio.c:2600:22:FXLowpassParam1	16	static
../Core/Src/audio.c:2606:21:FXHighpassParam1	16	static
../Core/Src/audio.c:2613:21:FXBandpassParam1	16	static
../Core/Src/audio.c:2620:21:FXDiodeParam1	16	static
../Core/Src/audio.c:2626:21:FXPeakParam1	16	static
../Core/Src/audio.c:2632:21:FXLowShelfParam1	16	static
../Core/Src/audio.c:2638:21:FXHighShelfParam1	16	static
../Core/Src/audio.c:2644:21:FXNotchParam1	16	static
../Core/Src/audio.c:2650:21:FXLadderParam1	16	static
../Core/Src/audio.c:2659:21:FXPeakParam2	8	static
../Core/Src/audio.c:2664:21:FXLowShelfParam2	8	static
../Core/Src/audio.c:2669:21:FXHighShelfParam2	8	static
../Core/Src/audio.c:2674:21:FXNotchParam2	8	static
../Core/Src/audio.c:2680:21:FXLowpassParam3	8	static
../Core/Src/audio.c:2685:21:FXHighpassParam3	8	static
../Core/Src/audio.c:2690:21:FXBandpassParam3	8	static
../Core/Src/audio.c:2695:21:FXDiodeParam3	8	static
../Core/Src/audio.c:2701:21:FXPeakParam3	8	static
../Core/Src/audio.c:2707:21:FXLowShelfParam3	8	static
../Core/Src/audio.c:2713:21:FXHighShelfParam3	8	static
../Core/Src/audio.c:2719:21:FXNotchParam3	8	static
../Core/Src/audio.c:2725:21:FXLadderParam3	8	static
../Core/Src/audio.c:2735:21:noiseSetTilt	24	static
../Core/Src/audio.c:2742:21:noiseSetGain	8	static
../Core/Src/audio.c:2747:21:noiseSetFreq	8	static
../Core/Src/audio.c:2758:21:noise_tick	32	static
../Core/Src/audio.c:1699:22:audioTickL	72	dynamic
../Core/Src/audio.c:758:21:audioFrame	72	static
../Core/Src/audio.c:2781:21:HAL_SPI_RxCpltCallback	8	static,ignoring_inline_asm
../Core/Src/audio.c:2798:21:HAL_SPI_RxHalfCpltCallback	8	static,ignoring_inline_asm
../Core/Src/audio.c:2816:21:HAL_SPI_TxRxCpltCallback	8	static,ignoring_inline_asm
../Core/Src/audio.c:2829:21:HAL_SPI_TxRxHalfCpltCallback	8	static,ignoring_inline_asm
../Core/Src/audio.c:2843:21:HAL_SAI_TxCpltCallback	8	static,ignoring_inline_asm
../Core/Src/audio.c:2851:21:HAL_SAI_TxHalfCpltCallback	8	static,ignoring_inline_asm
../Core/Src/audio.c:2859:21:HAL_SAI_ErrorCallback	0	static
