../Core/Src/audio.c:445:6:changeOversampling	88	static
../Core/Src/audio.c:512:6:audioInit	128	static
../Core/Src/audio.c:831:6:audioStart	16	static
../Core/Src/audio.c:839:21:updateStateFromSPIMessage	16	static
../Core/Src/audio.c:877:21:switchStringModel	56	static
../Core/Src/audio.c:1554:22:audioTickString1	96	dynamic
../Core/Src/audio.c:1056:21:audioFrameString1	56	static
../Core/Src/audio.c:1634:23:audioTickString2	88	dynamic
../Core/Src/audio.c:1116:21:audioFrameString2	80	static
../Core/Src/audio.c:1735:22:audioTickAdditive	72	static
../Core/Src/audio.c:1231:21:audioFrameAdditive	152	static
../Core/Src/audio.c:1790:21:oscillator_tick	96	static
../Core/Src/audio.c:1837:22:sawSquareTick	24	static
../Core/Src/audio.c:1849:22:sineTriTick	24	static
../Core/Src/audio.c:1860:22:sawTick	16	static
../Core/Src/audio.c:1870:22:pulseTick	24	static
../Core/Src/audio.c:1881:22:sineTick	16	static
../Core/Src/audio.c:1887:22:triTick	24	static
../Core/Src/audio.c:1898:22:userTick	0	static
../Core/Src/audio.c:1907:22:filter_tick	32	static
../Core/Src/audio.c:1949:22:lowpassTick	24	static
../Core/Src/audio.c:1956:22:highpassTick	24	static
../Core/Src/audio.c:1963:22:bandpassTick	24	static
../Core/Src/audio.c:1970:22:diodeLowpassTick	24	static
../Core/Src/audio.c:1977:22:VZpeakTick	16	static
../Core/Src/audio.c:1983:22:VZlowshelfTick	16	static
../Core/Src/audio.c:1988:22:VZhighshelfTick	16	static
../Core/Src/audio.c:1993:22:VZbandrejectTick	24	static
../Core/Src/audio.c:2000:22:LadderLowpassTick	24	static
../Core/Src/audio.c:2010:21:setFreqMultPitch	0	static
../Core/Src/audio.c:2020:21:setFreqMultHarm	0	static
../Core/Src/audio.c:2041:22:lowpassSetQ	0	static
../Core/Src/audio.c:2046:22:highpassSetQ	0	static
../Core/Src/audio.c:2051:22:bandpassSetQ	0	static
../Core/Src/audio.c:2056:22:diodeLowpassSetQ	0	static
../Core/Src/audio.c:2061:22:VZpeakSetQ	0	static
../Core/Src/audio.c:2066:22:VZlowshelfSetQ	0	static
../Core/Src/audio.c:2071:22:VZhighshelfSetQ	0	static
../Core/Src/audio.c:2076:22:VZbandrejectSetQ	0	static
../Core/Src/audio.c:2081:22:LadderLowpassSetQ	0	static
../Core/Src/audio.c:2086:22:lowpassSetGain	16	static
../Core/Src/audio.c:2091:22:highpassSetGain	16	static
../Core/Src/audio.c:2096:22:bandpassSetGain	16	static
../Core/Src/audio.c:2101:22:diodeLowpassSetGain	16	static
../Core/Src/audio.c:2106:22:VZpeakSetGain	16	static
../Core/Src/audio.c:2111:22:VZlowshelfSetGain	16	static
../Core/Src/audio.c:2116:22:VZhighshelfSetGain	16	static
../Core/Src/audio.c:2121:22:VZbandrejectSetGain	16	static
../Core/Src/audio.c:2126:23:LadderLowpassSetGain	16	static
../Core/Src/audio.c:2132:21:envelope_tick	16	static
../Core/Src/audio.c:2144:21:lfo_tick	40	static
../Core/Src/audio.c:2158:23:setEnvelopeAttack	0	static
../Core/Src/audio.c:2164:23:setEnvelopeDecay	0	static
../Core/Src/audio.c:2170:23:setEnvelopeSustain	0	static
../Core/Src/audio.c:2175:23:setEnvelopeRelease	0	static
../Core/Src/audio.c:2181:23:setEnvelopeLeak	0	static
../Core/Src/audio.c:2186:23:setAmp	0	static
../Core/Src/audio.c:2191:23:setMaster	0	static
../Core/Src/audio.c:2196:23:setTranspose	0	static
../Core/Src/audio.c:2201:23:setPitchBendRange	0	static
../Core/Src/audio.c:2206:23:setFinalLowpass	0	static
../Core/Src/audio.c:2212:21:tickMappings	32	static
../Core/Src/audio.c:2260:21:lfoSawSquareTick	8	static
../Core/Src/audio.c:2265:21:lfoSineTriTick	8	static
../Core/Src/audio.c:2270:21:lfoSineTick	8	static
../Core/Src/audio.c:2275:21:lfoTriTick	8	static
../Core/Src/audio.c:2279:21:lfoSawTick	8	static
../Core/Src/audio.c:2284:21:lfoPulseTick	8	static
../Core/Src/audio.c:2289:21:lfoSawSquareSetRate	0	static
../Core/Src/audio.c:2294:21:lfoSineTriSetRate	0	static
../Core/Src/audio.c:2298:21:lfoSineSetRate	0	static
../Core/Src/audio.c:2302:21:lfoTriSetRate	0	static
../Core/Src/audio.c:2306:21:lfoSawSetRate	0	static
../Core/Src/audio.c:2310:21:lfoPulseSetRate	0	static
../Core/Src/audio.c:2316:21:lfoSawSquareSetPhase	0	static
../Core/Src/audio.c:2320:21:lfoSineTriSetPhase	0	static
../Core/Src/audio.c:2324:21:lfoSineSetPhase	0	static
../Core/Src/audio.c:2328:21:lfoTriSetPhase	0	static
../Core/Src/audio.c:2332:21:lfoSawSetPhase	0	static
../Core/Src/audio.c:2336:21:lfoPulseSetPhase	0	static
../Core/Src/audio.c:2342:21:lfoSawSquareSetShape	0	static
../Core/Src/audio.c:2346:21:lfoSineTriSetShape	0	static
../Core/Src/audio.c:2350:21:lfoSineSetShape	0	static
../Core/Src/audio.c:2354:21:lfoTriSetShape	0	static
../Core/Src/audio.c:2358:21:lfoSawSetShape	0	static
../Core/Src/audio.c:2362:21:lfoPulseSetShape	0	static
../Core/Src/audio.c:2372:22:clipperGainSet	16	static
../Core/Src/audio.c:2376:22:wavefolderParam1	16	static
../Core/Src/audio.c:2380:22:wavefolderParam3	0	static
../Core/Src/audio.c:2387:22:tiltParam1	48	static
../Core/Src/audio.c:2393:22:tiltParam2	16	static
../Core/Src/audio.c:2399:22:tiltParam3	0	static
../Core/Src/audio.c:2403:22:tiltParam4	16	static
../Core/Src/audio.c:2408:22:compressorParam1	0	static
../Core/Src/audio.c:2412:22:compressorParam2	0	static
../Core/Src/audio.c:2418:22:compressorParam3	0	static
../Core/Src/audio.c:2423:22:compressorParam4	8	static
../Core/Src/audio.c:2429:22:compressorParam5	8	static
../Core/Src/audio.c:2435:22:offsetParam2	0	static
../Core/Src/audio.c:2439:21:param2Linear	0	static
../Core/Src/audio.c:2443:21:param3Linear	0	static
../Core/Src/audio.c:2447:21:param3Soft	0	static
../Core/Src/audio.c:2453:21:param3Hard	16	static
../Core/Src/audio.c:2464:21:param3Poly	16	static
../Core/Src/audio.c:2476:21:param4Linear	0	static
../Core/Src/audio.c:2481:21:param5Linear	0	static
../Core/Src/audio.c:2485:21:param2BC	0	static
../Core/Src/audio.c:2489:21:param3BC	0	static
../Core/Src/audio.c:2494:21:param4BC	0	static
../Core/Src/audio.c:2498:21:param5BC	0	static
../Core/Src/audio.c:2505:21:fxMixSet	0	static
../Core/Src/audio.c:2510:21:fxPostGainSet	16	static
../Core/Src/audio.c:2518:22:wavefolderTick	24	static
../Core/Src/audio.c:2557:21:chorusParam1	0	static
../Core/Src/audio.c:2561:21:chorusParam2	0	static
../Core/Src/audio.c:2566:21:chorusParam3	0	static
../Core/Src/audio.c:2571:21:chorusParam4	0	static
../Core/Src/audio.c:2577:21:delayParam1	0	static
../Core/Src/audio.c:2582:21:delayParam2	16	static
../Core/Src/audio.c:2587:21:delayParam3	0	static
../Core/Src/audio.c:2592:21:delayParam4	0	static
../Core/Src/audio.c:2597:21:delayParam5	0	static
../Core/Src/audio.c:2602:7:delayTick	16	static
../Core/Src/audio.c:2620:22:chorusTick	40	static
../Core/Src/audio.c:2631:22:shaperTick	8	static
../Core/Src/audio.c:2639:22:blankTick	0	static
../Core/Src/audio.c:2644:22:tiltFilterTick	8	static
../Core/Src/audio.c:2652:22:tanhTick	8	static
../Core/Src/audio.c:2667:22:softClipTick	4	static
../Core/Src/audio.c:2689:22:hardClipTick	16	static
../Core/Src/audio.c:2711:22:polynomialShaperTick	16	static
../Core/Src/audio.c:2732:22:satTick	8	static
../Core/Src/audio.c:2744:22:bcTick	0	static
../Core/Src/audio.c:2751:22:compressorTick	0	static
../Core/Src/audio.c:2757:23:FXlowpassTick	0	static
../Core/Src/audio.c:2762:23:FXhighpassTick	0	static
../Core/Src/audio.c:2767:23:FXbandpassTick	0	static
../Core/Src/audio.c:2772:23:FXdiodeLowpassTick	0	static
../Core/Src/audio.c:2777:23:FXVZpeakTick	0	static
../Core/Src/audio.c:2782:23:FXVZlowshelfTick	0	static
../Core/Src/audio.c:2786:23:FXVZhighshelfTick	0	static
../Core/Src/audio.c:2790:23:FXVZbandrejectTick	0	static
../Core/Src/audio.c:2795:23:FXLadderLowpassTick	0	static
../Core/Src/audio.c:2801:22:FXLowpassParam1	0	static
../Core/Src/audio.c:2806:21:FXHighpassParam1	0	static
../Core/Src/audio.c:2812:21:FXBandpassParam1	0	static
../Core/Src/audio.c:2818:21:FXDiodeParam1	0	static
../Core/Src/audio.c:2823:21:FXPeakParam1	0	static
../Core/Src/audio.c:2828:21:FXLowShelfParam1	0	static
../Core/Src/audio.c:2833:21:FXHighShelfParam1	0	static
../Core/Src/audio.c:2838:21:FXNotchParam1	0	static
../Core/Src/audio.c:2843:21:FXLadderParam1	0	static
../Core/Src/audio.c:2851:21:FXPeakParam2	16	static
../Core/Src/audio.c:2856:21:FXLowShelfParam2	16	static
../Core/Src/audio.c:2861:21:FXHighShelfParam2	16	static
../Core/Src/audio.c:2866:21:FXNotchParam2	16	static
../Core/Src/audio.c:2872:21:FXLowpassParam3	0	static
../Core/Src/audio.c:2877:21:FXHighpassParam3	0	static
../Core/Src/audio.c:2882:21:FXBandpassParam3	0	static
../Core/Src/audio.c:2887:21:FXDiodeParam3	0	static
../Core/Src/audio.c:2893:21:FXPeakParam3	0	static
../Core/Src/audio.c:2899:21:FXLowShelfParam3	0	static
../Core/Src/audio.c:2905:21:FXHighShelfParam3	0	static
../Core/Src/audio.c:2911:21:FXNotchParam3	0	static
../Core/Src/audio.c:2917:21:FXLadderParam3	0	static
../Core/Src/audio.c:2927:21:noiseSetTilt	48	static
../Core/Src/audio.c:2934:21:noiseSetGain	8	static
../Core/Src/audio.c:2939:21:noiseSetFreq	8	static
../Core/Src/audio.c:2948:21:noise_tick	32	static
../Core/Src/audio.c:1377:22:audioTickSynth	128	dynamic
../Core/Src/audio.c:945:21:audioFrameSynth	80	static
../Core/Src/audio.c:2968:21:HAL_SAI_TxCpltCallback	16	static,ignoring_inline_asm
../Core/Src/audio.c:3023:21:HAL_SAI_TxHalfCpltCallback	16	static,ignoring_inline_asm
../Core/Src/audio.c:3078:21:HAL_SAI_ErrorCallback	0	static
