../Core/Src/audio.c:390:22:map	0	static
../Core/Src/audio.c:395:22:pickupNonLinearity	0	static
../Core/Src/audio.c:402:22:mtofTableLookup	8	static
../Core/Src/audio.c:413:6:audioInit	136	static
../Core/Src/audio.c:710:6:audioStart	16	static
../Core/Src/audio.c:718:21:updateStateFromSPIMessage	16	static
../Core/Src/audio.c:756:21:switchStringModel	56	static
../Core/Src/audio.c:1449:22:audioTickString1	96	dynamic
../Core/Src/audio.c:934:21:audioFrameString1	56	static
../Core/Src/audio.c:1529:23:audioTickString2	88	dynamic
../Core/Src/audio.c:994:21:audioFrameString2	80	static
../Core/Src/audio.c:1630:22:audioTickAdditive	72	static
../Core/Src/audio.c:1109:21:audioFrameAdditive	152	static
../Core/Src/audio.c:1685:21:oscillator_tick	96	static
../Core/Src/audio.c:1732:22:sawSquareTick	24	static
../Core/Src/audio.c:1744:22:sineTriTick	24	static
../Core/Src/audio.c:1755:22:sawTick	16	static
../Core/Src/audio.c:1765:22:pulseTick	24	static
../Core/Src/audio.c:1776:22:sineTick	16	static
../Core/Src/audio.c:1782:22:triTick	24	static
../Core/Src/audio.c:1793:22:userTick	0	static
../Core/Src/audio.c:1802:22:filter_tick	40	static
../Core/Src/audio.c:1846:22:lowpassTick	24	static
../Core/Src/audio.c:1853:22:highpassTick	24	static
../Core/Src/audio.c:1860:22:bandpassTick	24	static
../Core/Src/audio.c:1867:22:diodeLowpassTick	24	static
../Core/Src/audio.c:1874:22:VZpeakTick	16	static
../Core/Src/audio.c:1880:22:VZlowshelfTick	16	static
../Core/Src/audio.c:1885:22:VZhighshelfTick	16	static
../Core/Src/audio.c:1890:22:VZbandrejectTick	24	static
../Core/Src/audio.c:1897:22:LadderLowpassTick	24	static
../Core/Src/audio.c:1907:21:setFreqMultPitch	0	static
../Core/Src/audio.c:1918:21:setFreqMultHarm	0	static
../Core/Src/audio.c:1940:22:lowpassSetQ	0	static
../Core/Src/audio.c:1945:22:highpassSetQ	0	static
../Core/Src/audio.c:1950:22:bandpassSetQ	0	static
../Core/Src/audio.c:1955:22:diodeLowpassSetQ	0	static
../Core/Src/audio.c:1960:22:VZpeakSetQ	0	static
../Core/Src/audio.c:1965:22:VZlowshelfSetQ	0	static
../Core/Src/audio.c:1970:22:VZhighshelfSetQ	0	static
../Core/Src/audio.c:1975:22:VZbandrejectSetQ	0	static
../Core/Src/audio.c:1980:22:LadderLowpassSetQ	0	static
../Core/Src/audio.c:1985:22:lowpassSetGain	16	static
../Core/Src/audio.c:1990:22:highpassSetGain	16	static
../Core/Src/audio.c:1995:22:bandpassSetGain	16	static
../Core/Src/audio.c:2000:22:diodeLowpassSetGain	16	static
../Core/Src/audio.c:2005:22:VZpeakSetGain	16	static
../Core/Src/audio.c:2010:22:VZlowshelfSetGain	16	static
../Core/Src/audio.c:2015:22:VZhighshelfSetGain	16	static
../Core/Src/audio.c:2020:22:VZbandrejectSetGain	16	static
../Core/Src/audio.c:2025:23:LadderLowpassSetGain	16	static
../Core/Src/audio.c:2031:21:envelope_tick	16	static
../Core/Src/audio.c:2043:21:lfo_tick	40	static
../Core/Src/audio.c:2057:23:setEnvelopeAttack	0	static
../Core/Src/audio.c:2063:23:setEnvelopeDecay	0	static
../Core/Src/audio.c:2069:23:setEnvelopeSustain	0	static
../Core/Src/audio.c:2074:23:setEnvelopeRelease	0	static
../Core/Src/audio.c:2080:23:setEnvelopeLeak	0	static
../Core/Src/audio.c:2085:23:setAmp	0	static
../Core/Src/audio.c:2090:23:setMaster	0	static
../Core/Src/audio.c:2095:23:setTranspose	0	static
../Core/Src/audio.c:2100:23:setPitchBendRange	0	static
../Core/Src/audio.c:2105:23:setFinalLowpass	8	static
../Core/Src/audio.c:2111:21:tickMappings	32	static
../Core/Src/audio.c:2159:21:lfoSawSquareTick	8	static
../Core/Src/audio.c:2164:21:lfoSineTriTick	8	static
../Core/Src/audio.c:2169:21:lfoSineTick	8	static
../Core/Src/audio.c:2174:21:lfoTriTick	8	static
../Core/Src/audio.c:2178:21:lfoSawTick	8	static
../Core/Src/audio.c:2183:21:lfoPulseTick	8	static
../Core/Src/audio.c:2188:21:lfoSawSquareSetRate	0	static
../Core/Src/audio.c:2193:21:lfoSineTriSetRate	0	static
../Core/Src/audio.c:2197:21:lfoSineSetRate	0	static
../Core/Src/audio.c:2201:21:lfoTriSetRate	0	static
../Core/Src/audio.c:2205:21:lfoSawSetRate	0	static
../Core/Src/audio.c:2209:21:lfoPulseSetRate	0	static
../Core/Src/audio.c:2215:21:lfoSawSquareSetPhase	0	static
../Core/Src/audio.c:2219:21:lfoSineTriSetPhase	0	static
../Core/Src/audio.c:2223:21:lfoSineSetPhase	0	static
../Core/Src/audio.c:2227:21:lfoTriSetPhase	0	static
../Core/Src/audio.c:2231:21:lfoSawSetPhase	0	static
../Core/Src/audio.c:2235:21:lfoPulseSetPhase	0	static
../Core/Src/audio.c:2241:21:lfoSawSquareSetShape	0	static
../Core/Src/audio.c:2245:21:lfoSineTriSetShape	0	static
../Core/Src/audio.c:2249:21:lfoSineSetShape	0	static
../Core/Src/audio.c:2253:21:lfoTriSetShape	0	static
../Core/Src/audio.c:2257:21:lfoSawSetShape	0	static
../Core/Src/audio.c:2261:21:lfoPulseSetShape	0	static
../Core/Src/audio.c:2271:22:clipperGainSet	16	static
../Core/Src/audio.c:2275:22:wavefolderParam1	16	static
../Core/Src/audio.c:2279:22:wavefolderParam3	0	static
../Core/Src/audio.c:2286:22:tiltParam1	16	static
../Core/Src/audio.c:2292:22:tiltParam2	16	static
../Core/Src/audio.c:2298:22:tiltParam3	0	static
../Core/Src/audio.c:2302:22:tiltParam4	16	static
../Core/Src/audio.c:2307:22:compressorParam1	0	static
../Core/Src/audio.c:2311:22:compressorParam2	0	static
../Core/Src/audio.c:2317:22:compressorParam3	0	static
../Core/Src/audio.c:2322:22:compressorParam4	8	static
../Core/Src/audio.c:2328:22:compressorParam5	8	static
../Core/Src/audio.c:2334:22:offsetParam2	0	static
../Core/Src/audio.c:2338:21:param2Linear	0	static
../Core/Src/audio.c:2342:21:param3Linear	0	static
../Core/Src/audio.c:2346:21:param3Soft	0	static
../Core/Src/audio.c:2352:21:param3Hard	16	static
../Core/Src/audio.c:2362:21:param4Linear	0	static
../Core/Src/audio.c:2367:21:param5Linear	0	static
../Core/Src/audio.c:2371:21:param2BC	0	static
../Core/Src/audio.c:2375:21:param3BC	0	static
../Core/Src/audio.c:2380:21:param4BC	0	static
../Core/Src/audio.c:2384:21:param5BC	0	static
../Core/Src/audio.c:2391:21:fxMixSet	0	static
../Core/Src/audio.c:2396:21:fxPostGainSet	16	static
../Core/Src/audio.c:2404:22:wavefolderTick	24	static
../Core/Src/audio.c:2442:21:chorusParam1	0	static
../Core/Src/audio.c:2446:21:chorusParam2	0	static
../Core/Src/audio.c:2451:21:chorusParam3	0	static
../Core/Src/audio.c:2456:21:chorusParam4	0	static
../Core/Src/audio.c:2462:22:chorusTick	40	static
../Core/Src/audio.c:2473:22:shaperTick	8	static
../Core/Src/audio.c:2481:22:blankTick	0	static
../Core/Src/audio.c:2486:22:tiltFilterTick	8	static
../Core/Src/audio.c:2494:22:tanhTick	8	static
../Core/Src/audio.c:2509:22:softClipTick	4	static
../Core/Src/audio.c:2531:22:hardClipTick	16	static
../Core/Src/audio.c:2553:22:satTick	8	static
../Core/Src/audio.c:2565:22:bcTick	0	static
../Core/Src/audio.c:2572:22:compressorTick	0	static
../Core/Src/audio.c:2578:23:FXlowpassTick	0	static
../Core/Src/audio.c:2583:23:FXhighpassTick	0	static
../Core/Src/audio.c:2588:23:FXbandpassTick	0	static
../Core/Src/audio.c:2593:23:FXdiodeLowpassTick	0	static
../Core/Src/audio.c:2598:23:FXVZpeakTick	0	static
../Core/Src/audio.c:2603:23:FXVZlowshelfTick	0	static
../Core/Src/audio.c:2607:23:FXVZhighshelfTick	0	static
../Core/Src/audio.c:2611:23:FXVZbandrejectTick	0	static
../Core/Src/audio.c:2616:23:FXLadderLowpassTick	0	static
../Core/Src/audio.c:2622:22:FXLowpassParam1	16	static
../Core/Src/audio.c:2628:21:FXHighpassParam1	16	static
../Core/Src/audio.c:2635:21:FXBandpassParam1	16	static
../Core/Src/audio.c:2642:21:FXDiodeParam1	16	static
../Core/Src/audio.c:2648:21:FXPeakParam1	16	static
../Core/Src/audio.c:2654:21:FXLowShelfParam1	16	static
../Core/Src/audio.c:2660:21:FXHighShelfParam1	16	static
../Core/Src/audio.c:2666:21:FXNotchParam1	16	static
../Core/Src/audio.c:2672:21:FXLadderParam1	16	static
../Core/Src/audio.c:2681:21:FXPeakParam2	16	static
../Core/Src/audio.c:2686:21:FXLowShelfParam2	16	static
../Core/Src/audio.c:2691:21:FXHighShelfParam2	16	static
../Core/Src/audio.c:2696:21:FXNotchParam2	16	static
../Core/Src/audio.c:2702:21:FXLowpassParam3	0	static
../Core/Src/audio.c:2707:21:FXHighpassParam3	0	static
../Core/Src/audio.c:2712:21:FXBandpassParam3	0	static
../Core/Src/audio.c:2717:21:FXDiodeParam3	0	static
../Core/Src/audio.c:2723:21:FXPeakParam3	0	static
../Core/Src/audio.c:2729:21:FXLowShelfParam3	0	static
../Core/Src/audio.c:2735:21:FXHighShelfParam3	0	static
../Core/Src/audio.c:2741:21:FXNotchParam3	0	static
../Core/Src/audio.c:2747:21:FXLadderParam3	0	static
../Core/Src/audio.c:2757:21:noiseSetTilt	16	static
../Core/Src/audio.c:2764:21:noiseSetGain	8	static
../Core/Src/audio.c:2769:21:noiseSetFreq	8	static
../Core/Src/audio.c:2777:21:noise_tick	32	static
../Core/Src/audio.c:1255:22:audioTickSynth	128	dynamic
../Core/Src/audio.c:824:21:audioFrameSynth	80	static
../Core/Src/audio.c:2796:21:HAL_SPI_RxCpltCallback	8	static,ignoring_inline_asm
../Core/Src/audio.c:2812:21:HAL_SPI_RxHalfCpltCallback	8	static,ignoring_inline_asm
../Core/Src/audio.c:2828:21:HAL_SPI_TxRxCpltCallback	24	static,ignoring_inline_asm
../Core/Src/audio.c:2841:21:HAL_SPI_TxRxHalfCpltCallback	24	static,ignoring_inline_asm
../Core/Src/audio.c:2855:21:HAL_SAI_TxCpltCallback	16	static,ignoring_inline_asm
../Core/Src/audio.c:2910:21:HAL_SAI_TxHalfCpltCallback	16	static,ignoring_inline_asm
../Core/Src/audio.c:2965:21:HAL_SAI_ErrorCallback	0	static
