../Core/Src/audio.c:343:7:map	0	static
../Core/Src/audio.c:349:6:audioInit	48	static
../Core/Src/audio.c:645:6:audioStart	16	static
../Core/Src/audio.c:660:21:updateStateFromSPIMessage	8	static
../Core/Src/audio.c:720:21:switchStringModel	24	static
../Core/Src/audio.c:1205:21:oscillator_tick	88	static
../Core/Src/audio.c:1268:22:sawSquareTick	16	static
../Core/Src/audio.c:1280:22:sineTriTick	32	static
../Core/Src/audio.c:1291:22:sawTick	16	static
../Core/Src/audio.c:1301:22:pulseTick	24	static
../Core/Src/audio.c:1312:22:sineTick	16	static
../Core/Src/audio.c:1318:22:triTick	24	static
../Core/Src/audio.c:1329:22:userTick	0	static
../Core/Src/audio.c:1338:22:filter_tick	56	static
../Core/Src/audio.c:1385:22:lowpassTick	16	static
../Core/Src/audio.c:1392:22:highpassTick	16	static
../Core/Src/audio.c:1399:22:bandpassTick	16	static
../Core/Src/audio.c:1406:22:diodeLowpassTick	16	static
../Core/Src/audio.c:1413:22:VZpeakTick	16	static
../Core/Src/audio.c:1419:22:VZlowshelfTick	16	static
../Core/Src/audio.c:1424:22:VZhighshelfTick	16	static
../Core/Src/audio.c:1429:22:VZbandrejectTick	16	static
../Core/Src/audio.c:1436:22:LadderLowpassTick	16	static
../Core/Src/audio.c:1446:21:setFreqMultPitch	16	static
../Core/Src/audio.c:1457:21:setFreqMultHarm	0	static
../Core/Src/audio.c:1478:22:lowpassSetQ	8	static
../Core/Src/audio.c:1483:22:highpassSetQ	8	static
../Core/Src/audio.c:1488:22:bandpassSetQ	8	static
../Core/Src/audio.c:1493:22:diodeLowpassSetQ	8	static
../Core/Src/audio.c:1498:22:VZpeakSetQ	8	static
../Core/Src/audio.c:1503:22:VZlowshelfSetQ	8	static
../Core/Src/audio.c:1508:22:VZhighshelfSetQ	8	static
../Core/Src/audio.c:1513:22:VZbandrejectSetQ	8	static
../Core/Src/audio.c:1518:22:LadderLowpassSetQ	8	static
../Core/Src/audio.c:1523:22:lowpassSetGain	16	static
../Core/Src/audio.c:1528:22:highpassSetGain	16	static
../Core/Src/audio.c:1533:22:bandpassSetGain	16	static
../Core/Src/audio.c:1538:22:diodeLowpassSetGain	16	static
../Core/Src/audio.c:1543:22:VZpeakSetGain	8	static
../Core/Src/audio.c:1548:22:VZlowshelfSetGain	8	static
../Core/Src/audio.c:1553:22:VZhighshelfSetGain	8	static
../Core/Src/audio.c:1558:22:VZbandrejectSetGain	16	static
../Core/Src/audio.c:1563:23:LadderLowpassSetGain	16	static
../Core/Src/audio.c:1569:21:envelope_tick	16	static
../Core/Src/audio.c:1583:21:lfo_tick	24	static
../Core/Src/audio.c:1600:23:setEnvelopeAttack	8	static
../Core/Src/audio.c:1606:23:setEnvelopeDecay	8	static
../Core/Src/audio.c:1612:23:setEnvelopeSustain	8	static
../Core/Src/audio.c:1617:23:setEnvelopeRelease	8	static
../Core/Src/audio.c:1623:23:setEnvelopeLeak	8	static
../Core/Src/audio.c:1628:23:setAmp	0	static
../Core/Src/audio.c:1633:23:setMaster	0	static
../Core/Src/audio.c:1638:23:setTranspose	0	static
../Core/Src/audio.c:1643:23:setPitchBendRange	0	static
../Core/Src/audio.c:1648:23:setFinalLowpass	8	static
../Core/Src/audio.c:1654:21:tickMappings	40	static
../Core/Src/audio.c:1946:22:audioTickString	48	dynamic
../Core/Src/audio.c:2004:23:audioTickString2	64	dynamic
../Core/Src/audio.c:2131:21:lfoSawSquareTick	8	static
../Core/Src/audio.c:2136:21:lfoSineTriTick	8	static
../Core/Src/audio.c:2141:21:lfoSineTick	8	static
../Core/Src/audio.c:2146:21:lfoTriTick	8	static
../Core/Src/audio.c:2150:21:lfoSawTick	8	static
../Core/Src/audio.c:2155:21:lfoPulseTick	8	static
../Core/Src/audio.c:2160:21:lfoSawSquareSetRate	8	static
../Core/Src/audio.c:2165:21:lfoSineTriSetRate	8	static
../Core/Src/audio.c:2169:21:lfoSineSetRate	8	static
../Core/Src/audio.c:2173:21:lfoTriSetRate	8	static
../Core/Src/audio.c:2177:21:lfoSawSetRate	8	static
../Core/Src/audio.c:2181:21:lfoPulseSetRate	8	static
../Core/Src/audio.c:2187:21:lfoSawSquareSetPhase	8	static
../Core/Src/audio.c:2191:21:lfoSineTriSetPhase	8	static
../Core/Src/audio.c:2195:21:lfoSineSetPhase	8	static
../Core/Src/audio.c:2199:21:lfoTriSetPhase	8	static
../Core/Src/audio.c:2203:21:lfoSawSetPhase	8	static
../Core/Src/audio.c:2207:21:lfoPulseSetPhase	8	static
../Core/Src/audio.c:2213:21:lfoSawSquareSetShape	8	static
../Core/Src/audio.c:2217:21:lfoSineTriSetShape	8	static
../Core/Src/audio.c:2221:21:lfoSineSetShape	0	static
../Core/Src/audio.c:2225:21:lfoTriSetShape	0	static
../Core/Src/audio.c:2229:21:lfoSawSetShape	0	static
../Core/Src/audio.c:2233:21:lfoPulseSetShape	8	static
../Core/Src/audio.c:2251:22:clipperGainSet	16	static
../Core/Src/audio.c:2255:22:wavefolderParam1	16	static
../Core/Src/audio.c:2259:22:wavefolderParam3	0	static
../Core/Src/audio.c:2266:22:tiltParam1	24	static
../Core/Src/audio.c:2272:22:tiltParam2	16	static
../Core/Src/audio.c:2278:22:tiltParam3	8	static
../Core/Src/audio.c:2282:22:tiltParam4	8	static
../Core/Src/audio.c:2287:22:compressorParam1	0	static
../Core/Src/audio.c:2291:22:compressorParam2	0	static
../Core/Src/audio.c:2297:22:compressorParam3	0	static
../Core/Src/audio.c:2302:22:compressorParam4	8	static
../Core/Src/audio.c:2308:22:compressorParam5	8	static
../Core/Src/audio.c:2314:22:offsetParam2	0	static
../Core/Src/audio.c:2318:21:param2Linear	0	static
../Core/Src/audio.c:2322:21:param3Linear	0	static
../Core/Src/audio.c:2326:21:param3Soft	0	static
../Core/Src/audio.c:2332:21:param3Hard	16	static
../Core/Src/audio.c:2342:21:param4Linear	0	static
../Core/Src/audio.c:2347:21:param5Linear	0	static
../Core/Src/audio.c:2351:21:param2BC	8	static
../Core/Src/audio.c:2355:21:param3BC	8	static
../Core/Src/audio.c:2360:21:param4BC	8	static
../Core/Src/audio.c:2364:21:param5BC	8	static
../Core/Src/audio.c:2371:21:fxMixSet	0	static
../Core/Src/audio.c:2376:21:fxPostGainSet	16	static
../Core/Src/audio.c:2384:22:wavefolderTick	16	static
../Core/Src/audio.c:2422:21:chorusParam1	0	static
../Core/Src/audio.c:2426:21:chorusParam2	0	static
../Core/Src/audio.c:2431:21:chorusParam3	8	static
../Core/Src/audio.c:2436:21:chorusParam4	8	static
../Core/Src/audio.c:2442:22:chorusTick	40	static
../Core/Src/audio.c:2453:22:shaperTick	8	static
../Core/Src/audio.c:2461:22:blankTick	0	static
../Core/Src/audio.c:2466:22:tiltFilterTick	8	static
../Core/Src/audio.c:2474:22:tanhTick	8	static
../Core/Src/audio.c:2489:22:softClipTick	8	static
../Core/Src/audio.c:2511:22:hardClipTick	16	static
../Core/Src/audio.c:2533:22:satTick	8	static
../Core/Src/audio.c:2545:22:bcTick	8	static
../Core/Src/audio.c:2552:22:compressorTick	8	static
../Core/Src/audio.c:2558:23:FXlowpassTick	8	static
../Core/Src/audio.c:2563:23:FXhighpassTick	8	static
../Core/Src/audio.c:2568:23:FXbandpassTick	8	static
../Core/Src/audio.c:2573:23:FXdiodeLowpassTick	8	static
../Core/Src/audio.c:2578:23:FXVZpeakTick	8	static
../Core/Src/audio.c:2583:23:FXVZlowshelfTick	8	static
../Core/Src/audio.c:2587:23:FXVZhighshelfTick	8	static
../Core/Src/audio.c:2591:23:FXVZbandrejectTick	8	static
../Core/Src/audio.c:2596:23:FXLadderLowpassTick	8	static
../Core/Src/audio.c:2602:22:FXLowpassParam1	16	static
../Core/Src/audio.c:2608:21:FXHighpassParam1	16	static
../Core/Src/audio.c:2615:21:FXBandpassParam1	16	static
../Core/Src/audio.c:2622:21:FXDiodeParam1	16	static
../Core/Src/audio.c:2628:21:FXPeakParam1	16	static
../Core/Src/audio.c:2634:21:FXLowShelfParam1	16	static
../Core/Src/audio.c:2640:21:FXHighShelfParam1	16	static
../Core/Src/audio.c:2646:21:FXNotchParam1	16	static
../Core/Src/audio.c:2652:21:FXLadderParam1	16	static
../Core/Src/audio.c:2661:21:FXPeakParam2	8	static
../Core/Src/audio.c:2666:21:FXLowShelfParam2	8	static
../Core/Src/audio.c:2671:21:FXHighShelfParam2	8	static
../Core/Src/audio.c:2676:21:FXNotchParam2	8	static
../Core/Src/audio.c:2682:21:FXLowpassParam3	8	static
../Core/Src/audio.c:2687:21:FXHighpassParam3	8	static
../Core/Src/audio.c:2692:21:FXBandpassParam3	8	static
../Core/Src/audio.c:2697:21:FXDiodeParam3	8	static
../Core/Src/audio.c:2703:21:FXPeakParam3	8	static
../Core/Src/audio.c:2709:21:FXLowShelfParam3	8	static
../Core/Src/audio.c:2715:21:FXHighShelfParam3	8	static
../Core/Src/audio.c:2721:21:FXNotchParam3	8	static
../Core/Src/audio.c:2727:21:FXLadderParam3	8	static
../Core/Src/audio.c:2737:21:noiseSetTilt	24	static
../Core/Src/audio.c:2744:21:noiseSetGain	8	static
../Core/Src/audio.c:2749:21:noiseSetFreq	8	static
../Core/Src/audio.c:2760:21:noise_tick	32	static
../Core/Src/audio.c:1701:22:audioTickL	72	dynamic
../Core/Src/audio.c:758:21:audioFrame	72	static
../Core/Src/audio.c:2783:21:HAL_SPI_RxCpltCallback	8	static,ignoring_inline_asm
../Core/Src/audio.c:2800:21:HAL_SPI_RxHalfCpltCallback	8	static,ignoring_inline_asm
../Core/Src/audio.c:2818:21:HAL_SPI_TxRxCpltCallback	8	static,ignoring_inline_asm
../Core/Src/audio.c:2831:21:HAL_SPI_TxRxHalfCpltCallback	8	static,ignoring_inline_asm
../Core/Src/audio.c:2845:21:HAL_SAI_TxCpltCallback	8	static,ignoring_inline_asm
../Core/Src/audio.c:2853:21:HAL_SAI_TxHalfCpltCallback	8	static,ignoring_inline_asm
../Core/Src/audio.c:2861:21:HAL_SAI_ErrorCallback	0	static
