../Core/Src/main.c:1025:22:scaleOscPitch	0	static
../Core/Src/main.c:1031:22:scaleOscFine	0	static
../Core/Src/main.c:1037:22:scaleOscFreq	0	static
../Core/Src/main.c:1055:22:scaleFilterCutoff	0	static
../Core/Src/main.c:1101:22:scaleFinalLowpass	0	static
../Core/Src/main.c:1108:21:blankFunction	0	static
../Core/Src/main.c:1013:22:scaleDefault	0	static
../Core/Src/main.c:1043:22:scaleTranspose	8	static
../Core/Src/main.c:1049:22:scalePitchBend	8	static
../Core/Src/main.c:1061:22:scaleFilterResonance	24	static
../Core/Src/main.c:1074:22:scaleEnvTimes	16	static
../Core/Src/main.c:1088:22:scaleLFORates	16	static
../Core/Src/main.c:859:21:handleSPI	32	static
../Core/Src/main.c:1114:21:parsePreset	64	static,ignoring_inline_asm
../Core/Src/main.c:436:6:SystemClock_Config	136	static
../Core/Src/main.c:500:6:PeriphCommonClock_Config	200	static
../Core/Src/main.c:535:22:randomNumber	16	static
../Core/Src/main.c:545:9:BSP_SD_IsDetected	8	static
../Core/Src/main.c:557:6:getPresetNamesFromSDCard	72	static
../Core/Src/main.c:802:6:SDRAM_init	40	static
../Core/Src/main.c:185:5:main	112	static,ignoring_inline_asm
../Core/Src/main.c:1019:22:scaleTwo	8	static
../Core/Src/main.c:1915:6:CycleCounterInit	0	static
../Core/Src/main.c:1933:6:FlushECC	16	static
../Core/Src/main.c:1965:21:HAL_I2C_SlaveRxCpltCallback	8	static
../Core/Src/main.c:1979:21:HAL_I2C_MasterTxCpltCallback	0	static
../Core/Src/main.c:1984:21:HAL_I2C_ErrorCallback	0	static
../Core/Src/main.c:2105:6:Error_Handler	0	static
