../Core/Src/main.c:1114:22:scaleDefault	0	static
../Core/Src/main.c:1126:22:scaleOscPitch	0	static
../Core/Src/main.c:1132:22:scaleOscFine	0	static
../Core/Src/main.c:1138:22:scaleOscFreq	0	static
../Core/Src/main.c:1156:22:scaleFilterCutoff	0	static
../Core/Src/main.c:1202:22:scaleFinalLowpass	0	static
../Core/Src/main.c:1209:21:blankFunction	0	static
../Core/Src/main.c:1144:22:scaleTranspose	8	static
../Core/Src/main.c:1150:22:scalePitchBend	8	static
../Core/Src/main.c:1162:22:scaleFilterResonance	16	static
../Core/Src/main.c:1175:22:scaleEnvTimes	16	static
../Core/Src/main.c:1189:22:scaleLFORates	16	static
../Core/Src/main.c:562:6:SystemClock_Config	144	static
../Core/Src/main.c:626:6:PeriphCommonClock_Config	200	static
../Core/Src/main.c:661:22:randomNumber	0	static
../Core/Src/main.c:670:9:BSP_SD_IsDetected	8	static
../Core/Src/main.c:682:6:getPresetNamesFromSDCard	72	static
../Core/Src/main.c:1058:6:SDRAM_init	48	static
../Core/Src/main.c:1120:22:scaleTwo	0	static
../Core/Src/main.c:1214:6:setEffectsFunctions	4	static
../Core/Src/main.c:1404:6:setOscilllatorShapes	0	static
../Core/Src/main.c:1433:6:setFilterTypes	4	static
../Core/Src/main.c:1487:6:setLFOShapes	4	static
../Core/Src/main.c:2139:21:parsePreset	104	static,ignoring_inline_asm
../Core/Src/main.c:222:5:main	112	static,ignoring_inline_asm
../Core/Src/main.c:1550:21:handleSPI	64	static
../Core/Src/main.c:1535:9:fromHex	0	static
../Core/Src/main.c:1545:9:fromAscii	0	static
../Core/Src/main.c:2831:6:CycleCounterInit	0	static
../Core/Src/main.c:2849:6:FlushECC	16	static
../Core/Src/main.c:2881:21:HAL_I2C_SlaveRxCpltCallback	0	static
../Core/Src/main.c:2894:21:HAL_I2C_MasterTxCpltCallback	0	static
../Core/Src/main.c:2899:21:HAL_I2C_ErrorCallback	0	static
../Core/Src/main.c:2959:21:HAL_SPI_TxRxCpltCallback	16	static,ignoring_inline_asm
../Core/Src/main.c:3019:21:HAL_SPI_TxRxHalfCpltCallback	16	static,ignoring_inline_asm
../Core/Src/main.c:3080:6:HAL_GPIO_EXTI_Callback	0	static
../Core/Src/main.c:3197:6:Error_Handler	0	static
