../Core/Src/main.c:1100:22:scaleDefault	0	static
../Core/Src/main.c:1112:22:scaleOscPitch	0	static
../Core/Src/main.c:1118:22:scaleOscFine	0	static
../Core/Src/main.c:1124:22:scaleOscFreq	0	static
../Core/Src/main.c:1142:22:scaleFilterCutoff	0	static
../Core/Src/main.c:1188:22:scaleFinalLowpass	0	static
../Core/Src/main.c:1195:21:blankFunction	0	static
../Core/Src/main.c:1130:22:scaleTranspose	8	static
../Core/Src/main.c:1136:22:scalePitchBend	8	static
../Core/Src/main.c:1148:22:scaleFilterResonance	16	static
../Core/Src/main.c:1161:22:scaleEnvTimes	16	static
../Core/Src/main.c:1175:22:scaleLFORates	16	static
../Core/Src/main.c:547:6:SystemClock_Config	144	static
../Core/Src/main.c:611:6:PeriphCommonClock_Config	200	static
../Core/Src/main.c:646:22:randomNumber	16	static
../Core/Src/main.c:656:9:BSP_SD_IsDetected	8	static
../Core/Src/main.c:668:6:getPresetNamesFromSDCard	72	static
../Core/Src/main.c:1044:6:SDRAM_init	48	static
../Core/Src/main.c:1106:22:scaleTwo	0	static
../Core/Src/main.c:1200:6:setEffectsFunctions	4	static
../Core/Src/main.c:1390:6:setOscilllatorShapes	0	static
../Core/Src/main.c:1419:6:setFilterTypes	4	static
../Core/Src/main.c:1473:6:setLFOShapes	4	static
../Core/Src/main.c:2125:21:parsePreset	104	static,ignoring_inline_asm
../Core/Src/main.c:219:5:main	112	static,ignoring_inline_asm
../Core/Src/main.c:1536:21:handleSPI	64	static
../Core/Src/main.c:1521:9:fromHex	0	static
../Core/Src/main.c:1531:9:fromAscii	0	static
../Core/Src/main.c:2817:6:CycleCounterInit	0	static
../Core/Src/main.c:2835:6:FlushECC	16	static
../Core/Src/main.c:2867:21:HAL_I2C_SlaveRxCpltCallback	0	static
../Core/Src/main.c:2880:21:HAL_I2C_MasterTxCpltCallback	0	static
../Core/Src/main.c:2885:21:HAL_I2C_ErrorCallback	0	static
../Core/Src/main.c:2945:21:HAL_SPI_TxRxCpltCallback	16	static,ignoring_inline_asm
../Core/Src/main.c:2985:21:HAL_SPI_TxRxHalfCpltCallback	16	static,ignoring_inline_asm
../Core/Src/main.c:3026:6:HAL_GPIO_EXTI_Callback	0	static
../Core/Src/main.c:3143:6:Error_Handler	0	static
