../Core/Src/synth.c:184:6:audioInitSynth	296	static
../Core/Src/synth.c:307:7:audioFreeSynth	16	static
../Core/Src/synth.c:320:7:audioSwitchToSynth	40	static
../Core/Src/synth.c:712:6:changeOversampling	104	static
../Core/Src/synth.c:763:21:oscillator_tick	96	static
../Core/Src/synth.c:810:22:sawSquareTick	24	static
../Core/Src/synth.c:822:22:sineTriTick	24	static
../Core/Src/synth.c:833:22:sawTick	16	static
../Core/Src/synth.c:843:22:pulseTick	24	static
../Core/Src/synth.c:854:22:sineTick	16	static
../Core/Src/synth.c:860:22:triTick	24	static
../Core/Src/synth.c:871:22:userTick	0	static
../Core/Src/synth.c:880:22:filter_tick	32	static
../Core/Src/synth.c:918:22:lowpassTick	16	static
../Core/Src/synth.c:925:22:highpassTick	16	static
../Core/Src/synth.c:932:22:bandpassTick	16	static
../Core/Src/synth.c:939:22:diodeLowpassTick	16	static
../Core/Src/synth.c:946:22:VZpeakTick	16	static
../Core/Src/synth.c:952:22:VZlowshelfTick	16	static
../Core/Src/synth.c:957:22:VZhighshelfTick	16	static
../Core/Src/synth.c:962:22:VZbandrejectTick	16	static
../Core/Src/synth.c:969:22:LadderLowpassTick	16	static
../Core/Src/synth.c:979:21:setFreqMultPitch	0	static
../Core/Src/synth.c:989:21:setFreqMultHarm	0	static
../Core/Src/synth.c:1010:22:lowpassSetQ	0	static
../Core/Src/synth.c:1015:22:highpassSetQ	0	static
../Core/Src/synth.c:1020:22:bandpassSetQ	0	static
../Core/Src/synth.c:1025:22:diodeLowpassSetQ	0	static
../Core/Src/synth.c:1030:22:VZpeakSetQ	0	static
../Core/Src/synth.c:1035:22:VZlowshelfSetQ	0	static
../Core/Src/synth.c:1040:22:VZhighshelfSetQ	0	static
../Core/Src/synth.c:1045:22:VZbandrejectSetQ	0	static
../Core/Src/synth.c:1050:22:LadderLowpassSetQ	0	static
../Core/Src/synth.c:1055:22:lowpassSetGain	16	static
../Core/Src/synth.c:1060:22:highpassSetGain	16	static
../Core/Src/synth.c:1065:22:bandpassSetGain	16	static
../Core/Src/synth.c:1070:22:diodeLowpassSetGain	16	static
../Core/Src/synth.c:1075:22:VZpeakSetGain	8	static
../Core/Src/synth.c:1080:22:VZlowshelfSetGain	8	static
../Core/Src/synth.c:1085:22:VZhighshelfSetGain	8	static
../Core/Src/synth.c:1090:22:VZbandrejectSetGain	16	static
../Core/Src/synth.c:1095:23:LadderLowpassSetGain	16	static
../Core/Src/synth.c:1101:21:envelope_tick	16	static
../Core/Src/synth.c:1113:21:lfo_tick	40	static
../Core/Src/synth.c:1127:23:setEnvelopeAttack	0	static
../Core/Src/synth.c:1133:23:setEnvelopeDecay	0	static
../Core/Src/synth.c:1139:23:setEnvelopeSustain	0	static
../Core/Src/synth.c:1144:23:setEnvelopeRelease	0	static
../Core/Src/synth.c:1150:23:setEnvelopeLeak	0	static
../Core/Src/synth.c:1155:23:setAmp	0	static
../Core/Src/synth.c:1160:23:setMaster	0	static
../Core/Src/synth.c:1165:23:setTranspose	0	static
../Core/Src/synth.c:1170:23:setPitchBendRange	0	static
../Core/Src/synth.c:1175:23:setFinalLowpass	0	static
../Core/Src/synth.c:1181:21:tickMappings	56	static
../Core/Src/synth.c:1229:21:lfoSawSquareTick	8	static
../Core/Src/synth.c:1234:21:lfoSineTriTick	8	static
../Core/Src/synth.c:1239:21:lfoSineTick	8	static
../Core/Src/synth.c:1244:21:lfoTriTick	8	static
../Core/Src/synth.c:1248:21:lfoSawTick	8	static
../Core/Src/synth.c:1253:21:lfoPulseTick	8	static
../Core/Src/synth.c:1258:21:lfoSawSquareSetRate	0	static
../Core/Src/synth.c:1263:21:lfoSineTriSetRate	0	static
../Core/Src/synth.c:1267:21:lfoSineSetRate	0	static
../Core/Src/synth.c:1271:21:lfoTriSetRate	0	static
../Core/Src/synth.c:1275:21:lfoSawSetRate	0	static
../Core/Src/synth.c:1279:21:lfoPulseSetRate	0	static
../Core/Src/synth.c:1285:21:lfoSawSquareSetPhase	0	static
../Core/Src/synth.c:1289:21:lfoSineTriSetPhase	0	static
../Core/Src/synth.c:1293:21:lfoSineSetPhase	0	static
../Core/Src/synth.c:1297:21:lfoTriSetPhase	0	static
../Core/Src/synth.c:1301:21:lfoSawSetPhase	0	static
../Core/Src/synth.c:1305:21:lfoPulseSetPhase	0	static
../Core/Src/synth.c:1311:21:lfoSawSquareSetShape	0	static
../Core/Src/synth.c:1315:21:lfoSineTriSetShape	0	static
../Core/Src/synth.c:1319:21:lfoSineSetShape	0	static
../Core/Src/synth.c:1323:21:lfoTriSetShape	0	static
../Core/Src/synth.c:1327:21:lfoSawSetShape	0	static
../Core/Src/synth.c:1331:21:lfoPulseSetShape	0	static
../Core/Src/synth.c:1339:22:param1Linear	0	static
../Core/Src/synth.c:1344:22:clipperGainSet	16	static
../Core/Src/synth.c:1348:22:wavefolderParam1	16	static
../Core/Src/synth.c:1352:22:wavefolderParam3	0	static
../Core/Src/synth.c:1359:22:tiltParam1	0	static
../Core/Src/synth.c:1364:22:tiltParam2	0	static
../Core/Src/synth.c:1370:22:tiltParam3	0	static
../Core/Src/synth.c:1374:22:tiltParam4	8	static
../Core/Src/synth.c:1379:22:compressorParam1	0	static
../Core/Src/synth.c:1383:22:compressorParam2	0	static
../Core/Src/synth.c:1389:22:compressorParam3	0	static
../Core/Src/synth.c:1394:22:compressorParam4	0	static
../Core/Src/synth.c:1400:22:compressorParam5	0	static
../Core/Src/synth.c:1406:22:offsetParam2	0	static
../Core/Src/synth.c:1410:21:param2Linear	0	static
../Core/Src/synth.c:1414:21:param3Linear	0	static
../Core/Src/synth.c:1418:21:param3Soft	0	static
../Core/Src/synth.c:1424:21:param3Hard	16	static
../Core/Src/synth.c:1435:21:param3Poly	0	static
../Core/Src/synth.c:1447:21:param4Linear	0	static
../Core/Src/synth.c:1452:21:param5Linear	0	static
../Core/Src/synth.c:1456:21:param2BC	0	static
../Core/Src/synth.c:1460:21:param3BC	0	static
../Core/Src/synth.c:1465:21:param4BC	0	static
../Core/Src/synth.c:1469:21:param5BC	0	static
../Core/Src/synth.c:1476:21:fxMixSet	0	static
../Core/Src/synth.c:1481:21:fxPostGainSet	16	static
../Core/Src/synth.c:1489:22:wavefolderTick	24	static
../Core/Src/synth.c:1528:21:chorusParam1	0	static
../Core/Src/synth.c:1532:21:chorusParam2	0	static
../Core/Src/synth.c:1537:21:chorusParam3	0	static
../Core/Src/synth.c:1542:21:chorusParam4	0	static
../Core/Src/synth.c:1548:21:delayParam1	0	static
../Core/Src/synth.c:1553:21:delayParam2	0	static
../Core/Src/synth.c:1558:21:delayParam3	0	static
../Core/Src/synth.c:1563:21:delayParam4	0	static
../Core/Src/synth.c:1568:21:delayParam5	0	static
../Core/Src/synth.c:1575:7:delayTick	48	static
../Core/Src/synth.c:1593:22:chorusTick	48	static
../Core/Src/synth.c:1604:22:shaperTick	4	static
../Core/Src/synth.c:1612:22:blankTick	0	static
../Core/Src/synth.c:1617:22:tiltFilterTick	8	static
../Core/Src/synth.c:1624:22:tanhTick	32	static
../Core/Src/synth.c:1639:22:softClipTick	0	static
../Core/Src/synth.c:1661:22:hardClipTick	24	static
../Core/Src/synth.c:1683:22:polynomialShaperTick	0	static
../Core/Src/synth.c:1704:22:satTick	16	static
../Core/Src/synth.c:1716:22:bcTick	0	static
../Core/Src/synth.c:1723:22:compressorTick	0	static
../Core/Src/synth.c:1728:23:FXlowpassTick	0	static
../Core/Src/synth.c:1733:23:FXhighpassTick	0	static
../Core/Src/synth.c:1738:23:FXbandpassTick	0	static
../Core/Src/synth.c:1743:23:FXdiodeLowpassTick	0	static
../Core/Src/synth.c:1748:23:FXVZpeakTick	0	static
../Core/Src/synth.c:1753:23:FXVZlowshelfTick	0	static
../Core/Src/synth.c:1757:23:FXVZhighshelfTick	0	static
../Core/Src/synth.c:1761:23:FXVZbandrejectTick	0	static
../Core/Src/synth.c:1766:23:FXLadderLowpassTick	0	static
../Core/Src/synth.c:1772:22:FXLowpassParam1	0	static
../Core/Src/synth.c:1777:21:FXHighpassParam1	0	static
../Core/Src/synth.c:1783:21:FXBandpassParam1	0	static
../Core/Src/synth.c:1789:21:FXDiodeParam1	0	static
../Core/Src/synth.c:1794:21:FXPeakParam1	0	static
../Core/Src/synth.c:1799:21:FXLowShelfParam1	0	static
../Core/Src/synth.c:1804:21:FXHighShelfParam1	0	static
../Core/Src/synth.c:1809:21:FXNotchParam1	0	static
../Core/Src/synth.c:1814:21:FXLadderParam1	0	static
../Core/Src/synth.c:1822:21:FXPeakParam2	8	static
../Core/Src/synth.c:1827:21:FXLowShelfParam2	8	static
../Core/Src/synth.c:1832:21:FXHighShelfParam2	8	static
../Core/Src/synth.c:1837:21:FXNotchParam2	8	static
../Core/Src/synth.c:1843:21:FXLowpassParam3	0	static
../Core/Src/synth.c:1848:21:FXHighpassParam3	0	static
../Core/Src/synth.c:1853:21:FXBandpassParam3	0	static
../Core/Src/synth.c:1858:21:FXDiodeParam3	0	static
../Core/Src/synth.c:1864:21:FXPeakParam3	0	static
../Core/Src/synth.c:1870:21:FXLowShelfParam3	0	static
../Core/Src/synth.c:1876:21:FXHighShelfParam3	0	static
../Core/Src/synth.c:1882:21:FXNotchParam3	0	static
../Core/Src/synth.c:1888:21:FXLadderParam3	0	static
../Core/Src/synth.c:1898:21:noiseSetTilt	0	static
../Core/Src/synth.c:1905:21:noiseSetGain	8	static
../Core/Src/synth.c:1910:21:noiseSetFreq	0	static
../Core/Src/synth.c:1919:21:noise_tick	24	static
../Core/Src/synth.c:475:22:audioTickSynth	232	dynamic
../Core/Src/synth.c:355:21:audioFrameSynth	88	static
