../Core/Src/synth.c:185:6:audioInitSynth	296	static
../Core/Src/synth.c:308:7:audioFreeSynth	16	static
../Core/Src/synth.c:321:7:audioSwitchToSynth	40	static
../Core/Src/synth.c:706:6:changeOversampling	144	static
../Core/Src/synth.c:757:21:oscillator_tick	96	static
../Core/Src/synth.c:804:22:sawSquareTick	24	static
../Core/Src/synth.c:816:22:sineTriTick	24	static
../Core/Src/synth.c:827:22:sawTick	16	static
../Core/Src/synth.c:837:22:pulseTick	24	static
../Core/Src/synth.c:848:22:sineTick	16	static
../Core/Src/synth.c:854:22:triTick	24	static
../Core/Src/synth.c:865:22:userTick	0	static
../Core/Src/synth.c:874:22:filter_tick	32	static
../Core/Src/synth.c:912:22:lowpassTick	24	static
../Core/Src/synth.c:919:22:highpassTick	24	static
../Core/Src/synth.c:926:22:bandpassTick	24	static
../Core/Src/synth.c:933:22:diodeLowpassTick	24	static
../Core/Src/synth.c:940:22:VZpeakTick	16	static
../Core/Src/synth.c:946:22:VZlowshelfTick	16	static
../Core/Src/synth.c:951:22:VZhighshelfTick	16	static
../Core/Src/synth.c:956:22:VZbandrejectTick	24	static
../Core/Src/synth.c:963:22:LadderLowpassTick	24	static
../Core/Src/synth.c:973:21:setFreqMultPitch	0	static
../Core/Src/synth.c:983:21:setFreqMultHarm	0	static
../Core/Src/synth.c:1004:22:lowpassSetQ	0	static
../Core/Src/synth.c:1009:22:highpassSetQ	0	static
../Core/Src/synth.c:1014:22:bandpassSetQ	0	static
../Core/Src/synth.c:1019:22:diodeLowpassSetQ	0	static
../Core/Src/synth.c:1024:22:VZpeakSetQ	0	static
../Core/Src/synth.c:1029:22:VZlowshelfSetQ	0	static
../Core/Src/synth.c:1034:22:VZhighshelfSetQ	0	static
../Core/Src/synth.c:1039:22:VZbandrejectSetQ	0	static
../Core/Src/synth.c:1044:22:LadderLowpassSetQ	0	static
../Core/Src/synth.c:1049:22:lowpassSetGain	16	static
../Core/Src/synth.c:1054:22:highpassSetGain	16	static
../Core/Src/synth.c:1059:22:bandpassSetGain	16	static
../Core/Src/synth.c:1064:22:diodeLowpassSetGain	16	static
../Core/Src/synth.c:1069:22:VZpeakSetGain	16	static
../Core/Src/synth.c:1074:22:VZlowshelfSetGain	16	static
../Core/Src/synth.c:1079:22:VZhighshelfSetGain	16	static
../Core/Src/synth.c:1084:22:VZbandrejectSetGain	16	static
../Core/Src/synth.c:1089:23:LadderLowpassSetGain	16	static
../Core/Src/synth.c:1095:21:envelope_tick	16	static
../Core/Src/synth.c:1107:21:lfo_tick	40	static
../Core/Src/synth.c:1121:23:setEnvelopeAttack	0	static
../Core/Src/synth.c:1127:23:setEnvelopeDecay	0	static
../Core/Src/synth.c:1133:23:setEnvelopeSustain	0	static
../Core/Src/synth.c:1138:23:setEnvelopeRelease	0	static
../Core/Src/synth.c:1144:23:setEnvelopeLeak	0	static
../Core/Src/synth.c:1149:23:setAmp	0	static
../Core/Src/synth.c:1154:23:setMaster	0	static
../Core/Src/synth.c:1159:23:setTranspose	0	static
../Core/Src/synth.c:1164:23:setPitchBendRange	0	static
../Core/Src/synth.c:1169:23:setFinalLowpass	0	static
../Core/Src/synth.c:1175:21:tickMappings	56	static
../Core/Src/synth.c:1223:21:lfoSawSquareTick	8	static
../Core/Src/synth.c:1228:21:lfoSineTriTick	8	static
../Core/Src/synth.c:1233:21:lfoSineTick	8	static
../Core/Src/synth.c:1238:21:lfoTriTick	8	static
../Core/Src/synth.c:1242:21:lfoSawTick	8	static
../Core/Src/synth.c:1247:21:lfoPulseTick	8	static
../Core/Src/synth.c:1252:21:lfoSawSquareSetRate	0	static
../Core/Src/synth.c:1257:21:lfoSineTriSetRate	0	static
../Core/Src/synth.c:1261:21:lfoSineSetRate	0	static
../Core/Src/synth.c:1265:21:lfoTriSetRate	0	static
../Core/Src/synth.c:1269:21:lfoSawSetRate	0	static
../Core/Src/synth.c:1273:21:lfoPulseSetRate	0	static
../Core/Src/synth.c:1279:21:lfoSawSquareSetPhase	0	static
../Core/Src/synth.c:1283:21:lfoSineTriSetPhase	0	static
../Core/Src/synth.c:1287:21:lfoSineSetPhase	0	static
../Core/Src/synth.c:1291:21:lfoTriSetPhase	0	static
../Core/Src/synth.c:1295:21:lfoSawSetPhase	0	static
../Core/Src/synth.c:1299:21:lfoPulseSetPhase	0	static
../Core/Src/synth.c:1305:21:lfoSawSquareSetShape	0	static
../Core/Src/synth.c:1309:21:lfoSineTriSetShape	0	static
../Core/Src/synth.c:1313:21:lfoSineSetShape	0	static
../Core/Src/synth.c:1317:21:lfoTriSetShape	0	static
../Core/Src/synth.c:1321:21:lfoSawSetShape	0	static
../Core/Src/synth.c:1325:21:lfoPulseSetShape	0	static
../Core/Src/synth.c:1333:22:param1Linear	0	static
../Core/Src/synth.c:1338:22:clipperGainSet	16	static
../Core/Src/synth.c:1342:22:wavefolderParam1	16	static
../Core/Src/synth.c:1346:22:wavefolderParam3	0	static
../Core/Src/synth.c:1353:22:tiltParam1	0	static
../Core/Src/synth.c:1358:22:tiltParam2	0	static
../Core/Src/synth.c:1364:22:tiltParam3	0	static
../Core/Src/synth.c:1368:22:tiltParam4	16	static
../Core/Src/synth.c:1373:22:compressorParam1	0	static
../Core/Src/synth.c:1377:22:compressorParam2	0	static
../Core/Src/synth.c:1383:22:compressorParam3	0	static
../Core/Src/synth.c:1388:22:compressorParam4	4	static
../Core/Src/synth.c:1394:22:compressorParam5	4	static
../Core/Src/synth.c:1400:22:offsetParam2	0	static
../Core/Src/synth.c:1404:21:param2Linear	0	static
../Core/Src/synth.c:1408:21:param3Linear	0	static
../Core/Src/synth.c:1412:21:param3Soft	0	static
../Core/Src/synth.c:1418:21:param3Hard	16	static
../Core/Src/synth.c:1429:21:param3Poly	0	static
../Core/Src/synth.c:1441:21:param4Linear	0	static
../Core/Src/synth.c:1446:21:param5Linear	0	static
../Core/Src/synth.c:1450:21:param2BC	0	static
../Core/Src/synth.c:1454:21:param3BC	0	static
../Core/Src/synth.c:1459:21:param4BC	0	static
../Core/Src/synth.c:1463:21:param5BC	0	static
../Core/Src/synth.c:1470:21:fxMixSet	0	static
../Core/Src/synth.c:1475:21:fxPostGainSet	16	static
../Core/Src/synth.c:1483:22:wavefolderTick	24	static
../Core/Src/synth.c:1522:21:chorusParam1	0	static
../Core/Src/synth.c:1526:21:chorusParam2	0	static
../Core/Src/synth.c:1531:21:chorusParam3	0	static
../Core/Src/synth.c:1536:21:chorusParam4	0	static
../Core/Src/synth.c:1542:21:delayParam1	0	static
../Core/Src/synth.c:1547:21:delayParam2	0	static
../Core/Src/synth.c:1552:21:delayParam3	0	static
../Core/Src/synth.c:1557:21:delayParam4	0	static
../Core/Src/synth.c:1562:21:delayParam5	0	static
../Core/Src/synth.c:1569:7:delayTick	48	static
../Core/Src/synth.c:1587:22:chorusTick	40	static
../Core/Src/synth.c:1598:22:shaperTick	0	static
../Core/Src/synth.c:1606:22:blankTick	0	static
../Core/Src/synth.c:1611:22:tiltFilterTick	8	static
../Core/Src/synth.c:1618:22:tanhTick	32	static
../Core/Src/synth.c:1633:22:softClipTick	0	static
../Core/Src/synth.c:1655:22:hardClipTick	16	static
../Core/Src/synth.c:1677:22:polynomialShaperTick	0	static
../Core/Src/synth.c:1698:22:satTick	16	static
../Core/Src/synth.c:1710:22:bcTick	0	static
../Core/Src/synth.c:1717:22:compressorTick	0	static
../Core/Src/synth.c:1722:23:FXlowpassTick	0	static
../Core/Src/synth.c:1727:23:FXhighpassTick	0	static
../Core/Src/synth.c:1732:23:FXbandpassTick	0	static
../Core/Src/synth.c:1737:23:FXdiodeLowpassTick	0	static
../Core/Src/synth.c:1742:23:FXVZpeakTick	0	static
../Core/Src/synth.c:1747:23:FXVZlowshelfTick	0	static
../Core/Src/synth.c:1751:23:FXVZhighshelfTick	0	static
../Core/Src/synth.c:1755:23:FXVZbandrejectTick	0	static
../Core/Src/synth.c:1760:23:FXLadderLowpassTick	0	static
../Core/Src/synth.c:1766:22:FXLowpassParam1	0	static
../Core/Src/synth.c:1771:21:FXHighpassParam1	0	static
../Core/Src/synth.c:1777:21:FXBandpassParam1	0	static
../Core/Src/synth.c:1783:21:FXDiodeParam1	0	static
../Core/Src/synth.c:1788:21:FXPeakParam1	0	static
../Core/Src/synth.c:1793:21:FXLowShelfParam1	0	static
../Core/Src/synth.c:1798:21:FXHighShelfParam1	0	static
../Core/Src/synth.c:1803:21:FXNotchParam1	0	static
../Core/Src/synth.c:1808:21:FXLadderParam1	0	static
../Core/Src/synth.c:1816:21:FXPeakParam2	16	static
../Core/Src/synth.c:1821:21:FXLowShelfParam2	16	static
../Core/Src/synth.c:1826:21:FXHighShelfParam2	16	static
../Core/Src/synth.c:1831:21:FXNotchParam2	16	static
../Core/Src/synth.c:1837:21:FXLowpassParam3	16	static
../Core/Src/synth.c:1842:21:FXHighpassParam3	16	static
../Core/Src/synth.c:1847:21:FXBandpassParam3	16	static
../Core/Src/synth.c:1852:21:FXDiodeParam3	16	static
../Core/Src/synth.c:1858:21:FXPeakParam3	16	static
../Core/Src/synth.c:1864:21:FXLowShelfParam3	16	static
../Core/Src/synth.c:1870:21:FXHighShelfParam3	16	static
../Core/Src/synth.c:1876:21:FXNotchParam3	16	static
../Core/Src/synth.c:1882:21:FXLadderParam3	16	static
../Core/Src/synth.c:1892:21:noiseSetTilt	0	static
../Core/Src/synth.c:1899:21:noiseSetGain	8	static
../Core/Src/synth.c:1904:21:noiseSetFreq	0	static
../Core/Src/synth.c:1913:21:noise_tick	32	static
../Core/Src/synth.c:474:22:audioTickSynth	232	dynamic
../Core/Src/synth.c:356:21:audioFrameSynth	96	static
