../Core/Src/synth.c:184:6:audioInitSynth	128	static
../Core/Src/synth.c:309:7:audioFreeSynth	8	static
../Core/Src/synth.c:322:7:audioSwitchToSynth	16	static
../Core/Src/synth.c:714:6:changeOversampling	96	static
../Core/Src/synth.c:765:21:oscillator_tick	96	static
../Core/Src/synth.c:812:22:sawSquareTick	24	static
../Core/Src/synth.c:824:22:sineTriTick	24	static
../Core/Src/synth.c:835:22:sawTick	16	static
../Core/Src/synth.c:845:22:pulseTick	24	static
../Core/Src/synth.c:856:22:sineTick	16	static
../Core/Src/synth.c:862:22:triTick	24	static
../Core/Src/synth.c:873:22:userTick	0	static
../Core/Src/synth.c:882:22:filter_tick	32	static
../Core/Src/synth.c:920:22:lowpassTick	16	static
../Core/Src/synth.c:927:22:highpassTick	16	static
../Core/Src/synth.c:934:22:bandpassTick	16	static
../Core/Src/synth.c:941:22:diodeLowpassTick	16	static
../Core/Src/synth.c:948:22:VZpeakTick	16	static
../Core/Src/synth.c:954:22:VZlowshelfTick	16	static
../Core/Src/synth.c:959:22:VZhighshelfTick	16	static
../Core/Src/synth.c:964:22:VZbandrejectTick	16	static
../Core/Src/synth.c:971:22:LadderLowpassTick	16	static
../Core/Src/synth.c:981:21:setFreqMultPitch	0	static
../Core/Src/synth.c:991:21:setFreqMultHarm	0	static
../Core/Src/synth.c:1012:22:lowpassSetQ	0	static
../Core/Src/synth.c:1017:22:highpassSetQ	0	static
../Core/Src/synth.c:1022:22:bandpassSetQ	0	static
../Core/Src/synth.c:1027:22:diodeLowpassSetQ	0	static
../Core/Src/synth.c:1032:22:VZpeakSetQ	0	static
../Core/Src/synth.c:1037:22:VZlowshelfSetQ	0	static
../Core/Src/synth.c:1042:22:VZhighshelfSetQ	0	static
../Core/Src/synth.c:1047:22:VZbandrejectSetQ	0	static
../Core/Src/synth.c:1052:22:LadderLowpassSetQ	0	static
../Core/Src/synth.c:1057:22:lowpassSetGain	16	static
../Core/Src/synth.c:1062:22:highpassSetGain	16	static
../Core/Src/synth.c:1067:22:bandpassSetGain	16	static
../Core/Src/synth.c:1072:22:diodeLowpassSetGain	16	static
../Core/Src/synth.c:1077:22:VZpeakSetGain	8	static
../Core/Src/synth.c:1082:22:VZlowshelfSetGain	8	static
../Core/Src/synth.c:1087:22:VZhighshelfSetGain	8	static
../Core/Src/synth.c:1092:22:VZbandrejectSetGain	16	static
../Core/Src/synth.c:1097:23:LadderLowpassSetGain	16	static
../Core/Src/synth.c:1103:21:envelope_tick	24	static
../Core/Src/synth.c:1115:21:lfo_tick	40	static
../Core/Src/synth.c:1129:23:setEnvelopeAttack	0	static
../Core/Src/synth.c:1135:23:setEnvelopeDecay	0	static
../Core/Src/synth.c:1141:23:setEnvelopeSustain	0	static
../Core/Src/synth.c:1146:23:setEnvelopeRelease	0	static
../Core/Src/synth.c:1152:23:setEnvelopeLeak	0	static
../Core/Src/synth.c:1157:23:setAmp	0	static
../Core/Src/synth.c:1162:23:setMaster	0	static
../Core/Src/synth.c:1167:23:setTranspose	0	static
../Core/Src/synth.c:1172:23:setPitchBendRange	0	static
../Core/Src/synth.c:1177:23:setFinalLowpass	0	static
../Core/Src/synth.c:1183:21:tickMappings	40	static
../Core/Src/synth.c:1231:21:lfoSawSquareTick	8	static
../Core/Src/synth.c:1236:21:lfoSineTriTick	8	static
../Core/Src/synth.c:1241:21:lfoSineTick	8	static
../Core/Src/synth.c:1246:21:lfoTriTick	8	static
../Core/Src/synth.c:1250:21:lfoSawTick	8	static
../Core/Src/synth.c:1255:21:lfoPulseTick	8	static
../Core/Src/synth.c:1260:21:lfoSawSquareSetRate	0	static
../Core/Src/synth.c:1265:21:lfoSineTriSetRate	0	static
../Core/Src/synth.c:1269:21:lfoSineSetRate	0	static
../Core/Src/synth.c:1273:21:lfoTriSetRate	0	static
../Core/Src/synth.c:1277:21:lfoSawSetRate	0	static
../Core/Src/synth.c:1281:21:lfoPulseSetRate	0	static
../Core/Src/synth.c:1287:21:lfoSawSquareSetPhase	0	static
../Core/Src/synth.c:1291:21:lfoSineTriSetPhase	0	static
../Core/Src/synth.c:1295:21:lfoSineSetPhase	0	static
../Core/Src/synth.c:1299:21:lfoTriSetPhase	0	static
../Core/Src/synth.c:1303:21:lfoSawSetPhase	0	static
../Core/Src/synth.c:1307:21:lfoPulseSetPhase	0	static
../Core/Src/synth.c:1313:21:lfoSawSquareSetShape	0	static
../Core/Src/synth.c:1317:21:lfoSineTriSetShape	0	static
../Core/Src/synth.c:1321:21:lfoSineSetShape	0	static
../Core/Src/synth.c:1325:21:lfoTriSetShape	0	static
../Core/Src/synth.c:1329:21:lfoSawSetShape	0	static
../Core/Src/synth.c:1333:21:lfoPulseSetShape	0	static
../Core/Src/synth.c:1341:22:param1Linear	0	static
../Core/Src/synth.c:1346:22:clipperGainSet	16	static
../Core/Src/synth.c:1350:22:wavefolderParam1	16	static
../Core/Src/synth.c:1354:22:wavefolderParam3	0	static
../Core/Src/synth.c:1361:22:tiltParam1	0	static
../Core/Src/synth.c:1366:22:tiltParam2	0	static
../Core/Src/synth.c:1372:22:tiltParam3	0	static
../Core/Src/synth.c:1376:22:tiltParam4	8	static
../Core/Src/synth.c:1381:22:compressorParam1	0	static
../Core/Src/synth.c:1385:22:compressorParam2	0	static
../Core/Src/synth.c:1391:22:compressorParam3	0	static
../Core/Src/synth.c:1396:22:compressorParam4	4	static
../Core/Src/synth.c:1402:22:compressorParam5	4	static
../Core/Src/synth.c:1408:22:offsetParam2	0	static
../Core/Src/synth.c:1412:21:param2Linear	0	static
../Core/Src/synth.c:1416:21:param3Linear	0	static
../Core/Src/synth.c:1420:21:param3Soft	0	static
../Core/Src/synth.c:1426:21:param3Hard	8	static
../Core/Src/synth.c:1437:21:param3Poly	0	static
../Core/Src/synth.c:1449:21:param4Linear	0	static
../Core/Src/synth.c:1454:21:param5Linear	0	static
../Core/Src/synth.c:1458:21:param2BC	0	static
../Core/Src/synth.c:1462:21:param3BC	0	static
../Core/Src/synth.c:1467:21:param4BC	0	static
../Core/Src/synth.c:1471:21:param5BC	0	static
../Core/Src/synth.c:1478:21:fxMixSet	0	static
../Core/Src/synth.c:1483:21:fxPostGainSet	16	static
../Core/Src/synth.c:1491:22:wavefolderTick	24	static
../Core/Src/synth.c:1530:21:chorusParam1	0	static
../Core/Src/synth.c:1534:21:chorusParam2	0	static
../Core/Src/synth.c:1539:21:chorusParam3	0	static
../Core/Src/synth.c:1544:21:chorusParam4	0	static
../Core/Src/synth.c:1550:21:delayParam1	0	static
../Core/Src/synth.c:1555:21:delayParam2	0	static
../Core/Src/synth.c:1560:21:delayParam3	0	static
../Core/Src/synth.c:1565:21:delayParam4	0	static
../Core/Src/synth.c:1570:21:delayParam5	0	static
../Core/Src/synth.c:1577:7:delayTick	48	static
../Core/Src/synth.c:1595:22:chorusTick	48	static
../Core/Src/synth.c:1606:22:shaperTick	0	static
../Core/Src/synth.c:1614:22:blankTick	0	static
../Core/Src/synth.c:1619:22:tiltFilterTick	8	static
../Core/Src/synth.c:1626:22:tanhTick	32	static
../Core/Src/synth.c:1641:22:softClipTick	0	static
../Core/Src/synth.c:1663:22:hardClipTick	24	static
../Core/Src/synth.c:1685:22:polynomialShaperTick	0	static
../Core/Src/synth.c:1706:22:satTick	16	static
../Core/Src/synth.c:1718:22:bcTick	0	static
../Core/Src/synth.c:1725:22:compressorTick	0	static
../Core/Src/synth.c:1730:23:FXlowpassTick	0	static
../Core/Src/synth.c:1735:23:FXhighpassTick	0	static
../Core/Src/synth.c:1740:23:FXbandpassTick	0	static
../Core/Src/synth.c:1745:23:FXdiodeLowpassTick	0	static
../Core/Src/synth.c:1750:23:FXVZpeakTick	0	static
../Core/Src/synth.c:1755:23:FXVZlowshelfTick	0	static
../Core/Src/synth.c:1759:23:FXVZhighshelfTick	0	static
../Core/Src/synth.c:1763:23:FXVZbandrejectTick	0	static
../Core/Src/synth.c:1768:23:FXLadderLowpassTick	0	static
../Core/Src/synth.c:1774:22:FXLowpassParam1	0	static
../Core/Src/synth.c:1779:21:FXHighpassParam1	0	static
../Core/Src/synth.c:1785:21:FXBandpassParam1	0	static
../Core/Src/synth.c:1791:21:FXDiodeParam1	0	static
../Core/Src/synth.c:1796:21:FXPeakParam1	0	static
../Core/Src/synth.c:1801:21:FXLowShelfParam1	0	static
../Core/Src/synth.c:1806:21:FXHighShelfParam1	0	static
../Core/Src/synth.c:1811:21:FXNotchParam1	0	static
../Core/Src/synth.c:1816:21:FXLadderParam1	0	static
../Core/Src/synth.c:1824:21:FXPeakParam2	8	static
../Core/Src/synth.c:1829:21:FXLowShelfParam2	8	static
../Core/Src/synth.c:1834:21:FXHighShelfParam2	8	static
../Core/Src/synth.c:1839:21:FXNotchParam2	8	static
../Core/Src/synth.c:1845:21:FXLowpassParam3	0	static
../Core/Src/synth.c:1850:21:FXHighpassParam3	0	static
../Core/Src/synth.c:1855:21:FXBandpassParam3	0	static
../Core/Src/synth.c:1860:21:FXDiodeParam3	0	static
../Core/Src/synth.c:1866:21:FXPeakParam3	0	static
../Core/Src/synth.c:1872:21:FXLowShelfParam3	0	static
../Core/Src/synth.c:1878:21:FXHighShelfParam3	0	static
../Core/Src/synth.c:1884:21:FXNotchParam3	0	static
../Core/Src/synth.c:1890:21:FXLadderParam3	0	static
../Core/Src/synth.c:1900:21:noiseSetTilt	0	static
../Core/Src/synth.c:1907:21:noiseSetGain	8	static
../Core/Src/synth.c:1912:21:noiseSetFreq	0	static
../Core/Src/synth.c:1921:21:noise_tick	24	static
../Core/Src/synth.c:477:22:audioTickSynth	224	static
../Core/Src/synth.c:357:21:audioFrameSynth	88	static
