../Core/Src/synth.c:191:6:audioInitSynth	312	static
../Core/Src/synth.c:319:7:audioFreeSynth	16	static
../Core/Src/synth.c:332:7:audioSwitchToSynth	40	static
../Core/Src/synth.c:672:6:changeOversampling	152	static
../Core/Src/synth.c:722:21:oscillator_tick	96	static
../Core/Src/synth.c:769:22:sawSquareTick	24	static
../Core/Src/synth.c:781:22:sineTriTick	24	static
../Core/Src/synth.c:792:22:sawTick	16	static
../Core/Src/synth.c:802:22:pulseTick	24	static
../Core/Src/synth.c:813:22:sineTick	16	static
../Core/Src/synth.c:819:22:triTick	24	static
../Core/Src/synth.c:830:22:userTick	0	static
../Core/Src/synth.c:839:22:filter_tick	32	static
../Core/Src/synth.c:908:22:lowpassTick	24	static
../Core/Src/synth.c:915:22:highpassTick	24	static
../Core/Src/synth.c:922:22:bandpassTick	24	static
../Core/Src/synth.c:929:22:diodeLowpassTick	24	static
../Core/Src/synth.c:936:22:VZpeakTick	16	static
../Core/Src/synth.c:942:22:VZlowshelfTick	16	static
../Core/Src/synth.c:947:22:VZhighshelfTick	16	static
../Core/Src/synth.c:952:22:VZbandrejectTick	24	static
../Core/Src/synth.c:959:22:LadderLowpassTick	24	static
../Core/Src/synth.c:969:21:setFreqMultPitch	0	static
../Core/Src/synth.c:979:21:setFreqMultHarm	0	static
../Core/Src/synth.c:1000:22:lowpassSetQ	0	static
../Core/Src/synth.c:1005:22:highpassSetQ	0	static
../Core/Src/synth.c:1010:22:bandpassSetQ	0	static
../Core/Src/synth.c:1015:22:diodeLowpassSetQ	0	static
../Core/Src/synth.c:1020:22:VZpeakSetQ	0	static
../Core/Src/synth.c:1025:22:VZlowshelfSetQ	0	static
../Core/Src/synth.c:1030:22:VZhighshelfSetQ	0	static
../Core/Src/synth.c:1035:22:VZbandrejectSetQ	0	static
../Core/Src/synth.c:1040:22:LadderLowpassSetQ	0	static
../Core/Src/synth.c:1045:22:lowpassSetGain	16	static
../Core/Src/synth.c:1050:22:highpassSetGain	16	static
../Core/Src/synth.c:1055:22:bandpassSetGain	16	static
../Core/Src/synth.c:1060:22:diodeLowpassSetGain	16	static
../Core/Src/synth.c:1065:22:VZpeakSetGain	16	static
../Core/Src/synth.c:1070:22:VZlowshelfSetGain	16	static
../Core/Src/synth.c:1075:22:VZhighshelfSetGain	16	static
../Core/Src/synth.c:1080:22:VZbandrejectSetGain	16	static
../Core/Src/synth.c:1085:23:LadderLowpassSetGain	16	static
../Core/Src/synth.c:1091:21:envelope_tick	16	static
../Core/Src/synth.c:1103:21:lfo_tick	40	static
../Core/Src/synth.c:1117:23:setEnvelopeAttack	0	static
../Core/Src/synth.c:1123:23:setEnvelopeDecay	0	static
../Core/Src/synth.c:1129:23:setEnvelopeSustain	0	static
../Core/Src/synth.c:1134:23:setEnvelopeRelease	0	static
../Core/Src/synth.c:1140:23:setEnvelopeLeak	0	static
../Core/Src/synth.c:1145:23:setAmp	0	static
../Core/Src/synth.c:1150:23:setMaster	0	static
../Core/Src/synth.c:1155:23:setTranspose	0	static
../Core/Src/synth.c:1160:23:setPitchBendRange	0	static
../Core/Src/synth.c:1165:23:setFinalLowpass	0	static
../Core/Src/synth.c:1176:21:tickMappings	56	static
../Core/Src/synth.c:1224:21:lfoSawSquareTick	8	static
../Core/Src/synth.c:1229:21:lfoSineTriTick	8	static
../Core/Src/synth.c:1234:21:lfoSineTick	8	static
../Core/Src/synth.c:1239:21:lfoTriTick	8	static
../Core/Src/synth.c:1243:21:lfoSawTick	8	static
../Core/Src/synth.c:1248:21:lfoPulseTick	8	static
../Core/Src/synth.c:1253:21:lfoSawSquareSetRate	0	static
../Core/Src/synth.c:1258:21:lfoSineTriSetRate	0	static
../Core/Src/synth.c:1262:21:lfoSineSetRate	0	static
../Core/Src/synth.c:1266:21:lfoTriSetRate	0	static
../Core/Src/synth.c:1270:21:lfoSawSetRate	0	static
../Core/Src/synth.c:1274:21:lfoPulseSetRate	0	static
../Core/Src/synth.c:1280:21:lfoSawSquareSetPhase	0	static
../Core/Src/synth.c:1284:21:lfoSineTriSetPhase	0	static
../Core/Src/synth.c:1288:21:lfoSineSetPhase	0	static
../Core/Src/synth.c:1292:21:lfoTriSetPhase	0	static
../Core/Src/synth.c:1296:21:lfoSawSetPhase	0	static
../Core/Src/synth.c:1300:21:lfoPulseSetPhase	0	static
../Core/Src/synth.c:1306:21:lfoSawSquareSetShape	0	static
../Core/Src/synth.c:1310:21:lfoSineTriSetShape	0	static
../Core/Src/synth.c:1314:21:lfoSineSetShape	0	static
../Core/Src/synth.c:1318:21:lfoTriSetShape	0	static
../Core/Src/synth.c:1322:21:lfoSawSetShape	0	static
../Core/Src/synth.c:1326:21:lfoPulseSetShape	0	static
../Core/Src/synth.c:1334:22:param1Linear	0	static
../Core/Src/synth.c:1339:22:clipperGainSet	16	static
../Core/Src/synth.c:1343:22:wavefolderParam1	16	static
../Core/Src/synth.c:1347:22:wavefolderParam3	0	static
../Core/Src/synth.c:1354:22:tiltParam1	16	static
../Core/Src/synth.c:1360:22:tiltParam2	0	static
../Core/Src/synth.c:1366:22:tiltParam3	0	static
../Core/Src/synth.c:1370:22:tiltParam4	16	static
../Core/Src/synth.c:1375:22:compressorParam1	0	static
../Core/Src/synth.c:1379:22:compressorParam2	0	static
../Core/Src/synth.c:1385:22:compressorParam3	0	static
../Core/Src/synth.c:1390:22:compressorParam4	4	static
../Core/Src/synth.c:1396:22:compressorParam5	4	static
../Core/Src/synth.c:1402:22:offsetParam2	0	static
../Core/Src/synth.c:1406:21:param2Linear	0	static
../Core/Src/synth.c:1410:21:param3Linear	0	static
../Core/Src/synth.c:1414:21:param3Soft	0	static
../Core/Src/synth.c:1420:21:param3Hard	16	static
../Core/Src/synth.c:1431:21:param3Poly	0	static
../Core/Src/synth.c:1443:21:param4Linear	0	static
../Core/Src/synth.c:1448:21:param5Linear	0	static
../Core/Src/synth.c:1452:21:param2BC	0	static
../Core/Src/synth.c:1456:21:param3BC	0	static
../Core/Src/synth.c:1461:21:param4BC	0	static
../Core/Src/synth.c:1465:21:param5BC	0	static
../Core/Src/synth.c:1472:21:fxMixSet	0	static
../Core/Src/synth.c:1477:21:fxPostGainSet	16	static
../Core/Src/synth.c:1485:22:wavefolderTick	24	static
../Core/Src/synth.c:1524:21:chorusParam1	0	static
../Core/Src/synth.c:1528:21:chorusParam2	0	static
../Core/Src/synth.c:1533:21:chorusParam3	0	static
../Core/Src/synth.c:1538:21:chorusParam4	0	static
../Core/Src/synth.c:1544:21:delayParam1	0	static
../Core/Src/synth.c:1549:21:delayParam2	0	static
../Core/Src/synth.c:1554:21:delayParam3	0	static
../Core/Src/synth.c:1559:21:delayParam4	0	static
../Core/Src/synth.c:1564:21:delayParam5	0	static
../Core/Src/synth.c:1571:7:delayTick	32	static
../Core/Src/synth.c:1589:22:chorusTick	40	static
../Core/Src/synth.c:1600:22:shaperTick	0	static
../Core/Src/synth.c:1608:22:blankTick	0	static
../Core/Src/synth.c:1613:22:tiltFilterTick	8	static
../Core/Src/synth.c:1621:22:tanhTick	24	static
../Core/Src/synth.c:1636:22:softClipTick	0	static
../Core/Src/synth.c:1658:22:hardClipTick	16	static
../Core/Src/synth.c:1680:22:polynomialShaperTick	0	static
../Core/Src/synth.c:1701:22:satTick	16	static
../Core/Src/synth.c:1713:22:bcTick	0	static
../Core/Src/synth.c:1720:22:compressorTick	0	static
../Core/Src/synth.c:1726:23:FXlowpassTick	0	static
../Core/Src/synth.c:1731:23:FXhighpassTick	0	static
../Core/Src/synth.c:1736:23:FXbandpassTick	0	static
../Core/Src/synth.c:1741:23:FXdiodeLowpassTick	0	static
../Core/Src/synth.c:1746:23:FXVZpeakTick	0	static
../Core/Src/synth.c:1751:23:FXVZlowshelfTick	0	static
../Core/Src/synth.c:1755:23:FXVZhighshelfTick	0	static
../Core/Src/synth.c:1759:23:FXVZbandrejectTick	0	static
../Core/Src/synth.c:1764:23:FXLadderLowpassTick	0	static
../Core/Src/synth.c:1770:22:FXLowpassParam1	0	static
../Core/Src/synth.c:1775:21:FXHighpassParam1	0	static
../Core/Src/synth.c:1781:21:FXBandpassParam1	0	static
../Core/Src/synth.c:1787:21:FXDiodeParam1	0	static
../Core/Src/synth.c:1792:21:FXPeakParam1	0	static
../Core/Src/synth.c:1797:21:FXLowShelfParam1	0	static
../Core/Src/synth.c:1802:21:FXHighShelfParam1	0	static
../Core/Src/synth.c:1807:21:FXNotchParam1	0	static
../Core/Src/synth.c:1812:21:FXLadderParam1	0	static
../Core/Src/synth.c:1820:21:FXPeakParam2	16	static
../Core/Src/synth.c:1825:21:FXLowShelfParam2	16	static
../Core/Src/synth.c:1830:21:FXHighShelfParam2	16	static
../Core/Src/synth.c:1835:21:FXNotchParam2	16	static
../Core/Src/synth.c:1841:21:FXLowpassParam3	0	static
../Core/Src/synth.c:1846:21:FXHighpassParam3	0	static
../Core/Src/synth.c:1851:21:FXBandpassParam3	0	static
../Core/Src/synth.c:1856:21:FXDiodeParam3	0	static
../Core/Src/synth.c:1862:21:FXPeakParam3	0	static
../Core/Src/synth.c:1868:21:FXLowShelfParam3	0	static
../Core/Src/synth.c:1874:21:FXHighShelfParam3	0	static
../Core/Src/synth.c:1880:21:FXNotchParam3	0	static
../Core/Src/synth.c:1886:21:FXLadderParam3	0	static
../Core/Src/synth.c:1896:21:noiseSetTilt	16	static
../Core/Src/synth.c:1903:21:noiseSetGain	8	static
../Core/Src/synth.c:1908:21:noiseSetFreq	0	static
../Core/Src/synth.c:1917:21:noise_tick	32	static
../Core/Src/synth.c:483:22:audioTickSynth	224	dynamic
../Core/Src/synth.c:366:21:audioFrameSynth	96	static
