../Core/Src/synth.c:184:6:audioInitSynth	128	static
../Core/Src/synth.c:312:7:audioFreeSynth	8	static
../Core/Src/synth.c:325:7:audioSwitchToSynth	32	static
../Core/Src/synth.c:717:6:changeOversampling	96	static
../Core/Src/synth.c:768:21:oscillator_tick	88	static
../Core/Src/synth.c:811:22:sawSquareTick	24	static
../Core/Src/synth.c:823:22:sineTriTick	24	static
../Core/Src/synth.c:834:22:sawTick	16	static
../Core/Src/synth.c:844:22:pulseTick	24	static
../Core/Src/synth.c:855:22:sineTick	16	static
../Core/Src/synth.c:861:22:triTick	24	static
../Core/Src/synth.c:872:22:userTick	0	static
../Core/Src/synth.c:881:22:filter_tick	32	static
../Core/Src/synth.c:919:22:lowpassTick	16	static
../Core/Src/synth.c:926:22:highpassTick	16	static
../Core/Src/synth.c:933:22:bandpassTick	16	static
../Core/Src/synth.c:940:22:diodeLowpassTick	16	static
../Core/Src/synth.c:947:22:VZpeakTick	16	static
../Core/Src/synth.c:953:22:VZlowshelfTick	16	static
../Core/Src/synth.c:958:22:VZhighshelfTick	16	static
../Core/Src/synth.c:963:22:VZbandrejectTick	16	static
../Core/Src/synth.c:970:22:LadderLowpassTick	16	static
../Core/Src/synth.c:980:21:setFreqMultPitch	0	static
../Core/Src/synth.c:990:21:setFreqMultHarm	0	static
../Core/Src/synth.c:1011:22:lowpassSetQ	0	static
../Core/Src/synth.c:1016:22:highpassSetQ	0	static
../Core/Src/synth.c:1021:22:bandpassSetQ	0	static
../Core/Src/synth.c:1026:22:diodeLowpassSetQ	0	static
../Core/Src/synth.c:1031:22:VZpeakSetQ	0	static
../Core/Src/synth.c:1036:22:VZlowshelfSetQ	0	static
../Core/Src/synth.c:1041:22:VZhighshelfSetQ	0	static
../Core/Src/synth.c:1046:22:VZbandrejectSetQ	0	static
../Core/Src/synth.c:1051:22:LadderLowpassSetQ	0	static
../Core/Src/synth.c:1056:22:lowpassSetGain	16	static
../Core/Src/synth.c:1061:22:highpassSetGain	16	static
../Core/Src/synth.c:1066:22:bandpassSetGain	16	static
../Core/Src/synth.c:1071:22:diodeLowpassSetGain	16	static
../Core/Src/synth.c:1076:22:VZpeakSetGain	8	static
../Core/Src/synth.c:1081:22:VZlowshelfSetGain	8	static
../Core/Src/synth.c:1086:22:VZhighshelfSetGain	8	static
../Core/Src/synth.c:1091:22:VZbandrejectSetGain	16	static
../Core/Src/synth.c:1096:23:LadderLowpassSetGain	16	static
../Core/Src/synth.c:1102:21:envelope_tick	24	static
../Core/Src/synth.c:1114:21:lfo_tick	40	static
../Core/Src/synth.c:1128:23:setEnvelopeAttack	0	static
../Core/Src/synth.c:1134:23:setEnvelopeDecay	0	static
../Core/Src/synth.c:1140:23:setEnvelopeSustain	0	static
../Core/Src/synth.c:1145:23:setEnvelopeRelease	0	static
../Core/Src/synth.c:1151:23:setEnvelopeLeak	0	static
../Core/Src/synth.c:1156:23:setAmp	0	static
../Core/Src/synth.c:1161:23:setMaster	0	static
../Core/Src/synth.c:1166:23:setTranspose	0	static
../Core/Src/synth.c:1171:23:setPitchBendRange	0	static
../Core/Src/synth.c:1176:23:setFinalLowpass	0	static
../Core/Src/synth.c:1182:21:tickMappings	40	static
../Core/Src/synth.c:1230:21:lfoSawSquareTick	8	static
../Core/Src/synth.c:1235:21:lfoSineTriTick	8	static
../Core/Src/synth.c:1240:21:lfoSineTick	8	static
../Core/Src/synth.c:1245:21:lfoTriTick	8	static
../Core/Src/synth.c:1249:21:lfoSawTick	8	static
../Core/Src/synth.c:1254:21:lfoPulseTick	8	static
../Core/Src/synth.c:1259:21:lfoSawSquareSetRate	0	static
../Core/Src/synth.c:1264:21:lfoSineTriSetRate	0	static
../Core/Src/synth.c:1268:21:lfoSineSetRate	0	static
../Core/Src/synth.c:1272:21:lfoTriSetRate	0	static
../Core/Src/synth.c:1276:21:lfoSawSetRate	0	static
../Core/Src/synth.c:1280:21:lfoPulseSetRate	0	static
../Core/Src/synth.c:1286:21:lfoSawSquareSetPhase	0	static
../Core/Src/synth.c:1290:21:lfoSineTriSetPhase	0	static
../Core/Src/synth.c:1294:21:lfoSineSetPhase	0	static
../Core/Src/synth.c:1298:21:lfoTriSetPhase	0	static
../Core/Src/synth.c:1302:21:lfoSawSetPhase	0	static
../Core/Src/synth.c:1306:21:lfoPulseSetPhase	0	static
../Core/Src/synth.c:1312:21:lfoSawSquareSetShape	0	static
../Core/Src/synth.c:1316:21:lfoSineTriSetShape	0	static
../Core/Src/synth.c:1320:21:lfoSineSetShape	0	static
../Core/Src/synth.c:1324:21:lfoTriSetShape	0	static
../Core/Src/synth.c:1328:21:lfoSawSetShape	0	static
../Core/Src/synth.c:1332:21:lfoPulseSetShape	0	static
../Core/Src/synth.c:1340:22:param1Linear	0	static
../Core/Src/synth.c:1345:22:clipperGainSet	16	static
../Core/Src/synth.c:1349:22:wavefolderParam1	16	static
../Core/Src/synth.c:1353:22:wavefolderParam3	0	static
../Core/Src/synth.c:1360:22:tiltParam1	0	static
../Core/Src/synth.c:1365:22:tiltParam2	0	static
../Core/Src/synth.c:1371:22:tiltParam3	0	static
../Core/Src/synth.c:1375:22:tiltParam4	8	static
../Core/Src/synth.c:1380:22:compressorParam1	0	static
../Core/Src/synth.c:1384:22:compressorParam2	0	static
../Core/Src/synth.c:1390:22:compressorParam3	0	static
../Core/Src/synth.c:1395:22:compressorParam4	4	static
../Core/Src/synth.c:1401:22:compressorParam5	4	static
../Core/Src/synth.c:1407:22:offsetParam2	0	static
../Core/Src/synth.c:1411:21:param2Linear	0	static
../Core/Src/synth.c:1415:21:param3Linear	0	static
../Core/Src/synth.c:1419:21:param3Soft	0	static
../Core/Src/synth.c:1425:21:param3Hard	8	static
../Core/Src/synth.c:1436:21:param3Poly	0	static
../Core/Src/synth.c:1448:21:param4Linear	0	static
../Core/Src/synth.c:1453:21:param5Linear	0	static
../Core/Src/synth.c:1457:21:param2BC	0	static
../Core/Src/synth.c:1461:21:param3BC	0	static
../Core/Src/synth.c:1466:21:param4BC	0	static
../Core/Src/synth.c:1470:21:param5BC	0	static
../Core/Src/synth.c:1477:21:fxMixSet	0	static
../Core/Src/synth.c:1482:21:fxPostGainSet	16	static
../Core/Src/synth.c:1490:22:wavefolderTick	24	static
../Core/Src/synth.c:1529:21:chorusParam1	0	static
../Core/Src/synth.c:1533:21:chorusParam2	0	static
../Core/Src/synth.c:1538:21:chorusParam3	0	static
../Core/Src/synth.c:1543:21:chorusParam4	0	static
../Core/Src/synth.c:1549:21:delayParam1	0	static
../Core/Src/synth.c:1554:21:delayParam2	0	static
../Core/Src/synth.c:1559:21:delayParam3	0	static
../Core/Src/synth.c:1564:21:delayParam4	0	static
../Core/Src/synth.c:1569:21:delayParam5	0	static
../Core/Src/synth.c:1576:7:delayTick	48	static
../Core/Src/synth.c:1594:22:chorusTick	48	static
../Core/Src/synth.c:1605:22:shaperTick	0	static
../Core/Src/synth.c:1613:22:blankTick	0	static
../Core/Src/synth.c:1618:22:tiltFilterTick	8	static
../Core/Src/synth.c:1625:22:tanhTick	32	static
../Core/Src/synth.c:1640:22:softClipTick	0	static
../Core/Src/synth.c:1662:22:hardClipTick	24	static
../Core/Src/synth.c:1684:22:polynomialShaperTick	0	static
../Core/Src/synth.c:1705:22:satTick	16	static
../Core/Src/synth.c:1717:22:bcTick	0	static
../Core/Src/synth.c:1724:22:compressorTick	0	static
../Core/Src/synth.c:1729:23:FXlowpassTick	0	static
../Core/Src/synth.c:1734:23:FXhighpassTick	0	static
../Core/Src/synth.c:1739:23:FXbandpassTick	0	static
../Core/Src/synth.c:1744:23:FXdiodeLowpassTick	0	static
../Core/Src/synth.c:1749:23:FXVZpeakTick	0	static
../Core/Src/synth.c:1754:23:FXVZlowshelfTick	0	static
../Core/Src/synth.c:1758:23:FXVZhighshelfTick	0	static
../Core/Src/synth.c:1762:23:FXVZbandrejectTick	0	static
../Core/Src/synth.c:1767:23:FXLadderLowpassTick	0	static
../Core/Src/synth.c:1773:22:FXLowpassParam1	0	static
../Core/Src/synth.c:1778:21:FXHighpassParam1	0	static
../Core/Src/synth.c:1784:21:FXBandpassParam1	0	static
../Core/Src/synth.c:1790:21:FXDiodeParam1	0	static
../Core/Src/synth.c:1795:21:FXPeakParam1	0	static
../Core/Src/synth.c:1800:21:FXLowShelfParam1	0	static
../Core/Src/synth.c:1805:21:FXHighShelfParam1	0	static
../Core/Src/synth.c:1810:21:FXNotchParam1	0	static
../Core/Src/synth.c:1815:21:FXLadderParam1	0	static
../Core/Src/synth.c:1823:21:FXPeakParam2	8	static
../Core/Src/synth.c:1828:21:FXLowShelfParam2	8	static
../Core/Src/synth.c:1833:21:FXHighShelfParam2	8	static
../Core/Src/synth.c:1838:21:FXNotchParam2	8	static
../Core/Src/synth.c:1844:21:FXLowpassParam3	0	static
../Core/Src/synth.c:1849:21:FXHighpassParam3	0	static
../Core/Src/synth.c:1854:21:FXBandpassParam3	0	static
../Core/Src/synth.c:1859:21:FXDiodeParam3	0	static
../Core/Src/synth.c:1865:21:FXPeakParam3	0	static
../Core/Src/synth.c:1871:21:FXLowShelfParam3	0	static
../Core/Src/synth.c:1877:21:FXHighShelfParam3	0	static
../Core/Src/synth.c:1883:21:FXNotchParam3	0	static
../Core/Src/synth.c:1889:21:FXLadderParam3	0	static
../Core/Src/synth.c:1899:21:noiseSetTilt	0	static
../Core/Src/synth.c:1906:21:noiseSetGain	8	static
../Core/Src/synth.c:1911:21:noiseSetFreq	0	static
../Core/Src/synth.c:1920:21:noise_tick	24	static
../Core/Src/synth.c:480:22:audioTickSynth	224	static
../Core/Src/synth.c:360:21:audioFrameSynth	88	static
