Archive member included to satisfy reference by file (symbol)

.\ARM_GCC_541\Debug\CE210514_PSOC3_5_Thermistor.a(cy_em_eeprom.o)
                              .\ARM_GCC_541\Debug\main.o (Cy_Em_EEPROM_Read)
.\ARM_GCC_541\Debug\CE210514_PSOC3_5_Thermistor.a(CyDmac.o)
                              .\ARM_GCC_541\Debug\Cm3Start.o (CyDmacConfigure)
.\ARM_GCC_541\Debug\CE210514_PSOC3_5_Thermistor.a(CyFlash.o)
                              .\ARM_GCC_541\Debug\CE210514_PSOC3_5_Thermistor.a(cy_em_eeprom.o) (CySetTemp)
.\ARM_GCC_541\Debug\CE210514_PSOC3_5_Thermistor.a(CyLib.o)
                              .\ARM_GCC_541\Debug\Cm3Start.o (CyResetStatus)
.\ARM_GCC_541\Debug\CE210514_PSOC3_5_Thermistor.a(cyPm.o)
                              .\ARM_GCC_541\Debug\CE210514_PSOC3_5_Thermistor.a(CyLib.o) (CyPmReadStatus)
.\ARM_GCC_541\Debug\CE210514_PSOC3_5_Thermistor.a(CySpc.o)
                              .\ARM_GCC_541\Debug\CE210514_PSOC3_5_Thermistor.a(CyFlash.o) (CySpcStart)
.\ARM_GCC_541\Debug\CE210514_PSOC3_5_Thermistor.a(SPIM_1.o)
                              .\ARM_GCC_541\Debug\main.o (SPIM_1_Start)
.\ARM_GCC_541\Debug\CE210514_PSOC3_5_Thermistor.a(SPIM_1_IntClock.o)
                              .\ARM_GCC_541\Debug\CE210514_PSOC3_5_Thermistor.a(SPIM_1.o) (SPIM_1_IntClock_Start)
.\ARM_GCC_541\Debug\CE210514_PSOC3_5_Thermistor.a(I2C_1.o)
                              .\ARM_GCC_541\Debug\main.o (I2C_1_Start)
.\ARM_GCC_541\Debug\CE210514_PSOC3_5_Thermistor.a(I2C_1_INT.o)
                              .\ARM_GCC_541\Debug\CE210514_PSOC3_5_Thermistor.a(I2C_1.o) (I2C_1_ISR)
.\ARM_GCC_541\Debug\CE210514_PSOC3_5_Thermistor.a(I2C_1_PM.o)
                              .\ARM_GCC_541\Debug\CE210514_PSOC3_5_Thermistor.a(I2C_1.o) (I2C_1_backup)
.\ARM_GCC_541\Debug\CE210514_PSOC3_5_Thermistor.a(I2C_1_MASTER.o)
                              .\ARM_GCC_541\Debug\CE210514_PSOC3_5_Thermistor.a(I2C_1.o) (I2C_1_mstrStatus)
.\ARM_GCC_541\Debug\CE210514_PSOC3_5_Thermistor.a(oct1.o)
                              .\ARM_GCC_541\Debug\main.o (oct1_Read)
.\ARM_GCC_541\Debug\CE210514_PSOC3_5_Thermistor.a(oct2.o)
                              .\ARM_GCC_541\Debug\main.o (oct2_Read)
.\ARM_GCC_541\Debug\CE210514_PSOC3_5_Thermistor.a(oct3.o)
                              .\ARM_GCC_541\Debug\main.o (oct3_Read)
.\ARM_GCC_541\Debug\CE210514_PSOC3_5_Thermistor.a(oct4.o)
                              .\ARM_GCC_541\Debug\main.o (oct4_Read)
.\ARM_GCC_541\Debug\CE210514_PSOC3_5_Thermistor.a(ADC_SAR_Seq_1.o)
                              .\ARM_GCC_541\Debug\main.o (ADC_SAR_Seq_1_Start)
.\ARM_GCC_541\Debug\CE210514_PSOC3_5_Thermistor.a(ADC_SAR_Seq_1_INT.o)
                              .\ARM_GCC_541\Debug\CE210514_PSOC3_5_Thermistor.a(ADC_SAR_Seq_1.o) (ADC_SAR_Seq_1_ISR)
.\ARM_GCC_541\Debug\CE210514_PSOC3_5_Thermistor.a(ADC_SAR_Seq_1_SAR.o)
                              .\ARM_GCC_541\Debug\CE210514_PSOC3_5_Thermistor.a(ADC_SAR_Seq_1.o) (ADC_SAR_Seq_1_SAR_shift)
.\ARM_GCC_541\Debug\CE210514_PSOC3_5_Thermistor.a(ADC_SAR_Seq_1_TempBuf_dma.o)
                              .\ARM_GCC_541\Debug\CE210514_PSOC3_5_Thermistor.a(ADC_SAR_Seq_1.o) (ADC_SAR_Seq_1_TempBuf_DmaInitialize)
.\ARM_GCC_541\Debug\CE210514_PSOC3_5_Thermistor.a(ADC_SAR_Seq_1_FinalBuf_dma.o)
                              .\ARM_GCC_541\Debug\CE210514_PSOC3_5_Thermistor.a(ADC_SAR_Seq_1.o) (ADC_SAR_Seq_1_FinalBuf_DmaInitialize)
.\ARM_GCC_541\Debug\CE210514_PSOC3_5_Thermistor.a(ADC_SAR_Seq_1_IRQ.o)
                              .\ARM_GCC_541\Debug\CE210514_PSOC3_5_Thermistor.a(ADC_SAR_Seq_1.o) (ADC_SAR_Seq_1_IRQ_SetVector)
.\ARM_GCC_541\Debug\CE210514_PSOC3_5_Thermistor.a(SPIS_1.o)
                              .\ARM_GCC_541\Debug\main.o (SPIS_1_Start)
.\ARM_GCC_541\Debug\CE210514_PSOC3_5_Thermistor.a(SPIS_2.o)
                              .\ARM_GCC_541\Debug\main.o (SPIS_2_Start)
.\ARM_GCC_541\Debug\CE210514_PSOC3_5_Thermistor.a(QuadDec_1.o)
                              .\ARM_GCC_541\Debug\main.o (QuadDec_1_Start)
.\ARM_GCC_541\Debug\CE210514_PSOC3_5_Thermistor.a(QuadDec_1_Cnt16.o)
                              .\ARM_GCC_541\Debug\CE210514_PSOC3_5_Thermistor.a(QuadDec_1.o) (QuadDec_1_Cnt16_WriteCounter)
.\ARM_GCC_541\Debug\CE210514_PSOC3_5_Thermistor.a(my_Vbus_ISR.o)
                              .\ARM_GCC_541\Debug\main.o (my_Vbus_ISR_StartEx)
.\ARM_GCC_541\Debug\CE210514_PSOC3_5_Thermistor.a(USB.o)
                              .\ARM_GCC_541\Debug\main.o (USB_Start)
.\ARM_GCC_541\Debug\CE210514_PSOC3_5_Thermistor.a(USB_drv.o)
                              .\ARM_GCC_541\Debug\CE210514_PSOC3_5_Thermistor.a(USB.o) (USB_EP)
.\ARM_GCC_541\Debug\CE210514_PSOC3_5_Thermistor.a(USB_episr.o)
                              .\ARM_GCC_541\Debug\CE210514_PSOC3_5_Thermistor.a(USB.o) (USB_EP_1_ISR)
.\ARM_GCC_541\Debug\CE210514_PSOC3_5_Thermistor.a(USB_pm.o)
                              .\ARM_GCC_541\Debug\CE210514_PSOC3_5_Thermistor.a(USB.o) (USB_DP_ISR)
.\ARM_GCC_541\Debug\CE210514_PSOC3_5_Thermistor.a(USB_std.o)
[...]
Memory Configuration

Name             Origin             Length             Attributes
rom              0x00000000         0x00040000         xr
ram              0x1fff8000         0x00010000         xrw
*default*        0x00000000         0xffffffff

Linker script and memory map

LOAD c:/program files (x86)/cypress/psoc creator/4.4/psoc creator/import/gnu/arm/5.4.1/bin/../lib/gcc/arm-none-eabi/5.4.1/armv7-m/crti.o
LOAD c:/program files (x86)/cypress/psoc creator/4.4/psoc creator/import/gnu/arm/5.4.1/bin/../lib/gcc/arm-none-eabi/5.4.1/armv7-m/crtbegin.o
LOAD c:/program files (x86)/cypress/psoc creator/4.4/psoc creator/import/gnu/arm/5.4.1/bin/../lib/gcc/arm-none-eabi/5.4.1/../../../../arm-none-eabi/lib/armv7-m/crt0.o
START GROUP
LOAD .\ARM_GCC_541\Debug\main.o
LOAD .\ARM_GCC_541\Debug\measurement.o
LOAD .\ARM_GCC_541\Debug\removeOffsetNoise.o
LOAD .\ARM_GCC_541\Debug\gfx.o
LOAD .\ARM_GCC_541\Debug\gfx_font.o
LOAD .\ARM_GCC_541\Debug\oled.o
LOAD .\ARM_GCC_541\Debug\ssd1306.o
LOAD .\ARM_GCC_541\Debug\cyfitter_cfg.o
LOAD .\ARM_GCC_541\Debug\cymetadata.o
LOAD .\ARM_GCC_541\Debug\Cm3Start.o
LOAD .\ARM_GCC_541\Debug\CE210514_PSOC3_5_Thermistor.a
LOAD C:\Program Files (x86)\Cypress\PSoC Creator\4.4\PSoC Creator\psoc\content\cycomponentlibrary\CyComponentLibrary.cylib\CortexM3\ARM_GCC_541\Debug\CyComponentLibrary.a
LOAD c:/program files (x86)/cypress/psoc creator/4.4/psoc creator/import/gnu/arm/5.4.1/bin/../lib/gcc/arm-none-eabi/5.4.1/../../../../arm-none-eabi/lib/armv7-m\libm.a
END GROUP
START GROUP
LOAD c:/program files (x86)/cypress/psoc creator/4.4/psoc creator/import/gnu/arm/5.4.1/bin/../lib/gcc/arm-none-eabi/5.4.1/armv7-m\libgcc.a
LOAD c:/program files (x86)/cypress/psoc creator/4.4/psoc creator/import/gnu/arm/5.4.1/bin/../lib/gcc/arm-none-eabi/5.4.1/../../../../arm-none-eabi/lib/armv7-m\libg_nano.a
LOAD c:/program files (x86)/cypress/psoc creator/4.4/psoc creator/import/gnu/arm/5.4.1/bin/../lib/gcc/arm-none-eabi/5.4.1/../../../../arm-none-eabi/lib/armv7-m\libc_nano.a
END GROUP
START GROUP
LOAD c:/program files (x86)/cypress/psoc creator/4.4/psoc creator/import/gnu/arm/5.4.1/bin/../lib/gcc/arm-none-eabi/5.4.1/armv7-m\libgcc.a
LOAD c:/program files (x86)/cypress/psoc creator/4.4/psoc creator/import/gnu/arm/5.4.1/bin/../lib/gcc/arm-none-eabi/5.4.1/../../../../arm-none-eabi/lib/armv7-m\libc_nano.a
END GROUP
LOAD c:/program files (x86)/cypress/psoc creator/4.4/psoc creator/import/gnu/arm/5.4.1/bin/../lib/gcc/arm-none-eabi/5.4.1/armv7-m/crtend.o
LOAD c:/program files (x86)/cypress/psoc creator/4.4/psoc creator/import/gnu/arm/5.4.1/bin/../lib/gcc/arm-none-eabi/5.4.1/armv7-m/crtn.o
START GROUP
LOAD c:/program files (x86)/cypress/psoc creator/4.4/psoc creator/import/gnu/arm/5.4.1/bin/../lib/gcc/arm-none-eabi/5.4.1/armv7-m\libgcc.a
LOAD c:/program files (x86)/cypress/psoc creator/4.4/psoc creator/import/gnu/arm/5.4.1/bin/../lib/gcc/arm-none-eabi/5.4.1/../../../../arm-none-eabi/lib/armv7-m\libc.a
LOAD c:/program files (x86)/cypress/psoc creator/4.4/psoc creator/import/gnu/arm/5.4.1/bin/../lib/gcc/arm-none-eabi/5.4.1/../../../../arm-none-eabi/lib/armv7-m\libnosys.a
END GROUP
                0x00000000                CY_APPL_ORIGIN = 0x0
                0x00000100                CY_FLASH_ROW_SIZE = 0x100
                0x00000020                CY_ECC_ROW_SIZE = 0x20
                0x00000000                CY_EE_IN_BTLDR = 0x0
                0x00000000                CY_APPL_LOADABLE = 0x0
                0x00000800                CY_EE_SIZE = 0x800
                0x00000001                CY_APPL_NUM = 0x1
                0x00000001                CY_APPL_MAX = 0x1
                0x00000040                CY_METADATA_SIZE = 0x40
                0x00000000                CY_APPL_LOADABLE = 0x0
                0x00000000                CY_CHECKSUM_EXCLUDE_SIZE = ALIGN (0x0, CY_FLASH_ROW_SIZE)
                [!provide]                PROVIDE (__cy_heap_start, _end)
                0x00000001                PROVIDE (__cy_region_num, ((__cy_regions_end - __cy_regions) / 0x10))
                0x20008000                PROVIDE (__cy_stack, (ORIGIN (ram) + LENGTH (ram)))
                [!provide]                PROVIDE (__cy_heap_end, (__cy_stack - 0xf00))

.cybootloader   0x00000000        0x0
 *(.cybootloader)
                0x00000000                appl1_start = CY_APPL_ORIGIN?CY_APPL_ORIGIN:ALIGN (CY_FLASH_ROW_SIZE)
                0x0001ff00                appl2_start = (appl1_start + ALIGN ((((LENGTH (rom) - appl1_start) - (0x2 * CY_FLASH_ROW_SIZE)) / 0x2), CY_FLASH_ROW_SIZE))
                0x00000000                appl_start = (CY_APPL_NUM == 0x1)?appl1_start:appl2_start
                0x00000000                ecc_offset = ((appl_start / CY_FLASH_ROW_SIZE) * CY_ECC_ROW_SIZE)
                0x00000000                ee_offset = (CY_APPL_LOADABLE && ! (CY_EE_IN_BTLDR))?((CY_EE_SIZE / CY_APPL_MAX) * (CY_APPL_NUM - 0x1)):0x0
                0x00000800                ee_size = (CY_APPL_LOADABLE && ! (CY_EE_IN_BTLDR))?(CY_EE_SIZE / CY_APPL_MAX):CY_EE_SIZE
                [!provide]                PROVIDE (CY_ECC_OFFSET, ecc_offset)

.text           0x00000000     0xd734
 CREATE_OBJECT_SYMBOLS
                0x00000000                PROVIDE (__cy_interrupt_vector, RomVectors)
 *(.romvectors)
 .romvectors    0x00000000       0x10 .\ARM_GCC_541\Debug\Cm3Start.o
                0x00000000                RomVectors
                0x00000001                ASSERT ((. != __cy_interrupt_vector), No interrupt vector)
                0x00000001                ASSERT (CY_APPL_ORIGIN?(SIZEOF (.cybootloader) <= CY_APPL_ORIGIN):0x1, Wrong image location)
                0x00000010                PROVIDE (__cy_reset, Reset)
 *(.text.Reset)
 .text.Reset    0x00000010       0x18 .\ARM_GCC_541\Debug\Cm3Start.o
                0x00000010                Reset
                0x00000001                ASSERT ((. != __cy_reset), No reset code)
 *(.dma_init)
                0x00000001                ASSERT ((((appl_start + .) <= 0x10000) || 0x1), DMA Init must be within the first 64k of flash)
 *(.text .text.* .gnu.linkonce.t.*)
 .text          0x00000028       0x5c c:/program files (x86)/cypress/psoc creator/4.4/psoc creator/import/gnu/arm/5.4.1/bin/../lib/gcc/arm-none-eabi/5.4.1/armv7-m/crtbegin.o
 .text.spis_1_ss
                0x00000084      0x174 .\ARM_GCC_541\Debug\main.o
                0x00000084                spis_1_ss
 .text.spis_2_ss
                0x000001f8       0x9c .\ARM_GCC_541\Debug\main.o
                0x000001f8                spis_2_ss
 .text.Vbus_function
                0x00000294       0x14 .\ARM_GCC_541\Debug\main.o
                0x00000294                Vbus_function
 .text.restartSystemCheck
                0x000002a8       0x7c .\ARM_GCC_541\Debug\main.o
                0x000002a8                restartSystemCheck
 .text.mtof     0x00000324       0x68 .\ARM_GCC_541\Debug\main.o
                0x00000324                mtof
 .text.ftom     0x0000038c       0x4c .\ARM_GCC_541\Debug\main.o
                0x0000038c                ftom
 .text.map      0x000003d8       0x58 .\ARM_GCC_541\Debug\main.o
                0x000003d8                map
 .text.main     0x00000430     0x1304 .\ARM_GCC_541\Debug\main.o
                0x00000430                main
 .text.DmaRxConfiguration
                0x00001734      0x108 .\ARM_GCC_541\Debug\main.o
                0x00001734                DmaRxConfiguration
 .text.I2C_MasterWriteBlocking
                0x0000183c       0xa0 .\ARM_GCC_541\Debug\main.o
                0x0000183c                I2C_MasterWriteBlocking
 .text.I2C_reset
                0x000018dc        0xc .\ARM_GCC_541\Debug\main.o
                0x000018dc                I2C_reset
 .text.checkUSB_Vbus
                0x000018e8       0x54 .\ARM_GCC_541\Debug\main.o
                0x000018e8                checkUSB_Vbus
 .text.USB_service
                0x0000193c       0xc4 .\ARM_GCC_541\Debug\main.o
                0x0000193c                USB_service
 .text.noteEvent
                0x00001a00       0xd4 .\ARM_GCC_541\Debug\main.o
                0x00001a00                noteEvent
 .text.sendMIDINoteOn
                0x00001ad4       0x68 .\ARM_GCC_541\Debug\main.o
                0x00001ad4                sendMIDINoteOn
 .text.sendMIDIControlChange
                0x00001b3c       0x68 .\ARM_GCC_541\Debug\main.o
                0x00001b3c                sendMIDIControlChange
 .text.sendMIDIPitchBend
                0x00001ba4       0x6c .\ARM_GCC_541\Debug\main.o
                0x00001ba4                sendMIDIPitchBend
 .text.parseSysex
                0x00001c10      0x858 .\ARM_GCC_541\Debug\main.o
                0x00001c10                parseSysex
 .text.USB_callbackLocalMidiEvent
                0x00002468      0x13c .\ARM_GCC_541\Debug\main.o
                0x00002468                USB_callbackLocalMidiEvent
 .text.GFXinit  0x000025a4       0x80 .\ARM_GCC_541\Debug\gfx.o
                0x000025a4                GFXinit
 .text.GFXwriteLine
                0x00002624      0x140 .\ARM_GCC_541\Debug\gfx.o
                0x00002624                GFXwriteLine
 .text.GFXdrawPixel
                0x00002764      0x1e0 .\ARM_GCC_541\Debug\gfx.o
                0x00002764                GFXdrawPixel
 .text.GFXwritePixel
                0x00002944       0x34 .\ARM_GCC_541\Debug\gfx.o
                0x00002944                GFXwritePixel
 .text.GFXwriteFastVLine
                0x00002978       0x3c .\ARM_GCC_541\Debug\gfx.o
                0x00002978                GFXwriteFastVLine
 .text.GFXwriteFillRect
                0x000029b4       0x40 .\ARM_GCC_541\Debug\gfx.o
                0x000029b4                GFXwriteFillRect
 .text.GFXdrawFastVLine
                0x000029f4       0x4c .\ARM_GCC_541\Debug\gfx.o
                0x000029f4                GFXdrawFastVLine
 .text.GFXfillRect
                0x00002a40       0x60 .\ARM_GCC_541\Debug\gfx.o
                0x00002a40                GFXfillRect
 .text.GFXdrawChar
                0x00002aa0      0x40c .\ARM_GCC_541\Debug\gfx.o
                0x00002aa0                GFXdrawChar
 .text.GFXcheckScrollWrap
                0x00002eac       0xf8 .\ARM_GCC_541\Debug\gfx.o
                0x00002eac                GFXcheckScrollWrap
 .text.GFXwrite
                0x00002fa4      0x19c .\ARM_GCC_541\Debug\gfx.o
                0x00002fa4                GFXwrite
 .text.GFXsetCursor
                0x00003140       0x28 .\ARM_GCC_541\Debug\gfx.o
                0x00003140                GFXsetCursor
 .text.GFXgetCursorX
                0x00003168       0x18 .\ARM_GCC_541\Debug\gfx.o
                0x00003168                GFXgetCursorX
 .text.GFXsetTextSize
                0x00003180       0x28 .\ARM_GCC_541\Debug\gfx.o
                0x00003180                GFXsetTextSize
 .text.GFXsetTextColor
                0x000031a8       0x28 .\ARM_GCC_541\Debug\gfx.o
                0x000031a8                GFXsetTextColor
 .text.GFXgetRotation
                0x000031d0       0x18 .\ARM_GCC_541\Debug\gfx.o
                0x000031d0                GFXgetRotation
 .text.GFXsetFont
                0x000031e8       0xdc .\ARM_GCC_541\Debug\gfx.o
                0x000031e8                GFXsetFont
 .text.OLEDparseInt
                0x000032c4       0x80 .\ARM_GCC_541\Debug\gfx.o
                0x000032c4                OLEDparseInt
 .text.GFXscrollUp
                0x00003344       0x1c .\ARM_GCC_541\Debug\gfx.o
                0x00003344                GFXscrollUp
 .text.OLED_init
                0x00003360       0x6c .\ARM_GCC_541\Debug\oled.o
                0x00003360                OLED_init
 .text.OLED_writePreset
                0x000033cc       0x4c .\ARM_GCC_541\Debug\oled.o
                0x000033cc                OLED_writePreset
 .text.OLED_draw
                0x00003418        0xc .\ARM_GCC_541\Debug\oled.o
                0x00003418                OLED_draw
 .text.OLEDclear
                0x00003424       0x24 .\ARM_GCC_541\Debug\oled.o
                0x00003424                OLEDclear
 .text.OLEDwriteString
                0x00003448       0x98 .\ARM_GCC_541\Debug\oled.o
                0x00003448                OLEDwriteString
 .text.OLEDwriteInt
                0x000034e0       0x38 .\ARM_GCC_541\Debug\oled.o
                0x000034e0                OLEDwriteInt
 .text.OLEDgetCursor
                0x00003518       0x14 .\ARM_GCC_541\Debug\oled.o
                0x00003518                OLEDgetCursor
 .text.ssd1306_begin
                0x0000352c       0xe4 .\ARM_GCC_541\Debug\ssd1306.o
                0x0000352c                ssd1306_begin
 .text.ssd1306_command
                0x00003610       0x2c .\ARM_GCC_541\Debug\ssd1306.o
                0x00003610                ssd1306_command
 .text.ssd1306_display_full_buffer
                0x0000363c       0xf4 .\ARM_GCC_541\Debug\ssd1306.o
                0x0000363c                ssd1306_display_full_buffer
 .text.ssd1306_home
                0x00003730       0x10 .\ARM_GCC_541\Debug\ssd1306.o
                0x00003730                ssd1306_home
 .text.ssd1306_move_raw
                0x00003740       0x58 .\ARM_GCC_541\Debug\ssd1306.o
                0x00003740                ssd1306_move_raw
 .text.CYMEMZERO
                0x00003798       0x1c .\ARM_GCC_541\Debug\cyfitter_cfg.o
 .text.CYCONFIGCPY
                0x000037b4       0x20 .\ARM_GCC_541\Debug\cyfitter_cfg.o
 .text.CyClockStartupError
                0x000037d4        0xc .\ARM_GCC_541\Debug\cyfitter_cfg.o
 .text.ClockSetup
                0x000037e0      0x154 .\ARM_GCC_541\Debug\cyfitter_cfg.o
 .text.AnalogSetDefault
                0x00003934       0xb0 .\ARM_GCC_541\Debug\cyfitter_cfg.o
 .text.cyfitter_cfg
                0x000039e4      0x21c .\ARM_GCC_541\Debug\cyfitter_cfg.o
                0x000039e4                cyfitter_cfg
 .text.IntDefaultHandler
                0x00003c00       0x14 .\ARM_GCC_541\Debug\Cm3Start.o
                0x00003c00                IntDefaultHandler
 .text._sbrk    0x00003c14       0x54 .\ARM_GCC_541\Debug\Cm3Start.o
                0x00003c14                _sbrk
 .text.Start_c  0x00003c68       0x98 .\ARM_GCC_541\Debug\Cm3Start.o
                0x00003c68                Start_c
 .text.initialize_psoc
                0x00003d00       0x94 .\ARM_GCC_541\Debug\Cm3Start.o
                0x00003d00                initialize_psoc
 .text.Cy_Em_EEPROM_Init
                0x00003d94       0xe0 .\ARM_GCC_541\Debug\CE210514_PSOC3_5_Thermistor.a(cy_em_eeprom.o)
                0x00003d94                Cy_Em_EEPROM_Init
 .text.Cy_Em_EEPROM_Read
                0x00003e74      0x30c .\ARM_GCC_541\Debug\CE210514_PSOC3_5_Thermistor.a(cy_em_eeprom.o)
                0x00003e74                Cy_Em_EEPROM_Read
 .text.Cy_Em_EEPROM_Write
                0x00004180      0x34c .\ARM_GCC_541\Debug\CE210514_PSOC3_5_Thermistor.a(cy_em_eeprom.o)
                0x00004180                Cy_Em_EEPROM_Write
 .text.FindLastWrittenRow
                0x000044cc       0x6c .\ARM_GCC_541\Debug\CE210514_PSOC3_5_Thermistor.a(cy_em_eeprom.o)
 .text.GetRowAddrBySeqNum
                0x00004538       0x40 .\ARM_GCC_541\Debug\CE210514_PSOC3_5_Thermistor.a(cy_em_eeprom.o)
 .text.GetNextRowToWrite
                0x00004578       0xb4 .\ARM_GCC_541\Debug\CE210514_PSOC3_5_Thermistor.a(cy_em_eeprom.o)
 .text.CalcChecksum
                0x0000462c       0x6c .\ARM_GCC_541\Debug\CE210514_PSOC3_5_Thermistor.a(cy_em_eeprom.o)
 .text.CheckRanges
                0x00004698       0x64 .\ARM_GCC_541\Debug\CE210514_PSOC3_5_Thermistor.a(cy_em_eeprom.o)
 .text.WriteRow
                0x000046fc       0x4c .\ARM_GCC_541\Debug\CE210514_PSOC3_5_Thermistor.a(cy_em_eeprom.o)
 .text.CheckCrcAndCopy
                0x00004748       0xf8 .\ARM_GCC_541\Debug\CE210514_PSOC3_5_Thermistor.a(cy_em_eeprom.o)
 .text.GetAddresses
                0x00004840       0xfc .\ARM_GCC_541\Debug\CE210514_PSOC3_5_Thermistor.a(cy_em_eeprom.o)
 .text.FillChecksum
                0x0000493c      0x100 .\ARM_GCC_541\Debug\CE210514_PSOC3_5_Thermistor.a(cy_em_eeprom.o)
 .text.CyDmacConfigure
                0x00004a3c       0x5c .\ARM_GCC_541\Debug\CE210514_PSOC3_5_Thermistor.a(CyDmac.o)
                0x00004a3c                CyDmacConfigure
 .text.CyDmaChEnable
                0x00004a98       0x8c .\ARM_GCC_541\Debug\CE210514_PSOC3_5_Thermistor.a(CyDmac.o)
                0x00004a98                CyDmaChEnable
 .text.CyDmaClearPendingDrq
                0x00004b24       0x60 .\ARM_GCC_541\Debug\CE210514_PSOC3_5_Thermistor.a(CyDmac.o)
                0x00004b24                CyDmaClearPendingDrq
 .text.CyDmaChPriority
                0x00004b84       0x64 .\ARM_GCC_541\Debug\CE210514_PSOC3_5_Thermistor.a(CyDmac.o)
                0x00004b84                CyDmaChPriority
 .text.CyDmaChSetExtendedAddress
                0x00004be8       0x78 .\ARM_GCC_541\Debug\CE210514_PSOC3_5_Thermistor.a(CyDmac.o)
                0x00004be8                CyDmaChSetExtendedAddress
 .text.CyDmaChSetInitialTd
                0x00004c60       0x3c .\ARM_GCC_541\Debug\CE210514_PSOC3_5_Thermistor.a(CyDmac.o)
                0x00004c60                CyDmaChSetInitialTd
 .text.CyDmaChSetConfiguration
                0x00004c9c       0xa0 .\ARM_GCC_541\Debug\CE210514_PSOC3_5_Thermistor.a(CyDmac.o)
                0x00004c9c                CyDmaChSetConfiguration
 .text.CyDmaTdAllocate
                0x00004d3c       0x5c .\ARM_GCC_541\Debug\CE210514_PSOC3_5_Thermistor.a(CyDmac.o)
                0x00004d3c                CyDmaTdAllocate
 .text.CyDmaTdSetConfiguration
                0x00004d98       0x80 .\ARM_GCC_541\Debug\CE210514_PSOC3_5_Thermistor.a(CyDmac.o)
                0x00004d98                CyDmaTdSetConfiguration
 .text.CyDmaTdSetAddress
                0x00004e18       0x5c .\ARM_GCC_541\Debug\CE210514_PSOC3_5_Thermistor.a(CyDmac.o)
                0x00004e18                CyDmaTdSetAddress
 .text.CySetTempInt
                0x00004e74       0x7c .\ARM_GCC_541\Debug\CE210514_PSOC3_5_Thermistor.a(CyFlash.o)
 .text.CyFlashGetSpcAlgorithm
                0x00004ef0       0x70 .\ARM_GCC_541\Debug\CE210514_PSOC3_5_Thermistor.a(CyFlash.o)
                0x00004ef0                CyFlashGetSpcAlgorithm
 .text.CySetTemp
                0x00004f60       0x24 .\ARM_GCC_541\Debug\CE210514_PSOC3_5_Thermistor.a(CyFlash.o)
                0x00004f60                CySetTemp
 .text.CyWriteRowData
                0x00004f84       0x38 .\ARM_GCC_541\Debug\CE210514_PSOC3_5_Thermistor.a(CyFlash.o)
                0x00004f84                CyWriteRowData
 .text.CyWriteRowFull
                0x00004fbc      0x154 .\ARM_GCC_541\Debug\CE210514_PSOC3_5_Thermistor.a(CyFlash.o)
                0x00004fbc                CyWriteRowFull
 .text.CyEEPROM_Start
                0x00005110       0x8c .\ARM_GCC_541\Debug\CE210514_PSOC3_5_Thermistor.a(CyFlash.o)
                0x00005110                CyEEPROM_Start
 .text.CyEEPROM_ReadReserve
                0x0000519c       0x30 .\ARM_GCC_541\Debug\CE210514_PSOC3_5_Thermistor.a(CyFlash.o)
                0x0000519c                CyEEPROM_ReadReserve
 .text.CyEEPROM_ReadRelease
                0x000051cc       0x20 .\ARM_GCC_541\Debug\CE210514_PSOC3_5_Thermistor.a(CyFlash.o)
                0x000051cc                CyEEPROM_ReadRelease
 .text.CyHalt   0x000051ec       0x18 .\ARM_GCC_541\Debug\CE210514_PSOC3_5_Thermistor.a(CyLib.o)
                0x000051ec                CyHalt
 .text.CySoftwareReset
                0x00005204       0x20 .\ARM_GCC_541\Debug\CE210514_PSOC3_5_Thermistor.a(CyLib.o)
                0x00005204                CySoftwareReset
 .text.CyDelay  0x00005224       0x44 .\ARM_GCC_541\Debug\CE210514_PSOC3_5_Thermistor.a(CyLib.o)
                0x00005224                CyDelay
 .text.CyDelayUs
                0x00005268       0x28 .\ARM_GCC_541\Debug\CE210514_PSOC3_5_Thermistor.a(CyLib.o)
                0x00005268                CyDelayUs
 .text.CyFlushCache
                0x00005290       0x5c .\ARM_GCC_541\Debug\CE210514_PSOC3_5_Thermistor.a(CyLib.o)
                0x00005290                CyFlushCache
 .text.CyIntSetVector
                0x000052ec       0x50 .\ARM_GCC_541\Debug\CE210514_PSOC3_5_Thermistor.a(CyLib.o)
                0x000052ec                CyIntSetVector
 .text.CyIntSetPriority
                0x0000533c       0x48 .\ARM_GCC_541\Debug\CE210514_PSOC3_5_Thermistor.a(CyLib.o)
                0x0000533c                CyIntSetPriority
 .text.CyGetUniqueId
                0x00005384       0xc4 .\ARM_GCC_541\Debug\CE210514_PSOC3_5_Thermistor.a(CyLib.o)
                0x00005384                CyGetUniqueId
 .text.CySpcStart
                0x00005448       0x48 .\ARM_GCC_541\Debug\CE210514_PSOC3_5_Thermistor.a(CySpc.o)
                0x00005448                CySpcStart
 .text.CySpcReadData
                0x00005490       0x54 .\ARM_GCC_541\Debug\CE210514_PSOC3_5_Thermistor.a(CySpc.o)
                0x00005490                CySpcReadData
 .text.CySpcLoadMultiByte
                0x000054e4       0xd0 .\ARM_GCC_541\Debug\CE210514_PSOC3_5_Thermistor.a(CySpc.o)
                0x000054e4                CySpcLoadMultiByte
 .text.CySpcLoadRowFull
                0x000055b4       0xcc .\ARM_GCC_541\Debug\CE210514_PSOC3_5_Thermistor.a(CySpc.o)
                0x000055b4                CySpcLoadRowFull
 .text.CySpcWriteRow
                0x00005680       0x98 .\ARM_GCC_541\Debug\CE210514_PSOC3_5_Thermistor.a(CySpc.o)
                0x00005680                CySpcWriteRow
 .text.CySpcGetTemp
                0x00005718       0x64 .\ARM_GCC_541\Debug\CE210514_PSOC3_5_Thermistor.a(CySpc.o)
                0x00005718                CySpcGetTemp
 .text.CySpcLock
                0x0000577c       0x68 .\ARM_GCC_541\Debug\CE210514_PSOC3_5_Thermistor.a(CySpc.o)
                0x0000577c                CySpcLock
 .text.CySpcUnlock
                0x000057e4       0x50 .\ARM_GCC_541\Debug\CE210514_PSOC3_5_Thermistor.a(CySpc.o)
                0x000057e4                CySpcUnlock
 .text.CySpcGetAlgorithm
                0x00005834       0x44 .\ARM_GCC_541\Debug\CE210514_PSOC3_5_Thermistor.a(CySpc.o)
                0x00005834                CySpcGetAlgorithm
 .text.SPIM_1_Init
                0x00005878       0x34 .\ARM_GCC_541\Debug\CE210514_PSOC3_5_Thermistor.a(SPIM_1.o)
                0x00005878                SPIM_1_Init
 .text.SPIM_1_Enable
                0x000058ac       0x68 .\ARM_GCC_541\Debug\CE210514_PSOC3_5_Thermistor.a(SPIM_1.o)
                0x000058ac                SPIM_1_Enable
 .text.SPIM_1_Start
                0x00005914       0x24 .\ARM_GCC_541\Debug\CE210514_PSOC3_5_Thermistor.a(SPIM_1.o)
                0x00005914                SPIM_1_Start
 .text.SPIM_1_EnableTxInt
                0x00005938        0xc .\ARM_GCC_541\Debug\CE210514_PSOC3_5_Thermistor.a(SPIM_1.o)
                0x00005938                SPIM_1_EnableTxInt
 .text.SPIM_1_EnableRxInt
                0x00005944        0xc .\ARM_GCC_541\Debug\CE210514_PSOC3_5_Thermistor.a(SPIM_1.o)
                0x00005944                SPIM_1_EnableRxInt
 .text.SPIM_1_ReadTxStatus
                0x00005950       0x1c .\ARM_GCC_541\Debug\CE210514_PSOC3_5_Thermistor.a(SPIM_1.o)
                0x00005950                SPIM_1_ReadTxStatus
 .text.SPIM_1_ReadRxStatus
                0x0000596c       0x1c .\ARM_GCC_541\Debug\CE210514_PSOC3_5_Thermistor.a(SPIM_1.o)
                0x0000596c                SPIM_1_ReadRxStatus
 .text.SPIM_1_WriteTxData
                0x00005988       0x34 .\ARM_GCC_541\Debug\CE210514_PSOC3_5_Thermistor.a(SPIM_1.o)
                0x00005988                SPIM_1_WriteTxData
 .text.SPIM_1_ClearFIFO
                0x000059bc       0x60 .\ARM_GCC_541\Debug\CE210514_PSOC3_5_Thermistor.a(SPIM_1.o)
                0x000059bc                SPIM_1_ClearFIFO
 .text.SPIM_1_IntClock_Start
                0x00005a1c       0x34 .\ARM_GCC_541\Debug\CE210514_PSOC3_5_Thermistor.a(SPIM_1_IntClock.o)
                0x00005a1c                SPIM_1_IntClock_Start
 .text.I2C_1_Init
                0x00005a50       0x84 .\ARM_GCC_541\Debug\CE210514_PSOC3_5_Thermistor.a(I2C_1.o)
                0x00005a50                I2C_1_Init
 .text.I2C_1_Enable
                0x00005ad4       0x48 .\ARM_GCC_541\Debug\CE210514_PSOC3_5_Thermistor.a(I2C_1.o)
                0x00005ad4                I2C_1_Enable
 .text.I2C_1_Start
                0x00005b1c       0x30 .\ARM_GCC_541\Debug\CE210514_PSOC3_5_Thermistor.a(I2C_1.o)
                0x00005b1c                I2C_1_Start
 .text.I2C_1_Stop
                0x00005b4c      0x110 .\ARM_GCC_541\Debug\CE210514_PSOC3_5_Thermistor.a(I2C_1.o)
                0x00005b4c                I2C_1_Stop
 .text.I2C_1_ISR
                0x00005c5c      0x3a8 .\ARM_GCC_541\Debug\CE210514_PSOC3_5_Thermistor.a(I2C_1_INT.o)
                0x00005c5c                I2C_1_ISR
 .text.I2C_1_MasterWriteBuf
                0x00006004      0x108 .\ARM_GCC_541\Debug\CE210514_PSOC3_5_Thermistor.a(I2C_1_MASTER.o)
                0x00006004                I2C_1_MasterWriteBuf
 .text.I2C_1_MasterStatus
                0x0000610c       0x50 .\ARM_GCC_541\Debug\CE210514_PSOC3_5_Thermistor.a(I2C_1_MASTER.o)
                0x0000610c                I2C_1_MasterStatus
 .text.I2C_1_MasterClearStatus
                0x0000615c       0x3c .\ARM_GCC_541\Debug\CE210514_PSOC3_5_Thermistor.a(I2C_1_MASTER.o)
                0x0000615c                I2C_1_MasterClearStatus
 .text.oct1_Read
                0x00006198       0x20 .\ARM_GCC_541\Debug\CE210514_PSOC3_5_Thermistor.a(oct1.o)
                0x00006198                oct1_Read
 .text.oct2_Read
                0x000061b8       0x20 .\ARM_GCC_541\Debug\CE210514_PSOC3_5_Thermistor.a(oct2.o)
                0x000061b8                oct2_Read
 .text.oct3_Read
                0x000061d8       0x20 .\ARM_GCC_541\Debug\CE210514_PSOC3_5_Thermistor.a(oct3.o)
                0x000061d8                oct3_Read
 .text.oct4_Read
                0x000061f8       0x20 .\ARM_GCC_541\Debug\CE210514_PSOC3_5_Thermistor.a(oct4.o)
                0x000061f8                oct4_Read
 .text.ADC_SAR_Seq_1_Init
                0x00006218       0x50 .\ARM_GCC_541\Debug\CE210514_PSOC3_5_Thermistor.a(ADC_SAR_Seq_1.o)
                0x00006218                ADC_SAR_Seq_1_Init
 .text.ADC_SAR_Seq_1_Enable
                0x00006268      0x130 .\ARM_GCC_541\Debug\CE210514_PSOC3_5_Thermistor.a(ADC_SAR_Seq_1.o)
                0x00006268                ADC_SAR_Seq_1_Enable
 .text.ADC_SAR_Seq_1_Start
                0x00006398       0x30 .\ARM_GCC_541\Debug\CE210514_PSOC3_5_Thermistor.a(ADC_SAR_Seq_1.o)
                0x00006398                ADC_SAR_Seq_1_Start
 .text.ADC_SAR_Seq_1_StartConvert
                0x000063c8        0xc .\ARM_GCC_541\Debug\CE210514_PSOC3_5_Thermistor.a(ADC_SAR_Seq_1.o)
                0x000063c8                ADC_SAR_Seq_1_StartConvert
 .text.ADC_SAR_Seq_1_GetResult16
                0x000063d4       0x38 .\ARM_GCC_541\Debug\CE210514_PSOC3_5_Thermistor.a(ADC_SAR_Seq_1.o)
                0x000063d4                ADC_SAR_Seq_1_GetResult16
 .text.ADC_SAR_Seq_1_ISR
                0x0000640c        0xc .\ARM_GCC_541\Debug\CE210514_PSOC3_5_Thermistor.a(ADC_SAR_Seq_1_INT.o)
                0x0000640c                ADC_SAR_Seq_1_ISR
 .text.ADC_SAR_Seq_1_SAR_Start
                0x00006418       0x24 .\ARM_GCC_541\Debug\CE210514_PSOC3_5_Thermistor.a(ADC_SAR_Seq_1_SAR.o)
                0x00006418                ADC_SAR_Seq_1_SAR_Start
 .text.ADC_SAR_Seq_1_SAR_Init
                0x0000643c       0x2c .\ARM_GCC_541\Debug\CE210514_PSOC3_5_Thermistor.a(ADC_SAR_Seq_1_SAR.o)
                0x0000643c                ADC_SAR_Seq_1_SAR_Init
 .text.ADC_SAR_Seq_1_SAR_Enable
                0x00006468       0xc4 .\ARM_GCC_541\Debug\CE210514_PSOC3_5_Thermistor.a(ADC_SAR_Seq_1_SAR.o)
                0x00006468                ADC_SAR_Seq_1_SAR_Enable
 .text.ADC_SAR_Seq_1_SAR_SetResolution
                0x0000652c       0x54 .\ARM_GCC_541\Debug\CE210514_PSOC3_5_Thermistor.a(ADC_SAR_Seq_1_SAR.o)
                0x0000652c                ADC_SAR_Seq_1_SAR_SetResolution
 .text.ADC_SAR_Seq_1_SAR_StartConvert
                0x00006580       0x20 .\ARM_GCC_541\Debug\CE210514_PSOC3_5_Thermistor.a(ADC_SAR_Seq_1_SAR.o)
                0x00006580                ADC_SAR_Seq_1_SAR_StartConvert
 .text.ADC_SAR_Seq_1_SAR_CalcGain
                0x000065a0       0x84 .\ARM_GCC_541\Debug\CE210514_PSOC3_5_Thermistor.a(ADC_SAR_Seq_1_SAR.o)
 .text.ADC_SAR_Seq_1_TempBuf_DmaInitialize
                0x00006624       0x64 .\ARM_GCC_541\Debug\CE210514_PSOC3_5_Thermistor.a(ADC_SAR_Seq_1_TempBuf_dma.o)
                0x00006624                ADC_SAR_Seq_1_TempBuf_DmaInitialize
 .text.ADC_SAR_Seq_1_FinalBuf_DmaInitialize
                0x00006688       0x64 .\ARM_GCC_541\Debug\CE210514_PSOC3_5_Thermistor.a(ADC_SAR_Seq_1_FinalBuf_dma.o)
                0x00006688                ADC_SAR_Seq_1_FinalBuf_DmaInitialize
 .text.ADC_SAR_Seq_1_IRQ_SetVector
                0x000066ec       0x24 .\ARM_GCC_541\Debug\CE210514_PSOC3_5_Thermistor.a(ADC_SAR_Seq_1_IRQ.o)
                0x000066ec                ADC_SAR_Seq_1_IRQ_SetVector
 .text.ADC_SAR_Seq_1_IRQ_SetPriority
                0x00006710       0x24 .\ARM_GCC_541\Debug\CE210514_PSOC3_5_Thermistor.a(ADC_SAR_Seq_1_IRQ.o)
                0x00006710                ADC_SAR_Seq_1_IRQ_SetPriority
 .text.SPIS_1_Init
                0x00006734       0x34 .\ARM_GCC_541\Debug\CE210514_PSOC3_5_Thermistor.a(SPIS_1.o)
                0x00006734                SPIS_1_Init
 .text.SPIS_1_Enable
                0x00006768       0x5c .\ARM_GCC_541\Debug\CE210514_PSOC3_5_Thermistor.a(SPIS_1.o)
                0x00006768                SPIS_1_Enable
 .text.SPIS_1_Start
                0x000067c4       0x24 .\ARM_GCC_541\Debug\CE210514_PSOC3_5_Thermistor.a(SPIS_1.o)
                0x000067c4                SPIS_1_Start
 .text.SPIS_1_ReadTxStatus
                0x000067e8       0x1c .\ARM_GCC_541\Debug\CE210514_PSOC3_5_Thermistor.a(SPIS_1.o)
                0x000067e8                SPIS_1_ReadTxStatus
 .text.SPIS_1_ReadRxStatus
                0x00006804       0x1c .\ARM_GCC_541\Debug\CE210514_PSOC3_5_Thermistor.a(SPIS_1.o)
                0x00006804                SPIS_1_ReadRxStatus
 .text.SPIS_1_ClearRxBuffer
                0x00006820       0x28 .\ARM_GCC_541\Debug\CE210514_PSOC3_5_Thermistor.a(SPIS_1.o)
                0x00006820                SPIS_1_ClearRxBuffer
 .text.SPIS_1_ClearFIFO
                0x00006848       0x60 .\ARM_GCC_541\Debug\CE210514_PSOC3_5_Thermistor.a(SPIS_1.o)
                0x00006848                SPIS_1_ClearFIFO
 .text.SPIS_2_Init
                0x000068a8       0x34 .\ARM_GCC_541\Debug\CE210514_PSOC3_5_Thermistor.a(SPIS_2.o)
                0x000068a8                SPIS_2_Init
 .text.SPIS_2_Enable
                0x000068dc       0x5c .\ARM_GCC_541\Debug\CE210514_PSOC3_5_Thermistor.a(SPIS_2.o)
                0x000068dc                SPIS_2_Enable
 .text.SPIS_2_Start
                0x00006938       0x24 .\ARM_GCC_541\Debug\CE210514_PSOC3_5_Thermistor.a(SPIS_2.o)
                0x00006938                SPIS_2_Start
 .text.SPIS_2_ReadTxStatus
                0x0000695c       0x1c .\ARM_GCC_541\Debug\CE210514_PSOC3_5_Thermistor.a(SPIS_2.o)
                0x0000695c                SPIS_2_ReadTxStatus
 .text.SPIS_2_ReadRxStatus
                0x00006978       0x1c .\ARM_GCC_541\Debug\CE210514_PSOC3_5_Thermistor.a(SPIS_2.o)
                0x00006978                SPIS_2_ReadRxStatus
 .text.SPIS_2_ClearRxBuffer
                0x00006994       0x28 .\ARM_GCC_541\Debug\CE210514_PSOC3_5_Thermistor.a(SPIS_2.o)
                0x00006994                SPIS_2_ClearRxBuffer
 .text.SPIS_2_ClearFIFO
                0x000069bc       0x60 .\ARM_GCC_541\Debug\CE210514_PSOC3_5_Thermistor.a(SPIS_2.o)
                0x000069bc                SPIS_2_ClearFIFO
 .text.QuadDec_1_Init
                0x00006a1c        0xc .\ARM_GCC_541\Debug\CE210514_PSOC3_5_Thermistor.a(QuadDec_1.o)
                0x00006a1c                QuadDec_1_Init
 .text.QuadDec_1_Enable
                0x00006a28       0x3c .\ARM_GCC_541\Debug\CE210514_PSOC3_5_Thermistor.a(QuadDec_1.o)
                0x00006a28                QuadDec_1_Enable
 .text.QuadDec_1_Start
                0x00006a64       0x30 .\ARM_GCC_541\Debug\CE210514_PSOC3_5_Thermistor.a(QuadDec_1.o)
                0x00006a64                QuadDec_1_Start
 .text.QuadDec_1_GetCounter
                0x00006a94       0x24 .\ARM_GCC_541\Debug\CE210514_PSOC3_5_Thermistor.a(QuadDec_1.o)
                0x00006a94                QuadDec_1_GetCounter
 .text.QuadDec_1_SetCounter
                0x00006ab8       0x34 .\ARM_GCC_541\Debug\CE210514_PSOC3_5_Thermistor.a(QuadDec_1.o)
                0x00006ab8                QuadDec_1_SetCounter
 .text.QuadDec_1_GetEvents
                0x00006aec       0x1c .\ARM_GCC_541\Debug\CE210514_PSOC3_5_Thermistor.a(QuadDec_1.o)
                0x00006aec                QuadDec_1_GetEvents
 .text.QuadDec_1_SetInterruptMask
                0x00006b08       0x20 .\ARM_GCC_541\Debug\CE210514_PSOC3_5_Thermistor.a(QuadDec_1.o)
                0x00006b08                QuadDec_1_SetInterruptMask
 .text.QuadDec_1_Cnt16_Init
                0x00006b28       0x80 .\ARM_GCC_541\Debug\CE210514_PSOC3_5_Thermistor.a(QuadDec_1_Cnt16.o)
                0x00006b28                QuadDec_1_Cnt16_Init
 .text.QuadDec_1_Cnt16_Enable
                0x00006ba8       0x20 .\ARM_GCC_541\Debug\CE210514_PSOC3_5_Thermistor.a(QuadDec_1_Cnt16.o)
                0x00006ba8                QuadDec_1_Cnt16_Enable
 .text.QuadDec_1_Cnt16_Start
                0x00006bc8       0x24 .\ARM_GCC_541\Debug\CE210514_PSOC3_5_Thermistor.a(QuadDec_1_Cnt16.o)
                0x00006bc8                QuadDec_1_Cnt16_Start
 .text.QuadDec_1_Cnt16_SetInterruptMode
                0x00006bec       0x20 .\ARM_GCC_541\Debug\CE210514_PSOC3_5_Thermistor.a(QuadDec_1_Cnt16.o)
                0x00006bec                QuadDec_1_Cnt16_SetInterruptMode
 .text.QuadDec_1_Cnt16_ReadStatusRegister
                0x00006c0c       0x18 .\ARM_GCC_541\Debug\CE210514_PSOC3_5_Thermistor.a(QuadDec_1_Cnt16.o)
                0x00006c0c                QuadDec_1_Cnt16_ReadStatusRegister
 .text.QuadDec_1_Cnt16_WriteCounter
                0x00006c24       0x20 .\ARM_GCC_541\Debug\CE210514_PSOC3_5_Thermistor.a(QuadDec_1_Cnt16.o)
                0x00006c24                QuadDec_1_Cnt16_WriteCounter
 .text.QuadDec_1_Cnt16_ReadCounter
                0x00006c44       0x20 .\ARM_GCC_541\Debug\CE210514_PSOC3_5_Thermistor.a(QuadDec_1_Cnt16.o)
                0x00006c44                QuadDec_1_Cnt16_ReadCounter
 .text.QuadDec_1_Cnt16_ReadCapture
                0x00006c64       0x18 .\ARM_GCC_541\Debug\CE210514_PSOC3_5_Thermistor.a(QuadDec_1_Cnt16.o)
                0x00006c64                QuadDec_1_Cnt16_ReadCapture
 .text.QuadDec_1_Cnt16_WritePeriod
                0x00006c7c       0x20 .\ARM_GCC_541\Debug\CE210514_PSOC3_5_Thermistor.a(QuadDec_1_Cnt16.o)
                0x00006c7c                QuadDec_1_Cnt16_WritePeriod
 .text.QuadDec_1_Cnt16_WriteCompare
                0x00006c9c       0x20 .\ARM_GCC_541\Debug\CE210514_PSOC3_5_Thermistor.a(QuadDec_1_Cnt16.o)
                0x00006c9c                QuadDec_1_Cnt16_WriteCompare
 .text.QuadDec_1_Cnt16_ClearFIFO
                0x00006cbc       0x1c .\ARM_GCC_541\Debug\CE210514_PSOC3_5_Thermistor.a(QuadDec_1_Cnt16.o)
                0x00006cbc                QuadDec_1_Cnt16_ClearFIFO
 .text.my_Vbus_ISR_StartEx
                0x00006cd8       0x24 .\ARM_GCC_541\Debug\CE210514_PSOC3_5_Thermistor.a(my_Vbus_ISR.o)
                0x00006cd8                my_Vbus_ISR_StartEx
 .text.my_Vbus_ISR_SetVector
                0x00006cfc       0x24 .\ARM_GCC_541\Debug\CE210514_PSOC3_5_Thermistor.a(my_Vbus_ISR.o)
                0x00006cfc                my_Vbus_ISR_SetVector
 .text.my_Vbus_ISR_SetPriority
                0x00006d20       0x24 .\ARM_GCC_541\Debug\CE210514_PSOC3_5_Thermistor.a(my_Vbus_ISR.o)
                0x00006d20                my_Vbus_ISR_SetPriority
 .text.my_Vbus_ISR_Enable
                0x00006d44       0x18 .\ARM_GCC_541\Debug\CE210514_PSOC3_5_Thermistor.a(my_Vbus_ISR.o)
                0x00006d44                my_Vbus_ISR_Enable
 .text.my_Vbus_ISR_Disable
                0x00006d5c       0x18 .\ARM_GCC_541\Debug\CE210514_PSOC3_5_Thermistor.a(my_Vbus_ISR.o)
                0x00006d5c                my_Vbus_ISR_Disable
 .text.my_Vbus_ISR_ClearPending
                0x00006d74       0x18 .\ARM_GCC_541\Debug\CE210514_PSOC3_5_Thermistor.a(my_Vbus_ISR.o)
                0x00006d74                my_Vbus_ISR_ClearPending
 .text.USB_Start
                0x00006d8c       0x3c .\ARM_GCC_541\Debug\CE210514_PSOC3_5_Thermistor.a(USB.o)
                0x00006d8c                USB_Start
 .text.USB_Init
                0x00006dc8      0x17c .\ARM_GCC_541\Debug\CE210514_PSOC3_5_Thermistor.a(USB.o)
                0x00006dc8                USB_Init
 .text.USB_InitComponent
                0x00006f44       0xf4 .\ARM_GCC_541\Debug\CE210514_PSOC3_5_Thermistor.a(USB.o)
                0x00006f44                USB_InitComponent
 .text.USB_ReInitComponent
                0x00007038       0x68 .\ARM_GCC_541\Debug\CE210514_PSOC3_5_Thermistor.a(USB.o)
                0x00007038                USB_ReInitComponent
 .text.USB_Stop
                0x000070a0      0x100 .\ARM_GCC_541\Debug\CE210514_PSOC3_5_Thermistor.a(USB.o)
                0x000070a0                USB_Stop
 .text.USB_GetConfiguration
                0x000071a0       0x18 .\ARM_GCC_541\Debug\CE210514_PSOC3_5_Thermistor.a(USB.o)
                0x000071a0                USB_GetConfiguration
 .text.USB_IsConfigurationChanged
                0x000071b8       0x30 .\ARM_GCC_541\Debug\CE210514_PSOC3_5_Thermistor.a(USB.o)
                0x000071b8                USB_IsConfigurationChanged
 .text.USB_GetEPState
                0x000071e8       0x2c .\ARM_GCC_541\Debug\CE210514_PSOC3_5_Thermistor.a(USB.o)
                0x000071e8                USB_GetEPState
 .text.USB_GetEPCount
                0x00007214       0x60 .\ARM_GCC_541\Debug\CE210514_PSOC3_5_Thermistor.a(USB.o)
                0x00007214                USB_GetEPCount
 .text.USB_LoadInEP
                0x00007274      0x108 .\ARM_GCC_541\Debug\CE210514_PSOC3_5_Thermistor.a(USB.o)
                0x00007274                USB_LoadInEP
 .text.USB_ReadOutEP
                0x0000737c       0x8c .\ARM_GCC_541\Debug\CE210514_PSOC3_5_Thermistor.a(USB.o)
                0x0000737c                USB_ReadOutEP
 .text.USB_EnableOutEP
                0x00007408       0x5c .\ARM_GCC_541\Debug\CE210514_PSOC3_5_Thermistor.a(USB.o)
                0x00007408                USB_EnableOutEP
 .text.USB_SetPowerStatus
                0x00007464       0x40 .\ARM_GCC_541\Debug\CE210514_PSOC3_5_Thermistor.a(USB.o)
                0x00007464                USB_SetPowerStatus
 .text.USB_VBusPresent
                0x000074a4       0x24 .\ARM_GCC_541\Debug\CE210514_PSOC3_5_Thermistor.a(USB.o)
                0x000074a4                USB_VBusPresent
 .text.USB_EP_0_ISR
                0x000074c8       0xf8 .\ARM_GCC_541\Debug\CE210514_PSOC3_5_Thermistor.a(USB_drv.o)
                0x000074c8                USB_EP_0_ISR
 .text.USB_HandleSetup
                0x000075c0       0x88 .\ARM_GCC_541\Debug\CE210514_PSOC3_5_Thermistor.a(USB_drv.o)
                0x000075c0                USB_HandleSetup
 .text.USB_HandleIN
                0x00007648       0x4c .\ARM_GCC_541\Debug\CE210514_PSOC3_5_Thermistor.a(USB_drv.o)
                0x00007648                USB_HandleIN
 .text.USB_HandleOUT
                0x00007694       0x58 .\ARM_GCC_541\Debug\CE210514_PSOC3_5_Thermistor.a(USB_drv.o)
                0x00007694                USB_HandleOUT
 .text.USB_LoadEP0
                0x000076ec       0xd0 .\ARM_GCC_541\Debug\CE210514_PSOC3_5_Thermistor.a(USB_drv.o)
                0x000076ec                USB_LoadEP0
 .text.USB_InitControlRead
                0x000077bc       0x70 .\ARM_GCC_541\Debug\CE210514_PSOC3_5_Thermistor.a(USB_drv.o)
                0x000077bc                USB_InitControlRead
 .text.USB_InitZeroLengthControlTransfer
                0x0000782c       0x40 .\ARM_GCC_541\Debug\CE210514_PSOC3_5_Thermistor.a(USB_drv.o)
                0x0000782c                USB_InitZeroLengthControlTransfer
 .text.USB_ControlReadDataStage
                0x0000786c        0xc .\ARM_GCC_541\Debug\CE210514_PSOC3_5_Thermistor.a(USB_drv.o)
                0x0000786c                USB_ControlReadDataStage
 .text.USB_ControlReadStatusStage
                0x00007878       0x40 .\ARM_GCC_541\Debug\CE210514_PSOC3_5_Thermistor.a(USB_drv.o)
                0x00007878                USB_ControlReadStatusStage
 .text.USB_ControlWriteDataStage
                0x000078b8       0xb4 .\ARM_GCC_541\Debug\CE210514_PSOC3_5_Thermistor.a(USB_drv.o)
                0x000078b8                USB_ControlWriteDataStage
 .text.USB_ControlWriteStatusStage
                0x0000796c       0x24 .\ARM_GCC_541\Debug\CE210514_PSOC3_5_Thermistor.a(USB_drv.o)
                0x0000796c                USB_ControlWriteStatusStage
 .text.USB_InitNoDataControlTransfer
                0x00007990       0x38 .\ARM_GCC_541\Debug\CE210514_PSOC3_5_Thermistor.a(USB_drv.o)
                0x00007990                USB_InitNoDataControlTransfer
 .text.USB_NoDataControlStatusStage
                0x000079c8       0x4c .\ARM_GCC_541\Debug\CE210514_PSOC3_5_Thermistor.a(USB_drv.o)
                0x000079c8                USB_NoDataControlStatusStage
 .text.USB_UpdateStatusBlock
                0x00007a14       0x40 .\ARM_GCC_541\Debug\CE210514_PSOC3_5_Thermistor.a(USB_drv.o)
                0x00007a14                USB_UpdateStatusBlock
 .text.USB_InitializeStatusBlock
                0x00007a54       0x34 .\ARM_GCC_541\Debug\CE210514_PSOC3_5_Thermistor.a(USB_drv.o)
                0x00007a54                USB_InitializeStatusBlock
 .text.USB_EP_1_ISR
                0x00007a88       0x48 .\ARM_GCC_541\Debug\CE210514_PSOC3_5_Thermistor.a(USB_episr.o)
                0x00007a88                USB_EP_1_ISR
 .text.USB_EP_2_ISR
                0x00007ad0       0x4c .\ARM_GCC_541\Debug\CE210514_PSOC3_5_Thermistor.a(USB_episr.o)
                0x00007ad0                USB_EP_2_ISR
 .text.USB_BUS_RESET_ISR
                0x00007b1c        0xc .\ARM_GCC_541\Debug\CE210514_PSOC3_5_Thermistor.a(USB_episr.o)
                0x00007b1c                USB_BUS_RESET_ISR
 .text.USB_DP_ISR
                0x00007b28        0xc .\ARM_GCC_541\Debug\CE210514_PSOC3_5_Thermistor.a(USB_pm.o)
                0x00007b28                USB_DP_ISR
 .text.USB_HandleStandardRqst
                0x00007b34      0x494 .\ARM_GCC_541\Debug\CE210514_PSOC3_5_Thermistor.a(USB_std.o)
                0x00007b34                USB_HandleStandardRqst
 .text.USB_ReadDieID
                0x00007fc8       0xd8 .\ARM_GCC_541\Debug\CE210514_PSOC3_5_Thermistor.a(USB_std.o)
                0x00007fc8                USB_ReadDieID
 .text.USB_ConfigReg
                0x000080a0      0x138 .\ARM_GCC_541\Debug\CE210514_PSOC3_5_Thermistor.a(USB_std.o)
                0x000080a0                USB_ConfigReg
 .text.USB_Config
                0x000081d8      0x360 .\ARM_GCC_541\Debug\CE210514_PSOC3_5_Thermistor.a(USB_std.o)
                0x000081d8                USB_Config
 .text.USB_ConfigAltChanged
                0x00008538      0x25c .\ARM_GCC_541\Debug\CE210514_PSOC3_5_Thermistor.a(USB_std.o)
                0x00008538                USB_ConfigAltChanged
 .text.USB_GetConfigTablePtr
                0x00008794       0x50 .\ARM_GCC_541\Debug\CE210514_PSOC3_5_Thermistor.a(USB_std.o)
                0x00008794                USB_GetConfigTablePtr
 .text.USB_GetDeviceTablePtr
                0x000087e4       0x24 .\ARM_GCC_541\Debug\CE210514_PSOC3_5_Thermistor.a(USB_std.o)
                0x000087e4                USB_GetDeviceTablePtr
 .text.USB_GetInterfaceClassTablePtr
                0x00008808       0x4c .\ARM_GCC_541\Debug\CE210514_PSOC3_5_Thermistor.a(USB_std.o)
                0x00008808                USB_GetInterfaceClassTablePtr
 .text.USB_SetEndpointHalt
                0x00008854       0xe8 .\ARM_GCC_541\Debug\CE210514_PSOC3_5_Thermistor.a(USB_std.o)
                0x00008854                USB_SetEndpointHalt
 .text.USB_ClearEndpointHalt
                0x0000893c      0x158 .\ARM_GCC_541\Debug\CE210514_PSOC3_5_Thermistor.a(USB_std.o)
                0x0000893c                USB_ClearEndpointHalt
 .text.USB_ValidateAlternateSetting
                0x00008a94       0x70 .\ARM_GCC_541\Debug\CE210514_PSOC3_5_Thermistor.a(USB_std.o)
                0x00008a94                USB_ValidateAlternateSetting
 .text.USB_HandleVendorRqst
                0x00008b04       0x34 .\ARM_GCC_541\Debug\CE210514_PSOC3_5_Thermistor.a(USB_vnd.o)
                0x00008b04                USB_HandleVendorRqst
 .text.USB_MIDI_Init
                0x00008b38       0x24 .\ARM_GCC_541\Debug\CE210514_PSOC3_5_Thermistor.a(USB_midi.o)
                0x00008b38                USB_MIDI_Init
 .text.USB_MIDI_OUT_Service
                0x00008b5c       0x90 .\ARM_GCC_541\Debug\CE210514_PSOC3_5_Thermistor.a(USB_midi.o)
                0x00008b5c                USB_MIDI_OUT_Service
 .text.USB_MIDI_IN_EP_Service
                0x00008bec       0x4c .\ARM_GCC_541\Debug\CE210514_PSOC3_5_Thermistor.a(USB_midi.o)
                0x00008bec                USB_MIDI_IN_EP_Service
 .text.USB_MIDI_IN_Service
                0x00008c38        0xc .\ARM_GCC_541\Debug\CE210514_PSOC3_5_Thermistor.a(USB_midi.o)
                0x00008c38                USB_MIDI_IN_Service
 .text.USB_PutUsbMidiIn
                0x00008c44      0x134 .\ARM_GCC_541\Debug\CE210514_PSOC3_5_Thermistor.a(USB_midi.o)
                0x00008c44                USB_PutUsbMidiIn
 .text.USB_PrepareInBuffer
                0x00008d78      0x380 .\ARM_GCC_541\Debug\CE210514_PSOC3_5_Thermistor.a(USB_midi.o)
                0x00008d78                USB_PrepareInBuffer
 .text.Em_EEPROM_Init
                0x000090f8       0x3c .\ARM_GCC_541\Debug\CE210514_PSOC3_5_Thermistor.a(Em_EEPROM.o)
                0x000090f8                Em_EEPROM_Init
 .text.USB_Dp_ClearInterrupt
                0x00009134       0x20 .\ARM_GCC_541\Debug\CE210514_PSOC3_5_Thermistor.a(USB_Dp.o)
                0x00009134                USB_Dp_ClearInterrupt
 .text.vBusPin_ClearInterrupt
                0x00009154       0x20 .\ARM_GCC_541\Debug\CE210514_PSOC3_5_Thermistor.a(vBusPin.o)
                0x00009154                vBusPin_ClearInterrupt
 .text.DMA_1_DmaInitialize
                0x00009174       0x64 .\ARM_GCC_541\Debug\CE210514_PSOC3_5_Thermistor.a(DMA_1_dma.o)
                0x00009174                DMA_1_DmaInitialize
 .text.DMA_2_DmaInitialize
                0x000091d8       0x64 .\ARM_GCC_541\Debug\CE210514_PSOC3_5_Thermistor.a(DMA_2_dma.o)
                0x000091d8                DMA_2_DmaInitialize
 .text.isr_SPI2_ss_StartEx
                0x0000923c       0x24 .\ARM_GCC_541\Debug\CE210514_PSOC3_5_Thermistor.a(isr_SPI2_ss.o)
                0x0000923c                isr_SPI2_ss_StartEx
 .text.isr_SPI2_ss_SetVector
                0x00009260       0x24 .\ARM_GCC_541\Debug\CE210514_PSOC3_5_Thermistor.a(isr_SPI2_ss.o)
                0x00009260                isr_SPI2_ss_SetVector
 .text.isr_SPI2_ss_SetPriority
                0x00009284       0x24 .\ARM_GCC_541\Debug\CE210514_PSOC3_5_Thermistor.a(isr_SPI2_ss.o)
                0x00009284                isr_SPI2_ss_SetPriority
 .text.isr_SPI2_ss_Enable
                0x000092a8       0x18 .\ARM_GCC_541\Debug\CE210514_PSOC3_5_Thermistor.a(isr_SPI2_ss.o)
                0x000092a8                isr_SPI2_ss_Enable
 .text.isr_SPI2_ss_Disable
                0x000092c0       0x18 .\ARM_GCC_541\Debug\CE210514_PSOC3_5_Thermistor.a(isr_SPI2_ss.o)
                0x000092c0                isr_SPI2_ss_Disable
 .text.isr_SPI1_ss_StartEx
                0x000092d8       0x24 .\ARM_GCC_541\Debug\CE210514_PSOC3_5_Thermistor.a(isr_SPI1_ss.o)
                0x000092d8                isr_SPI1_ss_StartEx
 .text.isr_SPI1_ss_SetVector
                0x000092fc       0x24 .\ARM_GCC_541\Debug\CE210514_PSOC3_5_Thermistor.a(isr_SPI1_ss.o)
                0x000092fc                isr_SPI1_ss_SetVector
 .text.isr_SPI1_ss_SetPriority
                0x00009320       0x24 .\ARM_GCC_541\Debug\CE210514_PSOC3_5_Thermistor.a(isr_SPI1_ss.o)
                0x00009320                isr_SPI1_ss_SetPriority
 .text.isr_SPI1_ss_Enable
                0x00009344       0x18 .\ARM_GCC_541\Debug\CE210514_PSOC3_5_Thermistor.a(isr_SPI1_ss.o)
                0x00009344                isr_SPI1_ss_Enable
 .text.isr_SPI1_ss_Disable
                0x0000935c       0x18 .\ARM_GCC_541\Debug\CE210514_PSOC3_5_Thermistor.a(isr_SPI1_ss.o)
                0x0000935c                isr_SPI1_ss_Disable
 .text.LED_green1_Write
                0x00009374       0x3c .\ARM_GCC_541\Debug\CE210514_PSOC3_5_Thermistor.a(LED_green1.o)
                0x00009374                LED_green1_Write
 .text.LED_amber1_Write
                0x000093b0       0x3c .\ARM_GCC_541\Debug\CE210514_PSOC3_5_Thermistor.a(LED_amber1.o)
                0x000093b0                LED_amber1_Write
 .text.LED_amber2_Write
                0x000093ec       0x3c .\ARM_GCC_541\Debug\CE210514_PSOC3_5_Thermistor.a(LED_amber2.o)
                0x000093ec                LED_amber2_Write
 .text.LED_amber3_Write
                0x00009428       0x38 .\ARM_GCC_541\Debug\CE210514_PSOC3_5_Thermistor.a(LED_amber3.o)
                0x00009428                LED_amber3_Write
 .text.LED_amber4_Write
                0x00009460       0x34 .\ARM_GCC_541\Debug\CE210514_PSOC3_5_Thermistor.a(LED_amber4.o)
                0x00009460                LED_amber4_Write
 .text.LED_red1_Write
                0x00009494       0x3c .\ARM_GCC_541\Debug\CE210514_PSOC3_5_Thermistor.a(LED_red1.o)
                0x00009494                LED_red1_Write
 .text.LED_red2_Write
                0x000094d0       0x3c .\ARM_GCC_541\Debug\CE210514_PSOC3_5_Thermistor.a(LED_red2.o)
                0x000094d0                LED_red2_Write
 .text.LED_green2_Write
                0x0000950c       0x38 .\ARM_GCC_541\Debug\CE210514_PSOC3_5_Thermistor.a(LED_green2.o)
                0x0000950c                LED_green2_Write
 .text.button1_Read
                0x00009544       0x20 .\ARM_GCC_541\Debug\CE210514_PSOC3_5_Thermistor.a(button1.o)
                0x00009544                button1_Read
 .text.button2_Read
                0x00009564       0x20 .\ARM_GCC_541\Debug\CE210514_PSOC3_5_Thermistor.a(button2.o)
                0x00009564                button2_Read
 .text.button3_Read
                0x00009584       0x20 .\ARM_GCC_541\Debug\CE210514_PSOC3_5_Thermistor.a(button3.o)
                0x00009584                button3_Read
 .text.button4_Read
                0x000095a4       0x20 .\ARM_GCC_541\Debug\CE210514_PSOC3_5_Thermistor.a(button4.o)
                0x000095a4                button4_Read
 .text.encoder_button_Read
                0x000095c4       0x20 .\ARM_GCC_541\Debug\CE210514_PSOC3_5_Thermistor.a(encoder_button.o)
                0x000095c4                encoder_button_Read
 .text.neck1_button_Read
                0x000095e4       0x20 .\ARM_GCC_541\Debug\CE210514_PSOC3_5_Thermistor.a(neck1_button.o)
                0x000095e4                neck1_button_Read
 .text.neck2_button_Read
                0x00009604       0x20 .\ARM_GCC_541\Debug\CE210514_PSOC3_5_Thermistor.a(neck2_button.o)
                0x00009604                neck2_button_Read
 .text.enter_button_Read
                0x00009624       0x20 .\ARM_GCC_541\Debug\CE210514_PSOC3_5_Thermistor.a(enter_button.o)
                0x00009624                enter_button_Read
 .text.edit_button_Read
                0x00009644       0x20 .\ARM_GCC_541\Debug\CE210514_PSOC3_5_Thermistor.a(edit_button.o)
                0x00009644                edit_button_Read
 .text.EEPROM_Enable
                0x00009664       0x10 .\ARM_GCC_541\Debug\CE210514_PSOC3_5_Thermistor.a(EEPROM.o)
                0x00009664                EEPROM_Enable
 .text.EEPROM_Start
                0x00009674        0xc .\ARM_GCC_541\Debug\CE210514_PSOC3_5_Thermistor.a(EEPROM.o)
                0x00009674                EEPROM_Start
 .text.EEPROM_WriteByte
                0x00009680      0x114 .\ARM_GCC_541\Debug\CE210514_PSOC3_5_Thermistor.a(EEPROM.o)
                0x00009680                EEPROM_WriteByte
 .text.EEPROM_ReadByte
                0x00009794       0x3c .\ARM_GCC_541\Debug\CE210514_PSOC3_5_Thermistor.a(EEPROM.o)
                0x00009794                EEPROM_ReadByte
 .text          0x000097d0       0x20 .\ARM_GCC_541\Debug\CE210514_PSOC3_5_Thermistor.a(CyBootAsmGnu.o)
                0x000097d0                CyDelayCycles
                0x000097e0                CyEnterCriticalSection
                0x000097e8                CyExitCriticalSection
 .text.USB_DispatchClassRqst
                0x000097f0       0x84 .\ARM_GCC_541\Debug\CE210514_PSOC3_5_Thermistor.a(USB_cls.o)
                0x000097f0                USB_DispatchClassRqst
 .text.USB_DispatchAUDIOClassRqst
                0x00009874       0x88 .\ARM_GCC_541\Debug\CE210514_PSOC3_5_Thermistor.a(USB_audio.o)
                0x00009874                USB_DispatchAUDIOClassRqst
 .text.roundf   0x000098fc       0x48 c:/program files (x86)/cypress/psoc creator/4.4/psoc creator/import/gnu/arm/5.4.1/bin/../lib/gcc/arm-none-eabi/5.4.1/../../../../arm-none-eabi/lib/armv7-m\libm.a(lib_a-sf_round.o)
                0x000098fc                roundf
 .text.expf     0x00009944       0xe4 c:/program files (x86)/cypress/psoc creator/4.4/psoc creator/import/gnu/arm/5.4.1/bin/../lib/gcc/arm-none-eabi/5.4.1/../../../../arm-none-eabi/lib/armv7-m\libm.a(lib_a-wf_exp.o)
                0x00009944                expf
 .text.logf     0x00009a28       0xe8 c:/program files (x86)/cypress/psoc creator/4.4/psoc creator/import/gnu/arm/5.4.1/bin/../lib/gcc/arm-none-eabi/5.4.1/../../../../arm-none-eabi/lib/armv7-m\libm.a(lib_a-wf_log.o)
                0x00009a28                logf
 .text.powf     0x00009b10      0x2fc c:/program files (x86)/cypress/psoc creator/4.4/psoc creator/import/gnu/arm/5.4.1/bin/../lib/gcc/arm-none-eabi/5.4.1/../../../../arm-none-eabi/lib/armv7-m\libm.a(lib_a-wf_pow.o)
                0x00009b10                powf
 .text.sqrtf    0x00009e0c       0x9c c:/program files (x86)/cypress/psoc creator/4.4/psoc creator/import/gnu/arm/5.4.1/bin/../lib/gcc/arm-none-eabi/5.4.1/../../../../arm-none-eabi/lib/armv7-m\libm.a(lib_a-wf_sqrt.o)
                0x00009e0c                sqrtf
 .text.__ieee754_expf
                0x00009ea8      0x1fc c:/program files (x86)/cypress/psoc creator/4.4/psoc creator/import/gnu/arm/5.4.1/bin/../lib/gcc/arm-none-eabi/5.4.1/../../../../arm-none-eabi/lib/armv7-m\libm.a(lib_a-ef_exp.o)
                0x00009ea8                __ieee754_expf
 .text.__ieee754_logf
                0x0000a0a4      0x284 c:/program files (x86)/cypress/psoc creator/4.4/psoc creator/import/gnu/arm/5.4.1/bin/../lib/gcc/arm-none-eabi/5.4.1/../../../../arm-none-eabi/lib/armv7-m\libm.a(lib_a-ef_log.o)
                0x0000a0a4                __ieee754_logf
 .text.__ieee754_powf
                0x0000a328      0x70c c:/program files (x86)/cypress/psoc creator/4.4/psoc creator/import/gnu/arm/5.4.1/bin/../lib/gcc/arm-none-eabi/5.4.1/../../../../arm-none-eabi/lib/armv7-m\libm.a(lib_a-ef_pow.o)
                0x0000a328                __ieee754_powf
 .text.__ieee754_sqrtf
                0x0000aa34       0xa8 c:/program files (x86)/cypress/psoc creator/4.4/psoc creator/import/gnu/arm/5.4.1/bin/../lib/gcc/arm-none-eabi/5.4.1/../../../../arm-none-eabi/lib/armv7-m\libm.a(lib_a-ef_sqrt.o)
                0x0000aa34                __ieee754_sqrtf
 .text.matherr  0x0000aadc        0x4 c:/program files (x86)/cypress/psoc creator/4.4/psoc creator/import/gnu/arm/5.4.1/bin/../lib/gcc/arm-none-eabi/5.4.1/../../../../arm-none-eabi/lib/armv7-m\libm.a(lib_a-s_matherr.o)
                0x0000aadc                matherr
 .text.nan      0x0000aae0        0xc c:/program files (x86)/cypress/psoc creator/4.4/psoc creator/import/gnu/arm/5.4.1/bin/../lib/gcc/arm-none-eabi/5.4.1/../../../../arm-none-eabi/lib/armv7-m\libm.a(lib_a-s_nan.o)
                0x0000aae0                nan
 .text.rint     0x0000aaec      0x120 c:/program files (x86)/cypress/psoc creator/4.4/psoc creator/import/gnu/arm/5.4.1/bin/../lib/gcc/arm-none-eabi/5.4.1/../../../../arm-none-eabi/lib/armv7-m\libm.a(lib_a-s_rint.o)
                0x0000aaec                rint
 .text.fabsf    0x0000ac0c        0x8 c:/program files (x86)/cypress/psoc creator/4.4/psoc creator/import/gnu/arm/5.4.1/bin/../lib/gcc/arm-none-eabi/5.4.1/../../../../arm-none-eabi/lib/armv7-m\libm.a(lib_a-sf_fabs.o)
                0x0000ac0c                fabsf
 .text.finitef  0x0000ac14       0x10 c:/program files (x86)/cypress/psoc creator/4.4/psoc creator/import/gnu/arm/5.4.1/bin/../lib/gcc/arm-none-eabi/5.4.1/../../../../arm-none-eabi/lib/armv7-m\libm.a(lib_a-sf_finite.o)
                0x0000ac14                finitef
 .text.nanf     0x0000ac24        0x8 c:/program files (x86)/cypress/psoc creator/4.4/psoc creator/import/gnu/arm/5.4.1/bin/../lib/gcc/arm-none-eabi/5.4.1/../../../../arm-none-eabi/lib/armv7-m\libm.a(lib_a-sf_nan.o)
                0x0000ac24                nanf
 .text.scalbnf  0x0000ac2c       0xb0 c:/program files (x86)/cypress/psoc creator/4.4/psoc creator/import/gnu/arm/5.4.1/bin/../lib/gcc/arm-none-eabi/5.4.1/../../../../arm-none-eabi/lib/armv7-m\libm.a(lib_a-sf_scalbn.o)
                0x0000ac2c                scalbnf
 .text.copysignf
                0x0000acdc        0xc c:/program files (x86)/cypress/psoc creator/4.4/psoc creator/import/gnu/arm/5.4.1/bin/../lib/gcc/arm-none-eabi/5.4.1/../../../../arm-none-eabi/lib/armv7-m\libm.a(lib_a-sf_copysign.o)
                0x0000acdc                copysignf
 .text          0x0000ace8      0x370 c:/program files (x86)/cypress/psoc creator/4.4/psoc creator/import/gnu/arm/5.4.1/bin/../lib/gcc/arm-none-eabi/5.4.1/armv7-m\libgcc.a(_arm_addsubdf3.o)
                0x0000ace8                __aeabi_drsub
                0x0000acf0                __aeabi_dsub
                0x0000acf0                __subdf3
                0x0000acf4                __aeabi_dadd
                0x0000acf4                __adddf3
                0x0000af6c                __floatunsidf
                0x0000af6c                __aeabi_ui2d
                0x0000af8c                __floatsidf
                0x0000af8c                __aeabi_i2d
                0x0000afb0                __aeabi_f2d
                0x0000afb0                __extendsfdf2
                0x0000afec                __floatundidf
                0x0000afec                __aeabi_ul2d
                0x0000affc                __floatdidf
                0x0000affc                __aeabi_l2d
 .text          0x0000b058      0x424 c:/program files (x86)/cypress/psoc creator/4.4/psoc creator/import/gnu/arm/5.4.1/bin/../lib/gcc/arm-none-eabi/5.4.1/armv7-m\libgcc.a(_arm_muldivdf3.o)
                0x0000b058                __aeabi_dmul
                0x0000b058                __muldf3
                0x0000b2ac                __divdf3
                0x0000b2ac                __aeabi_ddiv
 .text          0x0000b47c      0x110 c:/program files (x86)/cypress/psoc creator/4.4/psoc creator/import/gnu/arm/5.4.1/bin/../lib/gcc/arm-none-eabi/5.4.1/armv7-m\libgcc.a(_arm_cmpdf2.o)
                0x0000b47c                __gtdf2
                0x0000b47c                __gedf2
                0x0000b484                __ltdf2
                0x0000b484                __ledf2
                0x0000b48c                __nedf2
                0x0000b48c                __eqdf2
                0x0000b48c                __cmpdf2
                0x0000b508                __aeabi_cdrcmple
                0x0000b518                __aeabi_cdcmpeq
                0x0000b518                __aeabi_cdcmple
                0x0000b528                __aeabi_dcmpeq
                0x0000b53c                __aeabi_dcmplt
                0x0000b550                __aeabi_dcmple
                0x0000b564                __aeabi_dcmpge
                0x0000b578                __aeabi_dcmpgt
 .text          0x0000b58c       0xa0 c:/program files (x86)/cypress/psoc creator/4.4/psoc creator/import/gnu/arm/5.4.1/bin/../lib/gcc/arm-none-eabi/5.4.1/armv7-m\libgcc.a(_arm_truncdfsf2.o)
                0x0000b58c                __truncdfsf2
                0x0000b58c                __aeabi_d2f
 .text          0x0000b62c      0x21c c:/program files (x86)/cypress/psoc creator/4.4/psoc creator/import/gnu/arm/5.4.1/bin/../lib/gcc/arm-none-eabi/5.4.1/armv7-m\libgcc.a(_arm_addsubsf3.o)
                0x0000b62c                __aeabi_frsub
                0x0000b634                __subsf3
                0x0000b634                __aeabi_fsub
                0x0000b638                __aeabi_fadd
                0x0000b638                __addsf3
                0x0000b798                __aeabi_ui2f
                0x0000b798                __floatunsisf
                0x0000b7a0                __aeabi_i2f
                0x0000b7a0                __floatsisf
                0x0000b7bc                __aeabi_ul2f
                0x0000b7bc                __floatundisf
                0x0000b7cc                __aeabi_l2f
                0x0000b7cc                __floatdisf
 .text          0x0000b848      0x2a0 c:/program files (x86)/cypress/psoc creator/4.4/psoc creator/import/gnu/arm/5.4.1/bin/../lib/gcc/arm-none-eabi/5.4.1/armv7-m\libgcc.a(_arm_muldivsf3.o)
                0x0000b848                __mulsf3
                0x0000b848                __aeabi_fmul
                0x0000b9b0                __aeabi_fdiv
                0x0000b9b0                __divsf3
 .text          0x0000bae8       0xec c:/program files (x86)/cypress/psoc creator/4.4/psoc creator/import/gnu/arm/5.4.1/bin/../lib/gcc/arm-none-eabi/5.4.1/armv7-m\libgcc.a(_arm_cmpsf2.o)
                0x0000bae8                __gesf2
                0x0000bae8                __gtsf2
                0x0000baf0                __lesf2
                0x0000baf0                __ltsf2
                0x0000baf8                __nesf2
                0x0000baf8                __eqsf2
                0x0000baf8                __cmpsf2
                0x0000bb58                __aeabi_cfrcmple
                0x0000bb60                __aeabi_cfcmpeq
                0x0000bb60                __aeabi_cfcmple
                0x0000bb70                __aeabi_fcmpeq
                0x0000bb84                __aeabi_fcmplt
                0x0000bb98                __aeabi_fcmple
                0x0000bbac                __aeabi_fcmpge
                0x0000bbc0                __aeabi_fcmpgt
 .text          0x0000bbd4       0x2c c:/program files (x86)/cypress/psoc creator/4.4/psoc creator/import/gnu/arm/5.4.1/bin/../lib/gcc/arm-none-eabi/5.4.1/armv7-m\libgcc.a(_arm_unordsf2.o)
                0x0000bbd4                __unordsf2
                0x0000bbd4                __aeabi_fcmpun
 .text          0x0000bc00       0x4c c:/program files (x86)/cypress/psoc creator/4.4/psoc creator/import/gnu/arm/5.4.1/bin/../lib/gcc/arm-none-eabi/5.4.1/armv7-m\libgcc.a(_arm_fixsfsi.o)
                0x0000bc00                __aeabi_f2iz
                0x0000bc00                __fixsfsi
 .text          0x0000bc4c       0x40 c:/program files (x86)/cypress/psoc creator/4.4/psoc creator/import/gnu/arm/5.4.1/bin/../lib/gcc/arm-none-eabi/5.4.1/armv7-m\libgcc.a(_arm_fixunssfsi.o)
                0x0000bc4c                __fixunssfsi
                0x0000bc4c                __aeabi_f2uiz
 .text.__errno  0x0000bc8c        0xc c:/program files (x86)/cypress/psoc creator/4.4/psoc creator/import/gnu/arm/5.4.1/bin/../lib/gcc/arm-none-eabi/5.4.1/../../../../arm-none-eabi/lib/armv7-m\libg_nano.a(lib_a-errno.o)
                0x0000bc8c                __errno
 .text.__libc_init_array
                0x0000bc98       0x4c c:/program files (x86)/cypress/psoc creator/4.4/psoc creator/import/gnu/arm/5.4.1/bin/../lib/gcc/arm-none-eabi/5.4.1/../../../../arm-none-eabi/lib/armv7-m\libg_nano.a(lib_a-init.o)
                0x0000bc98                __libc_init_array
 .text.memcpy   0x0000bce4       0x16 c:/program files (x86)/cypress/psoc creator/4.4/psoc creator/import/gnu/arm/5.4.1/bin/../lib/gcc/arm-none-eabi/5.4.1/../../../../arm-none-eabi/lib/armv7-m\libg_nano.a(lib_a-memcpy-stub.o)
                0x0000bce4                memcpy
 .text.memset   0x0000bcfa       0x10 c:/program files (x86)/cypress/psoc creator/4.4/psoc creator/import/gnu/arm/5.4.1/bin/../lib/gcc/arm-none-eabi/5.4.1/../../../../arm-none-eabi/lib/armv7-m\libg_nano.a(lib_a-memset.o)
                0x0000bcfa                memset
 .text.__cvt    0x0000bd0a       0xc0 c:/program files (x86)/cypress/psoc creator/4.4/psoc creator/import/gnu/arm/5.4.1/bin/../lib/gcc/arm-none-eabi/5.4.1/../../../../arm-none-eabi/lib/armv7-m\libg_nano.a(lib_a-nano-vfprintf_float.o)
                0x0000bd0a                __cvt
 .text.__exponent
                0x0000bdca       0x62 c:/program files (x86)/cypress/psoc creator/4.4/psoc creator/import/gnu/arm/5.4.1/bin/../lib/gcc/arm-none-eabi/5.4.1/../../../../arm-none-eabi/lib/armv7-m\libg_nano.a(lib_a-nano-vfprintf_float.o)
                0x0000bdca                __exponent
 .text._printf_float
                0x0000be2c      0x488 c:/program files (x86)/cypress/psoc creator/4.4/psoc creator/import/gnu/arm/5.4.1/bin/../lib/gcc/arm-none-eabi/5.4.1/../../../../arm-none-eabi/lib/armv7-m\libg_nano.a(lib_a-nano-vfprintf_float.o)
                0x0000be2c                _printf_float
 .text._printf_common
                0x0000c2b4       0xec c:/program files (x86)/cypress/psoc creator/4.4/psoc creator/import/gnu/arm/5.4.1/bin/../lib/gcc/arm-none-eabi/5.4.1/../../../../arm-none-eabi/lib/armv7-m\libg_nano.a(lib_a-nano-vfprintf_i.o)
                0x0000c2b4                _printf_common
 .text          0x0000c3a0       0x10 c:/program files (x86)/cypress/psoc creator/4.4/psoc creator/import/gnu/arm/5.4.1/bin/../lib/gcc/arm-none-eabi/5.4.1/../../../../arm-none-eabi/lib/armv7-m\libg_nano.a(lib_a-strlen.o)
                0x0000c3a0                strlen
 .text.quorem   0x0000c3b0      0x116 c:/program files (x86)/cypress/psoc creator/4.4/psoc creator/import/gnu/arm/5.4.1/bin/../lib/gcc/arm-none-eabi/5.4.1/../../../../arm-none-eabi/lib/armv7-m\libg_nano.a(lib_a-dtoa.o)
 *fill*         0x0000c4c6        0x2 
 .text._dtoa_r  0x0000c4c8      0xb30 c:/program files (x86)/cypress/psoc creator/4.4/psoc creator/import/gnu/arm/5.4.1/bin/../lib/gcc/arm-none-eabi/5.4.1/../../../../arm-none-eabi/lib/armv7-m\libg_nano.a(lib_a-dtoa.o)
                0x0000c4c8                _dtoa_r
 .text._localeconv_r
                0x0000cff8        0x8 c:/program files (x86)/cypress/psoc creator/4.4/psoc creator/import/gnu/arm/5.4.1/bin/../lib/gcc/arm-none-eabi/5.4.1/../../../../arm-none-eabi/lib/armv7-m\libg_nano.a(lib_a-locale.o)
                0x0000cff8                _localeconv_r
 .text.malloc   0x0000d000       0x10 c:/program files (x86)/cypress/psoc creator/4.4/psoc creator/import/gnu/arm/5.4.1/bin/../lib/gcc/arm-none-eabi/5.4.1/../../../../arm-none-eabi/lib/armv7-m\libg_nano.a(lib_a-malloc.o)
                0x0000d000                malloc
 .text._Balloc  0x0000d010       0x6a c:/program files (x86)/cypress/psoc creator/4.4/psoc creator/import/gnu/arm/5.4.1/bin/../lib/gcc/arm-none-eabi/5.4.1/../../../../arm-none-eabi/lib/armv7-m\libg_nano.a(lib_a-mprec.o)
                0x0000d010                _Balloc
 .text._Bfree   0x0000d07a       0x2e c:/program files (x86)/cypress/psoc creator/4.4/psoc creator/import/gnu/arm/5.4.1/bin/../lib/gcc/arm-none-eabi/5.4.1/../../../../arm-none-eabi/lib/armv7-m\libg_nano.a(lib_a-mprec.o)
                0x0000d07a                _Bfree
 .text.__multadd
                0x0000d0a8       0x76 c:/program files (x86)/cypress/psoc creator/4.4/psoc creator/import/gnu/arm/5.4.1/bin/../lib/gcc/arm-none-eabi/5.4.1/../../../../arm-none-eabi/lib/armv7-m\libg_nano.a(lib_a-mprec.o)
                0x0000d0a8                __multadd
 .text.__hi0bits
                0x0000d11e       0x40 c:/program files (x86)/cypress/psoc creator/4.4/psoc creator/import/gnu/arm/5.4.1/bin/../lib/gcc/arm-none-eabi/5.4.1/../../../../arm-none-eabi/lib/armv7-m\libg_nano.a(lib_a-mprec.o)
                0x0000d11e                __hi0bits
 .text.__lo0bits
                0x0000d15e       0x5a c:/program files (x86)/cypress/psoc creator/4.4/psoc creator/import/gnu/arm/5.4.1/bin/../lib/gcc/arm-none-eabi/5.4.1/../../../../arm-none-eabi/lib/armv7-m\libg_nano.a(lib_a-mprec.o)
                0x0000d15e                __lo0bits
 .text.__i2b    0x0000d1b8       0x12 c:/program files (x86)/cypress/psoc creator/4.4/psoc creator/import/gnu/arm/5.4.1/bin/../lib/gcc/arm-none-eabi/5.4.1/../../../../arm-none-eabi/lib/armv7-m\libg_nano.a(lib_a-mprec.o)
                0x0000d1b8                __i2b
 .text.__multiply
                0x0000d1ca      0x120 c:/program files (x86)/cypress/psoc creator/4.4/psoc creator/import/gnu/arm/5.4.1/bin/../lib/gcc/arm-none-eabi/5.4.1/../../../../arm-none-eabi/lib/armv7-m\libg_nano.a(lib_a-mprec.o)
                0x0000d1ca                __multiply
 *fill*         0x0000d2ea        0x2 
 .text.__pow5mult
                0x0000d2ec       0x9c c:/program files (x86)/cypress/psoc creator/4.4/psoc creator/import/gnu/arm/5.4.1/bin/../lib/gcc/arm-none-eabi/5.4.1/../../../../arm-none-eabi/lib/armv7-m\libg_nano.a(lib_a-mprec.o)
                0x0000d2ec                __pow5mult
 .text.__lshift
                0x0000d388       0xa2 c:/program files (x86)/cypress/psoc creator/4.4/psoc creator/import/gnu/arm/5.4.1/bin/../lib/gcc/arm-none-eabi/5.4.1/../../../../arm-none-eabi/lib/armv7-m\libg_nano.a(lib_a-mprec.o)
                0x0000d388                __lshift
 .text.__mcmp   0x0000d42a       0x38 c:/program files (x86)/cypress/psoc creator/4.4/psoc creator/import/gnu/arm/5.4.1/bin/../lib/gcc/arm-none-eabi/5.4.1/../../../../arm-none-eabi/lib/armv7-m\libg_nano.a(lib_a-mprec.o)
                0x0000d42a                __mcmp
 .text.__mdiff  0x0000d462       0xbe c:/program files (x86)/cypress/psoc creator/4.4/psoc creator/import/gnu/arm/5.4.1/bin/../lib/gcc/arm-none-eabi/5.4.1/../../../../arm-none-eabi/lib/armv7-m\libg_nano.a(lib_a-mprec.o)
                0x0000d462                __mdiff
 .text.__d2b    0x0000d520       0x9c c:/program files (x86)/cypress/psoc creator/4.4/psoc creator/import/gnu/arm/5.4.1/bin/../lib/gcc/arm-none-eabi/5.4.1/../../../../arm-none-eabi/lib/armv7-m\libg_nano.a(lib_a-mprec.o)
                0x0000d520                __d2b
 .text._calloc_r
                0x0000d5bc       0x1c c:/program files (x86)/cypress/psoc creator/4.4/psoc creator/import/gnu/arm/5.4.1/bin/../lib/gcc/arm-none-eabi/5.4.1/../../../../arm-none-eabi/lib/armv7-m\libg_nano.a(lib_a-nano-callocr.o)
                0x0000d5bc                _calloc_r
 .text._malloc_r
                0x0000d5d8       0xbc c:/program files (x86)/cypress/psoc creator/4.4/psoc creator/import/gnu/arm/5.4.1/bin/../lib/gcc/arm-none-eabi/5.4.1/../../../../arm-none-eabi/lib/armv7-m\libg_nano.a(lib_a-nano-mallocr.o)
                0x0000d5d8                _malloc_r
 .text._sbrk_r  0x0000d694       0x20 c:/program files (x86)/cypress/psoc creator/4.4/psoc creator/import/gnu/arm/5.4.1/bin/../lib/gcc/arm-none-eabi/5.4.1/../../../../arm-none-eabi/lib/armv7-m\libg_nano.a(lib_a-sbrkr.o)
                0x0000d694                _sbrk_r
 .text.__malloc_lock
                0x0000d6b4        0x2 c:/program files (x86)/cypress/psoc creator/4.4/psoc creator/import/gnu/arm/5.4.1/bin/../lib/gcc/arm-none-eabi/5.4.1/../../../../arm-none-eabi/lib/armv7-m\libg_nano.a(lib_a-mlock.o)
                0x0000d6b4                __malloc_lock
 .text.__malloc_unlock
                0x0000d6b6        0x2 c:/program files (x86)/cypress/psoc creator/4.4/psoc creator/import/gnu/arm/5.4.1/bin/../lib/gcc/arm-none-eabi/5.4.1/../../../../arm-none-eabi/lib/armv7-m\libg_nano.a(lib_a-mlock.o)
                0x0000d6b6                __malloc_unlock
 .text          0x0000d6b8       0x2c c:/program files (x86)/cypress/psoc creator/4.4/psoc creator/import/gnu/arm/5.4.1/bin/../lib/gcc/arm-none-eabi/5.4.1/armv7-m\libgcc.a(_arm_unorddf2.o)
                0x0000d6b8                __unorddf2
                0x0000d6b8                __aeabi_dcmpun
 .text          0x0000d6e4       0x50 c:/program files (x86)/cypress/psoc creator/4.4/psoc creator/import/gnu/arm/5.4.1/bin/../lib/gcc/arm-none-eabi/5.4.1/armv7-m\libgcc.a(_arm_fixdfsi.o)
                0x0000d6e4                __aeabi_d2iz
                0x0000d6e4                __fixdfsi
 *(.plt)
 *(.gnu.warning)
 *(.glue_7t)
 .glue_7t       0x0000d734        0x0 linker stubs
 *(.glue_7)
 .glue_7        0x0000d734        0x0 linker stubs
 *(.vfp11_veneer)
 .vfp11_veneer  0x0000d734        0x0 linker stubs
 *(.bootloader)
 *(.ARM.extab* .gnu.linkonce.armextab.*)
 *(.gcc_except_table)

.v4_bx          0x0000d734        0x0
 .v4_bx         0x0000d734        0x0 linker stubs

.iplt           0x0000d734        0x0
 .iplt          0x0000d734        0x0 c:/program files (x86)/cypress/psoc creator/4.4/psoc creator/import/gnu/arm/5.4.1/bin/../lib/gcc/arm-none-eabi/5.4.1/armv7-m/crtbegin.o

.eh_frame_hdr
 *(.eh_frame_hdr)

.eh_frame       0x0000d734        0x4
 *(.eh_frame)
 .eh_frame      0x0000d734        0x0 c:/program files (x86)/cypress/psoc creator/4.4/psoc creator/import/gnu/arm/5.4.1/bin/../lib/gcc/arm-none-eabi/5.4.1/armv7-m/crtbegin.o
 .eh_frame      0x0000d734        0x4 c:/program files (x86)/cypress/psoc creator/4.4/psoc creator/import/gnu/arm/5.4.1/bin/../lib/gcc/arm-none-eabi/5.4.1/armv7-m/crtend.o
                [!provide]                PROVIDE (__exidx_start, .)

.ARM.exidx
 *(.ARM.exidx* .gnu.linkonce.armexidx.*)
                0x0000d738                __exidx_end = .

.rodata         0x0000d800    0x10ad0
 *(.rodata .rodata.* .gnu.linkonce.r.*)
 .rodata        0x0000d800      0x404 .\ARM_GCC_541\Debug\main.o
                0x0000d800                Em_EEPROM_em_EepromStorage
                0x0000dc02                sysexPointerMask
 .rodata        0x0000dc04     0xffd5 .\ARM_GCC_541\Debug\oled.o
                0x0000dc04                Monospaced_plain_18Bitmaps
                0x0000e0d8                Monospaced_plain_18Glyphs
                0x0000e3c8                Monospaced_plain_18
                0x0000e3d4                FreeMono9pt7bBitmaps
                0x0000e720                FreeMono9pt7bGlyphs
                0x0000ea18                FreeMono9pt7b
                0x0000ea24                FreeSans12pt7bBitmaps
                0x0000f1d8                FreeSans12pt7bGlyphs
                0x0000f4d0                FreeSans12pt7b
                0x0000f4dc                FreeSans9pt7bBitmaps
                0x0000f95c                FreeSans9pt7bGlyphs
                0x0000fc54                FreeSans9pt7b
                0x0000fc60                URW_Gothic_L_Book_16Bitmaps
                0x0000fffc                URW_Gothic_L_Book_16Glyphs
                0x000102ec                URW_Gothic_L_Book_16
                0x000102f8                Open_Sans_Condensed_Light_16Bitmaps
                0x00010570                Open_Sans_Condensed_Light_16Glyphs
                0x00010860                Open_Sans_Condensed_Light_16
                0x0001086c                Open_Sans_Condensed_Light_19Bitmaps
                0x00010bd8                Open_Sans_Condensed_Light_19Glyphs
                0x00010ec8                Open_Sans_Condensed_Light_19
                0x00010ed4                Open_Sans_Condensed_Light_22Bitmaps
                0x00011324                Open_Sans_Condensed_Light_22Glyphs
                0x00011614                Open_Sans_Condensed_Light_22
                0x00011620                Roboto_Condensed_19Bitmaps
                0x00011a38                Roboto_Condensed_19Glyphs
                0x00011d28                Roboto_Condensed_19
                0x00011d34                URW_Palladio_L_Roman_18Bitmaps
                0x0001216c                URW_Palladio_L_Roman_18Glyphs
                0x0001245c                URW_Palladio_L_Roman_18
                0x00012468                URW_Palladio_L_Bold_18Bitmaps
                0x000128e8                URW_Palladio_L_Bold_18Glyphs
                0x00012bd8                URW_Palladio_L_Bold_18
                0x00012be4                Lato_Hairline_16Bitmaps
                0x00012f74                Lato_Hairline_16Glyphs
                0x00013264                Lato_Hairline_16
                0x00013270                sourcesans8pt7bBitmaps
                0x0001353c                sourcesans8pt7bGlyphs
                0x00013834                sourcesans8pt7b
                0x00013840                sourcesans10pt7bBitmaps
                0x00013cc4                sourcesans10pt7bGlyphs
                0x00013fbc                sourcesans10pt7b
                0x00013fc8                sourcesans9pt7bBitmaps
                0x00014384                sourcesans9pt7bGlyphs
                0x0001467c                sourcesans9pt7b
                0x00014688                sourcesans_semi9pt7bBitmaps
                0x00014a44                sourcesans_semi9pt7bGlyphs
                0x00014d3c                sourcesans_semi9pt7b
                0x00014d48                sourcesans_bold9pt7bBitmaps
                0x0001516c                sourcesans_bold9pt7bGlyphs
                0x00015464                sourcesans_bold9pt7b
                0x00015470                DINAlternateBold9pt7bBitmaps
                0x0001581c                DINAlternateBold9pt7bGlyphs
                0x00015b14                DINAlternateBold9pt7b
                0x00015b20                DINCondensedBold9pt7bBitmaps
                0x00015de8                DINCondensedBold9pt7bGlyphs
                0x000160e0                DINCondensedBold9pt7b
                0x000160ec                Futura9pt7bBitmaps
                0x000165d8                Futura9pt7bGlyphs
                0x000168d0                Futura9pt7b
                0x000168dc                GillSans9pt7bBitmaps
                0x00016cb8                GillSans9pt7bGlyphs
                0x00016fb0                GillSans9pt7b
                0x00016fbc                ptmono9pt7bBitmaps
                0x00017484                ptmono9pt7bGlyphs
                0x0001777c                ptmono9pt7b
                0x00017788                SourceCodePro_Regular9pt7bBitmaps
                0x00017b88                SourceCodePro_Regular9pt7bGlyphs
                0x00017e80                SourceCodePro_Regular9pt7b
                0x00017e8c                SourceCodePro_SemiBold9pt7bBitmaps
                0x000182bc                SourceCodePro_SemiBold9pt7bGlyphs
                0x000185b4                SourceCodePro_SemiBold9pt7b
                0x000185c0                Shree7149pt7bBitmaps
                0x00018a4c                Shree7149pt7bGlyphs
                0x00018d44                Shree7149pt7b
                0x00018d50                C649pt7bBitmaps
                0x000194dc                C649pt7bGlyphs
                0x000197d4                C649pt7b
                0x000197e0                C645pt7bBitmaps
                0x00019a1c                C645pt7bGlyphs
                0x00019d14                C645pt7b
                0x00019d20                FUTRFW8pt7bBitmaps
                0x0001a074                FUTRFW8pt7bGlyphs
                0x0001a36c                FUTRFW8pt7b
                0x0001a378                nk57_monospace_cd_rg9pt7bBitmaps
                0x0001a81c                nk57_monospace_cd_rg9pt7bGlyphs
                0x0001ab14                nk57_monospace_cd_rg9pt7b
                0x0001ab20                nk57_monospace_no_rg9pt7bBitmaps
                0x0001b184                nk57_monospace_no_rg9pt7bGlyphs
                0x0001b47c                nk57_monospace_no_rg9pt7b
                0x0001b488                nk57_monospace_no_rg7pt7bBitmaps
                0x0001b86c                nk57_monospace_no_rg7pt7bGlyphs
                0x0001bb64                nk57_monospace_no_rg7pt7b
                0x0001bb70                nk57_monospace_cd_rg7pt7bBitmaps
                0x0001be4c                nk57_monospace_cd_rg7pt7bGlyphs
                0x0001c144                nk57_monospace_cd_rg7pt7b
                0x0001c150                nk57_monospace_no_bd7pt7bBitmaps
                0x0001c510                nk57_monospace_no_bd7pt7bGlyphs
                0x0001c808                nk57_monospace_no_bd7pt7b
                0x0001c814                EuphemiaCAS7pt7bBitmaps
                0x0001cac4                EuphemiaCAS7pt7bGlyphs
                0x0001cdbc                EuphemiaCAS7pt7b
                0x0001cdc8                EuphemiaCAS9pt7bBitmaps
                0x0001d21c                EuphemiaCAS9pt7bGlyphs
                0x0001d514                EuphemiaCAS9pt7b
                0x0001d520                EuphemiaCAS8pt7bBitmaps
                0x0001d890                EuphemiaCAS8pt7bGlyphs
                0x0001db88                EuphemiaCAS8pt7b
 *fill*         0x0001dbd9        0x3 
 .rodata        0x0001dbdc      0x35e .\ARM_GCC_541\Debug\cyfitter_cfg.o
 *fill*         0x0001df3a        0x2 
 .rodata        0x0001df3c       0x11 .\ARM_GCC_541\Debug\CE210514_PSOC3_5_Thermistor.a(USB_std.o)
 *fill*         0x0001df4d        0x3 
 .rodata        0x0001df50      0x1cc .\ARM_GCC_541\Debug\CE210514_PSOC3_5_Thermistor.a(USB_descr.o)
                0x0001df50                USB_DEVICE0_DESCR
                0x0001df64                USB_DEVICE0_CONFIGURATION0_DESCR
                0x0001dfcc                USB_STRING_DESCRIPTORS
                0x0001e0bc                USB_SN_STRING_DESCRIPTOR
                0x0001e0c0                USB_DEVICE0_CONFIGURATION0_EP_SETTINGS_TABLE
                0x0001e0d0                USB_DEVICE0_CONFIGURATION0_INTERFACE_CLASS
                0x0001e0d4                USB_DEVICE0_CONFIGURATION0_TABLE
                0x0001e0fc                USB_DEVICE0_TABLE
                0x0001e114                USB_TABLE
 .rodata.str1.4
                0x0001e11c        0x5 c:/program files (x86)/cypress/psoc creator/4.4/psoc creator/import/gnu/arm/5.4.1/bin/../lib/gcc/arm-none-eabi/5.4.1/../../../../arm-none-eabi/lib/armv7-m\libm.a(lib_a-wf_exp.o)
 *fill*         0x0001e121        0x3 
 .rodata.str1.4
                0x0001e124        0x5 c:/program files (x86)/cypress/psoc creator/4.4/psoc creator/import/gnu/arm/5.4.1/bin/../lib/gcc/arm-none-eabi/5.4.1/../../../../arm-none-eabi/lib/armv7-m\libm.a(lib_a-wf_log.o)
                                  0x9 (size before relaxing)
 *fill*         0x0001e129        0x3 
 .rodata.str1.4
                0x0001e12c        0x5 c:/program files (x86)/cypress/psoc creator/4.4/psoc creator/import/gnu/arm/5.4.1/bin/../lib/gcc/arm-none-eabi/5.4.1/../../../../arm-none-eabi/lib/armv7-m\libm.a(lib_a-wf_pow.o)
 *fill*         0x0001e131        0x3 
 .rodata.str1.4
                0x0001e134        0x8 c:/program files (x86)/cypress/psoc creator/4.4/psoc creator/import/gnu/arm/5.4.1/bin/../lib/gcc/arm-none-eabi/5.4.1/../../../../arm-none-eabi/lib/armv7-m\libm.a(lib_a-wf_sqrt.o)
                                  0x6 (size before relaxing)
 .rodata.halF   0x0001e13c        0x8 c:/program files (x86)/cypress/psoc creator/4.4/psoc creator/import/gnu/arm/5.4.1/bin/../lib/gcc/arm-none-eabi/5.4.1/../../../../arm-none-eabi/lib/armv7-m\libm.a(lib_a-ef_exp.o)
 .rodata.ln2LO  0x0001e144        0x8 c:/program files (x86)/cypress/psoc creator/4.4/psoc creator/import/gnu/arm/5.4.1/bin/../lib/gcc/arm-none-eabi/5.4.1/../../../../arm-none-eabi/lib/armv7-m\libm.a(lib_a-ef_exp.o)
 .rodata.ln2HI  0x0001e14c        0x8 c:/program files (x86)/cypress/psoc creator/4.4/psoc creator/import/gnu/arm/5.4.1/bin/../lib/gcc/arm-none-eabi/5.4.1/../../../../arm-none-eabi/lib/armv7-m\libm.a(lib_a-ef_exp.o)
 .rodata.str1.4
                0x0001e154        0x1 c:/program files (x86)/cypress/psoc creator/4.4/psoc creator/import/gnu/arm/5.4.1/bin/../lib/gcc/arm-none-eabi/5.4.1/../../../../arm-none-eabi/lib/armv7-m\libm.a(lib_a-ef_pow.o)
 *fill*         0x0001e154        0x4 
 .rodata.TWO52  0x0001e158       0x10 c:/program files (x86)/cypress/psoc creator/4.4/psoc creator/import/gnu/arm/5.4.1/bin/../lib/gcc/arm-none-eabi/5.4.1/../../../../arm-none-eabi/lib/armv7-m\libm.a(lib_a-s_rint.o)
 .rodata.str1.1
                0x0001e168        0x2 c:/program files (x86)/cypress/psoc creator/4.4/psoc creator/import/gnu/arm/5.4.1/bin/../lib/gcc/arm-none-eabi/5.4.1/../../../../arm-none-eabi/lib/armv7-m\libg_nano.a(lib_a-impure.o)
 .rodata.str1.1
                0x0001e16a       0x12 c:/program files (x86)/cypress/psoc creator/4.4/psoc creator/import/gnu/arm/5.4.1/bin/../lib/gcc/arm-none-eabi/5.4.1/../../../../arm-none-eabi/lib/armv7-m\libg_nano.a(lib_a-nano-vfprintf_float.o)
 .rodata.str1.1
                0x0001e17c        0xd c:/program files (x86)/cypress/psoc creator/4.4/psoc creator/import/gnu/arm/5.4.1/bin/../lib/gcc/arm-none-eabi/5.4.1/../../../../arm-none-eabi/lib/armv7-m\libg_nano.a(lib_a-dtoa.o)
                                  0xf (size before relaxing)
 .rodata.str1.1
                0x0001e189        0x8 c:/program files (x86)/cypress/psoc creator/4.4/psoc creator/import/gnu/arm/5.4.1/bin/../lib/gcc/arm-none-eabi/5.4.1/../../../../arm-none-eabi/lib/armv7-m\libg_nano.a(lib_a-locale.o)
                                  0xb (size before relaxing)
 *fill*         0x0001e191        0x7 
 .rodata.__mprec_tens
                0x0001e198       0xc8 c:/program files (x86)/cypress/psoc creator/4.4/psoc creator/import/gnu/arm/5.4.1/bin/../lib/gcc/arm-none-eabi/5.4.1/../../../../arm-none-eabi/lib/armv7-m\libg_nano.a(lib_a-mprec.o)
                0x0001e198                __mprec_tens
 .rodata.p05.5408
                0x0001e260        0xc c:/program files (x86)/cypress/psoc creator/4.4/psoc creator/import/gnu/arm/5.4.1/bin/../lib/gcc/arm-none-eabi/5.4.1/../../../../arm-none-eabi/lib/armv7-m\libg_nano.a(lib_a-mprec.o)
 *fill*         0x0001e26c        0x4 
 .rodata.__mprec_bigtens
                0x0001e270       0x28 c:/program files (x86)/cypress/psoc creator/4.4/psoc creator/import/gnu/arm/5.4.1/bin/../lib/gcc/arm-none-eabi/5.4.1/../../../../arm-none-eabi/lib/armv7-m\libg_nano.a(lib_a-mprec.o)
                0x0001e270                __mprec_bigtens
                0x0001e298                . = ALIGN (0x4)
 *(.init)
 .init          0x0001e298        0x4 c:/program files (x86)/cypress/psoc creator/4.4/psoc creator/import/gnu/arm/5.4.1/bin/../lib/gcc/arm-none-eabi/5.4.1/armv7-m/crti.o
                0x0001e298                _init
 .init          0x0001e29c        0x8 c:/program files (x86)/cypress/psoc creator/4.4/psoc creator/import/gnu/arm/5.4.1/bin/../lib/gcc/arm-none-eabi/5.4.1/armv7-m/crtn.o
                0x0001e2a4                . = ALIGN (0x4)
                0x0001e2a4                __preinit_array_start = .
 *(.preinit_array)
                0x0001e2a4                __preinit_array_end = .
                0x0001e2a4                . = ALIGN (0x4)
                0x0001e2a4                __init_array_start = .
 *(SORT(.init_array.*))
 *(.init_array)
 .init_array    0x0001e2a4        0x4 c:/program files (x86)/cypress/psoc creator/4.4/psoc creator/import/gnu/arm/5.4.1/bin/../lib/gcc/arm-none-eabi/5.4.1/armv7-m/crtbegin.o
 .init_array    0x0001e2a8        0x4 .\ARM_GCC_541\Debug\Cm3Start.o
                0x0001e2ac                __init_array_end = .
                0x0001e2ac                . = ALIGN (0x4)
 *(.fini)
 .fini          0x0001e2ac        0x4 c:/program files (x86)/cypress/psoc creator/4.4/psoc creator/import/gnu/arm/5.4.1/bin/../lib/gcc/arm-none-eabi/5.4.1/armv7-m/crti.o
                0x0001e2ac                _fini
 .fini          0x0001e2b0        0x8 c:/program files (x86)/cypress/psoc creator/4.4/psoc creator/import/gnu/arm/5.4.1/bin/../lib/gcc/arm-none-eabi/5.4.1/armv7-m/crtn.o
                0x0001e2b8                . = ALIGN (0x4)
                0x0001e2b8                __fini_array_start = .
 *(.fini_array)
 .fini_array    0x0001e2b8        0x4 c:/program files (x86)/cypress/psoc creator/4.4/psoc creator/import/gnu/arm/5.4.1/bin/../lib/gcc/arm-none-eabi/5.4.1/armv7-m/crtbegin.o
 *(SORT(.fini_array.*))
                0x0001e2bc                __fini_array_end = .
                0x0001e2bc                . = ALIGN (0x4)
 *crtbegin.o(.ctors)
 *(EXCLUDE_FILE(*crtend.o) .ctors)
 *(SORT(.ctors.*))
 *crtend.o(.ctors)
                0x0001e2bc                . = ALIGN (0x4)
 *crtbegin.o(.dtors)
 *(EXCLUDE_FILE(*crtend.o) .dtors)
 *(SORT(.dtors.*))
 *crtend.o(.dtors)
                0x0001e2bc                . = ALIGN (0x4)
                0x0001e2bc                __cy_regions = .
                0x0001e2bc        0x4 LONG 0x1e2d0 __cy_region_init_ram
                0x0001e2c0        0x4 LONG 0x1fff80c8 __cy_region_start_data
                0x0001e2c4        0x4 LONG 0x178 __cy_region_init_size_ram
                0x0001e2c8        0x4 LONG 0x2c28 __cy_region_zero_size_ram
                0x0001e2cc                __cy_regions_end = .
                0x0001e2d0                . = ALIGN (0x8)
 *fill*         0x0001e2cc        0x4 
                0x0001e2d0                _etext = .

.cy_checksum_exclude
                0x0001e2d0        0x0
 *(.cy_checksum_exclude)

.ramvectors     0x1fff8000       0xc0
                0x1fff8000                __cy_region_start_ram = .
 *(.ramvectors)
 .ramvectors    0x1fff8000       0xc0 .\ARM_GCC_541\Debug\Cm3Start.o
                0x1fff8000                CyRamVectors

.noinit         0x1fff80c0        0x5
 *(.noinit)
 .noinit        0x1fff80c0        0x4 .\ARM_GCC_541\Debug\Cm3Start.o
 .noinit        0x1fff80c4        0x1 .\ARM_GCC_541\Debug\CE210514_PSOC3_5_Thermistor.a(CyLib.o)
                0x1fff80c4                CyResetStatus

.data           0x1fff80c8      0x178 load address 0x0001e2d0
                0x1fff80c8                __cy_region_start_data = .
 *(.jcr)
 .jcr           0x1fff80c8        0x0 c:/program files (x86)/cypress/psoc creator/4.4/psoc creator/import/gnu/arm/5.4.1/bin/../lib/gcc/arm-none-eabi/5.4.1/armv7-m/crtbegin.o
 .jcr           0x1fff80c8        0x4 c:/program files (x86)/cypress/psoc creator/4.4/psoc creator/import/gnu/arm/5.4.1/bin/../lib/gcc/arm-none-eabi/5.4.1/armv7-m/crtend.o
 *(.got.plt)
 *(.got)
 *(.shdata)
 *(.data .data.* .gnu.linkonce.d.*)
 .data          0x1fff80cc       0xa9 .\ARM_GCC_541\Debug\main.o
                0x1fff80cc                numStrings
                0x1fff80d0                octave
                0x1fff80d4                necks
                0x1fff80d8                mux_states
                0x1fff80f0                pedals_low
                0x1fff8104                pedals_high
                0x1fff8118                deadzone
                0x1fff811a                volumePedal
                0x1fff811c                fretMeasurements
                0x1fff815c                presetLoadedResponse
                0x1fff8160                fretScaling
                0x1fff8170                last_mux
                0x1fff8171                enterUp
                0x1fff8172                editUp
                0x1fff8173                oct1Up
                0x1fff8174                oct4Up
 *fill*         0x1fff8175        0x3 
 .data          0x1fff8178        0x4 .\ARM_GCC_541\Debug\Cm3Start.o
 .data          0x1fff817c        0x8 .\ARM_GCC_541\Debug\CE210514_PSOC3_5_Thermistor.a(CyDmac.o)
 .data          0x1fff8184       0x10 .\ARM_GCC_541\Debug\CE210514_PSOC3_5_Thermistor.a(CyLib.o)
                0x1fff8184                cydelay_freq_hz
                0x1fff8188                cydelay_freq_khz
                0x1fff818c                cydelay_freq_mhz
                0x1fff8190                cydelay_32k_ms
 .data          0x1fff8194        0x6 .\ARM_GCC_541\Debug\CE210514_PSOC3_5_Thermistor.a(I2C_1_PM.o)
                0x1fff8194                I2C_1_backup
 .data          0x1fff819a        0x2 .\ARM_GCC_541\Debug\CE210514_PSOC3_5_Thermistor.a(ADC_SAR_Seq_1.o)
 .data          0x1fff819c        0x1 .\ARM_GCC_541\Debug\CE210514_PSOC3_5_Thermistor.a(ADC_SAR_Seq_1_TempBuf_dma.o)
                0x1fff819c                ADC_SAR_Seq_1_TempBuf_DmaHandle
 .data          0x1fff819d        0x1 .\ARM_GCC_541\Debug\CE210514_PSOC3_5_Thermistor.a(ADC_SAR_Seq_1_FinalBuf_dma.o)
                0x1fff819d                ADC_SAR_Seq_1_FinalBuf_DmaHandle
 .data          0x1fff819e        0x1 .\ARM_GCC_541\Debug\CE210514_PSOC3_5_Thermistor.a(DMA_1_dma.o)
                0x1fff819e                DMA_1_DmaHandle
 .data          0x1fff819f        0x1 .\ARM_GCC_541\Debug\CE210514_PSOC3_5_Thermistor.a(DMA_2_dma.o)
                0x1fff819f                DMA_2_DmaHandle
 .data.__fdlib_version
                0x1fff81a0        0x1 c:/program files (x86)/cypress/psoc creator/4.4/psoc creator/import/gnu/arm/5.4.1/bin/../lib/gcc/arm-none-eabi/5.4.1/../../../../arm-none-eabi/lib/armv7-m\libm.a(lib_a-s_lib_ver.o)
                0x1fff81a0                __fdlib_version
 *fill*         0x1fff81a1        0x3 
 .data.impure_data
                0x1fff81a4       0x60 c:/program files (x86)/cypress/psoc creator/4.4/psoc creator/import/gnu/arm/5.4.1/bin/../lib/gcc/arm-none-eabi/5.4.1/../../../../arm-none-eabi/lib/armv7-m\libg_nano.a(lib_a-impure.o)
 .data._impure_ptr
                0x1fff8204        0x4 c:/program files (x86)/cypress/psoc creator/4.4/psoc creator/import/gnu/arm/5.4.1/bin/../lib/gcc/arm-none-eabi/5.4.1/../../../../arm-none-eabi/lib/armv7-m\libg_nano.a(lib_a-impure.o)
                0x1fff8204                _impure_ptr