Archive member included to satisfy reference by file (symbol)

.\ARM_GCC_541\Debug\CE210514_PSOC3_5_Thermistor.a(cy_em_eeprom.o)
                              .\ARM_GCC_541\Debug\main.o (Cy_Em_EEPROM_Read)
.\ARM_GCC_541\Debug\CE210514_PSOC3_5_Thermistor.a(CyDmac.o)
                              .\ARM_GCC_541\Debug\Cm3Start.o (CyDmacConfigure)
.\ARM_GCC_541\Debug\CE210514_PSOC3_5_Thermistor.a(CyFlash.o)
                              .\ARM_GCC_541\Debug\CE210514_PSOC3_5_Thermistor.a(cy_em_eeprom.o) (CySetTemp)
.\ARM_GCC_541\Debug\CE210514_PSOC3_5_Thermistor.a(CyLib.o)
                              .\ARM_GCC_541\Debug\Cm3Start.o (CyResetStatus)
.\ARM_GCC_541\Debug\CE210514_PSOC3_5_Thermistor.a(cyPm.o)
                              .\ARM_GCC_541\Debug\CE210514_PSOC3_5_Thermistor.a(CyLib.o) (CyPmReadStatus)
.\ARM_GCC_541\Debug\CE210514_PSOC3_5_Thermistor.a(CySpc.o)
                              .\ARM_GCC_541\Debug\CE210514_PSOC3_5_Thermistor.a(CyFlash.o) (CySpcStart)
.\ARM_GCC_541\Debug\CE210514_PSOC3_5_Thermistor.a(SPIM_1.o)
                              .\ARM_GCC_541\Debug\main.o (SPIM_1_ReadTxStatus)
.\ARM_GCC_541\Debug\CE210514_PSOC3_5_Thermistor.a(SPIM_1_IntClock.o)
                              .\ARM_GCC_541\Debug\CE210514_PSOC3_5_Thermistor.a(SPIM_1.o) (SPIM_1_IntClock_Start)
.\ARM_GCC_541\Debug\CE210514_PSOC3_5_Thermistor.a(I2C_1.o)
                              .\ARM_GCC_541\Debug\main.o (I2C_1_initVar)
.\ARM_GCC_541\Debug\CE210514_PSOC3_5_Thermistor.a(I2C_1_INT.o)
                              .\ARM_GCC_541\Debug\CE210514_PSOC3_5_Thermistor.a(I2C_1.o) (I2C_1_ISR)
.\ARM_GCC_541\Debug\CE210514_PSOC3_5_Thermistor.a(I2C_1_MASTER.o)
                              .\ARM_GCC_541\Debug\CE210514_PSOC3_5_Thermistor.a(I2C_1.o) (I2C_1_mstrStatus)
.\ARM_GCC_541\Debug\CE210514_PSOC3_5_Thermistor.a(oct2.o)
                              .\ARM_GCC_541\Debug\main.o (oct2_Read)
.\ARM_GCC_541\Debug\CE210514_PSOC3_5_Thermistor.a(oct3.o)
                              .\ARM_GCC_541\Debug\main.o (oct3_Read)
.\ARM_GCC_541\Debug\CE210514_PSOC3_5_Thermistor.a(ADC_SAR_Seq_1.o)
                              .\ARM_GCC_541\Debug\main.o (ADC_SAR_Seq_1_Start)
.\ARM_GCC_541\Debug\CE210514_PSOC3_5_Thermistor.a(ADC_SAR_Seq_1_INT.o)
                              .\ARM_GCC_541\Debug\CE210514_PSOC3_5_Thermistor.a(ADC_SAR_Seq_1.o) (ADC_SAR_Seq_1_ISR)
.\ARM_GCC_541\Debug\CE210514_PSOC3_5_Thermistor.a(ADC_SAR_Seq_1_SAR.o)
                              .\ARM_GCC_541\Debug\CE210514_PSOC3_5_Thermistor.a(ADC_SAR_Seq_1.o) (ADC_SAR_Seq_1_SAR_shift)
.\ARM_GCC_541\Debug\CE210514_PSOC3_5_Thermistor.a(ADC_SAR_Seq_1_TempBuf_dma.o)
                              .\ARM_GCC_541\Debug\CE210514_PSOC3_5_Thermistor.a(ADC_SAR_Seq_1.o) (ADC_SAR_Seq_1_TempBuf_DmaInitialize)
.\ARM_GCC_541\Debug\CE210514_PSOC3_5_Thermistor.a(ADC_SAR_Seq_1_FinalBuf_dma.o)
                              .\ARM_GCC_541\Debug\CE210514_PSOC3_5_Thermistor.a(ADC_SAR_Seq_1.o) (ADC_SAR_Seq_1_FinalBuf_DmaInitialize)
.\ARM_GCC_541\Debug\CE210514_PSOC3_5_Thermistor.a(ADC_SAR_Seq_1_IRQ.o)
                              .\ARM_GCC_541\Debug\CE210514_PSOC3_5_Thermistor.a(ADC_SAR_Seq_1.o) (ADC_SAR_Seq_1_IRQ_SetVector)
.\ARM_GCC_541\Debug\CE210514_PSOC3_5_Thermistor.a(Status_Reg_1.o)
                              .\ARM_GCC_541\Debug\main.o (Status_Reg_1_Read)
.\ARM_GCC_541\Debug\CE210514_PSOC3_5_Thermistor.a(Clock_2.o)
                              .\ARM_GCC_541\Debug\main.o (Clock_2_SetDividerRegister)
.\ARM_GCC_541\Debug\CE210514_PSOC3_5_Thermistor.a(SPIS_1.o)
                              .\ARM_GCC_541\Debug\main.o (SPIS_1_Start)
.\ARM_GCC_541\Debug\CE210514_PSOC3_5_Thermistor.a(SPIS_2.o)
                              .\ARM_GCC_541\Debug\main.o (SPIS_2_Start)
.\ARM_GCC_541\Debug\CE210514_PSOC3_5_Thermistor.a(my_Vbus_ISR.o)
                              .\ARM_GCC_541\Debug\main.o (my_Vbus_ISR_StartEx)
.\ARM_GCC_541\Debug\CE210514_PSOC3_5_Thermistor.a(USB.o)
                              .\ARM_GCC_541\Debug\main.o (USB_Start)
.\ARM_GCC_541\Debug\CE210514_PSOC3_5_Thermistor.a(USB_drv.o)
                              .\ARM_GCC_541\Debug\CE210514_PSOC3_5_Thermistor.a(USB.o) (USB_EP)
.\ARM_GCC_541\Debug\CE210514_PSOC3_5_Thermistor.a(USB_episr.o)
                              .\ARM_GCC_541\Debug\CE210514_PSOC3_5_Thermistor.a(USB.o) (USB_EP_1_ISR)
.\ARM_GCC_541\Debug\CE210514_PSOC3_5_Thermistor.a(USB_pm.o)
                              .\ARM_GCC_541\Debug\CE210514_PSOC3_5_Thermistor.a(USB.o) (USB_DP_ISR)
.\ARM_GCC_541\Debug\CE210514_PSOC3_5_Thermistor.a(USB_std.o)
                              .\ARM_GCC_541\Debug\CE210514_PSOC3_5_Thermistor.a(USB_drv.o) (USB_HandleStandardRqst)
.\ARM_GCC_541\Debug\CE210514_PSOC3_5_Thermistor.a(USB_vnd.o)
                              .\ARM_GCC_541\Debug\CE210514_PSOC3_5_Thermistor.a(USB_drv.o) (USB_HandleVendorRqst)
.\ARM_GCC_541\Debug\CE210514_PSOC3_5_Thermistor.a(USB_midi.o)
                              .\ARM_GCC_541\Debug\main.o (USB_midiInPointer)
[...]
Memory Configuration

Name             Origin             Length             Attributes
rom              0x00000000         0x00040000         xr
ram              0x1fff8000         0x00010000         xrw
*default*        0x00000000         0xffffffff

Linker script and memory map

LOAD c:/program files (x86)/cypress/psoc creator/4.4/psoc creator/import/gnu/arm/5.4.1/bin/../lib/gcc/arm-none-eabi/5.4.1/armv7-m/crti.o
LOAD c:/program files (x86)/cypress/psoc creator/4.4/psoc creator/import/gnu/arm/5.4.1/bin/../lib/gcc/arm-none-eabi/5.4.1/armv7-m/crtbegin.o
LOAD c:/program files (x86)/cypress/psoc creator/4.4/psoc creator/import/gnu/arm/5.4.1/bin/../lib/gcc/arm-none-eabi/5.4.1/../../../../arm-none-eabi/lib/armv7-m/crt0.o
START GROUP
LOAD .\ARM_GCC_541\Debug\main.o
LOAD .\ARM_GCC_541\Debug\measurement.o
LOAD .\ARM_GCC_541\Debug\removeOffsetNoise.o
LOAD .\ARM_GCC_541\Debug\gfx.o
LOAD .\ARM_GCC_541\Debug\gfx_font.o
LOAD .\ARM_GCC_541\Debug\oled.o
LOAD .\ARM_GCC_541\Debug\ssd1306.o
LOAD .\ARM_GCC_541\Debug\cyfitter_cfg.o
LOAD .\ARM_GCC_541\Debug\cymetadata.o
LOAD .\ARM_GCC_541\Debug\Cm3Start.o
LOAD .\ARM_GCC_541\Debug\CE210514_PSOC3_5_Thermistor.a
LOAD C:\Program Files (x86)\Cypress\PSoC Creator\4.4\PSoC Creator\psoc\content\cycomponentlibrary\CyComponentLibrary.cylib\CortexM3\ARM_GCC_541\Debug\CyComponentLibrary.a
LOAD c:/program files (x86)/cypress/psoc creator/4.4/psoc creator/import/gnu/arm/5.4.1/bin/../lib/gcc/arm-none-eabi/5.4.1/../../../../arm-none-eabi/lib/armv7-m\libm.a
END GROUP
START GROUP
LOAD c:/program files (x86)/cypress/psoc creator/4.4/psoc creator/import/gnu/arm/5.4.1/bin/../lib/gcc/arm-none-eabi/5.4.1/armv7-m\libgcc.a
LOAD c:/program files (x86)/cypress/psoc creator/4.4/psoc creator/import/gnu/arm/5.4.1/bin/../lib/gcc/arm-none-eabi/5.4.1/../../../../arm-none-eabi/lib/armv7-m\libg_nano.a
LOAD c:/program files (x86)/cypress/psoc creator/4.4/psoc creator/import/gnu/arm/5.4.1/bin/../lib/gcc/arm-none-eabi/5.4.1/../../../../arm-none-eabi/lib/armv7-m\libc_nano.a
END GROUP
START GROUP
LOAD c:/program files (x86)/cypress/psoc creator/4.4/psoc creator/import/gnu/arm/5.4.1/bin/../lib/gcc/arm-none-eabi/5.4.1/armv7-m\libgcc.a
LOAD c:/program files (x86)/cypress/psoc creator/4.4/psoc creator/import/gnu/arm/5.4.1/bin/../lib/gcc/arm-none-eabi/5.4.1/../../../../arm-none-eabi/lib/armv7-m\libc_nano.a
END GROUP
LOAD c:/program files (x86)/cypress/psoc creator/4.4/psoc creator/import/gnu/arm/5.4.1/bin/../lib/gcc/arm-none-eabi/5.4.1/armv7-m/crtend.o
LOAD c:/program files (x86)/cypress/psoc creator/4.4/psoc creator/import/gnu/arm/5.4.1/bin/../lib/gcc/arm-none-eabi/5.4.1/armv7-m/crtn.o
START GROUP
LOAD c:/program files (x86)/cypress/psoc creator/4.4/psoc creator/import/gnu/arm/5.4.1/bin/../lib/gcc/arm-none-eabi/5.4.1/armv7-m\libgcc.a
LOAD c:/program files (x86)/cypress/psoc creator/4.4/psoc creator/import/gnu/arm/5.4.1/bin/../lib/gcc/arm-none-eabi/5.4.1/../../../../arm-none-eabi/lib/armv7-m\libc.a
LOAD c:/program files (x86)/cypress/psoc creator/4.4/psoc creator/import/gnu/arm/5.4.1/bin/../lib/gcc/arm-none-eabi/5.4.1/../../../../arm-none-eabi/lib/armv7-m\libnosys.a
END GROUP
                0x00000000                CY_APPL_ORIGIN = 0x0
                0x00000100                CY_FLASH_ROW_SIZE = 0x100
                0x00000020                CY_ECC_ROW_SIZE = 0x20
                0x00000000                CY_EE_IN_BTLDR = 0x0
                0x00000000                CY_APPL_LOADABLE = 0x0
                0x00000800                CY_EE_SIZE = 0x800
                0x00000001                CY_APPL_NUM = 0x1
                0x00000001                CY_APPL_MAX = 0x1
                0x00000040                CY_METADATA_SIZE = 0x40
                0x00000000                CY_APPL_LOADABLE = 0x0
                0x00000000                CY_CHECKSUM_EXCLUDE_SIZE = ALIGN (0x0, CY_FLASH_ROW_SIZE)
                [!provide]                PROVIDE (__cy_heap_start, _end)
                0x00000001                PROVIDE (__cy_region_num, ((__cy_regions_end - __cy_regions) / 0x10))
                0x20008000                PROVIDE (__cy_stack, (ORIGIN (ram) + LENGTH (ram)))
                [!provide]                PROVIDE (__cy_heap_end, (__cy_stack - 0xf00))

.cybootloader   0x00000000        0x0
 *(.cybootloader)
                0x00000000                appl1_start = CY_APPL_ORIGIN?CY_APPL_ORIGIN:ALIGN (CY_FLASH_ROW_SIZE)
                0x0001ff00                appl2_start = (appl1_start + ALIGN ((((LENGTH (rom) - appl1_start) - (0x2 * CY_FLASH_ROW_SIZE)) / 0x2), CY_FLASH_ROW_SIZE))
                0x00000000                appl_start = (CY_APPL_NUM == 0x1)?appl1_start:appl2_start
                0x00000000                ecc_offset = ((appl_start / CY_FLASH_ROW_SIZE) * CY_ECC_ROW_SIZE)
                0x00000000                ee_offset = (CY_APPL_LOADABLE && ! (CY_EE_IN_BTLDR))?((CY_EE_SIZE / CY_APPL_MAX) * (CY_APPL_NUM - 0x1)):0x0
                0x00000800                ee_size = (CY_APPL_LOADABLE && ! (CY_EE_IN_BTLDR))?(CY_EE_SIZE / CY_APPL_MAX):CY_EE_SIZE
                [!provide]                PROVIDE (CY_ECC_OFFSET, ecc_offset)

.text           0x00000000     0xfa54
 CREATE_OBJECT_SYMBOLS
                0x00000000                PROVIDE (__cy_interrupt_vector, RomVectors)
 *(.romvectors)
 .romvectors    0x00000000       0x10 .\ARM_GCC_541\Debug\Cm3Start.o
                0x00000000                RomVectors
                0x00000001                ASSERT ((. != __cy_interrupt_vector), No interrupt vector)
                0x00000001                ASSERT (CY_APPL_ORIGIN?(SIZEOF (.cybootloader) <= CY_APPL_ORIGIN):0x1, Wrong image location)
                0x00000010                PROVIDE (__cy_reset, Reset)
 *(.text.Reset)
 .text.Reset    0x00000010       0x18 .\ARM_GCC_541\Debug\Cm3Start.o
                0x00000010                Reset
                0x00000001                ASSERT ((. != __cy_reset), No reset code)
 *(.dma_init)
                0x00000001                ASSERT ((((appl_start + .) <= 0x10000) || 0x1), DMA Init must be within the first 64k of flash)
 *(.text .text.* .gnu.linkonce.t.*)
 .text          0x00000028       0x5c c:/program files (x86)/cypress/psoc creator/4.4/psoc creator/import/gnu/arm/5.4.1/bin/../lib/gcc/arm-none-eabi/5.4.1/armv7-m/crtbegin.o
 .text.spis_1_ss
                0x00000084      0x174 .\ARM_GCC_541\Debug\main.o
                0x00000084                spis_1_ss
 .text.spis_2_ss
                0x000001f8       0x9c .\ARM_GCC_541\Debug\main.o
                0x000001f8                spis_2_ss
 .text.Vbus_function
                0x00000294       0x14 .\ARM_GCC_541\Debug\main.o
                0x00000294                Vbus_function
 .text.restartSystemCheck
                0x000002a8       0x7c .\ARM_GCC_541\Debug\main.o
                0x000002a8                restartSystemCheck
 .text.mtof     0x00000324       0x68 .\ARM_GCC_541\Debug\main.o
                0x00000324                mtof
 .text.ftom     0x0000038c       0x4c .\ARM_GCC_541\Debug\main.o
                0x0000038c                ftom
 .text.map      0x000003d8       0x58 .\ARM_GCC_541\Debug\main.o
                0x000003d8                map
 .text.calculatePedalRatios
                0x00000430      0x108 .\ARM_GCC_541\Debug\main.o
                0x00000430                calculatePedalRatios
 .text.main     0x00000538     0x1c98 .\ARM_GCC_541\Debug\main.o
                0x00000538                main
 .text.DmaTxConfiguration
                0x000021d0       0x70 .\ARM_GCC_541\Debug\main.o
                0x000021d0                DmaTxConfiguration
 .text.DmaRxConfiguration
                0x00002240      0x170 .\ARM_GCC_541\Debug\main.o
                0x00002240                DmaRxConfiguration
 .text.I2C_MasterWriteBlocking
                0x000023b0       0xe0 .\ARM_GCC_541\Debug\main.o
                0x000023b0                I2C_MasterWriteBlocking
 .text.I2C_MasterReadBlocking
                0x00002490       0xf4 .\ARM_GCC_541\Debug\main.o
                0x00002490                I2C_MasterReadBlocking
 .text.I2C_reset
                0x00002584       0x24 .\ARM_GCC_541\Debug\main.o
                0x00002584                I2C_reset
 .text.displayCurrentPresetNameAndCopedent
                0x000025a8      0x118 .\ARM_GCC_541\Debug\main.o
                0x000025a8                displayCurrentPresetNameAndCopedent
 .text.checkUSB_Vbus
                0x000026c0       0x54 .\ARM_GCC_541\Debug\main.o
                0x000026c0                checkUSB_Vbus
 .text.USB_service
                0x00002714       0xc4 .\ARM_GCC_541\Debug\main.o
                0x00002714                USB_service
 .text.noteEvent
                0x000027d8       0xd4 .\ARM_GCC_541\Debug\main.o
                0x000027d8                noteEvent
 .text.sendMIDINoteOn
                0x000028ac       0x68 .\ARM_GCC_541\Debug\main.o
                0x000028ac                sendMIDINoteOn
 .text.sendMIDIControlChange
                0x00002914       0x68 .\ARM_GCC_541\Debug\main.o
                0x00002914                sendMIDIControlChange
 .text.sendMIDIPitchBend
                0x0000297c       0x6c .\ARM_GCC_541\Debug\main.o
                0x0000297c                sendMIDIPitchBend
 .text.parseSysex
                0x000029e8      0xbec .\ARM_GCC_541\Debug\main.o
                0x000029e8                parseSysex
 .text.USB_callbackLocalMidiEvent
                0x000035d4      0x150 .\ARM_GCC_541\Debug\main.o
                0x000035d4                USB_callbackLocalMidiEvent
 .text.scanUI   0x00003724      0x3d8 .\ARM_GCC_541\Debug\main.o
                0x00003724                scanUI
 .text.enterEditModeMenu
                0x00003afc       0xa0 .\ARM_GCC_541\Debug\main.o
                0x00003afc                enterEditModeMenu
 .text.exitEditModeMenu
                0x00003b9c       0x44 .\ARM_GCC_541\Debug\main.o
                0x00003b9c                exitEditModeMenu
 .text.menuAction
                0x00003be0      0x554 .\ARM_GCC_541\Debug\main.o
                0x00003be0                menuAction
 .text.leftPressed
                0x00004134       0x98 .\ARM_GCC_541\Debug\main.o
                0x00004134                leftPressed
 .text.rightPressed
                0x000041cc       0x94 .\ARM_GCC_541\Debug\main.o
                0x000041cc                rightPressed
 .text.downPressed
                0x00004260       0x4c .\ARM_GCC_541\Debug\main.o
                0x00004260                downPressed
 .text.upPressed
                0x000042ac       0x4c .\ARM_GCC_541\Debug\main.o
                0x000042ac                upPressed
 .text.enterLeverCalibrationMode
                0x000042f8       0xb0 .\ARM_GCC_541\Debug\main.o
                0x000042f8                enterLeverCalibrationMode
 .text.exitLeverCalibrationMode
                0x000043a8      0x154 .\ARM_GCC_541\Debug\main.o
                0x000043a8                exitLeverCalibrationMode
 .text.enterFretCalibrationMode
                0x000044fc       0xa0 .\ARM_GCC_541\Debug\main.o
                0x000044fc                enterFretCalibrationMode
 .text.exitFretCalibrationMode
                0x0000459c       0xbc .\ARM_GCC_541\Debug\main.o
                0x0000459c                exitFretCalibrationMode
 .text.GFXinit  0x00004658       0x80 .\ARM_GCC_541\Debug\gfx.o
                0x00004658                GFXinit
 .text.GFXwriteLine
                0x000046d8      0x140 .\ARM_GCC_541\Debug\gfx.o
                0x000046d8                GFXwriteLine
 .text.GFXdrawPixel
                0x00004818      0x1e0 .\ARM_GCC_541\Debug\gfx.o
                0x00004818                GFXdrawPixel
 .text.GFXwritePixel
                0x000049f8       0x34 .\ARM_GCC_541\Debug\gfx.o
                0x000049f8                GFXwritePixel
 .text.GFXwriteFastVLine
                0x00004a2c       0x3c .\ARM_GCC_541\Debug\gfx.o
                0x00004a2c                GFXwriteFastVLine
 .text.GFXwriteFillRect
                0x00004a68       0x40 .\ARM_GCC_541\Debug\gfx.o
                0x00004a68                GFXwriteFillRect
 .text.GFXdrawFastVLine
                0x00004aa8       0x4c .\ARM_GCC_541\Debug\gfx.o
                0x00004aa8                GFXdrawFastVLine
 .text.GFXfillRect
                0x00004af4       0x60 .\ARM_GCC_541\Debug\gfx.o
                0x00004af4                GFXfillRect
 .text.GFXdrawChar
                0x00004b54      0x40c .\ARM_GCC_541\Debug\gfx.o
                0x00004b54                GFXdrawChar
 .text.GFXcheckScrollWrap
                0x00004f60       0xf8 .\ARM_GCC_541\Debug\gfx.o
                0x00004f60                GFXcheckScrollWrap
 .text.GFXwrite
                0x00005058      0x19c .\ARM_GCC_541\Debug\gfx.o
                0x00005058                GFXwrite
 .text.GFXsetCursor
                0x000051f4       0x28 .\ARM_GCC_541\Debug\gfx.o
                0x000051f4                GFXsetCursor
 .text.GFXgetCursorX
                0x0000521c       0x18 .\ARM_GCC_541\Debug\gfx.o
                0x0000521c                GFXgetCursorX
 .text.GFXsetTextSize
                0x00005234       0x28 .\ARM_GCC_541\Debug\gfx.o
                0x00005234                GFXsetTextSize
 .text.GFXsetTextColor
                0x0000525c       0x28 .\ARM_GCC_541\Debug\gfx.o
                0x0000525c                GFXsetTextColor
 .text.GFXgetRotation
                0x00005284       0x18 .\ARM_GCC_541\Debug\gfx.o
                0x00005284                GFXgetRotation
 .text.GFXsetFont
                0x0000529c       0xdc .\ARM_GCC_541\Debug\gfx.o
                0x0000529c                GFXsetFont
 .text.OLEDparseInt
                0x00005378       0x80 .\ARM_GCC_541\Debug\gfx.o
                0x00005378                OLEDparseInt
 .text.GFXscrollUp
                0x000053f8       0x1c .\ARM_GCC_541\Debug\gfx.o
                0x000053f8                GFXscrollUp
 .text.myGFX_init
                0x00005414       0x44 .\ARM_GCC_541\Debug\oled.o
                0x00005414                myGFX_init
 .text.myGFX_setFont
                0x00005458       0x50 .\ARM_GCC_541\Debug\oled.o
                0x00005458                myGFX_setFont
 .text.OLED_init
                0x000054a8       0x48 .\ARM_GCC_541\Debug\oled.o
                0x000054a8                OLED_init
 .text.OLED_draw
                0x000054f0       0x24 .\ARM_GCC_541\Debug\oled.o
                0x000054f0                OLED_draw
 .text.OLEDclear
                0x00005514       0x34 .\ARM_GCC_541\Debug\oled.o
                0x00005514                OLEDclear
 .text.OLEDtextColor
                0x00005548       0x28 .\ARM_GCC_541\Debug\oled.o
                0x00005548                OLEDtextColor
 .text.OLEDwriteString
                0x00005570       0x8c .\ARM_GCC_541\Debug\oled.o
                0x00005570                OLEDwriteString
 .text.OLEDwriteArrow
                0x000055fc       0x40 .\ARM_GCC_541\Debug\oled.o
                0x000055fc                OLEDwriteArrow
 .text.OLEDwriteLineMiddle
                0x0000563c       0x5c .\ARM_GCC_541\Debug\oled.o
                0x0000563c                OLEDwriteLineMiddle
 .text.OLEDwriteInt
                0x00005698       0x38 .\ARM_GCC_541\Debug\oled.o
                0x00005698                OLEDwriteInt
 .text.OLEDgetCursor
                0x000056d0       0x14 .\ARM_GCC_541\Debug\oled.o
                0x000056d0                OLEDgetCursor
 .text.ssd1306_begin
                0x000056e4      0x154 .\ARM_GCC_541\Debug\ssd1306.o
                0x000056e4                ssd1306_begin
 .text.ssd1306_command
                0x00005838       0x2c .\ARM_GCC_541\Debug\ssd1306.o
                0x00005838                ssd1306_command
 .text.ssd1306_display_full_buffer
                0x00005864       0xf0 .\ARM_GCC_541\Debug\ssd1306.o
                0x00005864                ssd1306_display_full_buffer
 .text.ssd1306_home
                0x00005954       0x10 .\ARM_GCC_541\Debug\ssd1306.o
                0x00005954                ssd1306_home
 .text.ssd1306_move_raw
                0x00005964       0x58 .\ARM_GCC_541\Debug\ssd1306.o
                0x00005964                ssd1306_move_raw
 .text.CYMEMZERO
                0x000059bc       0x1c .\ARM_GCC_541\Debug\cyfitter_cfg.o
 .text.CYCONFIGCPY
                0x000059d8       0x20 .\ARM_GCC_541\Debug\cyfitter_cfg.o
 .text.CyClockStartupError
                0x000059f8        0xc .\ARM_GCC_541\Debug\cyfitter_cfg.o
 .text.ClockSetup
                0x00005a04      0x168 .\ARM_GCC_541\Debug\cyfitter_cfg.o
 .text.AnalogSetDefault
                0x00005b6c       0xb0 .\ARM_GCC_541\Debug\cyfitter_cfg.o
 .text.cyfitter_cfg
                0x00005c1c      0x1fc .\ARM_GCC_541\Debug\cyfitter_cfg.o
                0x00005c1c                cyfitter_cfg
 .text.IntDefaultHandler
                0x00005e18       0x14 .\ARM_GCC_541\Debug\Cm3Start.o
                0x00005e18                IntDefaultHandler
 .text._sbrk    0x00005e2c       0x54 .\ARM_GCC_541\Debug\Cm3Start.o
                0x00005e2c                _sbrk
 .text.Start_c  0x00005e80       0x98 .\ARM_GCC_541\Debug\Cm3Start.o
                0x00005e80                Start_c
 .text.initialize_psoc
                0x00005f18       0x94 .\ARM_GCC_541\Debug\Cm3Start.o
                0x00005f18                initialize_psoc
 .text.Cy_Em_EEPROM_Init
                0x00005fac       0xe0 .\ARM_GCC_541\Debug\CE210514_PSOC3_5_Thermistor.a(cy_em_eeprom.o)
                0x00005fac                Cy_Em_EEPROM_Init
 .text.Cy_Em_EEPROM_Read
                0x0000608c      0x30c .\ARM_GCC_541\Debug\CE210514_PSOC3_5_Thermistor.a(cy_em_eeprom.o)
                0x0000608c                Cy_Em_EEPROM_Read
 .text.Cy_Em_EEPROM_Write
                0x00006398      0x34c .\ARM_GCC_541\Debug\CE210514_PSOC3_5_Thermistor.a(cy_em_eeprom.o)
                0x00006398                Cy_Em_EEPROM_Write
 .text.FindLastWrittenRow
                0x000066e4       0x6c .\ARM_GCC_541\Debug\CE210514_PSOC3_5_Thermistor.a(cy_em_eeprom.o)
 .text.GetRowAddrBySeqNum
                0x00006750       0x40 .\ARM_GCC_541\Debug\CE210514_PSOC3_5_Thermistor.a(cy_em_eeprom.o)
 .text.GetNextRowToWrite
                0x00006790       0xb4 .\ARM_GCC_541\Debug\CE210514_PSOC3_5_Thermistor.a(cy_em_eeprom.o)
 .text.CalcChecksum
                0x00006844       0x6c .\ARM_GCC_541\Debug\CE210514_PSOC3_5_Thermistor.a(cy_em_eeprom.o)
 .text.CheckRanges
                0x000068b0       0x64 .\ARM_GCC_541\Debug\CE210514_PSOC3_5_Thermistor.a(cy_em_eeprom.o)
 .text.WriteRow
                0x00006914       0x4c .\ARM_GCC_541\Debug\CE210514_PSOC3_5_Thermistor.a(cy_em_eeprom.o)
 .text.CheckCrcAndCopy
                0x00006960       0xf8 .\ARM_GCC_541\Debug\CE210514_PSOC3_5_Thermistor.a(cy_em_eeprom.o)
 .text.GetAddresses
                0x00006a58       0xfc .\ARM_GCC_541\Debug\CE210514_PSOC3_5_Thermistor.a(cy_em_eeprom.o)
 .text.FillChecksum
                0x00006b54      0x100 .\ARM_GCC_541\Debug\CE210514_PSOC3_5_Thermistor.a(cy_em_eeprom.o)
 .text.CyDmacConfigure
                0x00006c54       0x5c .\ARM_GCC_541\Debug\CE210514_PSOC3_5_Thermistor.a(CyDmac.o)
                0x00006c54                CyDmacConfigure
 .text.CyDmaChEnable
                0x00006cb0       0x8c .\ARM_GCC_541\Debug\CE210514_PSOC3_5_Thermistor.a(CyDmac.o)
                0x00006cb0                CyDmaChEnable
 .text.CyDmaClearPendingDrq
                0x00006d3c       0x60 .\ARM_GCC_541\Debug\CE210514_PSOC3_5_Thermistor.a(CyDmac.o)
                0x00006d3c                CyDmaClearPendingDrq
 .text.CyDmaChPriority
                0x00006d9c       0x64 .\ARM_GCC_541\Debug\CE210514_PSOC3_5_Thermistor.a(CyDmac.o)
                0x00006d9c                CyDmaChPriority
 .text.CyDmaChSetExtendedAddress
                0x00006e00       0x78 .\ARM_GCC_541\Debug\CE210514_PSOC3_5_Thermistor.a(CyDmac.o)
                0x00006e00                CyDmaChSetExtendedAddress
 .text.CyDmaChSetInitialTd
                0x00006e78       0x3c .\ARM_GCC_541\Debug\CE210514_PSOC3_5_Thermistor.a(CyDmac.o)
                0x00006e78                CyDmaChSetInitialTd
 .text.CyDmaChSetConfiguration
                0x00006eb4       0xa0 .\ARM_GCC_541\Debug\CE210514_PSOC3_5_Thermistor.a(CyDmac.o)
                0x00006eb4                CyDmaChSetConfiguration
 .text.CyDmaTdAllocate
                0x00006f54       0x5c .\ARM_GCC_541\Debug\CE210514_PSOC3_5_Thermistor.a(CyDmac.o)
                0x00006f54                CyDmaTdAllocate
 .text.CyDmaTdSetConfiguration
                0x00006fb0       0x80 .\ARM_GCC_541\Debug\CE210514_PSOC3_5_Thermistor.a(CyDmac.o)
                0x00006fb0                CyDmaTdSetConfiguration
 .text.CyDmaTdSetAddress
                0x00007030       0x5c .\ARM_GCC_541\Debug\CE210514_PSOC3_5_Thermistor.a(CyDmac.o)
                0x00007030                CyDmaTdSetAddress
 .text.CySetTempInt
                0x0000708c       0x7c .\ARM_GCC_541\Debug\CE210514_PSOC3_5_Thermistor.a(CyFlash.o)
 .text.CyFlashGetSpcAlgorithm
                0x00007108       0x70 .\ARM_GCC_541\Debug\CE210514_PSOC3_5_Thermistor.a(CyFlash.o)
                0x00007108                CyFlashGetSpcAlgorithm
 .text.CySetTemp
                0x00007178       0x24 .\ARM_GCC_541\Debug\CE210514_PSOC3_5_Thermistor.a(CyFlash.o)
                0x00007178                CySetTemp
 .text.CyWriteRowData
                0x0000719c       0x38 .\ARM_GCC_541\Debug\CE210514_PSOC3_5_Thermistor.a(CyFlash.o)
                0x0000719c                CyWriteRowData
 .text.CyWriteRowFull
                0x000071d4      0x154 .\ARM_GCC_541\Debug\CE210514_PSOC3_5_Thermistor.a(CyFlash.o)
                0x000071d4                CyWriteRowFull
 .text.CyEEPROM_Start
                0x00007328       0x8c .\ARM_GCC_541\Debug\CE210514_PSOC3_5_Thermistor.a(CyFlash.o)
                0x00007328                CyEEPROM_Start
 .text.CyEEPROM_ReadReserve
                0x000073b4       0x30 .\ARM_GCC_541\Debug\CE210514_PSOC3_5_Thermistor.a(CyFlash.o)
                0x000073b4                CyEEPROM_ReadReserve
 .text.CyEEPROM_ReadRelease
                0x000073e4       0x20 .\ARM_GCC_541\Debug\CE210514_PSOC3_5_Thermistor.a(CyFlash.o)
                0x000073e4                CyEEPROM_ReadRelease
 .text.CyHalt   0x00007404       0x18 .\ARM_GCC_541\Debug\CE210514_PSOC3_5_Thermistor.a(CyLib.o)
                0x00007404                CyHalt
 .text.CySoftwareReset
                0x0000741c       0x20 .\ARM_GCC_541\Debug\CE210514_PSOC3_5_Thermistor.a(CyLib.o)
                0x0000741c                CySoftwareReset
 .text.CyDelay  0x0000743c       0x44 .\ARM_GCC_541\Debug\CE210514_PSOC3_5_Thermistor.a(CyLib.o)
                0x0000743c                CyDelay
 .text.CyDelayUs
                0x00007480       0x28 .\ARM_GCC_541\Debug\CE210514_PSOC3_5_Thermistor.a(CyLib.o)
                0x00007480                CyDelayUs
 .text.CyFlushCache
                0x000074a8       0x5c .\ARM_GCC_541\Debug\CE210514_PSOC3_5_Thermistor.a(CyLib.o)
                0x000074a8                CyFlushCache
 .text.CyIntSetVector
                0x00007504       0x50 .\ARM_GCC_541\Debug\CE210514_PSOC3_5_Thermistor.a(CyLib.o)
                0x00007504                CyIntSetVector
 .text.CyIntSetPriority
                0x00007554       0x48 .\ARM_GCC_541\Debug\CE210514_PSOC3_5_Thermistor.a(CyLib.o)
                0x00007554                CyIntSetPriority
 .text.CyGetUniqueId
                0x0000759c       0xc4 .\ARM_GCC_541\Debug\CE210514_PSOC3_5_Thermistor.a(CyLib.o)
                0x0000759c                CyGetUniqueId
 .text.CySpcStart
                0x00007660       0x48 .\ARM_GCC_541\Debug\CE210514_PSOC3_5_Thermistor.a(CySpc.o)
                0x00007660                CySpcStart
 .text.CySpcReadData
                0x000076a8       0x54 .\ARM_GCC_541\Debug\CE210514_PSOC3_5_Thermistor.a(CySpc.o)
                0x000076a8                CySpcReadData
 .text.CySpcLoadMultiByte
                0x000076fc       0xd0 .\ARM_GCC_541\Debug\CE210514_PSOC3_5_Thermistor.a(CySpc.o)
                0x000076fc                CySpcLoadMultiByte
 .text.CySpcLoadRowFull
                0x000077cc       0xcc .\ARM_GCC_541\Debug\CE210514_PSOC3_5_Thermistor.a(CySpc.o)
                0x000077cc                CySpcLoadRowFull
 .text.CySpcWriteRow
                0x00007898       0x98 .\ARM_GCC_541\Debug\CE210514_PSOC3_5_Thermistor.a(CySpc.o)
                0x00007898                CySpcWriteRow
 .text.CySpcGetTemp
                0x00007930       0x64 .\ARM_GCC_541\Debug\CE210514_PSOC3_5_Thermistor.a(CySpc.o)
                0x00007930                CySpcGetTemp
 .text.CySpcLock
                0x00007994       0x68 .\ARM_GCC_541\Debug\CE210514_PSOC3_5_Thermistor.a(CySpc.o)
                0x00007994                CySpcLock
 .text.CySpcUnlock
                0x000079fc       0x50 .\ARM_GCC_541\Debug\CE210514_PSOC3_5_Thermistor.a(CySpc.o)
                0x000079fc                CySpcUnlock
 .text.CySpcGetAlgorithm
                0x00007a4c       0x44 .\ARM_GCC_541\Debug\CE210514_PSOC3_5_Thermistor.a(CySpc.o)
                0x00007a4c                CySpcGetAlgorithm
 .text.SPIM_1_Init
                0x00007a90       0x34 .\ARM_GCC_541\Debug\CE210514_PSOC3_5_Thermistor.a(SPIM_1.o)
                0x00007a90                SPIM_1_Init
 .text.SPIM_1_Enable
                0x00007ac4       0x68 .\ARM_GCC_541\Debug\CE210514_PSOC3_5_Thermistor.a(SPIM_1.o)
                0x00007ac4                SPIM_1_Enable
 .text.SPIM_1_Start
                0x00007b2c       0x24 .\ARM_GCC_541\Debug\CE210514_PSOC3_5_Thermistor.a(SPIM_1.o)
                0x00007b2c                SPIM_1_Start
 .text.SPIM_1_Stop
                0x00007b50       0x54 .\ARM_GCC_541\Debug\CE210514_PSOC3_5_Thermistor.a(SPIM_1.o)
                0x00007b50                SPIM_1_Stop
 .text.SPIM_1_EnableTxInt
                0x00007ba4        0xc .\ARM_GCC_541\Debug\CE210514_PSOC3_5_Thermistor.a(SPIM_1.o)
                0x00007ba4                SPIM_1_EnableTxInt
 .text.SPIM_1_EnableRxInt
                0x00007bb0        0xc .\ARM_GCC_541\Debug\CE210514_PSOC3_5_Thermistor.a(SPIM_1.o)
                0x00007bb0                SPIM_1_EnableRxInt
 .text.SPIM_1_DisableTxInt
                0x00007bbc        0xc .\ARM_GCC_541\Debug\CE210514_PSOC3_5_Thermistor.a(SPIM_1.o)
                0x00007bbc                SPIM_1_DisableTxInt
 .text.SPIM_1_DisableRxInt
                0x00007bc8        0xc .\ARM_GCC_541\Debug\CE210514_PSOC3_5_Thermistor.a(SPIM_1.o)
                0x00007bc8                SPIM_1_DisableRxInt
 .text.SPIM_1_ReadTxStatus
                0x00007bd4       0x1c .\ARM_GCC_541\Debug\CE210514_PSOC3_5_Thermistor.a(SPIM_1.o)
                0x00007bd4                SPIM_1_ReadTxStatus
 .text.SPIM_1_ReadRxStatus
                0x00007bf0       0x1c .\ARM_GCC_541\Debug\CE210514_PSOC3_5_Thermistor.a(SPIM_1.o)
                0x00007bf0                SPIM_1_ReadRxStatus
 .text.SPIM_1_ClearRxBuffer
                0x00007c0c       0x28 .\ARM_GCC_541\Debug\CE210514_PSOC3_5_Thermistor.a(SPIM_1.o)
                0x00007c0c                SPIM_1_ClearRxBuffer
 .text.SPIM_1_ClearFIFO
                0x00007c34       0x60 .\ARM_GCC_541\Debug\CE210514_PSOC3_5_Thermistor.a(SPIM_1.o)
                0x00007c34                SPIM_1_ClearFIFO
 .text.SPIM_1_IntClock_Start
                0x00007c94       0x34 .\ARM_GCC_541\Debug\CE210514_PSOC3_5_Thermistor.a(SPIM_1_IntClock.o)
                0x00007c94                SPIM_1_IntClock_Start
 .text.SPIM_1_IntClock_Stop
                0x00007cc8       0x34 .\ARM_GCC_541\Debug\CE210514_PSOC3_5_Thermistor.a(SPIM_1_IntClock.o)
                0x00007cc8                SPIM_1_IntClock_Stop
 .text.I2C_1_Init
                0x00007cfc       0xa0 .\ARM_GCC_541\Debug\CE210514_PSOC3_5_Thermistor.a(I2C_1.o)
                0x00007cfc                I2C_1_Init
 .text.I2C_1_Enable
                0x00007d9c       0x20 .\ARM_GCC_541\Debug\CE210514_PSOC3_5_Thermistor.a(I2C_1.o)
                0x00007d9c                I2C_1_Enable
 .text.I2C_1_Start
                0x00007dbc       0x2c .\ARM_GCC_541\Debug\CE210514_PSOC3_5_Thermistor.a(I2C_1.o)
                0x00007dbc                I2C_1_Start
 .text.I2C_1_Stop
                0x00007de8       0x5c .\ARM_GCC_541\Debug\CE210514_PSOC3_5_Thermistor.a(I2C_1.o)
                0x00007de8                I2C_1_Stop
 .text.I2C_1_ISR
                0x00007e44      0x408 .\ARM_GCC_541\Debug\CE210514_PSOC3_5_Thermistor.a(I2C_1_INT.o)
                0x00007e44                I2C_1_ISR
 .text.I2C_1_MasterWriteBuf
                0x0000824c      0x120 .\ARM_GCC_541\Debug\CE210514_PSOC3_5_Thermistor.a(I2C_1_MASTER.o)
                0x0000824c                I2C_1_MasterWriteBuf
 .text.I2C_1_MasterReadBuf
                0x0000836c      0x124 .\ARM_GCC_541\Debug\CE210514_PSOC3_5_Thermistor.a(I2C_1_MASTER.o)
                0x0000836c                I2C_1_MasterReadBuf
 .text.I2C_1_MasterStatus
                0x00008490       0x4c .\ARM_GCC_541\Debug\CE210514_PSOC3_5_Thermistor.a(I2C_1_MASTER.o)
                0x00008490                I2C_1_MasterStatus
 .text.I2C_1_MasterClearStatus
                0x000084dc       0x38 .\ARM_GCC_541\Debug\CE210514_PSOC3_5_Thermistor.a(I2C_1_MASTER.o)
                0x000084dc                I2C_1_MasterClearStatus
 .text.oct2_Read
                0x00008514       0x20 .\ARM_GCC_541\Debug\CE210514_PSOC3_5_Thermistor.a(oct2.o)
                0x00008514                oct2_Read
 .text.oct3_Read
                0x00008534       0x20 .\ARM_GCC_541\Debug\CE210514_PSOC3_5_Thermistor.a(oct3.o)
                0x00008534                oct3_Read
 .text.ADC_SAR_Seq_1_Init
                0x00008554       0x50 .\ARM_GCC_541\Debug\CE210514_PSOC3_5_Thermistor.a(ADC_SAR_Seq_1.o)
                0x00008554                ADC_SAR_Seq_1_Init
 .text.ADC_SAR_Seq_1_Enable
                0x000085a4      0x130 .\ARM_GCC_541\Debug\CE210514_PSOC3_5_Thermistor.a(ADC_SAR_Seq_1.o)
                0x000085a4                ADC_SAR_Seq_1_Enable
 .text.ADC_SAR_Seq_1_Start
                0x000086d4       0x30 .\ARM_GCC_541\Debug\CE210514_PSOC3_5_Thermistor.a(ADC_SAR_Seq_1.o)
                0x000086d4                ADC_SAR_Seq_1_Start
 .text.ADC_SAR_Seq_1_StartConvert
                0x00008704        0xc .\ARM_GCC_541\Debug\CE210514_PSOC3_5_Thermistor.a(ADC_SAR_Seq_1.o)
                0x00008704                ADC_SAR_Seq_1_StartConvert
 .text.ADC_SAR_Seq_1_GetResult16
                0x00008710       0x38 .\ARM_GCC_541\Debug\CE210514_PSOC3_5_Thermistor.a(ADC_SAR_Seq_1.o)
                0x00008710                ADC_SAR_Seq_1_GetResult16
 .text.ADC_SAR_Seq_1_ISR
                0x00008748        0xc .\ARM_GCC_541\Debug\CE210514_PSOC3_5_Thermistor.a(ADC_SAR_Seq_1_INT.o)
                0x00008748                ADC_SAR_Seq_1_ISR
 .text.ADC_SAR_Seq_1_SAR_Start
                0x00008754       0x24 .\ARM_GCC_541\Debug\CE210514_PSOC3_5_Thermistor.a(ADC_SAR_Seq_1_SAR.o)
                0x00008754                ADC_SAR_Seq_1_SAR_Start
 .text.ADC_SAR_Seq_1_SAR_Init
                0x00008778       0x2c .\ARM_GCC_541\Debug\CE210514_PSOC3_5_Thermistor.a(ADC_SAR_Seq_1_SAR.o)
                0x00008778                ADC_SAR_Seq_1_SAR_Init
 .text.ADC_SAR_Seq_1_SAR_Enable
                0x000087a4       0xc4 .\ARM_GCC_541\Debug\CE210514_PSOC3_5_Thermistor.a(ADC_SAR_Seq_1_SAR.o)
                0x000087a4                ADC_SAR_Seq_1_SAR_Enable
 .text.ADC_SAR_Seq_1_SAR_SetResolution
                0x00008868       0x54 .\ARM_GCC_541\Debug\CE210514_PSOC3_5_Thermistor.a(ADC_SAR_Seq_1_SAR.o)
                0x00008868                ADC_SAR_Seq_1_SAR_SetResolution
 .text.ADC_SAR_Seq_1_SAR_StartConvert
                0x000088bc       0x20 .\ARM_GCC_541\Debug\CE210514_PSOC3_5_Thermistor.a(ADC_SAR_Seq_1_SAR.o)
                0x000088bc                ADC_SAR_Seq_1_SAR_StartConvert
 .text.ADC_SAR_Seq_1_SAR_CalcGain
                0x000088dc       0x84 .\ARM_GCC_541\Debug\CE210514_PSOC3_5_Thermistor.a(ADC_SAR_Seq_1_SAR.o)
 .text.ADC_SAR_Seq_1_TempBuf_DmaInitialize
                0x00008960       0x64 .\ARM_GCC_541\Debug\CE210514_PSOC3_5_Thermistor.a(ADC_SAR_Seq_1_TempBuf_dma.o)
                0x00008960                ADC_SAR_Seq_1_TempBuf_DmaInitialize
 .text.ADC_SAR_Seq_1_FinalBuf_DmaInitialize
                0x000089c4       0x64 .\ARM_GCC_541\Debug\CE210514_PSOC3_5_Thermistor.a(ADC_SAR_Seq_1_FinalBuf_dma.o)
                0x000089c4                ADC_SAR_Seq_1_FinalBuf_DmaInitialize
 .text.ADC_SAR_Seq_1_IRQ_SetVector
                0x00008a28       0x24 .\ARM_GCC_541\Debug\CE210514_PSOC3_5_Thermistor.a(ADC_SAR_Seq_1_IRQ.o)
                0x00008a28                ADC_SAR_Seq_1_IRQ_SetVector
 .text.ADC_SAR_Seq_1_IRQ_SetPriority
                0x00008a4c       0x24 .\ARM_GCC_541\Debug\CE210514_PSOC3_5_Thermistor.a(ADC_SAR_Seq_1_IRQ.o)
                0x00008a4c                ADC_SAR_Seq_1_IRQ_SetPriority
 .text.Status_Reg_1_Read
                0x00008a70       0x18 .\ARM_GCC_541\Debug\CE210514_PSOC3_5_Thermistor.a(Status_Reg_1.o)
                0x00008a70                Status_Reg_1_Read
 .text.Clock_2_SetDividerRegister
                0x00008a88      0x164 .\ARM_GCC_541\Debug\CE210514_PSOC3_5_Thermistor.a(Clock_2.o)
                0x00008a88                Clock_2_SetDividerRegister
 .text.Clock_2_GetDividerRegister
                0x00008bec       0x18 .\ARM_GCC_541\Debug\CE210514_PSOC3_5_Thermistor.a(Clock_2.o)
                0x00008bec                Clock_2_GetDividerRegister
 .text.Clock_2_GetSourceRegister
                0x00008c04       0x1c .\ARM_GCC_541\Debug\CE210514_PSOC3_5_Thermistor.a(Clock_2.o)
                0x00008c04                Clock_2_GetSourceRegister
 .text.SPIS_1_Init
                0x00008c20       0x34 .\ARM_GCC_541\Debug\CE210514_PSOC3_5_Thermistor.a(SPIS_1.o)
                0x00008c20                SPIS_1_Init
 .text.SPIS_1_Enable
                0x00008c54       0x5c .\ARM_GCC_541\Debug\CE210514_PSOC3_5_Thermistor.a(SPIS_1.o)
                0x00008c54                SPIS_1_Enable
 .text.SPIS_1_Start
                0x00008cb0       0x24 .\ARM_GCC_541\Debug\CE210514_PSOC3_5_Thermistor.a(SPIS_1.o)
                0x00008cb0                SPIS_1_Start
 .text.SPIS_1_ReadTxStatus
                0x00008cd4       0x1c .\ARM_GCC_541\Debug\CE210514_PSOC3_5_Thermistor.a(SPIS_1.o)
                0x00008cd4                SPIS_1_ReadTxStatus
 .text.SPIS_1_ReadRxStatus
                0x00008cf0       0x1c .\ARM_GCC_541\Debug\CE210514_PSOC3_5_Thermistor.a(SPIS_1.o)
                0x00008cf0                SPIS_1_ReadRxStatus
 .text.SPIS_1_ClearRxBuffer
                0x00008d0c       0x28 .\ARM_GCC_541\Debug\CE210514_PSOC3_5_Thermistor.a(SPIS_1.o)
                0x00008d0c                SPIS_1_ClearRxBuffer
 .text.SPIS_1_ClearFIFO
                0x00008d34       0x60 .\ARM_GCC_541\Debug\CE210514_PSOC3_5_Thermistor.a(SPIS_1.o)
                0x00008d34                SPIS_1_ClearFIFO
 .text.SPIS_2_Init
                0x00008d94       0x34 .\ARM_GCC_541\Debug\CE210514_PSOC3_5_Thermistor.a(SPIS_2.o)
                0x00008d94                SPIS_2_Init
 .text.SPIS_2_Enable
                0x00008dc8       0x5c .\ARM_GCC_541\Debug\CE210514_PSOC3_5_Thermistor.a(SPIS_2.o)
                0x00008dc8                SPIS_2_Enable
 .text.SPIS_2_Start
                0x00008e24       0x24 .\ARM_GCC_541\Debug\CE210514_PSOC3_5_Thermistor.a(SPIS_2.o)
                0x00008e24                SPIS_2_Start
 .text.SPIS_2_ReadTxStatus
                0x00008e48       0x1c .\ARM_GCC_541\Debug\CE210514_PSOC3_5_Thermistor.a(SPIS_2.o)
                0x00008e48                SPIS_2_ReadTxStatus
 .text.SPIS_2_ReadRxStatus
                0x00008e64       0x1c .\ARM_GCC_541\Debug\CE210514_PSOC3_5_Thermistor.a(SPIS_2.o)
                0x00008e64                SPIS_2_ReadRxStatus
 .text.SPIS_2_ClearRxBuffer
                0x00008e80       0x28 .\ARM_GCC_541\Debug\CE210514_PSOC3_5_Thermistor.a(SPIS_2.o)
                0x00008e80                SPIS_2_ClearRxBuffer
 .text.SPIS_2_ClearFIFO
                0x00008ea8       0x60 .\ARM_GCC_541\Debug\CE210514_PSOC3_5_Thermistor.a(SPIS_2.o)
                0x00008ea8                SPIS_2_ClearFIFO
 .text.my_Vbus_ISR_StartEx
                0x00008f08       0x24 .\ARM_GCC_541\Debug\CE210514_PSOC3_5_Thermistor.a(my_Vbus_ISR.o)
                0x00008f08                my_Vbus_ISR_StartEx
 .text.my_Vbus_ISR_SetVector
                0x00008f2c       0x24 .\ARM_GCC_541\Debug\CE210514_PSOC3_5_Thermistor.a(my_Vbus_ISR.o)
                0x00008f2c                my_Vbus_ISR_SetVector
 .text.my_Vbus_ISR_SetPriority
                0x00008f50       0x24 .\ARM_GCC_541\Debug\CE210514_PSOC3_5_Thermistor.a(my_Vbus_ISR.o)
                0x00008f50                my_Vbus_ISR_SetPriority
 .text.my_Vbus_ISR_Enable
                0x00008f74       0x18 .\ARM_GCC_541\Debug\CE210514_PSOC3_5_Thermistor.a(my_Vbus_ISR.o)
                0x00008f74                my_Vbus_ISR_Enable
 .text.my_Vbus_ISR_Disable
                0x00008f8c       0x18 .\ARM_GCC_541\Debug\CE210514_PSOC3_5_Thermistor.a(my_Vbus_ISR.o)
                0x00008f8c                my_Vbus_ISR_Disable
 .text.my_Vbus_ISR_ClearPending
                0x00008fa4       0x18 .\ARM_GCC_541\Debug\CE210514_PSOC3_5_Thermistor.a(my_Vbus_ISR.o)
                0x00008fa4                my_Vbus_ISR_ClearPending
 .text.USB_Start
                0x00008fbc       0x3c .\ARM_GCC_541\Debug\CE210514_PSOC3_5_Thermistor.a(USB.o)
                0x00008fbc                USB_Start
 .text.USB_Init
                0x00008ff8      0x17c .\ARM_GCC_541\Debug\CE210514_PSOC3_5_Thermistor.a(USB.o)
                0x00008ff8                USB_Init
 .text.USB_InitComponent
                0x00009174       0xf4 .\ARM_GCC_541\Debug\CE210514_PSOC3_5_Thermistor.a(USB.o)
                0x00009174                USB_InitComponent
 .text.USB_ReInitComponent
                0x00009268       0x68 .\ARM_GCC_541\Debug\CE210514_PSOC3_5_Thermistor.a(USB.o)
                0x00009268                USB_ReInitComponent
 .text.USB_Stop
                0x000092d0      0x100 .\ARM_GCC_541\Debug\CE210514_PSOC3_5_Thermistor.a(USB.o)
                0x000092d0                USB_Stop
 .text.USB_GetConfiguration
                0x000093d0       0x18 .\ARM_GCC_541\Debug\CE210514_PSOC3_5_Thermistor.a(USB.o)
                0x000093d0                USB_GetConfiguration
 .text.USB_IsConfigurationChanged
                0x000093e8       0x30 .\ARM_GCC_541\Debug\CE210514_PSOC3_5_Thermistor.a(USB.o)
                0x000093e8                USB_IsConfigurationChanged
 .text.USB_GetEPState
                0x00009418       0x2c .\ARM_GCC_541\Debug\CE210514_PSOC3_5_Thermistor.a(USB.o)
                0x00009418                USB_GetEPState
 .text.USB_GetEPCount
                0x00009444       0x60 .\ARM_GCC_541\Debug\CE210514_PSOC3_5_Thermistor.a(USB.o)
                0x00009444                USB_GetEPCount
 .text.USB_LoadInEP
                0x000094a4      0x108 .\ARM_GCC_541\Debug\CE210514_PSOC3_5_Thermistor.a(USB.o)
                0x000094a4                USB_LoadInEP
 .text.USB_ReadOutEP
                0x000095ac       0x8c .\ARM_GCC_541\Debug\CE210514_PSOC3_5_Thermistor.a(USB.o)
                0x000095ac                USB_ReadOutEP
 .text.USB_EnableOutEP
                0x00009638       0x5c .\ARM_GCC_541\Debug\CE210514_PSOC3_5_Thermistor.a(USB.o)
                0x00009638                USB_EnableOutEP
 .text.USB_SetPowerStatus
                0x00009694       0x40 .\ARM_GCC_541\Debug\CE210514_PSOC3_5_Thermistor.a(USB.o)
                0x00009694                USB_SetPowerStatus
 .text.USB_VBusPresent
                0x000096d4       0x24 .\ARM_GCC_541\Debug\CE210514_PSOC3_5_Thermistor.a(USB.o)
                0x000096d4                USB_VBusPresent
 .text.USB_EP_0_ISR
                0x000096f8       0xf8 .\ARM_GCC_541\Debug\CE210514_PSOC3_5_Thermistor.a(USB_drv.o)
                0x000096f8                USB_EP_0_ISR
 .text.USB_HandleSetup
                0x000097f0       0x88 .\ARM_GCC_541\Debug\CE210514_PSOC3_5_Thermistor.a(USB_drv.o)
                0x000097f0                USB_HandleSetup
 .text.USB_HandleIN
                0x00009878       0x4c .\ARM_GCC_541\Debug\CE210514_PSOC3_5_Thermistor.a(USB_drv.o)
                0x00009878                USB_HandleIN
 .text.USB_HandleOUT
                0x000098c4       0x58 .\ARM_GCC_541\Debug\CE210514_PSOC3_5_Thermistor.a(USB_drv.o)
                0x000098c4                USB_HandleOUT
 .text.USB_LoadEP0
                0x0000991c       0xd0 .\ARM_GCC_541\Debug\CE210514_PSOC3_5_Thermistor.a(USB_drv.o)
                0x0000991c                USB_LoadEP0
 .text.USB_InitControlRead
                0x000099ec       0x70 .\ARM_GCC_541\Debug\CE210514_PSOC3_5_Thermistor.a(USB_drv.o)
                0x000099ec                USB_InitControlRead
 .text.USB_InitZeroLengthControlTransfer
                0x00009a5c       0x40 .\ARM_GCC_541\Debug\CE210514_PSOC3_5_Thermistor.a(USB_drv.o)
                0x00009a5c                USB_InitZeroLengthControlTransfer
 .text.USB_ControlReadDataStage
                0x00009a9c        0xc .\ARM_GCC_541\Debug\CE210514_PSOC3_5_Thermistor.a(USB_drv.o)
                0x00009a9c                USB_ControlReadDataStage
 .text.USB_ControlReadStatusStage
                0x00009aa8       0x40 .\ARM_GCC_541\Debug\CE210514_PSOC3_5_Thermistor.a(USB_drv.o)
                0x00009aa8                USB_ControlReadStatusStage
 .text.USB_ControlWriteDataStage
                0x00009ae8       0xb4 .\ARM_GCC_541\Debug\CE210514_PSOC3_5_Thermistor.a(USB_drv.o)
                0x00009ae8                USB_ControlWriteDataStage
 .text.USB_ControlWriteStatusStage
                0x00009b9c       0x24 .\ARM_GCC_541\Debug\CE210514_PSOC3_5_Thermistor.a(USB_drv.o)
                0x00009b9c                USB_ControlWriteStatusStage
 .text.USB_InitNoDataControlTransfer
                0x00009bc0       0x38 .\ARM_GCC_541\Debug\CE210514_PSOC3_5_Thermistor.a(USB_drv.o)
                0x00009bc0                USB_InitNoDataControlTransfer
 .text.USB_NoDataControlStatusStage
                0x00009bf8       0x4c .\ARM_GCC_541\Debug\CE210514_PSOC3_5_Thermistor.a(USB_drv.o)
                0x00009bf8                USB_NoDataControlStatusStage
 .text.USB_UpdateStatusBlock
                0x00009c44       0x40 .\ARM_GCC_541\Debug\CE210514_PSOC3_5_Thermistor.a(USB_drv.o)
                0x00009c44                USB_UpdateStatusBlock
 .text.USB_InitializeStatusBlock
                0x00009c84       0x34 .\ARM_GCC_541\Debug\CE210514_PSOC3_5_Thermistor.a(USB_drv.o)
                0x00009c84                USB_InitializeStatusBlock
 .text.USB_EP_1_ISR
                0x00009cb8       0x48 .\ARM_GCC_541\Debug\CE210514_PSOC3_5_Thermistor.a(USB_episr.o)
                0x00009cb8                USB_EP_1_ISR
 .text.USB_EP_2_ISR
                0x00009d00       0x4c .\ARM_GCC_541\Debug\CE210514_PSOC3_5_Thermistor.a(USB_episr.o)
                0x00009d00                USB_EP_2_ISR
 .text.USB_BUS_RESET_ISR
                0x00009d4c        0xc .\ARM_GCC_541\Debug\CE210514_PSOC3_5_Thermistor.a(USB_episr.o)
                0x00009d4c                USB_BUS_RESET_ISR
 .text.USB_DP_ISR
                0x00009d58        0xc .\ARM_GCC_541\Debug\CE210514_PSOC3_5_Thermistor.a(USB_pm.o)
                0x00009d58                USB_DP_ISR
 .text.USB_HandleStandardRqst
                0x00009d64      0x494 .\ARM_GCC_541\Debug\CE210514_PSOC3_5_Thermistor.a(USB_std.o)
                0x00009d64                USB_HandleStandardRqst
 .text.USB_ReadDieID
                0x0000a1f8       0xd8 .\ARM_GCC_541\Debug\CE210514_PSOC3_5_Thermistor.a(USB_std.o)
                0x0000a1f8                USB_ReadDieID
 .text.USB_ConfigReg
                0x0000a2d0      0x138 .\ARM_GCC_541\Debug\CE210514_PSOC3_5_Thermistor.a(USB_std.o)
                0x0000a2d0                USB_ConfigReg
 .text.USB_Config
                0x0000a408      0x360 .\ARM_GCC_541\Debug\CE210514_PSOC3_5_Thermistor.a(USB_std.o)
                0x0000a408                USB_Config
 .text.USB_ConfigAltChanged
                0x0000a768      0x25c .\ARM_GCC_541\Debug\CE210514_PSOC3_5_Thermistor.a(USB_std.o)
                0x0000a768                USB_ConfigAltChanged
 .text.USB_GetConfigTablePtr
                0x0000a9c4       0x50 .\ARM_GCC_541\Debug\CE210514_PSOC3_5_Thermistor.a(USB_std.o)
                0x0000a9c4                USB_GetConfigTablePtr
 .text.USB_GetDeviceTablePtr
                0x0000aa14       0x24 .\ARM_GCC_541\Debug\CE210514_PSOC3_5_Thermistor.a(USB_std.o)
                0x0000aa14                USB_GetDeviceTablePtr
 .text.USB_GetInterfaceClassTablePtr
                0x0000aa38       0x4c .\ARM_GCC_541\Debug\CE210514_PSOC3_5_Thermistor.a(USB_std.o)
                0x0000aa38                USB_GetInterfaceClassTablePtr
 .text.USB_SetEndpointHalt
                0x0000aa84       0xe8 .\ARM_GCC_541\Debug\CE210514_PSOC3_5_Thermistor.a(USB_std.o)
                0x0000aa84                USB_SetEndpointHalt
 .text.USB_ClearEndpointHalt
                0x0000ab6c      0x158 .\ARM_GCC_541\Debug\CE210514_PSOC3_5_Thermistor.a(USB_std.o)
                0x0000ab6c                USB_ClearEndpointHalt
 .text.USB_ValidateAlternateSetting
                0x0000acc4       0x70 .\ARM_GCC_541\Debug\CE210514_PSOC3_5_Thermistor.a(USB_std.o)
                0x0000acc4                USB_ValidateAlternateSetting
 .text.USB_HandleVendorRqst
                0x0000ad34       0x34 .\ARM_GCC_541\Debug\CE210514_PSOC3_5_Thermistor.a(USB_vnd.o)
                0x0000ad34                USB_HandleVendorRqst
 .text.USB_MIDI_Init
                0x0000ad68       0x24 .\ARM_GCC_541\Debug\CE210514_PSOC3_5_Thermistor.a(USB_midi.o)
                0x0000ad68                USB_MIDI_Init
 .text.USB_MIDI_OUT_Service
                0x0000ad8c       0x90 .\ARM_GCC_541\Debug\CE210514_PSOC3_5_Thermistor.a(USB_midi.o)
                0x0000ad8c                USB_MIDI_OUT_Service
 .text.USB_MIDI_IN_EP_Service
                0x0000ae1c       0x4c .\ARM_GCC_541\Debug\CE210514_PSOC3_5_Thermistor.a(USB_midi.o)
                0x0000ae1c                USB_MIDI_IN_EP_Service
 .text.USB_MIDI_IN_Service
                0x0000ae68        0xc .\ARM_GCC_541\Debug\CE210514_PSOC3_5_Thermistor.a(USB_midi.o)
                0x0000ae68                USB_MIDI_IN_Service
 .text.USB_PutUsbMidiIn
                0x0000ae74      0x134 .\ARM_GCC_541\Debug\CE210514_PSOC3_5_Thermistor.a(USB_midi.o)
                0x0000ae74                USB_PutUsbMidiIn
 .text.USB_PrepareInBuffer
                0x0000afa8      0x380 .\ARM_GCC_541\Debug\CE210514_PSOC3_5_Thermistor.a(USB_midi.o)
                0x0000afa8                USB_PrepareInBuffer
 .text.Em_EEPROM_Init
                0x0000b328       0x3c .\ARM_GCC_541\Debug\CE210514_PSOC3_5_Thermistor.a(Em_EEPROM.o)
                0x0000b328                Em_EEPROM_Init
 .text.USB_Dp_ClearInterrupt
                0x0000b364       0x20 .\ARM_GCC_541\Debug\CE210514_PSOC3_5_Thermistor.a(USB_Dp.o)
                0x0000b364                USB_Dp_ClearInterrupt
 .text.vBusPin_ClearInterrupt
                0x0000b384       0x20 .\ARM_GCC_541\Debug\CE210514_PSOC3_5_Thermistor.a(vBusPin.o)
                0x0000b384                vBusPin_ClearInterrupt
 .text.DMA_1_DmaInitialize
                0x0000b3a4       0x64 .\ARM_GCC_541\Debug\CE210514_PSOC3_5_Thermistor.a(DMA_1_dma.o)
                0x0000b3a4                DMA_1_DmaInitialize
 .text.DMA_2_DmaInitialize
                0x0000b408       0x64 .\ARM_GCC_541\Debug\CE210514_PSOC3_5_Thermistor.a(DMA_2_dma.o)
                0x0000b408                DMA_2_DmaInitialize
 .text.isr_SPI2_ss_StartEx
                0x0000b46c       0x24 .\ARM_GCC_541\Debug\CE210514_PSOC3_5_Thermistor.a(isr_SPI2_ss.o)
                0x0000b46c                isr_SPI2_ss_StartEx
 .text.isr_SPI2_ss_SetVector
                0x0000b490       0x24 .\ARM_GCC_541\Debug\CE210514_PSOC3_5_Thermistor.a(isr_SPI2_ss.o)
                0x0000b490                isr_SPI2_ss_SetVector
 .text.isr_SPI2_ss_SetPriority
                0x0000b4b4       0x24 .\ARM_GCC_541\Debug\CE210514_PSOC3_5_Thermistor.a(isr_SPI2_ss.o)
                0x0000b4b4                isr_SPI2_ss_SetPriority
 .text.isr_SPI2_ss_Enable
                0x0000b4d8       0x18 .\ARM_GCC_541\Debug\CE210514_PSOC3_5_Thermistor.a(isr_SPI2_ss.o)
                0x0000b4d8                isr_SPI2_ss_Enable
 .text.isr_SPI2_ss_Disable
                0x0000b4f0       0x18 .\ARM_GCC_541\Debug\CE210514_PSOC3_5_Thermistor.a(isr_SPI2_ss.o)
                0x0000b4f0                isr_SPI2_ss_Disable
 .text.isr_SPI1_ss_StartEx
                0x0000b508       0x24 .\ARM_GCC_541\Debug\CE210514_PSOC3_5_Thermistor.a(isr_SPI1_ss.o)
                0x0000b508                isr_SPI1_ss_StartEx
 .text.isr_SPI1_ss_SetVector
                0x0000b52c       0x24 .\ARM_GCC_541\Debug\CE210514_PSOC3_5_Thermistor.a(isr_SPI1_ss.o)
                0x0000b52c                isr_SPI1_ss_SetVector
 .text.isr_SPI1_ss_SetPriority
                0x0000b550       0x24 .\ARM_GCC_541\Debug\CE210514_PSOC3_5_Thermistor.a(isr_SPI1_ss.o)
                0x0000b550                isr_SPI1_ss_SetPriority
 .text.isr_SPI1_ss_Enable
                0x0000b574       0x18 .\ARM_GCC_541\Debug\CE210514_PSOC3_5_Thermistor.a(isr_SPI1_ss.o)
                0x0000b574                isr_SPI1_ss_Enable
 .text.isr_SPI1_ss_Disable
                0x0000b58c       0x18 .\ARM_GCC_541\Debug\CE210514_PSOC3_5_Thermistor.a(isr_SPI1_ss.o)
                0x0000b58c                isr_SPI1_ss_Disable
 .text.testpin3_Write
                0x0000b5a4       0x3c .\ARM_GCC_541\Debug\CE210514_PSOC3_5_Thermistor.a(testpin3.o)
                0x0000b5a4                testpin3_Write
 .text.testpin4_Write
                0x0000b5e0       0x34 .\ARM_GCC_541\Debug\CE210514_PSOC3_5_Thermistor.a(testpin4.o)
                0x0000b5e0                testpin4_Write
 .text.testpin5_Write
                0x0000b614       0x3c .\ARM_GCC_541\Debug\CE210514_PSOC3_5_Thermistor.a(testpin5.o)
                0x0000b614                testpin5_Write
 .text.LED_green1_Write
                0x0000b650       0x3c .\ARM_GCC_541\Debug\CE210514_PSOC3_5_Thermistor.a(LED_green1.o)
                0x0000b650                LED_green1_Write
 .text.LED_amber1_Write
                0x0000b68c       0x3c .\ARM_GCC_541\Debug\CE210514_PSOC3_5_Thermistor.a(LED_amber1.o)
                0x0000b68c                LED_amber1_Write
 .text.LED_amber2_Write
                0x0000b6c8       0x3c .\ARM_GCC_541\Debug\CE210514_PSOC3_5_Thermistor.a(LED_amber2.o)
                0x0000b6c8                LED_amber2_Write
 .text.LED_amber3_Write
                0x0000b704       0x38 .\ARM_GCC_541\Debug\CE210514_PSOC3_5_Thermistor.a(LED_amber3.o)
                0x0000b704                LED_amber3_Write
 .text.LED_amber4_Write
                0x0000b73c       0x34 .\ARM_GCC_541\Debug\CE210514_PSOC3_5_Thermistor.a(LED_amber4.o)
                0x0000b73c                LED_amber4_Write
 .text.LED_red1_Write
                0x0000b770       0x3c .\ARM_GCC_541\Debug\CE210514_PSOC3_5_Thermistor.a(LED_red1.o)
                0x0000b770                LED_red1_Write
 .text.LED_red2_Write
                0x0000b7ac       0x3c .\ARM_GCC_541\Debug\CE210514_PSOC3_5_Thermistor.a(LED_red2.o)
                0x0000b7ac                LED_red2_Write
 .text.LED_green2_Write
                0x0000b7e8       0x38 .\ARM_GCC_541\Debug\CE210514_PSOC3_5_Thermistor.a(LED_green2.o)
                0x0000b7e8                LED_green2_Write
 .text.neck1_button_Read
                0x0000b820       0x20 .\ARM_GCC_541\Debug\CE210514_PSOC3_5_Thermistor.a(neck1_button.o)
                0x0000b820                neck1_button_Read
 .text.neck2_button_Read
                0x0000b840       0x20 .\ARM_GCC_541\Debug\CE210514_PSOC3_5_Thermistor.a(neck2_button.o)
                0x0000b840                neck2_button_Read
 .text.edit_button_Read
                0x0000b860       0x20 .\ARM_GCC_541\Debug\CE210514_PSOC3_5_Thermistor.a(edit_button.o)
                0x0000b860                edit_button_Read
 .text.testpin6_Write
                0x0000b880       0x38 .\ARM_GCC_541\Debug\CE210514_PSOC3_5_Thermistor.a(testpin6.o)
                0x0000b880                testpin6_Write
 .text.EEPROM_Enable
                0x0000b8b8       0x10 .\ARM_GCC_541\Debug\CE210514_PSOC3_5_Thermistor.a(EEPROM.o)
                0x0000b8b8                EEPROM_Enable
 .text.EEPROM_Start
                0x0000b8c8        0xc .\ARM_GCC_541\Debug\CE210514_PSOC3_5_Thermistor.a(EEPROM.o)
                0x0000b8c8                EEPROM_Start
 .text.EEPROM_WriteByte
                0x0000b8d4      0x114 .\ARM_GCC_541\Debug\CE210514_PSOC3_5_Thermistor.a(EEPROM.o)
                0x0000b8d4                EEPROM_WriteByte
 .text.EEPROM_ReadByte
                0x0000b9e8       0x3c .\ARM_GCC_541\Debug\CE210514_PSOC3_5_Thermistor.a(EEPROM.o)
                0x0000b9e8                EEPROM_ReadByte
 .text.DMA_3_DmaInitialize
                0x0000ba24       0x64 .\ARM_GCC_541\Debug\CE210514_PSOC3_5_Thermistor.a(DMA_3_dma.o)
                0x0000ba24                DMA_3_DmaInitialize
 .text.DMA_4_DmaInitialize
                0x0000ba88       0x64 .\ARM_GCC_541\Debug\CE210514_PSOC3_5_Thermistor.a(DMA_4_dma.o)
                0x0000ba88                DMA_4_DmaInitialize
 *fill*         0x0000baec        0x4 
 .text          0x0000baf0       0x20 .\ARM_GCC_541\Debug\CE210514_PSOC3_5_Thermistor.a(CyBootAsmGnu.o)
                0x0000baf0                CyDelayCycles
                0x0000bb00                CyEnterCriticalSection
                0x0000bb08                CyExitCriticalSection
 .text.USB_DispatchClassRqst
                0x0000bb10       0x84 .\ARM_GCC_541\Debug\CE210514_PSOC3_5_Thermistor.a(USB_cls.o)
                0x0000bb10                USB_DispatchClassRqst
 .text.USB_DispatchAUDIOClassRqst
                0x0000bb94       0x88 .\ARM_GCC_541\Debug\CE210514_PSOC3_5_Thermistor.a(USB_audio.o)
                0x0000bb94                USB_DispatchAUDIOClassRqst
 .text.roundf   0x0000bc1c       0x48 c:/program files (x86)/cypress/psoc creator/4.4/psoc creator/import/gnu/arm/5.4.1/bin/../lib/gcc/arm-none-eabi/5.4.1/../../../../arm-none-eabi/lib/armv7-m\libm.a(lib_a-sf_round.o)
                0x0000bc1c                roundf
 .text.expf     0x0000bc64       0xe4 c:/program files (x86)/cypress/psoc creator/4.4/psoc creator/import/gnu/arm/5.4.1/bin/../lib/gcc/arm-none-eabi/5.4.1/../../../../arm-none-eabi/lib/armv7-m\libm.a(lib_a-wf_exp.o)
                0x0000bc64                expf
 .text.logf     0x0000bd48       0xe8 c:/program files (x86)/cypress/psoc creator/4.4/psoc creator/import/gnu/arm/5.4.1/bin/../lib/gcc/arm-none-eabi/5.4.1/../../../../arm-none-eabi/lib/armv7-m\libm.a(lib_a-wf_log.o)
                0x0000bd48                logf
 .text.powf     0x0000be30      0x2fc c:/program files (x86)/cypress/psoc creator/4.4/psoc creator/import/gnu/arm/5.4.1/bin/../lib/gcc/arm-none-eabi/5.4.1/../../../../arm-none-eabi/lib/armv7-m\libm.a(lib_a-wf_pow.o)
                0x0000be30                powf
 .text.sqrtf    0x0000c12c       0x9c c:/program files (x86)/cypress/psoc creator/4.4/psoc creator/import/gnu/arm/5.4.1/bin/../lib/gcc/arm-none-eabi/5.4.1/../../../../arm-none-eabi/lib/armv7-m\libm.a(lib_a-wf_sqrt.o)
                0x0000c12c                sqrtf
 .text.__ieee754_expf
                0x0000c1c8      0x1fc c:/program files (x86)/cypress/psoc creator/4.4/psoc creator/import/gnu/arm/5.4.1/bin/../lib/gcc/arm-none-eabi/5.4.1/../../../../arm-none-eabi/lib/armv7-m\libm.a(lib_a-ef_exp.o)
                0x0000c1c8                __ieee754_expf
 .text.__ieee754_logf
                0x0000c3c4      0x284 c:/program files (x86)/cypress/psoc creator/4.4/psoc creator/import/gnu/arm/5.4.1/bin/../lib/gcc/arm-none-eabi/5.4.1/../../../../arm-none-eabi/lib/armv7-m\libm.a(lib_a-ef_log.o)
                0x0000c3c4                __ieee754_logf
 .text.__ieee754_powf
                0x0000c648      0x70c c:/program files (x86)/cypress/psoc creator/4.4/psoc creator/import/gnu/arm/5.4.1/bin/../lib/gcc/arm-none-eabi/5.4.1/../../../../arm-none-eabi/lib/armv7-m\libm.a(lib_a-ef_pow.o)
                0x0000c648                __ieee754_powf
 .text.__ieee754_sqrtf
                0x0000cd54       0xa8 c:/program files (x86)/cypress/psoc creator/4.4/psoc creator/import/gnu/arm/5.4.1/bin/../lib/gcc/arm-none-eabi/5.4.1/../../../../arm-none-eabi/lib/armv7-m\libm.a(lib_a-ef_sqrt.o)
                0x0000cd54                __ieee754_sqrtf
 .text.matherr  0x0000cdfc        0x4 c:/program files (x86)/cypress/psoc creator/4.4/psoc creator/import/gnu/arm/5.4.1/bin/../lib/gcc/arm-none-eabi/5.4.1/../../../../arm-none-eabi/lib/armv7-m\libm.a(lib_a-s_matherr.o)
                0x0000cdfc                matherr
 .text.nan      0x0000ce00        0xc c:/program files (x86)/cypress/psoc creator/4.4/psoc creator/import/gnu/arm/5.4.1/bin/../lib/gcc/arm-none-eabi/5.4.1/../../../../arm-none-eabi/lib/armv7-m\libm.a(lib_a-s_nan.o)
                0x0000ce00                nan
 .text.rint     0x0000ce0c      0x120 c:/program files (x86)/cypress/psoc creator/4.4/psoc creator/import/gnu/arm/5.4.1/bin/../lib/gcc/arm-none-eabi/5.4.1/../../../../arm-none-eabi/lib/armv7-m\libm.a(lib_a-s_rint.o)
                0x0000ce0c                rint
 .text.fabsf    0x0000cf2c        0x8 c:/program files (x86)/cypress/psoc creator/4.4/psoc creator/import/gnu/arm/5.4.1/bin/../lib/gcc/arm-none-eabi/5.4.1/../../../../arm-none-eabi/lib/armv7-m\libm.a(lib_a-sf_fabs.o)
                0x0000cf2c                fabsf
 .text.finitef  0x0000cf34       0x10 c:/program files (x86)/cypress/psoc creator/4.4/psoc creator/import/gnu/arm/5.4.1/bin/../lib/gcc/arm-none-eabi/5.4.1/../../../../arm-none-eabi/lib/armv7-m\libm.a(lib_a-sf_finite.o)
                0x0000cf34                finitef
 .text.nanf     0x0000cf44        0x8 c:/program files (x86)/cypress/psoc creator/4.4/psoc creator/import/gnu/arm/5.4.1/bin/../lib/gcc/arm-none-eabi/5.4.1/../../../../arm-none-eabi/lib/armv7-m\libm.a(lib_a-sf_nan.o)
                0x0000cf44                nanf
 .text.scalbnf  0x0000cf4c       0xb0 c:/program files (x86)/cypress/psoc creator/4.4/psoc creator/import/gnu/arm/5.4.1/bin/../lib/gcc/arm-none-eabi/5.4.1/../../../../arm-none-eabi/lib/armv7-m\libm.a(lib_a-sf_scalbn.o)
                0x0000cf4c                scalbnf
 .text.copysignf
                0x0000cffc        0xc c:/program files (x86)/cypress/psoc creator/4.4/psoc creator/import/gnu/arm/5.4.1/bin/../lib/gcc/arm-none-eabi/5.4.1/../../../../arm-none-eabi/lib/armv7-m\libm.a(lib_a-sf_copysign.o)
                0x0000cffc                copysignf
 .text          0x0000d008      0x370 c:/program files (x86)/cypress/psoc creator/4.4/psoc creator/import/gnu/arm/5.4.1/bin/../lib/gcc/arm-none-eabi/5.4.1/armv7-m\libgcc.a(_arm_addsubdf3.o)
                0x0000d008                __aeabi_drsub
                0x0000d010                __aeabi_dsub
                0x0000d010                __subdf3
                0x0000d014                __aeabi_dadd
                0x0000d014                __adddf3
                0x0000d28c                __floatunsidf
                0x0000d28c                __aeabi_ui2d
                0x0000d2ac                __floatsidf
                0x0000d2ac                __aeabi_i2d
                0x0000d2d0                __aeabi_f2d
                0x0000d2d0                __extendsfdf2
                0x0000d30c                __floatundidf
                0x0000d30c                __aeabi_ul2d
                0x0000d31c                __floatdidf
                0x0000d31c                __aeabi_l2d
 .text          0x0000d378      0x424 c:/program files (x86)/cypress/psoc creator/4.4/psoc creator/import/gnu/arm/5.4.1/bin/../lib/gcc/arm-none-eabi/5.4.1/armv7-m\libgcc.a(_arm_muldivdf3.o)
                0x0000d378                __aeabi_dmul
                0x0000d378                __muldf3
                0x0000d5cc                __divdf3
                0x0000d5cc                __aeabi_ddiv
 .text          0x0000d79c      0x110 c:/program files (x86)/cypress/psoc creator/4.4/psoc creator/import/gnu/arm/5.4.1/bin/../lib/gcc/arm-none-eabi/5.4.1/armv7-m\libgcc.a(_arm_cmpdf2.o)
                0x0000d79c                __gtdf2
                0x0000d79c                __gedf2
                0x0000d7a4                __ltdf2
                0x0000d7a4                __ledf2
                0x0000d7ac                __nedf2
                0x0000d7ac                __eqdf2
                0x0000d7ac                __cmpdf2
                0x0000d828                __aeabi_cdrcmple
                0x0000d838                __aeabi_cdcmpeq
                0x0000d838                __aeabi_cdcmple
                0x0000d848                __aeabi_dcmpeq
                0x0000d85c                __aeabi_dcmplt
                0x0000d870                __aeabi_dcmple
                0x0000d884                __aeabi_dcmpge
                0x0000d898                __aeabi_dcmpgt
 .text          0x0000d8ac       0xa0 c:/program files (x86)/cypress/psoc creator/4.4/psoc creator/import/gnu/arm/5.4.1/bin/../lib/gcc/arm-none-eabi/5.4.1/armv7-m\libgcc.a(_arm_truncdfsf2.o)
                0x0000d8ac                __truncdfsf2
                0x0000d8ac                __aeabi_d2f
 .text          0x0000d94c      0x21c c:/program files (x86)/cypress/psoc creator/4.4/psoc creator/import/gnu/arm/5.4.1/bin/../lib/gcc/arm-none-eabi/5.4.1/armv7-m\libgcc.a(_arm_addsubsf3.o)
                0x0000d94c                __aeabi_frsub
                0x0000d954                __subsf3
                0x0000d954                __aeabi_fsub
                0x0000d958                __aeabi_fadd
                0x0000d958                __addsf3
                0x0000dab8                __aeabi_ui2f
                0x0000dab8                __floatunsisf
                0x0000dac0                __aeabi_i2f
                0x0000dac0                __floatsisf
                0x0000dadc                __aeabi_ul2f
                0x0000dadc                __floatundisf
                0x0000daec                __aeabi_l2f
                0x0000daec                __floatdisf
 .text          0x0000db68      0x2a0 c:/program files (x86)/cypress/psoc creator/4.4/psoc creator/import/gnu/arm/5.4.1/bin/../lib/gcc/arm-none-eabi/5.4.1/armv7-m\libgcc.a(_arm_muldivsf3.o)
                0x0000db68                __mulsf3
                0x0000db68                __aeabi_fmul
                0x0000dcd0                __aeabi_fdiv
                0x0000dcd0                __divsf3
 .text          0x0000de08       0xec c:/program files (x86)/cypress/psoc creator/4.4/psoc creator/import/gnu/arm/5.4.1/bin/../lib/gcc/arm-none-eabi/5.4.1/armv7-m\libgcc.a(_arm_cmpsf2.o)
                0x0000de08                __gesf2
                0x0000de08                __gtsf2
                0x0000de10                __lesf2
                0x0000de10                __ltsf2
                0x0000de18                __nesf2
                0x0000de18                __eqsf2
                0x0000de18                __cmpsf2
                0x0000de78                __aeabi_cfrcmple
                0x0000de80                __aeabi_cfcmpeq
                0x0000de80                __aeabi_cfcmple
                0x0000de90                __aeabi_fcmpeq
                0x0000dea4                __aeabi_fcmplt
                0x0000deb8                __aeabi_fcmple
                0x0000decc                __aeabi_fcmpge
                0x0000dee0                __aeabi_fcmpgt
 .text          0x0000def4       0x2c c:/program files (x86)/cypress/psoc creator/4.4/psoc creator/import/gnu/arm/5.4.1/bin/../lib/gcc/arm-none-eabi/5.4.1/armv7-m\libgcc.a(_arm_unordsf2.o)
                0x0000def4                __unordsf2
                0x0000def4                __aeabi_fcmpun
 .text          0x0000df20       0x4c c:/program files (x86)/cypress/psoc creator/4.4/psoc creator/import/gnu/arm/5.4.1/bin/../lib/gcc/arm-none-eabi/5.4.1/armv7-m\libgcc.a(_arm_fixsfsi.o)
                0x0000df20                __aeabi_f2iz
                0x0000df20                __fixsfsi
 .text          0x0000df6c       0x40 c:/program files (x86)/cypress/psoc creator/4.4/psoc creator/import/gnu/arm/5.4.1/bin/../lib/gcc/arm-none-eabi/5.4.1/armv7-m\libgcc.a(_arm_fixunssfsi.o)
                0x0000df6c                __fixunssfsi
                0x0000df6c                __aeabi_f2uiz
 .text.__errno  0x0000dfac        0xc c:/program files (x86)/cypress/psoc creator/4.4/psoc creator/import/gnu/arm/5.4.1/bin/../lib/gcc/arm-none-eabi/5.4.1/../../../../arm-none-eabi/lib/armv7-m\libg_nano.a(lib_a-errno.o)
                0x0000dfac                __errno
 .text.__libc_init_array
                0x0000dfb8       0x4c c:/program files (x86)/cypress/psoc creator/4.4/psoc creator/import/gnu/arm/5.4.1/bin/../lib/gcc/arm-none-eabi/5.4.1/../../../../arm-none-eabi/lib/armv7-m\libg_nano.a(lib_a-init.o)
                0x0000dfb8                __libc_init_array
 .text.memcpy   0x0000e004       0x16 c:/program files (x86)/cypress/psoc creator/4.4/psoc creator/import/gnu/arm/5.4.1/bin/../lib/gcc/arm-none-eabi/5.4.1/../../../../arm-none-eabi/lib/armv7-m\libg_nano.a(lib_a-memcpy-stub.o)
                0x0000e004                memcpy
 .text.memset   0x0000e01a       0x10 c:/program files (x86)/cypress/psoc creator/4.4/psoc creator/import/gnu/arm/5.4.1/bin/../lib/gcc/arm-none-eabi/5.4.1/../../../../arm-none-eabi/lib/armv7-m\libg_nano.a(lib_a-memset.o)
                0x0000e01a                memset
 .text.__cvt    0x0000e02a       0xc0 c:/program files (x86)/cypress/psoc creator/4.4/psoc creator/import/gnu/arm/5.4.1/bin/../lib/gcc/arm-none-eabi/5.4.1/../../../../arm-none-eabi/lib/armv7-m\libg_nano.a(lib_a-nano-vfprintf_float.o)
                0x0000e02a                __cvt
 .text.__exponent
                0x0000e0ea       0x62 c:/program files (x86)/cypress/psoc creator/4.4/psoc creator/import/gnu/arm/5.4.1/bin/../lib/gcc/arm-none-eabi/5.4.1/../../../../arm-none-eabi/lib/armv7-m\libg_nano.a(lib_a-nano-vfprintf_float.o)
                0x0000e0ea                __exponent
 .text._printf_float
                0x0000e14c      0x488 c:/program files (x86)/cypress/psoc creator/4.4/psoc creator/import/gnu/arm/5.4.1/bin/../lib/gcc/arm-none-eabi/5.4.1/../../../../arm-none-eabi/lib/armv7-m\libg_nano.a(lib_a-nano-vfprintf_float.o)
                0x0000e14c                _printf_float
 .text._printf_common
                0x0000e5d4       0xec c:/program files (x86)/cypress/psoc creator/4.4/psoc creator/import/gnu/arm/5.4.1/bin/../lib/gcc/arm-none-eabi/5.4.1/../../../../arm-none-eabi/lib/armv7-m\libg_nano.a(lib_a-nano-vfprintf_i.o)
                0x0000e5d4                _printf_common
 .text          0x0000e6c0       0x10 c:/program files (x86)/cypress/psoc creator/4.4/psoc creator/import/gnu/arm/5.4.1/bin/../lib/gcc/arm-none-eabi/5.4.1/../../../../arm-none-eabi/lib/armv7-m\libg_nano.a(lib_a-strlen.o)
                0x0000e6c0                strlen
 .text.quorem   0x0000e6d0      0x116 c:/program files (x86)/cypress/psoc creator/4.4/psoc creator/import/gnu/arm/5.4.1/bin/../lib/gcc/arm-none-eabi/5.4.1/../../../../arm-none-eabi/lib/armv7-m\libg_nano.a(lib_a-dtoa.o)
 *fill*         0x0000e7e6        0x2 
 .text._dtoa_r  0x0000e7e8      0xb30 c:/program files (x86)/cypress/psoc creator/4.4/psoc creator/import/gnu/arm/5.4.1/bin/../lib/gcc/arm-none-eabi/5.4.1/../../../../arm-none-eabi/lib/armv7-m\libg_nano.a(lib_a-dtoa.o)
                0x0000e7e8                _dtoa_r
 .text._localeconv_r
                0x0000f318        0x8 c:/program files (x86)/cypress/psoc creator/4.4/psoc creator/import/gnu/arm/5.4.1/bin/../lib/gcc/arm-none-eabi/5.4.1/../../../../arm-none-eabi/lib/armv7-m\libg_nano.a(lib_a-locale.o)
                0x0000f318                _localeconv_r
 .text.malloc   0x0000f320       0x10 c:/program files (x86)/cypress/psoc creator/4.4/psoc creator/import/gnu/arm/5.4.1/bin/../lib/gcc/arm-none-eabi/5.4.1/../../../../arm-none-eabi/lib/armv7-m\libg_nano.a(lib_a-malloc.o)
                0x0000f320                malloc
 .text._Balloc  0x0000f330       0x6a c:/program files (x86)/cypress/psoc creator/4.4/psoc creator/import/gnu/arm/5.4.1/bin/../lib/gcc/arm-none-eabi/5.4.1/../../../../arm-none-eabi/lib/armv7-m\libg_nano.a(lib_a-mprec.o)
                0x0000f330                _Balloc
 .text._Bfree   0x0000f39a       0x2e c:/program files (x86)/cypress/psoc creator/4.4/psoc creator/import/gnu/arm/5.4.1/bin/../lib/gcc/arm-none-eabi/5.4.1/../../../../arm-none-eabi/lib/armv7-m\libg_nano.a(lib_a-mprec.o)
                0x0000f39a                _Bfree
 .text.__multadd
                0x0000f3c8       0x76 c:/program files (x86)/cypress/psoc creator/4.4/psoc creator/import/gnu/arm/5.4.1/bin/../lib/gcc/arm-none-eabi/5.4.1/../../../../arm-none-eabi/lib/armv7-m\libg_nano.a(lib_a-mprec.o)
                0x0000f3c8                __multadd
 .text.__hi0bits
                0x0000f43e       0x40 c:/program files (x86)/cypress/psoc creator/4.4/psoc creator/import/gnu/arm/5.4.1/bin/../lib/gcc/arm-none-eabi/5.4.1/../../../../arm-none-eabi/lib/armv7-m\libg_nano.a(lib_a-mprec.o)
                0x0000f43e                __hi0bits
 .text.__lo0bits
                0x0000f47e       0x5a c:/program files (x86)/cypress/psoc creator/4.4/psoc creator/import/gnu/arm/5.4.1/bin/../lib/gcc/arm-none-eabi/5.4.1/../../../../arm-none-eabi/lib/armv7-m\libg_nano.a(lib_a-mprec.o)
                0x0000f47e                __lo0bits
 .text.__i2b    0x0000f4d8       0x12 c:/program files (x86)/cypress/psoc creator/4.4/psoc creator/import/gnu/arm/5.4.1/bin/../lib/gcc/arm-none-eabi/5.4.1/../../../../arm-none-eabi/lib/armv7-m\libg_nano.a(lib_a-mprec.o)
                0x0000f4d8                __i2b
 .text.__multiply
                0x0000f4ea      0x120 c:/program files (x86)/cypress/psoc creator/4.4/psoc creator/import/gnu/arm/5.4.1/bin/../lib/gcc/arm-none-eabi/5.4.1/../../../../arm-none-eabi/lib/armv7-m\libg_nano.a(lib_a-mprec.o)
                0x0000f4ea                __multiply
 *fill*         0x0000f60a        0x2 
 .text.__pow5mult
                0x0000f60c       0x9c c:/program files (x86)/cypress/psoc creator/4.4/psoc creator/import/gnu/arm/5.4.1/bin/../lib/gcc/arm-none-eabi/5.4.1/../../../../arm-none-eabi/lib/armv7-m\libg_nano.a(lib_a-mprec.o)
                0x0000f60c                __pow5mult
 .text.__lshift
                0x0000f6a8       0xa2 c:/program files (x86)/cypress/psoc creator/4.4/psoc creator/import/gnu/arm/5.4.1/bin/../lib/gcc/arm-none-eabi/5.4.1/../../../../arm-none-eabi/lib/armv7-m\libg_nano.a(lib_a-mprec.o)
                0x0000f6a8                __lshift
 .text.__mcmp   0x0000f74a       0x38 c:/program files (x86)/cypress/psoc creator/4.4/psoc creator/import/gnu/arm/5.4.1/bin/../lib/gcc/arm-none-eabi/5.4.1/../../../../arm-none-eabi/lib/armv7-m\libg_nano.a(lib_a-mprec.o)
                0x0000f74a                __mcmp
 .text.__mdiff  0x0000f782       0xbe c:/program files (x86)/cypress/psoc creator/4.4/psoc creator/import/gnu/arm/5.4.1/bin/../lib/gcc/arm-none-eabi/5.4.1/../../../../arm-none-eabi/lib/armv7-m\libg_nano.a(lib_a-mprec.o)
                0x0000f782                __mdiff
 .text.__d2b    0x0000f840       0x9c c:/program files (x86)/cypress/psoc creator/4.4/psoc creator/import/gnu/arm/5.4.1/bin/../lib/gcc/arm-none-eabi/5.4.1/../../../../arm-none-eabi/lib/armv7-m\libg_nano.a(lib_a-mprec.o)
                0x0000f840                __d2b
 .text._calloc_r
                0x0000f8dc       0x1c c:/program files (x86)/cypress/psoc creator/4.4/psoc creator/import/gnu/arm/5.4.1/bin/../lib/gcc/arm-none-eabi/5.4.1/../../../../arm-none-eabi/lib/armv7-m\libg_nano.a(lib_a-nano-callocr.o)
                0x0000f8dc                _calloc_r
 .text._malloc_r
                0x0000f8f8       0xbc c:/program files (x86)/cypress/psoc creator/4.4/psoc creator/import/gnu/arm/5.4.1/bin/../lib/gcc/arm-none-eabi/5.4.1/../../../../arm-none-eabi/lib/armv7-m\libg_nano.a(lib_a-nano-mallocr.o)
                0x0000f8f8                _malloc_r
 .text._sbrk_r  0x0000f9b4       0x20 c:/program files (x86)/cypress/psoc creator/4.4/psoc creator/import/gnu/arm/5.4.1/bin/../lib/gcc/arm-none-eabi/5.4.1/../../../../arm-none-eabi/lib/armv7-m\libg_nano.a(lib_a-sbrkr.o)
                0x0000f9b4                _sbrk_r
 .text.__malloc_lock
                0x0000f9d4        0x2 c:/program files (x86)/cypress/psoc creator/4.4/psoc creator/import/gnu/arm/5.4.1/bin/../lib/gcc/arm-none-eabi/5.4.1/../../../../arm-none-eabi/lib/armv7-m\libg_nano.a(lib_a-mlock.o)
                0x0000f9d4                __malloc_lock
 .text.__malloc_unlock
                0x0000f9d6        0x2 c:/program files (x86)/cypress/psoc creator/4.4/psoc creator/import/gnu/arm/5.4.1/bin/../lib/gcc/arm-none-eabi/5.4.1/../../../../arm-none-eabi/lib/armv7-m\libg_nano.a(lib_a-mlock.o)
                0x0000f9d6                __malloc_unlock
 .text          0x0000f9d8       0x2c c:/program files (x86)/cypress/psoc creator/4.4/psoc creator/import/gnu/arm/5.4.1/bin/../lib/gcc/arm-none-eabi/5.4.1/armv7-m\libgcc.a(_arm_unorddf2.o)
                0x0000f9d8                __unorddf2
                0x0000f9d8                __aeabi_dcmpun
 .text          0x0000fa04       0x50 c:/program files (x86)/cypress/psoc creator/4.4/psoc creator/import/gnu/arm/5.4.1/bin/../lib/gcc/arm-none-eabi/5.4.1/armv7-m\libgcc.a(_arm_fixdfsi.o)
                0x0000fa04                __aeabi_d2iz
                0x0000fa04                __fixdfsi
 *(.plt)
 *(.gnu.warning)
 *(.glue_7t)
 .glue_7t       0x0000fa54        0x0 linker stubs
 *(.glue_7)
 .glue_7        0x0000fa54        0x0 linker stubs
 *(.vfp11_veneer)
 .vfp11_veneer  0x0000fa54        0x0 linker stubs
 *(.bootloader)
 *(.ARM.extab* .gnu.linkonce.armextab.*)
 *(.gcc_except_table)

.v4_bx          0x0000fa54        0x0
 .v4_bx         0x0000fa54        0x0 linker stubs

.iplt           0x0000fa54        0x0
 .iplt          0x0000fa54        0x0 c:/program files (x86)/cypress/psoc creator/4.4/psoc creator/import/gnu/arm/5.4.1/bin/../lib/gcc/arm-none-eabi/5.4.1/armv7-m/crtbegin.o

.eh_frame_hdr
 *(.eh_frame_hdr)

.eh_frame       0x0000fa54        0x4
 *(.eh_frame)
 .eh_frame      0x0000fa54        0x0 c:/program files (x86)/cypress/psoc creator/4.4/psoc creator/import/gnu/arm/5.4.1/bin/../lib/gcc/arm-none-eabi/5.4.1/armv7-m/crtbegin.o
 .eh_frame      0x0000fa54        0x4 c:/program files (x86)/cypress/psoc creator/4.4/psoc creator/import/gnu/arm/5.4.1/bin/../lib/gcc/arm-none-eabi/5.4.1/armv7-m/crtend.o
                [!provide]                PROVIDE (__exidx_start, .)

.ARM.exidx
 *(.ARM.exidx* .gnu.linkonce.armexidx.*)
                0x0000fa58                __exidx_end = .

.rodata         0x0000fb00    0x2a0c0
 *(.rodata .rodata.* .gnu.linkonce.r.*)
 .rodata        0x0000fb00      0x5c6 .\ARM_GCC_541\Debug\main.o
                0x0000fb00                Em_EEPROM_em_EepromStorage
                0x0000ff28                sysexPointerMask
                0x0000ff4c                calibrationNames
                0x0000ff78                mainMenuNames
                0x0000ffe4                settingsNames
 *fill*         0x000100c6        0x2 
 .rodata        0x000100c8    0x2940c .\ARM_GCC_541\Debug\oled.o
                0x000100c8                Monospaced_plain_18Bitmaps
                0x0001059c                Monospaced_plain_18Glyphs
                0x0001088c                Monospaced_plain_18
                0x00010898                FreeMono9pt7bBitmaps
                0x00010be4                FreeMono9pt7bGlyphs
                0x00010edc                FreeMono9pt7b
                0x00010ee8                FreeSans12pt7bBitmaps
                0x0001169c                FreeSans12pt7bGlyphs
                0x00011994                FreeSans12pt7b
                0x000119a0                FreeSans9pt7bBitmaps
                0x00011e20                FreeSans9pt7bGlyphs
                0x00012118                FreeSans9pt7b
                0x00012124                URW_Gothic_L_Book_16Bitmaps
                0x000124c0                URW_Gothic_L_Book_16Glyphs
                0x000127b0                URW_Gothic_L_Book_16
                0x000127bc                Open_Sans_Condensed_Light_16Bitmaps
                0x00012a34                Open_Sans_Condensed_Light_16Glyphs
                0x00012d24                Open_Sans_Condensed_Light_16
                0x00012d30                Open_Sans_Condensed_Light_19Bitmaps
                0x0001309c                Open_Sans_Condensed_Light_19Glyphs
                0x0001338c                Open_Sans_Condensed_Light_19
                0x00013398                Open_Sans_Condensed_Light_22Bitmaps
                0x000137e8                Open_Sans_Condensed_Light_22Glyphs
                0x00013ad8                Open_Sans_Condensed_Light_22
                0x00013ae4                Roboto_Condensed_19Bitmaps
                0x00013efc                Roboto_Condensed_19Glyphs
                0x000141ec                Roboto_Condensed_19
                0x000141f8                Inconsolata10pt7bBitmaps
                0x000145ac                Inconsolata10pt7bGlyphs
                0x000148a4                Inconsolata10pt7b
                0x000148b0                Inconsolata16pt7bBitmaps
                0x0001529c                Inconsolata16pt7bGlyphs
                0x00015594                Inconsolata16pt7b
                0x000155a0                Inconsolata15pt7bBitmaps
                0x00015e74                Inconsolata15pt7bGlyphs
                0x0001616c                Inconsolata15pt7b
                0x00016178                Inconsolata13pt7bBitmaps
                0x000167f4                Inconsolata13pt7bGlyphs
                0x00016aec                Inconsolata13pt7b
                0x00016af8                Inconsolata8pt7bBitmaps
                0x00016d58                Inconsolata8pt7bGlyphs
                0x00017050                Inconsolata8pt7b
                0x0001705c                Inconsolata14pt7bBitmaps
                0x000177ec                Inconsolata14pt7bGlyphs
                0x00017ae4                Inconsolata14pt7b
                0x00017af0                URW_Palladio_L_Roman_18Bitmaps
                0x00017f28                Inconsolata11pt7bBitmaps
                0x000183e0                Inconsolata11pt7bGlyphs
                0x000186d8                Inconsolata11pt7b
                0x000186e4                Inconsolata12pt7bBitmaps
                0x00018c88                Inconsolata12pt7bGlyphs
                0x00018f80                Inconsolata12pt7b
                0x00018f8c                URW_Palladio_L_Roman_18Glyphs
                0x0001927c                URW_Palladio_L_Roman_18
                0x00019288                URW_Palladio_L_Bold_18Bitmaps
                0x00019708                URW_Palladio_L_Bold_18Glyphs
                0x000199f8                URW_Palladio_L_Bold_18
                0x00019a04                Lato_Hairline_16Bitmaps
                0x00019d94                Lato_Hairline_16Glyphs
                0x0001a084                Lato_Hairline_16
                0x0001a090                sourcesans8pt7bBitmaps
                0x0001a35c                sourcesans8pt7bGlyphs
                0x0001a654                sourcesans8pt7b
                0x0001a660                sourcesans10pt7bBitmaps
                0x0001aae4                sourcesans10pt7bGlyphs
                0x0001addc                sourcesans10pt7b
                0x0001ade8                sourcesans9pt7bBitmaps
                0x0001b1a4                sourcesans9pt7bGlyphs
                0x0001b49c                sourcesans9pt7b
                0x0001b4a8                sourcesans_semi9pt7bBitmaps
                0x0001b864                sourcesans_semi9pt7bGlyphs
                0x0001bb5c                sourcesans_semi9pt7b
                0x0001bb68                sourcesans_bold9pt7bBitmaps
                0x0001bf8c                sourcesans_bold9pt7bGlyphs
                0x0001c284                sourcesans_bold9pt7b
                0x0001c290                DINAlternateBold9pt7bBitmaps
                0x0001c63c                DINAlternateBold9pt7bGlyphs
                0x0001c934                DINAlternateBold9pt7b
                0x0001c940                DINCondensedBold9pt7bBitmaps
                0x0001cc08                DINCondensedBold9pt7bGlyphs
                0x0001cf00                DINCondensedBold9pt7b
                0x0001cf0c                Futura9pt7bBitmaps
                0x0001d3f8                Futura9pt7bGlyphs
                0x0001d6f0                Futura9pt7b
                0x0001d6fc                GillSans9pt7bBitmaps
                0x0001dad8                GillSans9pt7bGlyphs
                0x0001ddd0                GillSans9pt7b
                0x0001dddc                ptmono9pt7bBitmaps
                0x0001e2a4                ptmono9pt7bGlyphs
                0x0001e59c                ptmono9pt7b
                0x0001e5a8                SourceCodePro_Regular9pt7bBitmaps
                0x0001e9a8                SourceCodePro_Regular9pt7bGlyphs
                0x0001eca0                SourceCodePro_Regular9pt7b
                0x0001ecac                SourceCodePro_SemiBold9pt7bBitmaps
                0x0001f0dc                SourceCodePro_SemiBold9pt7bGlyphs
                0x0001f3d4                SourceCodePro_SemiBold9pt7b
                0x0001f3e0                Shree7149pt7bBitmaps
                0x0001f86c                Shree7149pt7bGlyphs
                0x0001fb64                Shree7149pt7b
                0x0001fb70                C649pt7bBitmaps
                0x000202fc                C649pt7bGlyphs
                0x000205f4                C649pt7b
                0x00020600                C645pt7bBitmaps
                0x0002083c                C645pt7bGlyphs
                0x00020b34                C645pt7b
                0x00020b40                FUTRFW8pt7bBitmaps
                0x00020e94                FUTRFW8pt7bGlyphs
                0x0002118c                FUTRFW8pt7b
                0x00021198                nk57_monospace_cd_rg9pt7bBitmaps
                0x0002163c                nk57_monospace_cd_rg9pt7bGlyphs
                0x00021934                nk57_monospace_cd_rg9pt7b
                0x00021940                nk57_monospace_no_rg9pt7bBitmaps
                0x00021fa4                nk57_monospace_no_rg9pt7bGlyphs
                0x0002229c                nk57_monospace_no_rg9pt7b
                0x000222a8                nk57_monospace_no_rg7pt7bBitmaps
                0x0002268c                nk57_monospace_no_rg7pt7bGlyphs
                0x00022984                nk57_monospace_no_rg7pt7b
                0x00022990                nk57_monospace_cd_rg7pt7bBitmaps
                0x00022c6c                nk57_monospace_cd_rg7pt7bGlyphs
                0x00022f64                nk57_monospace_cd_rg7pt7b
                0x00022f70                nk57_monospace_no_bd7pt7bBitmaps
                0x00023330                nk57_monospace_no_bd7pt7bGlyphs
                0x00023628                nk57_monospace_no_bd7pt7b
                0x00023634                EuphemiaCAS7pt7bBitmaps
                0x000238e4                EuphemiaCAS7pt7bGlyphs
                0x00023bdc                EuphemiaCAS7pt7b
                0x00023be8                EuphemiaCAS9pt7bBitmaps
                0x0002403c                EuphemiaCAS9pt7bGlyphs
                0x00024334                EuphemiaCAS9pt7b
                0x00024340                EuphemiaCAS8pt7bBitmaps
                0x000246b0                EuphemiaCAS8pt7bGlyphs
                0x000249a8                EuphemiaCAS8pt7b
                0x000249b4                FreeSansBold20pt7bBitmaps
                0x00026020                FreeSansBold20pt7bGlyphs
                0x00026318                FreeSansBold20pt7b
                0x00026324                MODENINE10pt7bBitmaps
                0x00026864                MODENINE10pt7bGlyphs
                0x00026b5c                MODENINE10pt7b
                0x00026b68                MODENINE20pt7bBitmaps
                0x00027f50                MODENINE20pt7bGlyphs
                0x00028248                MODENINE20pt7b
                0x00028254                MODENINE9pt7bBitmaps
                0x0002868c                MODENINE9pt7bGlyphs
                0x00028984                MODENINE9pt7b
                0x00028990                TangoSans_Bold20pt7bBitmaps
                0x0002a4f0                TangoSans_Bold20pt7bGlyphs
                0x0002a7e8                TangoSans_Bold20pt7b
                0x0002a7f4                TangoSans10pt7bBitmaps
                0x0002ae50                TangoSans10pt7bGlyphs
                0x0002b148                TangoSans10pt7b
                0x0002b154                Retroica10pt7bBitmaps
                0x0002b604                Retroica10pt7bGlyphs
                0x0002b8fc                Retroica10pt7b
                0x0002b908                Retroica20pt7bBitmaps
                0x0002ca54                Retroica20pt7bGlyphs
                0x0002cd4c                Retroica20pt7b
                0x0002cd58                Monoid_Regular20pt7bBitmaps
                0x0002e904                Monoid_Regular20pt7bGlyphs
                0x0002ebfc                Monoid_Regular20pt7b
                0x0002ec08                Monoid_Regular9pt7bBitmaps
                0x0002f238                Monoid_Regular9pt7bGlyphs
                0x0002f530                Monoid_Regular9pt7b
                0x0002f53c                AlteHaasGroteskRegular20pt7bBitmaps
                0x0003094c                AlteHaasGroteskRegular20pt7bGlyphs
                0x00030c44                AlteHaasGroteskRegular20pt7b
                0x00030c50                AlteHaasGroteskRegular9pt7bBitmaps
                0x000310b8                AlteHaasGroteskRegular9pt7bGlyphs
                0x000313b0                AlteHaasGroteskRegular9pt7b
                0x000313bc                AlteHaasGroteskRegular17pt7bBitmaps
                0x00032240                AlteHaasGroteskRegular17pt7bGlyphs
                0x00032538                AlteHaasGroteskRegular17pt7b
                0x00032544                AlteHaasGroteskRegular8pt7bBitmaps
                0x0003289c                AlteHaasGroteskRegular8pt7bGlyphs
                0x00032b94                AlteHaasGroteskRegular8pt7b
                0x00032ba0                Disket_Mono_Regular20pt7bBitmaps
                0x000340dc                Disket_Mono_Regular20pt7bGlyphs
                0x000343d4                Disket_Mono_Regular20pt7b
                0x000343e0                Disket_Mono_Regular7pt7bBitmaps
                0x000346b8                Disket_Mono_Regular7pt7bGlyphs
                0x000349b0                Disket_Mono_Regular7pt7b
                0x000349bc                Disket_Mono_Regular17pt7bBitmaps
                0x00035910                Disket_Mono_Regular17pt7bGlyphs
                0x00035c08                Disket_Mono_Regular17pt7b
                0x00035c14                Disket_Mono_Regular9pt7bBitmaps
                0x00036074                Disket_Mono_Regular9pt7bGlyphs
                0x0003636c                Disket_Mono_Regular9pt7b
                0x00036378                SourceCodePro_Regular11pt7bBitmaps
                0x0003692c                SourceCodePro_Regular11pt7bGlyphs
                0x00036c24                SourceCodePro_Regular11pt7b
                0x00036c30                SourceCodePro_Regular10pt7bBitmaps
                0x000370f0                SourceCodePro_Regular10pt7bGlyphs
                0x000373e8                SourceCodePro_Regular10pt7b
                0x000373f4                SourceCodePro_Regular12pt7bBitmaps
                0x00037ab0                SourceCodePro_Regular12pt7bGlyphs
                0x00037da8                SourceCodePro_Regular12pt7b
                0x00037db4                SourceCodePro_Regular13pt7bBitmaps
                0x000385ac                SourceCodePro_Regular13pt7bGlyphs
                0x000388a4                SourceCodePro_Regular13pt7b
                0x000388b0                SourceCodePro_Regular14pt7bBitmaps
                0x000391d0                SourceCodePro_Regular14pt7bGlyphs
                0x000394c8                SourceCodePro_Regular14pt7b
 .rodata        0x000394d4      0x35c .\ARM_GCC_541\Debug\cyfitter_cfg.o
 .rodata        0x00039830       0x11 .\ARM_GCC_541\Debug\CE210514_PSOC3_5_Thermistor.a(USB_std.o)
 *fill*         0x00039841        0x3 
 .rodata        0x00039844      0x1cc .\ARM_GCC_541\Debug\CE210514_PSOC3_5_Thermistor.a(USB_descr.o)
                0x00039844                USB_DEVICE0_DESCR
                0x00039858                USB_DEVICE0_CONFIGURATION0_DESCR
                0x000398c0                USB_STRING_DESCRIPTORS
                0x000399b0                USB_SN_STRING_DESCRIPTOR
                0x000399b4                USB_DEVICE0_CONFIGURATION0_EP_SETTINGS_TABLE
                0x000399c4                USB_DEVICE0_CONFIGURATION0_INTERFACE_CLASS
                0x000399c8                USB_DEVICE0_CONFIGURATION0_TABLE
                0x000399f0                USB_DEVICE0_TABLE
                0x00039a08                USB_TABLE
 .rodata.str1.4
                0x00039a10        0x5 c:/program files (x86)/cypress/psoc creator/4.4/psoc creator/import/gnu/arm/5.4.1/bin/../lib/gcc/arm-none-eabi/5.4.1/../../../../arm-none-eabi/lib/armv7-m\libm.a(lib_a-wf_exp.o)
 *fill*         0x00039a15        0x3 
 .rodata.str1.4
                0x00039a18        0x5 c:/program files (x86)/cypress/psoc creator/4.4/psoc creator/import/gnu/arm/5.4.1/bin/../lib/gcc/arm-none-eabi/5.4.1/../../../../arm-none-eabi/lib/armv7-m\libm.a(lib_a-wf_log.o)
                                  0x9 (size before relaxing)
 *fill*         0x00039a1d        0x3 
 .rodata.str1.4
                0x00039a20        0x5 c:/program files (x86)/cypress/psoc creator/4.4/psoc creator/import/gnu/arm/5.4.1/bin/../lib/gcc/arm-none-eabi/5.4.1/../../../../arm-none-eabi/lib/armv7-m\libm.a(lib_a-wf_pow.o)
 *fill*         0x00039a25        0x3 
 .rodata.str1.4
                0x00039a28        0x8 c:/program files (x86)/cypress/psoc creator/4.4/psoc creator/import/gnu/arm/5.4.1/bin/../lib/gcc/arm-none-eabi/5.4.1/../../../../arm-none-eabi/lib/armv7-m\libm.a(lib_a-wf_sqrt.o)
                                  0x6 (size before relaxing)
 .rodata.halF   0x00039a30        0x8 c:/program files (x86)/cypress/psoc creator/4.4/psoc creator/import/gnu/arm/5.4.1/bin/../lib/gcc/arm-none-eabi/5.4.1/../../../../arm-none-eabi/lib/armv7-m\libm.a(lib_a-ef_exp.o)
 .rodata.ln2LO  0x00039a38        0x8 c:/program files (x86)/cypress/psoc creator/4.4/psoc creator/import/gnu/arm/5.4.1/bin/../lib/gcc/arm-none-eabi/5.4.1/../../../../arm-none-eabi/lib/armv7-m\libm.a(lib_a-ef_exp.o)
 .rodata.ln2HI  0x00039a40        0x8 c:/program files (x86)/cypress/psoc creator/4.4/psoc creator/import/gnu/arm/5.4.1/bin/../lib/gcc/arm-none-eabi/5.4.1/../../../../arm-none-eabi/lib/armv7-m\libm.a(lib_a-ef_exp.o)
 .rodata.str1.4
                0x00039a48        0x1 c:/program files (x86)/cypress/psoc creator/4.4/psoc creator/import/gnu/arm/5.4.1/bin/../lib/gcc/arm-none-eabi/5.4.1/../../../../arm-none-eabi/lib/armv7-m\libm.a(lib_a-ef_pow.o)
 .rodata.TWO52  0x00039a48       0x10 c:/program files (x86)/cypress/psoc creator/4.4/psoc creator/import/gnu/arm/5.4.1/bin/../lib/gcc/arm-none-eabi/5.4.1/../../../../arm-none-eabi/lib/armv7-m\libm.a(lib_a-s_rint.o)
 .rodata.str1.1
                0x00039a58        0x2 c:/program files (x86)/cypress/psoc creator/4.4/psoc creator/import/gnu/arm/5.4.1/bin/../lib/gcc/arm-none-eabi/5.4.1/../../../../arm-none-eabi/lib/armv7-m\libg_nano.a(lib_a-impure.o)
 .rodata.str1.1
                0x00039a5a       0x12 c:/program files (x86)/cypress/psoc creator/4.4/psoc creator/import/gnu/arm/5.4.1/bin/../lib/gcc/arm-none-eabi/5.4.1/../../../../arm-none-eabi/lib/armv7-m\libg_nano.a(lib_a-nano-vfprintf_float.o)
 .rodata.str1.1
                0x00039a6c        0xd c:/program files (x86)/cypress/psoc creator/4.4/psoc creator/import/gnu/arm/5.4.1/bin/../lib/gcc/arm-none-eabi/5.4.1/../../../../arm-none-eabi/lib/armv7-m\libg_nano.a(lib_a-dtoa.o)
                                  0xf (size before relaxing)
 .rodata.str1.1
                0x00039a79        0x8 c:/program files (x86)/cypress/psoc creator/4.4/psoc creator/import/gnu/arm/5.4.1/bin/../lib/gcc/arm-none-eabi/5.4.1/../../../../arm-none-eabi/lib/armv7-m\libg_nano.a(lib_a-locale.o)
                                  0xb (size before relaxing)
 *fill*         0x00039a81        0x7 
 .rodata.__mprec_tens
                0x00039a88       0xc8 c:/program files (x86)/cypress/psoc creator/4.4/psoc creator/import/gnu/arm/5.4.1/bin/../lib/gcc/arm-none-eabi/5.4.1/../../../../arm-none-eabi/lib/armv7-m\libg_nano.a(lib_a-mprec.o)
                0x00039a88                __mprec_tens
 .rodata.p05.5408
                0x00039b50        0xc c:/program files (x86)/cypress/psoc creator/4.4/psoc creator/import/gnu/arm/5.4.1/bin/../lib/gcc/arm-none-eabi/5.4.1/../../../../arm-none-eabi/lib/armv7-m\libg_nano.a(lib_a-mprec.o)
 *fill*         0x00039b5c        0x4 
 .rodata.__mprec_bigtens
                0x00039b60       0x28 c:/program files (x86)/cypress/psoc creator/4.4/psoc creator/import/gnu/arm/5.4.1/bin/../lib/gcc/arm-none-eabi/5.4.1/../../../../arm-none-eabi/lib/armv7-m\libg_nano.a(lib_a-mprec.o)
                0x00039b60                __mprec_bigtens
                0x00039b88                . = ALIGN (0x4)
 *(.init)
 .init          0x00039b88        0x4 c:/program files (x86)/cypress/psoc creator/4.4/psoc creator/import/gnu/arm/5.4.1/bin/../lib/gcc/arm-none-eabi/5.4.1/armv7-m/crti.o
                0x00039b88                _init