ARM GAS  C:\Users\ggg88\AppData\Local\Temp\ccKT1Opi.s 			page 1


   1              		.syntax unified
   2              		.cpu cortex-m3
   3              		.fpu softvfp
   4              		.eabi_attribute 20, 1
   5              		.eabi_attribute 21, 1
   6              		.eabi_attribute 23, 3
   7              		.eabi_attribute 24, 1
   8              		.eabi_attribute 25, 1
   9              		.eabi_attribute 26, 1
  10              		.eabi_attribute 30, 6
  11              		.eabi_attribute 34, 1
  12              		.eabi_attribute 18, 4
  13              		.thumb
  14              		.syntax unified
  15              		.file	"gfx_font.c"
  16              		.text
  17              	.Ltext0:
  18              		.cfi_sections	.debug_frame
  19              	.Letext0:
  20              		.section	.debug_line,"",%progbits
  21              	.Ldebug_line0:
  22              		.section	.debug_str,"MS",%progbits,1
  23              	.LASF0:
  24 0000 6766785F 		.ascii	"gfx_font.c\000"
  24      666F6E74 
  24      2E6300
  25              	.LASF1:
  26 000b 433A5C55 		.ascii	"C:\\Users\\ggg88\\dev\\Electrosteel_embedded\\PSOC5"
  26      73657273 
  26      5C676767 
  26      38385C64 
  26      65765C45 
  27 0039 5F656C65 		.ascii	"_electrosteel_stringsensors_newpcb_brain\\CE210514_"
  27      6374726F 
  27      73746565 
  27      6C5F7374 
  27      72696E67 
  28 006b 50534F43 		.ascii	"PSOC3_5_Thermistor.cydsn\000"
  28      335F355F 
  28      54686572 
  28      6D697374 
  28      6F722E63 
  29              	.LASF2:
  30 0084 474E5520 		.ascii	"GNU C11 5.4.1 20160609 (release) [ARM/embedded-5-br"
  30      43313120 
  30      352E342E 
  30      31203230 
  30      31363036 
  31 00b7 616E6368 		.ascii	"anch revision 237715] -mcpu=cortex-m3 -mthumb -g -O"
  31      20726576 
  31      6973696F 
  31      6E203233 
  31      37373135 
  32 00ea 30202D66 		.ascii	"0 -ffunction-sections -ffat-lto-objects\000"
  32      66756E63 
  32      74696F6E 
  32      2D736563 
ARM GAS  C:\Users\ggg88\AppData\Local\Temp\ccKT1Opi.s 			page 2


  32      74696F6E 
  33              		.ident	"GCC: (GNU Tools for ARM Embedded Processors) 5.4.1 20160609 (release) [ARM/embedded-5-bran
