../Core/Src/audiostream.c:242:7:map	0	static
../Core/Src/audiostream.c:248:6:audioInit	88	static
../Core/Src/audiostream.c:465:6:updateStateFromSPIMessage	16	static
../Core/Src/audiostream.c:780:21:oscillator_tick	120	static
../Core/Src/audiostream.c:839:22:sawSquareTick	40	static
../Core/Src/audiostream.c:851:22:sineTriTick	40	static
../Core/Src/audiostream.c:862:22:sawTick	32	static
../Core/Src/audiostream.c:872:22:pulseTick	40	static
../Core/Src/audiostream.c:883:22:sineTick	16	static
../Core/Src/audiostream.c:889:22:triTick	40	static
../Core/Src/audiostream.c:900:22:userTick	0	static
../Core/Src/audiostream.c:909:22:filter_tick	56	static
../Core/Src/audiostream.c:956:22:lowpassTick	24	static
../Core/Src/audiostream.c:963:22:highpassTick	24	static
../Core/Src/audiostream.c:970:22:bandpassTick	24	static
../Core/Src/audiostream.c:977:22:diodeLowpassTick	24	static
../Core/Src/audiostream.c:984:22:VZpeakTick	16	static
../Core/Src/audiostream.c:990:22:VZlowshelfTick	16	static
../Core/Src/audiostream.c:995:22:VZhighshelfTick	16	static
../Core/Src/audiostream.c:1000:22:VZbandrejectTick	24	static
../Core/Src/audiostream.c:1007:22:LadderLowpassTick	24	static
../Core/Src/audiostream.c:1017:21:setFreqMultPitch	16	static
../Core/Src/audiostream.c:1028:21:setFreqMultHarm	0	static
../Core/Src/audiostream.c:1049:22:lowpassSetQ	0	static
../Core/Src/audiostream.c:1054:22:highpassSetQ	0	static
../Core/Src/audiostream.c:1059:22:bandpassSetQ	0	static
../Core/Src/audiostream.c:1064:22:diodeLowpassSetQ	0	static
../Core/Src/audiostream.c:1069:22:VZpeakSetQ	0	static
../Core/Src/audiostream.c:1074:22:VZlowshelfSetQ	0	static
../Core/Src/audiostream.c:1079:22:VZhighshelfSetQ	0	static
../Core/Src/audiostream.c:1084:22:VZbandrejectSetQ	0	static
../Core/Src/audiostream.c:1089:22:LadderLowpassSetQ	0	static
../Core/Src/audiostream.c:1094:22:lowpassSetGain	16	static
../Core/Src/audiostream.c:1099:22:highpassSetGain	16	static
../Core/Src/audiostream.c:1104:22:bandpassSetGain	16	static
../Core/Src/audiostream.c:1109:22:diodeLowpassSetGain	16	static
../Core/Src/audiostream.c:1114:22:VZpeakSetGain	16	static
../Core/Src/audiostream.c:1119:22:VZlowshelfSetGain	16	static
../Core/Src/audiostream.c:1124:22:VZhighshelfSetGain	16	static
../Core/Src/audiostream.c:1129:22:VZbandrejectSetGain	16	static
../Core/Src/audiostream.c:1134:23:LadderLowpassSetGain	16	static
../Core/Src/audiostream.c:1140:21:envelope_tick	24	static
../Core/Src/audiostream.c:1154:21:lfo_tick	40	static
../Core/Src/audiostream.c:1171:23:setEnvelopeAttack	0	static
../Core/Src/audiostream.c:1177:23:setEnvelopeDecay	0	static
../Core/Src/audiostream.c:1183:23:setEnvelopeSustain	0	static
../Core/Src/audiostream.c:1188:23:setEnvelopeRelease	0	static
../Core/Src/audiostream.c:1194:23:setEnvelopeLeak	0	static
../Core/Src/audiostream.c:1199:23:setAmp	0	static
../Core/Src/audiostream.c:1204:23:setMaster	0	static
../Core/Src/audiostream.c:1209:23:setTranspose	0	static
../Core/Src/audiostream.c:1214:23:setPitchBendRange	0	static
../Core/Src/audiostream.c:1219:23:setFinalLowpass	8	static
../Core/Src/audiostream.c:1225:21:tickMappings	56	static
../Core/Src/audiostream.c:1495:6:lfoSawSquareTick	8	static
../Core/Src/audiostream.c:1500:6:lfoSineTriTick	8	static
../Core/Src/audiostream.c:1505:6:lfoSineTick	8	static
../Core/Src/audiostream.c:1510:6:lfoTriTick	8	static
../Core/Src/audiostream.c:1514:6:lfoSawTick	8	static
../Core/Src/audiostream.c:1519:6:lfoPulseTick	8	static
../Core/Src/audiostream.c:1524:6:lfoSawSquareSetRate	0	static
../Core/Src/audiostream.c:1529:6:lfoSineTriSetRate	0	static
../Core/Src/audiostream.c:1533:6:lfoSineSetRate	0	static
../Core/Src/audiostream.c:1537:6:lfoTriSetRate	0	static
../Core/Src/audiostream.c:1541:6:lfoSawSetRate	0	static
../Core/Src/audiostream.c:1545:6:lfoPulseSetRate	0	static
../Core/Src/audiostream.c:1551:6:lfoSawSquareSetPhase	0	static
../Core/Src/audiostream.c:1555:6:lfoSineTriSetPhase	0	static
../Core/Src/audiostream.c:1559:6:lfoSineSetPhase	0	static
../Core/Src/audiostream.c:1563:6:lfoTriSetPhase	0	static
../Core/Src/audiostream.c:1567:6:lfoSawSetPhase	0	static
../Core/Src/audiostream.c:1571:6:lfoPulseSetPhase	0	static
../Core/Src/audiostream.c:1577:6:lfoSawSquareSetShape	0	static
../Core/Src/audiostream.c:1581:6:lfoSineTriSetShape	0	static
../Core/Src/audiostream.c:1585:6:lfoSineSetShape	0	static
../Core/Src/audiostream.c:1589:6:lfoTriSetShape	0	static
../Core/Src/audiostream.c:1593:6:lfoSawSetShape	0	static
../Core/Src/audiostream.c:1597:6:lfoPulseSetShape	0	static
../Core/Src/audiostream.c:1615:22:clipperGainSet	16	static
../Core/Src/audiostream.c:1619:22:wavefolderParam1	16	static
../Core/Src/audiostream.c:1623:22:wavefolderParam3	0	static
../Core/Src/audiostream.c:1630:22:tiltParam1	16	static
../Core/Src/audiostream.c:1636:22:tiltParam2	16	static
../Core/Src/audiostream.c:1642:22:tiltParam3	0	static
../Core/Src/audiostream.c:1646:22:tiltParam4	16	static
../Core/Src/audiostream.c:1651:22:compressorParam1	0	static
../Core/Src/audiostream.c:1655:22:compressorParam2	0	static
../Core/Src/audiostream.c:1661:22:compressorParam3	0	static
../Core/Src/audiostream.c:1666:22:compressorParam4	8	static
../Core/Src/audiostream.c:1672:22:compressorParam5	8	static
../Core/Src/audiostream.c:1678:22:offsetParam2	0	static
../Core/Src/audiostream.c:1682:21:param2Linear	0	static
../Core/Src/audiostream.c:1686:21:param3Linear	0	static
../Core/Src/audiostream.c:1690:21:param3Soft	0	static
../Core/Src/audiostream.c:1696:21:param3Hard	16	static
../Core/Src/audiostream.c:1706:21:param4Linear	0	static
../Core/Src/audiostream.c:1711:21:param5Linear	0	static
../Core/Src/audiostream.c:1715:21:param2BC	0	static
../Core/Src/audiostream.c:1719:21:param3BC	0	static
../Core/Src/audiostream.c:1724:21:param4BC	0	static
../Core/Src/audiostream.c:1728:21:param5BC	0	static
../Core/Src/audiostream.c:1735:21:fxMixSet	0	static
../Core/Src/audiostream.c:1740:21:fxPostGainSet	16	static
../Core/Src/audiostream.c:1748:22:wavefolderTick	24	static
../Core/Src/audiostream.c:1786:21:chorusParam1	0	static
../Core/Src/audiostream.c:1790:21:chorusParam2	0	static
../Core/Src/audiostream.c:1795:21:chorusParam3	0	static
../Core/Src/audiostream.c:1800:21:chorusParam4	0	static
../Core/Src/audiostream.c:1806:22:chorusTick	40	static
../Core/Src/audiostream.c:1816:22:shaperTick	8	static
../Core/Src/audiostream.c:1824:22:blankTick	0	static
../Core/Src/audiostream.c:1829:22:tiltFilterTick	8	static
../Core/Src/audiostream.c:1837:22:tanhTick	8	static
../Core/Src/audiostream.c:1852:22:softClipTick	4	static
../Core/Src/audiostream.c:1874:22:hardClipTick	16	static
../Core/Src/audiostream.c:1896:22:satTick	8	static
../Core/Src/audiostream.c:1908:22:bcTick	0	static
../Core/Src/audiostream.c:1915:22:compressorTick	0	static
../Core/Src/audiostream.c:1921:23:FXlowpassTick	0	static
../Core/Src/audiostream.c:1926:23:FXhighpassTick	0	static
../Core/Src/audiostream.c:1931:23:FXbandpassTick	0	static
../Core/Src/audiostream.c:1936:23:FXdiodeLowpassTick	0	static
../Core/Src/audiostream.c:1941:23:FXVZpeakTick	0	static
../Core/Src/audiostream.c:1946:23:FXVZlowshelfTick	0	static
../Core/Src/audiostream.c:1950:23:FXVZhighshelfTick	0	static
../Core/Src/audiostream.c:1954:23:FXVZbandrejectTick	0	static
../Core/Src/audiostream.c:1959:23:FXLadderLowpassTick	0	static
../Core/Src/audiostream.c:1965:6:FXLowpassParam1	16	static
../Core/Src/audiostream.c:1971:6:FXHighpassParam1	16	static
../Core/Src/audiostream.c:1978:6:FXBandpassParam1	16	static
../Core/Src/audiostream.c:1985:6:FXDiodeParam1	16	static
../Core/Src/audiostream.c:1991:6:FXPeakParam1	16	static
../Core/Src/audiostream.c:1997:6:FXLowShelfParam1	16	static
../Core/Src/audiostream.c:2003:6:FXHighShelfParam1	16	static
../Core/Src/audiostream.c:2009:6:FXNotchParam1	16	static
../Core/Src/audiostream.c:2015:6:FXLadderParam1	16	static
../Core/Src/audiostream.c:2024:6:FXPeakParam2	16	static
../Core/Src/audiostream.c:2029:6:FXLowShelfParam2	16	static
../Core/Src/audiostream.c:2034:6:FXHighShelfParam2	16	static
../Core/Src/audiostream.c:2039:6:FXNotchParam2	16	static
../Core/Src/audiostream.c:2045:6:FXLowpassParam3	0	static
../Core/Src/audiostream.c:2050:6:FXHighpassParam3	0	static
../Core/Src/audiostream.c:2055:6:FXBandpassParam3	0	static
../Core/Src/audiostream.c:2060:6:FXDiodeParam3	0	static
../Core/Src/audiostream.c:2066:6:FXPeakParam3	0	static
../Core/Src/audiostream.c:2072:6:FXLowShelfParam3	0	static
../Core/Src/audiostream.c:2078:6:FXHighShelfParam3	0	static
../Core/Src/audiostream.c:2084:6:FXNotchParam3	0	static
../Core/Src/audiostream.c:2090:6:FXLadderParam3	0	static
../Core/Src/audiostream.c:2100:21:noiseSetTilt	16	static
../Core/Src/audiostream.c:2107:21:noiseSetGain	8	static
../Core/Src/audiostream.c:2112:21:noiseSetFreq	8	static
../Core/Src/audiostream.c:2123:21:noise_tick	40	static
../Core/Src/audiostream.c:1270:8:audioTickL	112	dynamic
../Core/Src/audiostream.c:496:6:audioFrame	88	static
../Core/Src/audiostream.c:2147:6:HAL_SPI_RxCpltCallback	16	static
../Core/Src/audiostream.c:2194:6:HAL_SPI_RxHalfCpltCallback	16	static
../Core/Src/audiostream.c:2235:21:HAL_SAI_TxCpltCallback	0	static
../Core/Src/audiostream.c:2241:21:HAL_SAI_TxHalfCpltCallback	0	static
../Core/Src/audiostream.c:2247:6:HAL_SAI_ErrorCallback	0	static
