../Core/Src/audiostream.c:242:7:map	0	static
../Core/Src/audiostream.c:248:6:audioInit	88	static
../Core/Src/audiostream.c:750:21:oscillator_tick	112	static
../Core/Src/audiostream.c:809:22:sawSquareTick	40	static
../Core/Src/audiostream.c:821:22:sineTriTick	40	static
../Core/Src/audiostream.c:832:22:sawTick	32	static
../Core/Src/audiostream.c:842:22:pulseTick	40	static
../Core/Src/audiostream.c:853:22:sineTick	16	static
../Core/Src/audiostream.c:859:22:triTick	40	static
../Core/Src/audiostream.c:870:22:userTick	0	static
../Core/Src/audiostream.c:879:22:filter_tick	56	static
../Core/Src/audiostream.c:926:22:lowpassTick	24	static
../Core/Src/audiostream.c:933:22:highpassTick	24	static
../Core/Src/audiostream.c:940:22:bandpassTick	24	static
../Core/Src/audiostream.c:947:22:diodeLowpassTick	24	static
../Core/Src/audiostream.c:954:22:VZpeakTick	16	static
../Core/Src/audiostream.c:960:22:VZlowshelfTick	16	static
../Core/Src/audiostream.c:965:22:VZhighshelfTick	16	static
../Core/Src/audiostream.c:970:22:VZbandrejectTick	24	static
../Core/Src/audiostream.c:977:22:LadderLowpassTick	24	static
../Core/Src/audiostream.c:987:21:setFreqMultPitch	16	static
../Core/Src/audiostream.c:998:21:setFreqMultHarm	0	static
../Core/Src/audiostream.c:1019:22:lowpassSetQ	0	static
../Core/Src/audiostream.c:1024:22:highpassSetQ	0	static
../Core/Src/audiostream.c:1029:22:bandpassSetQ	0	static
../Core/Src/audiostream.c:1034:22:diodeLowpassSetQ	0	static
../Core/Src/audiostream.c:1039:22:VZpeakSetQ	0	static
../Core/Src/audiostream.c:1044:22:VZlowshelfSetQ	0	static
../Core/Src/audiostream.c:1049:22:VZhighshelfSetQ	0	static
../Core/Src/audiostream.c:1054:22:VZbandrejectSetQ	0	static
../Core/Src/audiostream.c:1059:22:LadderLowpassSetQ	0	static
../Core/Src/audiostream.c:1064:22:lowpassSetGain	16	static
../Core/Src/audiostream.c:1069:22:highpassSetGain	16	static
../Core/Src/audiostream.c:1074:22:bandpassSetGain	16	static
../Core/Src/audiostream.c:1079:22:diodeLowpassSetGain	16	static
../Core/Src/audiostream.c:1084:22:VZpeakSetGain	16	static
../Core/Src/audiostream.c:1089:22:VZlowshelfSetGain	16	static
../Core/Src/audiostream.c:1094:22:VZhighshelfSetGain	16	static
../Core/Src/audiostream.c:1099:22:VZbandrejectSetGain	16	static
../Core/Src/audiostream.c:1104:23:LadderLowpassSetGain	16	static
../Core/Src/audiostream.c:1110:21:envelope_tick	24	static
../Core/Src/audiostream.c:1124:21:lfo_tick	40	static
../Core/Src/audiostream.c:1141:23:setEnvelopeAttack	0	static
../Core/Src/audiostream.c:1147:23:setEnvelopeDecay	0	static
../Core/Src/audiostream.c:1153:23:setEnvelopeSustain	0	static
../Core/Src/audiostream.c:1158:23:setEnvelopeRelease	0	static
../Core/Src/audiostream.c:1164:23:setEnvelopeLeak	0	static
../Core/Src/audiostream.c:1169:23:setAmp	0	static
../Core/Src/audiostream.c:1174:23:setMaster	0	static
../Core/Src/audiostream.c:1179:23:setTranspose	0	static
../Core/Src/audiostream.c:1184:23:setPitchBendRange	0	static
../Core/Src/audiostream.c:1189:23:setFinalLowpass	8	static
../Core/Src/audiostream.c:1195:21:tickMappings	56	static
../Core/Src/audiostream.c:1384:21:sendNoteOn	0	static
../Core/Src/audiostream.c:1388:21:sendCtrl	0	static
../Core/Src/audiostream.c:1392:21:sendPitchBend	0	static
../Core/Src/audiostream.c:1465:6:lfoSawSquareTick	8	static
../Core/Src/audiostream.c:1470:6:lfoSineTriTick	8	static
../Core/Src/audiostream.c:1475:6:lfoSineTick	8	static
../Core/Src/audiostream.c:1480:6:lfoTriTick	8	static
../Core/Src/audiostream.c:1484:6:lfoSawTick	8	static
../Core/Src/audiostream.c:1489:6:lfoPulseTick	8	static
../Core/Src/audiostream.c:1494:6:lfoSawSquareSetRate	0	static
../Core/Src/audiostream.c:1499:6:lfoSineTriSetRate	0	static
../Core/Src/audiostream.c:1503:6:lfoSineSetRate	0	static
../Core/Src/audiostream.c:1507:6:lfoTriSetRate	0	static
../Core/Src/audiostream.c:1511:6:lfoSawSetRate	0	static
../Core/Src/audiostream.c:1515:6:lfoPulseSetRate	0	static
../Core/Src/audiostream.c:1521:6:lfoSawSquareSetPhase	0	static
../Core/Src/audiostream.c:1525:6:lfoSineTriSetPhase	0	static
../Core/Src/audiostream.c:1529:6:lfoSineSetPhase	0	static
../Core/Src/audiostream.c:1533:6:lfoTriSetPhase	0	static
../Core/Src/audiostream.c:1537:6:lfoSawSetPhase	0	static
../Core/Src/audiostream.c:1541:6:lfoPulseSetPhase	0	static
../Core/Src/audiostream.c:1547:6:lfoSawSquareSetShape	0	static
../Core/Src/audiostream.c:1551:6:lfoSineTriSetShape	0	static
../Core/Src/audiostream.c:1555:6:lfoSineSetShape	0	static
../Core/Src/audiostream.c:1559:6:lfoTriSetShape	0	static
../Core/Src/audiostream.c:1563:6:lfoSawSetShape	0	static
../Core/Src/audiostream.c:1567:6:lfoPulseSetShape	0	static
../Core/Src/audiostream.c:1585:22:clipperGainSet	16	static
../Core/Src/audiostream.c:1589:22:wavefolderParam1	16	static
../Core/Src/audiostream.c:1593:22:wavefolderParam3	0	static
../Core/Src/audiostream.c:1600:22:tiltParam1	16	static
../Core/Src/audiostream.c:1606:22:tiltParam2	16	static
../Core/Src/audiostream.c:1612:22:tiltParam3	0	static
../Core/Src/audiostream.c:1616:22:tiltParam4	16	static
../Core/Src/audiostream.c:1621:22:compressorParam1	0	static
../Core/Src/audiostream.c:1625:22:compressorParam2	0	static
../Core/Src/audiostream.c:1631:22:compressorParam3	0	static
../Core/Src/audiostream.c:1636:22:compressorParam4	8	static
../Core/Src/audiostream.c:1642:22:compressorParam5	8	static
../Core/Src/audiostream.c:1648:22:offsetParam2	0	static
../Core/Src/audiostream.c:1652:21:param2Linear	0	static
../Core/Src/audiostream.c:1656:21:param3Linear	0	static
../Core/Src/audiostream.c:1660:21:param3Soft	0	static
../Core/Src/audiostream.c:1666:21:param3Hard	16	static
../Core/Src/audiostream.c:1676:21:param4Linear	0	static
../Core/Src/audiostream.c:1681:21:param5Linear	0	static
../Core/Src/audiostream.c:1685:21:param2BC	0	static
../Core/Src/audiostream.c:1689:21:param3BC	0	static
../Core/Src/audiostream.c:1694:21:param4BC	0	static
../Core/Src/audiostream.c:1698:21:param5BC	0	static
../Core/Src/audiostream.c:1705:21:fxMixSet	0	static
../Core/Src/audiostream.c:1710:21:fxPostGainSet	16	static
../Core/Src/audiostream.c:1718:22:wavefolderTick	24	static
../Core/Src/audiostream.c:1756:21:chorusParam1	0	static
../Core/Src/audiostream.c:1760:21:chorusParam2	0	static
../Core/Src/audiostream.c:1765:21:chorusParam3	0	static
../Core/Src/audiostream.c:1770:21:chorusParam4	0	static
../Core/Src/audiostream.c:1776:22:chorusTick	40	static
../Core/Src/audiostream.c:1786:22:shaperTick	8	static
../Core/Src/audiostream.c:1794:22:blankTick	0	static
../Core/Src/audiostream.c:1799:22:tiltFilterTick	8	static
../Core/Src/audiostream.c:1807:22:tanhTick	8	static
../Core/Src/audiostream.c:1822:22:softClipTick	4	static
../Core/Src/audiostream.c:1844:22:hardClipTick	16	static
../Core/Src/audiostream.c:1866:22:satTick	8	static
../Core/Src/audiostream.c:1878:22:bcTick	0	static
../Core/Src/audiostream.c:1885:22:compressorTick	0	static
../Core/Src/audiostream.c:1891:23:FXlowpassTick	0	static
../Core/Src/audiostream.c:1896:23:FXhighpassTick	0	static
../Core/Src/audiostream.c:1901:23:FXbandpassTick	0	static
../Core/Src/audiostream.c:1906:23:FXdiodeLowpassTick	0	static
../Core/Src/audiostream.c:1911:23:FXVZpeakTick	0	static
../Core/Src/audiostream.c:1916:23:FXVZlowshelfTick	0	static
../Core/Src/audiostream.c:1920:23:FXVZhighshelfTick	0	static
../Core/Src/audiostream.c:1924:23:FXVZbandrejectTick	0	static
../Core/Src/audiostream.c:1929:23:FXLadderLowpassTick	0	static
../Core/Src/audiostream.c:1935:6:FXLowpassParam1	16	static
../Core/Src/audiostream.c:1941:6:FXHighpassParam1	16	static
../Core/Src/audiostream.c:1948:6:FXBandpassParam1	16	static
../Core/Src/audiostream.c:1955:6:FXDiodeParam1	16	static
../Core/Src/audiostream.c:1961:6:FXPeakParam1	16	static
../Core/Src/audiostream.c:1967:6:FXLowShelfParam1	16	static
../Core/Src/audiostream.c:1973:6:FXHighShelfParam1	16	static
../Core/Src/audiostream.c:1979:6:FXNotchParam1	16	static
../Core/Src/audiostream.c:1985:6:FXLadderParam1	16	static
../Core/Src/audiostream.c:1994:6:FXPeakParam2	16	static
../Core/Src/audiostream.c:1999:6:FXLowShelfParam2	16	static
../Core/Src/audiostream.c:2004:6:FXHighShelfParam2	16	static
../Core/Src/audiostream.c:2009:6:FXNotchParam2	16	static
../Core/Src/audiostream.c:2015:6:FXLowpassParam3	0	static
../Core/Src/audiostream.c:2020:6:FXHighpassParam3	0	static
../Core/Src/audiostream.c:2025:6:FXBandpassParam3	0	static
../Core/Src/audiostream.c:2030:6:FXDiodeParam3	0	static
../Core/Src/audiostream.c:2036:6:FXPeakParam3	0	static
../Core/Src/audiostream.c:2042:6:FXLowShelfParam3	0	static
../Core/Src/audiostream.c:2048:6:FXHighShelfParam3	0	static
../Core/Src/audiostream.c:2054:6:FXNotchParam3	0	static
../Core/Src/audiostream.c:2060:6:FXLadderParam3	0	static
../Core/Src/audiostream.c:2070:21:noiseSetTilt	16	static
../Core/Src/audiostream.c:2077:21:noiseSetGain	8	static
../Core/Src/audiostream.c:2082:21:noiseSetFreq	8	static
../Core/Src/audiostream.c:2093:21:noise_tick	40	static
../Core/Src/audiostream.c:1240:8:audioTickL	112	dynamic
../Core/Src/audiostream.c:467:6:audioFrame	88	static
../Core/Src/audiostream.c:2117:6:HAL_SPI_RxCpltCallback	16	static
../Core/Src/audiostream.c:2161:6:HAL_SPI_RxHalfCpltCallback	12	static
../Core/Src/audiostream.c:2205:21:HAL_SAI_TxCpltCallback	0	static
../Core/Src/audiostream.c:2211:21:HAL_SAI_TxHalfCpltCallback	0	static
../Core/Src/audiostream.c:2217:6:HAL_SAI_ErrorCallback	0	static
