../Core/Src/audiostream.c:243:7:map	0	static
../Core/Src/audiostream.c:249:6:audioInit	96	static
../Core/Src/audiostream.c:471:6:updateStateFromSPIMessage	16	static
../Core/Src/audiostream.c:786:21:oscillator_tick	120	static
../Core/Src/audiostream.c:845:22:sawSquareTick	40	static
../Core/Src/audiostream.c:857:22:sineTriTick	40	static
../Core/Src/audiostream.c:868:22:sawTick	32	static
../Core/Src/audiostream.c:878:22:pulseTick	40	static
../Core/Src/audiostream.c:889:22:sineTick	16	static
../Core/Src/audiostream.c:895:22:triTick	40	static
../Core/Src/audiostream.c:906:22:userTick	0	static
../Core/Src/audiostream.c:915:22:filter_tick	56	static
../Core/Src/audiostream.c:962:22:lowpassTick	24	static
../Core/Src/audiostream.c:969:22:highpassTick	24	static
../Core/Src/audiostream.c:976:22:bandpassTick	24	static
../Core/Src/audiostream.c:983:22:diodeLowpassTick	24	static
../Core/Src/audiostream.c:990:22:VZpeakTick	16	static
../Core/Src/audiostream.c:996:22:VZlowshelfTick	16	static
../Core/Src/audiostream.c:1001:22:VZhighshelfTick	16	static
../Core/Src/audiostream.c:1006:22:VZbandrejectTick	24	static
../Core/Src/audiostream.c:1013:22:LadderLowpassTick	24	static
../Core/Src/audiostream.c:1023:21:setFreqMultPitch	16	static
../Core/Src/audiostream.c:1034:21:setFreqMultHarm	0	static
../Core/Src/audiostream.c:1055:22:lowpassSetQ	0	static
../Core/Src/audiostream.c:1060:22:highpassSetQ	0	static
../Core/Src/audiostream.c:1065:22:bandpassSetQ	0	static
../Core/Src/audiostream.c:1070:22:diodeLowpassSetQ	0	static
../Core/Src/audiostream.c:1075:22:VZpeakSetQ	0	static
../Core/Src/audiostream.c:1080:22:VZlowshelfSetQ	0	static
../Core/Src/audiostream.c:1085:22:VZhighshelfSetQ	0	static
../Core/Src/audiostream.c:1090:22:VZbandrejectSetQ	0	static
../Core/Src/audiostream.c:1095:22:LadderLowpassSetQ	0	static
../Core/Src/audiostream.c:1100:22:lowpassSetGain	16	static
../Core/Src/audiostream.c:1105:22:highpassSetGain	16	static
../Core/Src/audiostream.c:1110:22:bandpassSetGain	16	static
../Core/Src/audiostream.c:1115:22:diodeLowpassSetGain	16	static
../Core/Src/audiostream.c:1120:22:VZpeakSetGain	16	static
../Core/Src/audiostream.c:1125:22:VZlowshelfSetGain	16	static
../Core/Src/audiostream.c:1130:22:VZhighshelfSetGain	16	static
../Core/Src/audiostream.c:1135:22:VZbandrejectSetGain	16	static
../Core/Src/audiostream.c:1140:23:LadderLowpassSetGain	16	static
../Core/Src/audiostream.c:1146:21:envelope_tick	24	static
../Core/Src/audiostream.c:1160:21:lfo_tick	40	static
../Core/Src/audiostream.c:1177:23:setEnvelopeAttack	0	static
../Core/Src/audiostream.c:1183:23:setEnvelopeDecay	0	static
../Core/Src/audiostream.c:1189:23:setEnvelopeSustain	0	static
../Core/Src/audiostream.c:1194:23:setEnvelopeRelease	0	static
../Core/Src/audiostream.c:1200:23:setEnvelopeLeak	0	static
../Core/Src/audiostream.c:1205:23:setAmp	0	static
../Core/Src/audiostream.c:1210:23:setMaster	0	static
../Core/Src/audiostream.c:1215:23:setTranspose	0	static
../Core/Src/audiostream.c:1220:23:setPitchBendRange	0	static
../Core/Src/audiostream.c:1225:23:setFinalLowpass	8	static
../Core/Src/audiostream.c:1231:21:tickMappings	56	static
../Core/Src/audiostream.c:1493:6:lfoSawSquareTick	8	static
../Core/Src/audiostream.c:1498:6:lfoSineTriTick	8	static
../Core/Src/audiostream.c:1503:6:lfoSineTick	8	static
../Core/Src/audiostream.c:1508:6:lfoTriTick	8	static
../Core/Src/audiostream.c:1512:6:lfoSawTick	8	static
../Core/Src/audiostream.c:1517:6:lfoPulseTick	8	static
../Core/Src/audiostream.c:1522:6:lfoSawSquareSetRate	0	static
../Core/Src/audiostream.c:1527:6:lfoSineTriSetRate	0	static
../Core/Src/audiostream.c:1531:6:lfoSineSetRate	0	static
../Core/Src/audiostream.c:1535:6:lfoTriSetRate	0	static
../Core/Src/audiostream.c:1539:6:lfoSawSetRate	0	static
../Core/Src/audiostream.c:1543:6:lfoPulseSetRate	0	static
../Core/Src/audiostream.c:1549:6:lfoSawSquareSetPhase	0	static
../Core/Src/audiostream.c:1553:6:lfoSineTriSetPhase	0	static
../Core/Src/audiostream.c:1557:6:lfoSineSetPhase	0	static
../Core/Src/audiostream.c:1561:6:lfoTriSetPhase	0	static
../Core/Src/audiostream.c:1565:6:lfoSawSetPhase	0	static
../Core/Src/audiostream.c:1569:6:lfoPulseSetPhase	0	static
../Core/Src/audiostream.c:1575:6:lfoSawSquareSetShape	0	static
../Core/Src/audiostream.c:1579:6:lfoSineTriSetShape	0	static
../Core/Src/audiostream.c:1583:6:lfoSineSetShape	0	static
../Core/Src/audiostream.c:1587:6:lfoTriSetShape	0	static
../Core/Src/audiostream.c:1591:6:lfoSawSetShape	0	static
../Core/Src/audiostream.c:1595:6:lfoPulseSetShape	0	static
../Core/Src/audiostream.c:1613:22:clipperGainSet	16	static
../Core/Src/audiostream.c:1617:22:wavefolderParam1	16	static
../Core/Src/audiostream.c:1621:22:wavefolderParam3	0	static
../Core/Src/audiostream.c:1628:22:tiltParam1	16	static
../Core/Src/audiostream.c:1634:22:tiltParam2	16	static
../Core/Src/audiostream.c:1640:22:tiltParam3	0	static
../Core/Src/audiostream.c:1644:22:tiltParam4	16	static
../Core/Src/audiostream.c:1649:22:compressorParam1	0	static
../Core/Src/audiostream.c:1653:22:compressorParam2	0	static
../Core/Src/audiostream.c:1659:22:compressorParam3	0	static
../Core/Src/audiostream.c:1664:22:compressorParam4	8	static
../Core/Src/audiostream.c:1670:22:compressorParam5	8	static
../Core/Src/audiostream.c:1676:22:offsetParam2	0	static
../Core/Src/audiostream.c:1680:21:param2Linear	0	static
../Core/Src/audiostream.c:1684:21:param3Linear	0	static
../Core/Src/audiostream.c:1688:21:param3Soft	0	static
../Core/Src/audiostream.c:1694:21:param3Hard	16	static
../Core/Src/audiostream.c:1704:21:param4Linear	0	static
../Core/Src/audiostream.c:1709:21:param5Linear	0	static
../Core/Src/audiostream.c:1713:21:param2BC	0	static
../Core/Src/audiostream.c:1717:21:param3BC	0	static
../Core/Src/audiostream.c:1722:21:param4BC	0	static
../Core/Src/audiostream.c:1726:21:param5BC	0	static
../Core/Src/audiostream.c:1733:21:fxMixSet	0	static
../Core/Src/audiostream.c:1738:21:fxPostGainSet	16	static
../Core/Src/audiostream.c:1746:22:wavefolderTick	24	static
../Core/Src/audiostream.c:1784:21:chorusParam1	0	static
../Core/Src/audiostream.c:1788:21:chorusParam2	0	static
../Core/Src/audiostream.c:1793:21:chorusParam3	0	static
../Core/Src/audiostream.c:1798:21:chorusParam4	0	static
../Core/Src/audiostream.c:1804:22:chorusTick	40	static
../Core/Src/audiostream.c:1814:22:shaperTick	8	static
../Core/Src/audiostream.c:1822:22:blankTick	0	static
../Core/Src/audiostream.c:1827:22:tiltFilterTick	8	static
../Core/Src/audiostream.c:1835:22:tanhTick	8	static
../Core/Src/audiostream.c:1850:22:softClipTick	4	static
../Core/Src/audiostream.c:1872:22:hardClipTick	16	static
../Core/Src/audiostream.c:1894:22:satTick	8	static
../Core/Src/audiostream.c:1906:22:bcTick	0	static
../Core/Src/audiostream.c:1913:22:compressorTick	0	static
../Core/Src/audiostream.c:1919:23:FXlowpassTick	0	static
../Core/Src/audiostream.c:1924:23:FXhighpassTick	0	static
../Core/Src/audiostream.c:1929:23:FXbandpassTick	0	static
../Core/Src/audiostream.c:1934:23:FXdiodeLowpassTick	0	static
../Core/Src/audiostream.c:1939:23:FXVZpeakTick	0	static
../Core/Src/audiostream.c:1944:23:FXVZlowshelfTick	0	static
../Core/Src/audiostream.c:1948:23:FXVZhighshelfTick	0	static
../Core/Src/audiostream.c:1952:23:FXVZbandrejectTick	0	static
../Core/Src/audiostream.c:1957:23:FXLadderLowpassTick	0	static
../Core/Src/audiostream.c:1963:6:FXLowpassParam1	16	static
../Core/Src/audiostream.c:1969:6:FXHighpassParam1	16	static
../Core/Src/audiostream.c:1976:6:FXBandpassParam1	16	static
../Core/Src/audiostream.c:1983:6:FXDiodeParam1	16	static
../Core/Src/audiostream.c:1989:6:FXPeakParam1	16	static
../Core/Src/audiostream.c:1995:6:FXLowShelfParam1	16	static
../Core/Src/audiostream.c:2001:6:FXHighShelfParam1	16	static
../Core/Src/audiostream.c:2007:6:FXNotchParam1	16	static
../Core/Src/audiostream.c:2013:6:FXLadderParam1	16	static
../Core/Src/audiostream.c:2022:6:FXPeakParam2	16	static
../Core/Src/audiostream.c:2027:6:FXLowShelfParam2	16	static
../Core/Src/audiostream.c:2032:6:FXHighShelfParam2	16	static
../Core/Src/audiostream.c:2037:6:FXNotchParam2	16	static
../Core/Src/audiostream.c:2043:6:FXLowpassParam3	0	static
../Core/Src/audiostream.c:2048:6:FXHighpassParam3	0	static
../Core/Src/audiostream.c:2053:6:FXBandpassParam3	0	static
../Core/Src/audiostream.c:2058:6:FXDiodeParam3	0	static
../Core/Src/audiostream.c:2064:6:FXPeakParam3	0	static
../Core/Src/audiostream.c:2070:6:FXLowShelfParam3	0	static
../Core/Src/audiostream.c:2076:6:FXHighShelfParam3	0	static
../Core/Src/audiostream.c:2082:6:FXNotchParam3	0	static
../Core/Src/audiostream.c:2088:6:FXLadderParam3	0	static
../Core/Src/audiostream.c:2098:21:noiseSetTilt	16	static
../Core/Src/audiostream.c:2105:21:noiseSetGain	8	static
../Core/Src/audiostream.c:2110:21:noiseSetFreq	8	static
../Core/Src/audiostream.c:2121:21:noise_tick	40	static
../Core/Src/audiostream.c:1276:8:audioTickL	112	dynamic
../Core/Src/audiostream.c:502:6:audioFrame	88	static
../Core/Src/audiostream.c:2145:6:HAL_SPI_RxCpltCallback	16	static
../Core/Src/audiostream.c:2192:6:HAL_SPI_RxHalfCpltCallback	16	static
../Core/Src/audiostream.c:2231:6:HAL_SPI_TxRxCpltCallback	8	static
../Core/Src/audiostream.c:2242:6:HAL_SPI_TxRxHalfCpltCallback	8	static
../Core/Src/audiostream.c:2252:21:HAL_SAI_TxCpltCallback	0	static
../Core/Src/audiostream.c:2258:21:HAL_SAI_TxHalfCpltCallback	0	static
../Core/Src/audiostream.c:2264:6:HAL_SAI_ErrorCallback	0	static
