../Core/Src/audiostream.c:231:20:dbToATableLookup	8	static
../Core/Src/audiostream.c:252:20:mtofTableLookup	8	static
../Core/Src/audiostream.c:263:6:audioInit	40	static
../Core/Src/audiostream.c:391:6:audioStart	8	static
../Core/Src/audiostream.c:399:21:updateStateFromSPIMessage	16	static
../Core/Src/audiostream.c:438:21:switchStringModel	24	static
../Core/Src/audiostream.c:498:21:HAL_SAI_TxCpltCallback	16	static,ignoring_inline_asm
../Core/Src/audiostream.c:560:21:HAL_SAI_TxHalfCpltCallback	16	static,ignoring_inline_asm
../Core/Src/audiostream.c:622:21:HAL_SAI_ErrorCallback	0	static
