../Core/Src/audiostream.c:333:7:map	0	static
../Core/Src/audiostream.c:339:6:audioInit	128	static
../Core/Src/audiostream.c:646:6:updateStateFromSPIMessage	16	static
../Core/Src/audiostream.c:1090:21:oscillator_tick	112	static
../Core/Src/audiostream.c:1149:22:sawSquareTick	40	static
../Core/Src/audiostream.c:1161:22:sineTriTick	40	static
../Core/Src/audiostream.c:1172:22:sawTick	32	static
../Core/Src/audiostream.c:1182:22:pulseTick	40	static
../Core/Src/audiostream.c:1193:22:sineTick	16	static
../Core/Src/audiostream.c:1199:22:triTick	40	static
../Core/Src/audiostream.c:1210:22:userTick	0	static
../Core/Src/audiostream.c:1219:22:filter_tick	56	static
../Core/Src/audiostream.c:1266:22:lowpassTick	24	static
../Core/Src/audiostream.c:1273:22:highpassTick	24	static
../Core/Src/audiostream.c:1280:22:bandpassTick	24	static
../Core/Src/audiostream.c:1287:22:diodeLowpassTick	24	static
../Core/Src/audiostream.c:1294:22:VZpeakTick	16	static
../Core/Src/audiostream.c:1300:22:VZlowshelfTick	16	static
../Core/Src/audiostream.c:1305:22:VZhighshelfTick	16	static
../Core/Src/audiostream.c:1310:22:VZbandrejectTick	24	static
../Core/Src/audiostream.c:1317:22:LadderLowpassTick	24	static
../Core/Src/audiostream.c:1327:21:setFreqMultPitch	16	static
../Core/Src/audiostream.c:1338:21:setFreqMultHarm	0	static
../Core/Src/audiostream.c:1359:22:lowpassSetQ	0	static
../Core/Src/audiostream.c:1364:22:highpassSetQ	0	static
../Core/Src/audiostream.c:1369:22:bandpassSetQ	0	static
../Core/Src/audiostream.c:1374:22:diodeLowpassSetQ	0	static
../Core/Src/audiostream.c:1379:22:VZpeakSetQ	0	static
../Core/Src/audiostream.c:1384:22:VZlowshelfSetQ	0	static
../Core/Src/audiostream.c:1389:22:VZhighshelfSetQ	0	static
../Core/Src/audiostream.c:1394:22:VZbandrejectSetQ	0	static
../Core/Src/audiostream.c:1399:22:LadderLowpassSetQ	0	static
../Core/Src/audiostream.c:1404:22:lowpassSetGain	16	static
../Core/Src/audiostream.c:1409:22:highpassSetGain	16	static
../Core/Src/audiostream.c:1414:22:bandpassSetGain	16	static
../Core/Src/audiostream.c:1419:22:diodeLowpassSetGain	16	static
../Core/Src/audiostream.c:1424:22:VZpeakSetGain	16	static
../Core/Src/audiostream.c:1429:22:VZlowshelfSetGain	16	static
../Core/Src/audiostream.c:1434:22:VZhighshelfSetGain	16	static
../Core/Src/audiostream.c:1439:22:VZbandrejectSetGain	16	static
../Core/Src/audiostream.c:1444:23:LadderLowpassSetGain	16	static
../Core/Src/audiostream.c:1450:21:envelope_tick	24	static
../Core/Src/audiostream.c:1464:21:lfo_tick	40	static
../Core/Src/audiostream.c:1481:23:setEnvelopeAttack	0	static
../Core/Src/audiostream.c:1487:23:setEnvelopeDecay	0	static
../Core/Src/audiostream.c:1493:23:setEnvelopeSustain	0	static
../Core/Src/audiostream.c:1498:23:setEnvelopeRelease	0	static
../Core/Src/audiostream.c:1504:23:setEnvelopeLeak	0	static
../Core/Src/audiostream.c:1509:23:setAmp	0	static
../Core/Src/audiostream.c:1514:23:setMaster	0	static
../Core/Src/audiostream.c:1519:23:setTranspose	0	static
../Core/Src/audiostream.c:1524:23:setPitchBendRange	0	static
../Core/Src/audiostream.c:1529:23:setFinalLowpass	8	static
../Core/Src/audiostream.c:1535:21:tickMappings	56	static
../Core/Src/audiostream.c:1821:8:audioTickString	96	dynamic
../Core/Src/audiostream.c:1879:8:audioTickString2	88	dynamic
../Core/Src/audiostream.c:2005:6:lfoSawSquareTick	8	static
../Core/Src/audiostream.c:2010:6:lfoSineTriTick	8	static
../Core/Src/audiostream.c:2015:6:lfoSineTick	8	static
../Core/Src/audiostream.c:2020:6:lfoTriTick	8	static
../Core/Src/audiostream.c:2024:6:lfoSawTick	8	static
../Core/Src/audiostream.c:2029:6:lfoPulseTick	8	static
../Core/Src/audiostream.c:2034:6:lfoSawSquareSetRate	0	static
../Core/Src/audiostream.c:2039:6:lfoSineTriSetRate	0	static
../Core/Src/audiostream.c:2043:6:lfoSineSetRate	0	static
../Core/Src/audiostream.c:2047:6:lfoTriSetRate	0	static
../Core/Src/audiostream.c:2051:6:lfoSawSetRate	0	static
../Core/Src/audiostream.c:2055:6:lfoPulseSetRate	0	static
../Core/Src/audiostream.c:2061:6:lfoSawSquareSetPhase	0	static
../Core/Src/audiostream.c:2065:6:lfoSineTriSetPhase	0	static
../Core/Src/audiostream.c:2069:6:lfoSineSetPhase	0	static
../Core/Src/audiostream.c:2073:6:lfoTriSetPhase	0	static
../Core/Src/audiostream.c:2077:6:lfoSawSetPhase	0	static
../Core/Src/audiostream.c:2081:6:lfoPulseSetPhase	0	static
../Core/Src/audiostream.c:2087:6:lfoSawSquareSetShape	0	static
../Core/Src/audiostream.c:2091:6:lfoSineTriSetShape	0	static
../Core/Src/audiostream.c:2095:6:lfoSineSetShape	0	static
../Core/Src/audiostream.c:2099:6:lfoTriSetShape	0	static
../Core/Src/audiostream.c:2103:6:lfoSawSetShape	0	static
../Core/Src/audiostream.c:2107:6:lfoPulseSetShape	0	static
../Core/Src/audiostream.c:2125:22:clipperGainSet	16	static
../Core/Src/audiostream.c:2129:22:wavefolderParam1	16	static
../Core/Src/audiostream.c:2133:22:wavefolderParam3	0	static
../Core/Src/audiostream.c:2140:22:tiltParam1	16	static
../Core/Src/audiostream.c:2146:22:tiltParam2	16	static
../Core/Src/audiostream.c:2152:22:tiltParam3	0	static
../Core/Src/audiostream.c:2156:22:tiltParam4	16	static
../Core/Src/audiostream.c:2161:22:compressorParam1	0	static
../Core/Src/audiostream.c:2165:22:compressorParam2	0	static
../Core/Src/audiostream.c:2171:22:compressorParam3	0	static
../Core/Src/audiostream.c:2176:22:compressorParam4	8	static
../Core/Src/audiostream.c:2182:22:compressorParam5	8	static
../Core/Src/audiostream.c:2188:22:offsetParam2	0	static
../Core/Src/audiostream.c:2192:21:param2Linear	0	static
../Core/Src/audiostream.c:2196:21:param3Linear	0	static
../Core/Src/audiostream.c:2200:21:param3Soft	0	static
../Core/Src/audiostream.c:2206:21:param3Hard	16	static
../Core/Src/audiostream.c:2216:21:param4Linear	0	static
../Core/Src/audiostream.c:2221:21:param5Linear	0	static
../Core/Src/audiostream.c:2225:21:param2BC	0	static
../Core/Src/audiostream.c:2229:21:param3BC	0	static
../Core/Src/audiostream.c:2234:21:param4BC	0	static
../Core/Src/audiostream.c:2238:21:param5BC	0	static
../Core/Src/audiostream.c:2245:21:fxMixSet	0	static
../Core/Src/audiostream.c:2250:21:fxPostGainSet	16	static
../Core/Src/audiostream.c:2258:22:wavefolderTick	24	static
../Core/Src/audiostream.c:2296:21:chorusParam1	0	static
../Core/Src/audiostream.c:2300:21:chorusParam2	0	static
../Core/Src/audiostream.c:2305:21:chorusParam3	0	static
../Core/Src/audiostream.c:2310:21:chorusParam4	0	static
../Core/Src/audiostream.c:2316:22:chorusTick	0	static
../Core/Src/audiostream.c:2327:22:shaperTick	8	static
../Core/Src/audiostream.c:2335:22:blankTick	0	static
../Core/Src/audiostream.c:2340:22:tiltFilterTick	8	static
../Core/Src/audiostream.c:2348:22:tanhTick	8	static
../Core/Src/audiostream.c:2363:22:softClipTick	4	static
../Core/Src/audiostream.c:2385:22:hardClipTick	16	static
../Core/Src/audiostream.c:2407:22:satTick	8	static
../Core/Src/audiostream.c:2419:22:bcTick	0	static
../Core/Src/audiostream.c:2426:22:compressorTick	0	static
../Core/Src/audiostream.c:2432:23:FXlowpassTick	0	static
../Core/Src/audiostream.c:2437:23:FXhighpassTick	0	static
../Core/Src/audiostream.c:2442:23:FXbandpassTick	0	static
../Core/Src/audiostream.c:2447:23:FXdiodeLowpassTick	0	static
../Core/Src/audiostream.c:2452:23:FXVZpeakTick	0	static
../Core/Src/audiostream.c:2457:23:FXVZlowshelfTick	0	static
../Core/Src/audiostream.c:2461:23:FXVZhighshelfTick	0	static
../Core/Src/audiostream.c:2465:23:FXVZbandrejectTick	0	static
../Core/Src/audiostream.c:2470:23:FXLadderLowpassTick	0	static
../Core/Src/audiostream.c:2476:6:FXLowpassParam1	16	static
../Core/Src/audiostream.c:2482:6:FXHighpassParam1	16	static
../Core/Src/audiostream.c:2489:6:FXBandpassParam1	16	static
../Core/Src/audiostream.c:2496:6:FXDiodeParam1	16	static
../Core/Src/audiostream.c:2502:6:FXPeakParam1	16	static
../Core/Src/audiostream.c:2508:6:FXLowShelfParam1	16	static
../Core/Src/audiostream.c:2514:6:FXHighShelfParam1	16	static
../Core/Src/audiostream.c:2520:6:FXNotchParam1	16	static
../Core/Src/audiostream.c:2526:6:FXLadderParam1	16	static
../Core/Src/audiostream.c:2535:6:FXPeakParam2	16	static
../Core/Src/audiostream.c:2540:6:FXLowShelfParam2	16	static
../Core/Src/audiostream.c:2545:6:FXHighShelfParam2	16	static
../Core/Src/audiostream.c:2550:6:FXNotchParam2	16	static
../Core/Src/audiostream.c:2556:6:FXLowpassParam3	0	static
../Core/Src/audiostream.c:2561:6:FXHighpassParam3	0	static
../Core/Src/audiostream.c:2566:6:FXBandpassParam3	0	static
../Core/Src/audiostream.c:2571:6:FXDiodeParam3	0	static
../Core/Src/audiostream.c:2577:6:FXPeakParam3	0	static
../Core/Src/audiostream.c:2583:6:FXLowShelfParam3	0	static
../Core/Src/audiostream.c:2589:6:FXHighShelfParam3	0	static
../Core/Src/audiostream.c:2595:6:FXNotchParam3	0	static
../Core/Src/audiostream.c:2601:6:FXLadderParam3	0	static
../Core/Src/audiostream.c:2611:21:noiseSetTilt	16	static
../Core/Src/audiostream.c:2618:21:noiseSetGain	8	static
../Core/Src/audiostream.c:2623:21:noiseSetFreq	8	static
../Core/Src/audiostream.c:2634:21:noise_tick	40	static
../Core/Src/audiostream.c:1580:8:audioTickL	120	dynamic
../Core/Src/audiostream.c:686:6:audioFrame	144	static
../Core/Src/audiostream.c:2658:6:HAL_SPI_RxCpltCallback	16	static
../Core/Src/audiostream.c:2705:6:HAL_SPI_RxHalfCpltCallback	16	static
../Core/Src/audiostream.c:2744:6:HAL_SPI_TxRxCpltCallback	8	static
../Core/Src/audiostream.c:2755:6:HAL_SPI_TxRxHalfCpltCallback	8	static
../Core/Src/audiostream.c:2765:21:HAL_SAI_TxCpltCallback	0	static
../Core/Src/audiostream.c:2771:21:HAL_SAI_TxHalfCpltCallback	0	static
../Core/Src/audiostream.c:2777:6:HAL_SAI_ErrorCallback	0	static
