../Core/Src/audiostream.c:337:7:map	0	static
../Core/Src/audiostream.c:343:6:audioInit	128	static
../Core/Src/audiostream.c:660:6:updateStateFromSPIMessage	16	static
../Core/Src/audiostream.c:1220:21:oscillator_tick	120	static
../Core/Src/audiostream.c:1279:22:sawSquareTick	40	static
../Core/Src/audiostream.c:1291:22:sineTriTick	40	static
../Core/Src/audiostream.c:1302:22:sawTick	32	static
../Core/Src/audiostream.c:1312:22:pulseTick	40	static
../Core/Src/audiostream.c:1323:22:sineTick	16	static
../Core/Src/audiostream.c:1329:22:triTick	40	static
../Core/Src/audiostream.c:1340:22:userTick	0	static
../Core/Src/audiostream.c:1349:22:filter_tick	56	static
../Core/Src/audiostream.c:1396:22:lowpassTick	24	static
../Core/Src/audiostream.c:1403:22:highpassTick	24	static
../Core/Src/audiostream.c:1410:22:bandpassTick	24	static
../Core/Src/audiostream.c:1417:22:diodeLowpassTick	24	static
../Core/Src/audiostream.c:1424:22:VZpeakTick	16	static
../Core/Src/audiostream.c:1430:22:VZlowshelfTick	16	static
../Core/Src/audiostream.c:1435:22:VZhighshelfTick	16	static
../Core/Src/audiostream.c:1440:22:VZbandrejectTick	24	static
../Core/Src/audiostream.c:1447:22:LadderLowpassTick	24	static
../Core/Src/audiostream.c:1457:21:setFreqMultPitch	16	static
../Core/Src/audiostream.c:1468:21:setFreqMultHarm	0	static
../Core/Src/audiostream.c:1489:22:lowpassSetQ	0	static
../Core/Src/audiostream.c:1494:22:highpassSetQ	0	static
../Core/Src/audiostream.c:1499:22:bandpassSetQ	0	static
../Core/Src/audiostream.c:1504:22:diodeLowpassSetQ	0	static
../Core/Src/audiostream.c:1509:22:VZpeakSetQ	0	static
../Core/Src/audiostream.c:1514:22:VZlowshelfSetQ	0	static
../Core/Src/audiostream.c:1519:22:VZhighshelfSetQ	0	static
../Core/Src/audiostream.c:1524:22:VZbandrejectSetQ	0	static
../Core/Src/audiostream.c:1529:22:LadderLowpassSetQ	0	static
../Core/Src/audiostream.c:1534:22:lowpassSetGain	16	static
../Core/Src/audiostream.c:1539:22:highpassSetGain	16	static
../Core/Src/audiostream.c:1544:22:bandpassSetGain	16	static
../Core/Src/audiostream.c:1549:22:diodeLowpassSetGain	16	static
../Core/Src/audiostream.c:1554:22:VZpeakSetGain	16	static
../Core/Src/audiostream.c:1559:22:VZlowshelfSetGain	16	static
../Core/Src/audiostream.c:1564:22:VZhighshelfSetGain	16	static
../Core/Src/audiostream.c:1569:22:VZbandrejectSetGain	16	static
../Core/Src/audiostream.c:1574:23:LadderLowpassSetGain	16	static
../Core/Src/audiostream.c:1580:21:envelope_tick	24	static
../Core/Src/audiostream.c:1594:21:lfo_tick	40	static
../Core/Src/audiostream.c:1611:23:setEnvelopeAttack	0	static
../Core/Src/audiostream.c:1617:23:setEnvelopeDecay	0	static
../Core/Src/audiostream.c:1623:23:setEnvelopeSustain	0	static
../Core/Src/audiostream.c:1628:23:setEnvelopeRelease	0	static
../Core/Src/audiostream.c:1634:23:setEnvelopeLeak	0	static
../Core/Src/audiostream.c:1639:23:setAmp	0	static
../Core/Src/audiostream.c:1644:23:setMaster	0	static
../Core/Src/audiostream.c:1649:23:setTranspose	0	static
../Core/Src/audiostream.c:1654:23:setPitchBendRange	0	static
../Core/Src/audiostream.c:1659:23:setFinalLowpass	8	static
../Core/Src/audiostream.c:1665:21:tickMappings	56	static
../Core/Src/audiostream.c:1939:8:audioTickString	96	dynamic
../Core/Src/audiostream.c:1997:8:audioTickString2	96	dynamic
../Core/Src/audiostream.c:2123:6:lfoSawSquareTick	8	static
../Core/Src/audiostream.c:2128:6:lfoSineTriTick	8	static
../Core/Src/audiostream.c:2133:6:lfoSineTick	8	static
../Core/Src/audiostream.c:2138:6:lfoTriTick	8	static
../Core/Src/audiostream.c:2142:6:lfoSawTick	8	static
../Core/Src/audiostream.c:2147:6:lfoPulseTick	8	static
../Core/Src/audiostream.c:2152:6:lfoSawSquareSetRate	0	static
../Core/Src/audiostream.c:2157:6:lfoSineTriSetRate	0	static
../Core/Src/audiostream.c:2161:6:lfoSineSetRate	0	static
../Core/Src/audiostream.c:2165:6:lfoTriSetRate	0	static
../Core/Src/audiostream.c:2169:6:lfoSawSetRate	0	static
../Core/Src/audiostream.c:2173:6:lfoPulseSetRate	0	static
../Core/Src/audiostream.c:2179:6:lfoSawSquareSetPhase	0	static
../Core/Src/audiostream.c:2183:6:lfoSineTriSetPhase	0	static
../Core/Src/audiostream.c:2187:6:lfoSineSetPhase	0	static
../Core/Src/audiostream.c:2191:6:lfoTriSetPhase	0	static
../Core/Src/audiostream.c:2195:6:lfoSawSetPhase	0	static
../Core/Src/audiostream.c:2199:6:lfoPulseSetPhase	0	static
../Core/Src/audiostream.c:2205:6:lfoSawSquareSetShape	0	static
../Core/Src/audiostream.c:2209:6:lfoSineTriSetShape	0	static
../Core/Src/audiostream.c:2213:6:lfoSineSetShape	0	static
../Core/Src/audiostream.c:2217:6:lfoTriSetShape	0	static
../Core/Src/audiostream.c:2221:6:lfoSawSetShape	0	static
../Core/Src/audiostream.c:2225:6:lfoPulseSetShape	0	static
../Core/Src/audiostream.c:2243:22:clipperGainSet	16	static
../Core/Src/audiostream.c:2247:22:wavefolderParam1	16	static
../Core/Src/audiostream.c:2251:22:wavefolderParam3	0	static
../Core/Src/audiostream.c:2258:22:tiltParam1	16	static
../Core/Src/audiostream.c:2264:22:tiltParam2	16	static
../Core/Src/audiostream.c:2270:22:tiltParam3	0	static
../Core/Src/audiostream.c:2274:22:tiltParam4	16	static
../Core/Src/audiostream.c:2279:22:compressorParam1	0	static
../Core/Src/audiostream.c:2283:22:compressorParam2	0	static
../Core/Src/audiostream.c:2289:22:compressorParam3	0	static
../Core/Src/audiostream.c:2294:22:compressorParam4	8	static
../Core/Src/audiostream.c:2300:22:compressorParam5	8	static
../Core/Src/audiostream.c:2306:22:offsetParam2	0	static
../Core/Src/audiostream.c:2310:21:param2Linear	0	static
../Core/Src/audiostream.c:2314:21:param3Linear	0	static
../Core/Src/audiostream.c:2318:21:param3Soft	0	static
../Core/Src/audiostream.c:2324:21:param3Hard	16	static
../Core/Src/audiostream.c:2334:21:param4Linear	0	static
../Core/Src/audiostream.c:2339:21:param5Linear	0	static
../Core/Src/audiostream.c:2343:21:param2BC	0	static
../Core/Src/audiostream.c:2347:21:param3BC	0	static
../Core/Src/audiostream.c:2352:21:param4BC	0	static
../Core/Src/audiostream.c:2356:21:param5BC	0	static
../Core/Src/audiostream.c:2363:21:fxMixSet	0	static
../Core/Src/audiostream.c:2368:21:fxPostGainSet	16	static
../Core/Src/audiostream.c:2376:22:wavefolderTick	24	static
../Core/Src/audiostream.c:2414:21:chorusParam1	0	static
../Core/Src/audiostream.c:2418:21:chorusParam2	0	static
../Core/Src/audiostream.c:2423:21:chorusParam3	0	static
../Core/Src/audiostream.c:2428:21:chorusParam4	0	static
../Core/Src/audiostream.c:2434:22:chorusTick	0	static
../Core/Src/audiostream.c:2445:22:shaperTick	8	static
../Core/Src/audiostream.c:2453:22:blankTick	0	static
../Core/Src/audiostream.c:2458:22:tiltFilterTick	8	static
../Core/Src/audiostream.c:2466:22:tanhTick	8	static
../Core/Src/audiostream.c:2481:22:softClipTick	4	static
../Core/Src/audiostream.c:2503:22:hardClipTick	16	static
../Core/Src/audiostream.c:2525:22:satTick	8	static
../Core/Src/audiostream.c:2537:22:bcTick	0	static
../Core/Src/audiostream.c:2544:22:compressorTick	0	static
../Core/Src/audiostream.c:2550:23:FXlowpassTick	0	static
../Core/Src/audiostream.c:2555:23:FXhighpassTick	0	static
../Core/Src/audiostream.c:2560:23:FXbandpassTick	0	static
../Core/Src/audiostream.c:2565:23:FXdiodeLowpassTick	0	static
../Core/Src/audiostream.c:2570:23:FXVZpeakTick	0	static
../Core/Src/audiostream.c:2575:23:FXVZlowshelfTick	0	static
../Core/Src/audiostream.c:2579:23:FXVZhighshelfTick	0	static
../Core/Src/audiostream.c:2583:23:FXVZbandrejectTick	0	static
../Core/Src/audiostream.c:2588:23:FXLadderLowpassTick	0	static
../Core/Src/audiostream.c:2594:6:FXLowpassParam1	16	static
../Core/Src/audiostream.c:2600:6:FXHighpassParam1	16	static
../Core/Src/audiostream.c:2607:6:FXBandpassParam1	16	static
../Core/Src/audiostream.c:2614:6:FXDiodeParam1	16	static
../Core/Src/audiostream.c:2620:6:FXPeakParam1	16	static
../Core/Src/audiostream.c:2626:6:FXLowShelfParam1	16	static
../Core/Src/audiostream.c:2632:6:FXHighShelfParam1	16	static
../Core/Src/audiostream.c:2638:6:FXNotchParam1	16	static
../Core/Src/audiostream.c:2644:6:FXLadderParam1	16	static
../Core/Src/audiostream.c:2653:6:FXPeakParam2	16	static
../Core/Src/audiostream.c:2658:6:FXLowShelfParam2	16	static
../Core/Src/audiostream.c:2663:6:FXHighShelfParam2	16	static
../Core/Src/audiostream.c:2668:6:FXNotchParam2	16	static
../Core/Src/audiostream.c:2674:6:FXLowpassParam3	0	static
../Core/Src/audiostream.c:2679:6:FXHighpassParam3	0	static
../Core/Src/audiostream.c:2684:6:FXBandpassParam3	0	static
../Core/Src/audiostream.c:2689:6:FXDiodeParam3	0	static
../Core/Src/audiostream.c:2695:6:FXPeakParam3	0	static
../Core/Src/audiostream.c:2701:6:FXLowShelfParam3	0	static
../Core/Src/audiostream.c:2707:6:FXHighShelfParam3	0	static
../Core/Src/audiostream.c:2713:6:FXNotchParam3	0	static
../Core/Src/audiostream.c:2719:6:FXLadderParam3	0	static
../Core/Src/audiostream.c:2729:21:noiseSetTilt	16	static
../Core/Src/audiostream.c:2736:21:noiseSetGain	8	static
../Core/Src/audiostream.c:2741:21:noiseSetFreq	8	static
../Core/Src/audiostream.c:2752:21:noise_tick	40	static
../Core/Src/audiostream.c:1710:8:audioTickL	128	dynamic
../Core/Src/audiostream.c:700:6:audioFrame	152	static
../Core/Src/audiostream.c:2776:6:HAL_SPI_RxCpltCallback	16	static
../Core/Src/audiostream.c:2823:6:HAL_SPI_RxHalfCpltCallback	16	static
../Core/Src/audiostream.c:2862:6:HAL_SPI_TxRxCpltCallback	8	static
../Core/Src/audiostream.c:2873:6:HAL_SPI_TxRxHalfCpltCallback	8	static
../Core/Src/audiostream.c:2883:21:HAL_SAI_TxCpltCallback	0	static
../Core/Src/audiostream.c:2889:21:HAL_SAI_TxHalfCpltCallback	0	static
../Core/Src/audiostream.c:2895:6:HAL_SAI_ErrorCallback	0	static
