../Core/Src/audiostream.c:573:21:audioFrameWaiting	4	static
../Core/Src/audiostream.c:555:21:audioFrameTesting	32	static
../Core/Src/audiostream.c:227:20:dbToATableLookup	0	static
../Core/Src/audiostream.c:248:20:mtofTableLookup	0	static
../Core/Src/audiostream.c:259:6:audioInit	48	static
../Core/Src/audiostream.c:399:6:audioStart	16	static
../Core/Src/audiostream.c:407:21:updateStateFromSPIMessage	24	static
../Core/Src/audiostream.c:447:6:voiceChangeCheck	16	static
../Core/Src/audiostream.c:524:21:HAL_SAI_TxCpltCallback	8	static,ignoring_inline_asm
../Core/Src/audiostream.c:540:21:HAL_SAI_TxHalfCpltCallback	8	static,ignoring_inline_asm
../Core/Src/audiostream.c:551:21:HAL_SAI_ErrorCallback	0	static
