../Core/Src/audiostream.c:233:7:map	0	static
../Core/Src/audiostream.c:239:6:audioInit	72	static
../Core/Src/audiostream.c:606:10:audioTick	32	static
../Core/Src/audiostream.c:685:21:oscillator_tick	96	static
../Core/Src/audiostream.c:725:22:sawSquareTick	32	static
../Core/Src/audiostream.c:737:22:sineTriTick	32	static
../Core/Src/audiostream.c:748:22:sawTick	24	static
../Core/Src/audiostream.c:758:22:pulseTick	32	static
../Core/Src/audiostream.c:769:22:sineTick	16	static
../Core/Src/audiostream.c:775:22:triTick	32	static
../Core/Src/audiostream.c:786:22:userTick	0	static
../Core/Src/audiostream.c:795:22:filter_tick	40	static
../Core/Src/audiostream.c:841:22:lowpassTick	24	static
../Core/Src/audiostream.c:848:22:highpassTick	24	static
../Core/Src/audiostream.c:855:22:bandpassTick	24	static
../Core/Src/audiostream.c:862:22:diodeLowpassTick	24	static
../Core/Src/audiostream.c:869:22:VZpeakTick	16	static
../Core/Src/audiostream.c:875:22:VZlowshelfTick	16	static
../Core/Src/audiostream.c:880:22:VZhighshelfTick	16	static
../Core/Src/audiostream.c:885:22:VZbandrejectTick	24	static
../Core/Src/audiostream.c:892:22:LadderLowpassTick	24	static
../Core/Src/audiostream.c:902:21:setFreqMultPitch	8	static
../Core/Src/audiostream.c:914:21:setFreqMultHarm	0	static
../Core/Src/audiostream.c:935:22:lowpassSetQ	0	static
../Core/Src/audiostream.c:940:22:highpassSetQ	0	static
../Core/Src/audiostream.c:945:22:bandpassSetQ	0	static
../Core/Src/audiostream.c:950:22:diodeLowpassSetQ	0	static
../Core/Src/audiostream.c:955:22:VZpeakSetQ	0	static
../Core/Src/audiostream.c:960:22:VZlowshelfSetQ	0	static
../Core/Src/audiostream.c:965:22:VZhighshelfSetQ	0	static
../Core/Src/audiostream.c:970:22:VZbandrejectSetQ	0	static
../Core/Src/audiostream.c:975:22:LadderLowpassSetQ	0	static
../Core/Src/audiostream.c:980:22:lowpassSetGain	8	static
../Core/Src/audiostream.c:985:22:highpassSetGain	8	static
../Core/Src/audiostream.c:990:22:bandpassSetGain	8	static
../Core/Src/audiostream.c:995:22:diodeLowpassSetGain	8	static
../Core/Src/audiostream.c:1000:22:VZpeakSetGain	8	static
../Core/Src/audiostream.c:1005:22:VZlowshelfSetGain	8	static
../Core/Src/audiostream.c:1010:22:VZhighshelfSetGain	8	static
../Core/Src/audiostream.c:1015:22:VZbandrejectSetGain	8	static
../Core/Src/audiostream.c:1020:23:LadderLowpassSetGain	8	static
../Core/Src/audiostream.c:1026:21:envelope_tick	24	static
../Core/Src/audiostream.c:1039:21:lfo_tick	40	static
../Core/Src/audiostream.c:1056:23:setEnvelopeAttack	0	static
../Core/Src/audiostream.c:1061:23:setEnvelopeDecay	0	static
../Core/Src/audiostream.c:1066:23:setEnvelopeSustain	0	static
../Core/Src/audiostream.c:1071:23:setEnvelopeRelease	0	static
../Core/Src/audiostream.c:1076:23:setEnvelopeLeak	0	static
../Core/Src/audiostream.c:1081:23:setAmp	0	static
../Core/Src/audiostream.c:1086:23:setMaster	0	static
../Core/Src/audiostream.c:1091:23:setTranspose	0	static
../Core/Src/audiostream.c:1096:23:setPitchBendRange	0	static
../Core/Src/audiostream.c:1101:23:setFinalLowpass	8	static
../Core/Src/audiostream.c:1107:21:tickMappings	40	static
../Core/Src/audiostream.c:1301:21:sendNoteOn	32	static
../Core/Src/audiostream.c:1342:21:sendCtrl	0	static
../Core/Src/audiostream.c:1350:21:sendPitchBend	0	static
../Core/Src/audiostream.c:1380:6:lfoSawSquareTick	8	static
../Core/Src/audiostream.c:1385:6:lfoSineTriTick	8	static
../Core/Src/audiostream.c:1390:6:lfoSineTick	8	static
../Core/Src/audiostream.c:1395:6:lfoTriTick	8	static
../Core/Src/audiostream.c:1399:6:lfoSawTick	8	static
../Core/Src/audiostream.c:1404:6:lfoPulseTick	8	static
../Core/Src/audiostream.c:1409:6:lfoSawSquareSetRate	0	static
../Core/Src/audiostream.c:1414:6:lfoSineTriSetRate	0	static
../Core/Src/audiostream.c:1418:6:lfoSineSetRate	0	static
../Core/Src/audiostream.c:1422:6:lfoTriSetRate	0	static
../Core/Src/audiostream.c:1426:6:lfoSawSetRate	0	static
../Core/Src/audiostream.c:1430:6:lfoPulseSetRate	0	static
../Core/Src/audiostream.c:1436:6:lfoSawSquareSetPhase	0	static
../Core/Src/audiostream.c:1440:6:lfoSineTriSetPhase	0	static
../Core/Src/audiostream.c:1444:6:lfoSineSetPhase	0	static
../Core/Src/audiostream.c:1448:6:lfoTriSetPhase	0	static
../Core/Src/audiostream.c:1452:6:lfoSawSetPhase	0	static
../Core/Src/audiostream.c:1456:6:lfoPulseSetPhase	0	static
../Core/Src/audiostream.c:1462:6:lfoSawSquareSetShape	0	static
../Core/Src/audiostream.c:1466:6:lfoSineTriSetShape	0	static
../Core/Src/audiostream.c:1470:6:lfoSineSetShape	0	static
../Core/Src/audiostream.c:1474:6:lfoTriSetShape	0	static
../Core/Src/audiostream.c:1478:6:lfoSawSetShape	0	static
../Core/Src/audiostream.c:1482:6:lfoPulseSetShape	0	static
../Core/Src/audiostream.c:1489:21:cStack_init	0	static
../Core/Src/audiostream.c:1500:21:cStack_push	4	static
../Core/Src/audiostream.c:1508:21:cStack_pop	0	static
../Core/Src/audiostream.c:1526:22:clipperGainSet	8	static
../Core/Src/audiostream.c:1530:22:wavefolderParam1	8	static
../Core/Src/audiostream.c:1534:22:wavefolderParam3	0	static
../Core/Src/audiostream.c:1541:22:tiltParam1	16	static
../Core/Src/audiostream.c:1547:22:tiltParam2	8	static
../Core/Src/audiostream.c:1553:22:tiltParam3	0	static
../Core/Src/audiostream.c:1557:22:tiltParam4	8	static
../Core/Src/audiostream.c:1562:22:compressorParam1	0	static
../Core/Src/audiostream.c:1566:22:compressorParam2	0	static
../Core/Src/audiostream.c:1572:22:compressorParam3	0	static
../Core/Src/audiostream.c:1577:22:compressorParam4	8	static
../Core/Src/audiostream.c:1583:22:compressorParam5	8	static
../Core/Src/audiostream.c:1589:22:offsetParam2	0	static
../Core/Src/audiostream.c:1593:21:param2Linear	0	static
../Core/Src/audiostream.c:1597:21:param3Linear	0	static
../Core/Src/audiostream.c:1601:21:param3Soft	0	static
../Core/Src/audiostream.c:1607:21:param3Hard	8	static
../Core/Src/audiostream.c:1612:21:param4Linear	0	static
../Core/Src/audiostream.c:1617:21:param5Linear	0	static
../Core/Src/audiostream.c:1621:21:param2BC	0	static
../Core/Src/audiostream.c:1625:21:param3BC	0	static
../Core/Src/audiostream.c:1630:21:param4BC	0	static
../Core/Src/audiostream.c:1634:21:param5BC	0	static
../Core/Src/audiostream.c:1641:21:fxMixSet	0	static
../Core/Src/audiostream.c:1646:21:fxPostGainSet	8	static
../Core/Src/audiostream.c:1654:22:wavefolderTick	24	static
../Core/Src/audiostream.c:1692:21:chorusParam1	0	static
../Core/Src/audiostream.c:1696:21:chorusParam2	0	static
../Core/Src/audiostream.c:1701:21:chorusParam3	0	static
../Core/Src/audiostream.c:1706:21:chorusParam4	0	static
../Core/Src/audiostream.c:1712:22:chorusTick	40	static
../Core/Src/audiostream.c:1722:22:shaperTick	8	static
../Core/Src/audiostream.c:1730:22:blankTick	0	static
../Core/Src/audiostream.c:1735:22:tiltFilterTick	8	static
../Core/Src/audiostream.c:1743:22:tanhTick	8	static
../Core/Src/audiostream.c:1758:22:softClipTick	0	static
../Core/Src/audiostream.c:1780:22:hardClipTick	16	static
../Core/Src/audiostream.c:1802:22:satTick	8	static
../Core/Src/audiostream.c:1814:22:bcTick	0	static
../Core/Src/audiostream.c:1821:22:compressorTick	0	static
../Core/Src/audiostream.c:1826:23:FXlowpassTick	0	static
../Core/Src/audiostream.c:1831:23:FXhighpassTick	0	static
../Core/Src/audiostream.c:1836:23:FXbandpassTick	0	static
../Core/Src/audiostream.c:1841:23:FXdiodeLowpassTick	0	static
../Core/Src/audiostream.c:1846:23:FXVZpeakTick	0	static
../Core/Src/audiostream.c:1851:23:FXVZlowshelfTick	0	static
../Core/Src/audiostream.c:1855:23:FXVZhighshelfTick	0	static
../Core/Src/audiostream.c:1859:23:FXVZbandrejectTick	0	static
../Core/Src/audiostream.c:1864:23:FXLadderLowpassTick	0	static
../Core/Src/audiostream.c:1870:6:FXLowpassParam1	8	static
../Core/Src/audiostream.c:1876:6:FXHighpassParam1	8	static
../Core/Src/audiostream.c:1883:6:FXBandpassParam1	8	static
../Core/Src/audiostream.c:1890:6:FXDiodeParam1	8	static
../Core/Src/audiostream.c:1896:6:FXPeakParam1	8	static
../Core/Src/audiostream.c:1902:6:FXLowShelfParam1	8	static
../Core/Src/audiostream.c:1908:6:FXHighShelfParam1	8	static
../Core/Src/audiostream.c:1914:6:FXNotchParam1	8	static
../Core/Src/audiostream.c:1920:6:FXLadderParam1	8	static
../Core/Src/audiostream.c:1929:6:FXPeakParam2	8	static
../Core/Src/audiostream.c:1934:6:FXLowShelfParam2	8	static
../Core/Src/audiostream.c:1939:6:FXHighShelfParam2	8	static
../Core/Src/audiostream.c:1944:6:FXNotchParam2	8	static
../Core/Src/audiostream.c:1950:6:FXLowpassParam3	0	static
../Core/Src/audiostream.c:1955:6:FXHighpassParam3	0	static
../Core/Src/audiostream.c:1960:6:FXBandpassParam3	0	static
../Core/Src/audiostream.c:1965:6:FXDiodeParam3	0	static
../Core/Src/audiostream.c:1971:6:FXPeakParam3	0	static
../Core/Src/audiostream.c:1977:6:FXLowShelfParam3	0	static
../Core/Src/audiostream.c:1983:6:FXHighShelfParam3	0	static
../Core/Src/audiostream.c:1989:6:FXNotchParam3	0	static
../Core/Src/audiostream.c:1995:6:FXLadderParam3	0	static
../Core/Src/audiostream.c:2005:21:noiseSetTilt	16	static
../Core/Src/audiostream.c:2012:21:noiseSetGain	8	static
../Core/Src/audiostream.c:2017:21:noiseSetFreq	8	static
../Core/Src/audiostream.c:2028:21:noise_tick	32	static
../Core/Src/audiostream.c:1146:8:audioTickL	80	static
../Core/Src/audiostream.c:425:6:audioFrame	72	static
../Core/Src/audiostream.c:1364:21:HAL_SAI_RxCpltCallback	0	static
../Core/Src/audiostream.c:1370:21:HAL_SAI_RxHalfCpltCallback	0	static
../Core/Src/audiostream.c:2061:6:HAL_SPI_RxCpltCallback	16	static
../Core/Src/audiostream.c:2107:6:HAL_SPI_RxHalfCpltCallback	12	static
../Core/Src/audiostream.c:2150:6:HAL_SAI_ErrorCallback	0	static
../Core/Src/audiostream.c:2154:6:HAL_SAI_TxCpltCallback	0	static
../Core/Src/audiostream.c:2159:6:HAL_SAI_TxHalfCpltCallback	0	static
