../Core/Src/audiostream.c:267:7:map	0	static
../Core/Src/audiostream.c:273:6:audioInit	96	static
../Core/Src/audiostream.c:513:6:updateStateFromSPIMessage	16	static
../Core/Src/audiostream.c:945:21:oscillator_tick	120	static
../Core/Src/audiostream.c:1004:22:sawSquareTick	40	static
../Core/Src/audiostream.c:1016:22:sineTriTick	40	static
../Core/Src/audiostream.c:1027:22:sawTick	32	static
../Core/Src/audiostream.c:1037:22:pulseTick	40	static
../Core/Src/audiostream.c:1048:22:sineTick	16	static
../Core/Src/audiostream.c:1054:22:triTick	40	static
../Core/Src/audiostream.c:1065:22:userTick	0	static
../Core/Src/audiostream.c:1074:22:filter_tick	56	static
../Core/Src/audiostream.c:1121:22:lowpassTick	24	static
../Core/Src/audiostream.c:1128:22:highpassTick	24	static
../Core/Src/audiostream.c:1135:22:bandpassTick	24	static
../Core/Src/audiostream.c:1142:22:diodeLowpassTick	24	static
../Core/Src/audiostream.c:1149:22:VZpeakTick	16	static
../Core/Src/audiostream.c:1155:22:VZlowshelfTick	16	static
../Core/Src/audiostream.c:1160:22:VZhighshelfTick	16	static
../Core/Src/audiostream.c:1165:22:VZbandrejectTick	24	static
../Core/Src/audiostream.c:1172:22:LadderLowpassTick	24	static
../Core/Src/audiostream.c:1182:21:setFreqMultPitch	16	static
../Core/Src/audiostream.c:1193:21:setFreqMultHarm	0	static
../Core/Src/audiostream.c:1214:22:lowpassSetQ	0	static
../Core/Src/audiostream.c:1219:22:highpassSetQ	0	static
../Core/Src/audiostream.c:1224:22:bandpassSetQ	0	static
../Core/Src/audiostream.c:1229:22:diodeLowpassSetQ	0	static
../Core/Src/audiostream.c:1234:22:VZpeakSetQ	0	static
../Core/Src/audiostream.c:1239:22:VZlowshelfSetQ	0	static
../Core/Src/audiostream.c:1244:22:VZhighshelfSetQ	0	static
../Core/Src/audiostream.c:1249:22:VZbandrejectSetQ	0	static
../Core/Src/audiostream.c:1254:22:LadderLowpassSetQ	0	static
../Core/Src/audiostream.c:1259:22:lowpassSetGain	16	static
../Core/Src/audiostream.c:1264:22:highpassSetGain	16	static
../Core/Src/audiostream.c:1269:22:bandpassSetGain	16	static
../Core/Src/audiostream.c:1274:22:diodeLowpassSetGain	16	static
../Core/Src/audiostream.c:1279:22:VZpeakSetGain	16	static
../Core/Src/audiostream.c:1284:22:VZlowshelfSetGain	16	static
../Core/Src/audiostream.c:1289:22:VZhighshelfSetGain	16	static
../Core/Src/audiostream.c:1294:22:VZbandrejectSetGain	16	static
../Core/Src/audiostream.c:1299:23:LadderLowpassSetGain	16	static
../Core/Src/audiostream.c:1305:21:envelope_tick	24	static
../Core/Src/audiostream.c:1319:21:lfo_tick	40	static
../Core/Src/audiostream.c:1336:23:setEnvelopeAttack	0	static
../Core/Src/audiostream.c:1342:23:setEnvelopeDecay	0	static
../Core/Src/audiostream.c:1348:23:setEnvelopeSustain	0	static
../Core/Src/audiostream.c:1353:23:setEnvelopeRelease	0	static
../Core/Src/audiostream.c:1359:23:setEnvelopeLeak	0	static
../Core/Src/audiostream.c:1364:23:setAmp	0	static
../Core/Src/audiostream.c:1369:23:setMaster	0	static
../Core/Src/audiostream.c:1374:23:setTranspose	0	static
../Core/Src/audiostream.c:1379:23:setPitchBendRange	0	static
../Core/Src/audiostream.c:1384:23:setFinalLowpass	8	static
../Core/Src/audiostream.c:1390:21:tickMappings	56	static
../Core/Src/audiostream.c:1664:8:audioTickString	96	dynamic
../Core/Src/audiostream.c:1722:8:audioTickString2	96	dynamic
../Core/Src/audiostream.c:1848:6:lfoSawSquareTick	8	static
../Core/Src/audiostream.c:1853:6:lfoSineTriTick	8	static
../Core/Src/audiostream.c:1858:6:lfoSineTick	8	static
../Core/Src/audiostream.c:1863:6:lfoTriTick	8	static
../Core/Src/audiostream.c:1867:6:lfoSawTick	8	static
../Core/Src/audiostream.c:1872:6:lfoPulseTick	8	static
../Core/Src/audiostream.c:1877:6:lfoSawSquareSetRate	0	static
../Core/Src/audiostream.c:1882:6:lfoSineTriSetRate	0	static
../Core/Src/audiostream.c:1886:6:lfoSineSetRate	0	static
../Core/Src/audiostream.c:1890:6:lfoTriSetRate	0	static
../Core/Src/audiostream.c:1894:6:lfoSawSetRate	0	static
../Core/Src/audiostream.c:1898:6:lfoPulseSetRate	0	static
../Core/Src/audiostream.c:1904:6:lfoSawSquareSetPhase	0	static
../Core/Src/audiostream.c:1908:6:lfoSineTriSetPhase	0	static
../Core/Src/audiostream.c:1912:6:lfoSineSetPhase	0	static
../Core/Src/audiostream.c:1916:6:lfoTriSetPhase	0	static
../Core/Src/audiostream.c:1920:6:lfoSawSetPhase	0	static
../Core/Src/audiostream.c:1924:6:lfoPulseSetPhase	0	static
../Core/Src/audiostream.c:1930:6:lfoSawSquareSetShape	0	static
../Core/Src/audiostream.c:1934:6:lfoSineTriSetShape	0	static
../Core/Src/audiostream.c:1938:6:lfoSineSetShape	0	static
../Core/Src/audiostream.c:1942:6:lfoTriSetShape	0	static
../Core/Src/audiostream.c:1946:6:lfoSawSetShape	0	static
../Core/Src/audiostream.c:1950:6:lfoPulseSetShape	0	static
../Core/Src/audiostream.c:1968:22:clipperGainSet	16	static
../Core/Src/audiostream.c:1972:22:wavefolderParam1	16	static
../Core/Src/audiostream.c:1976:22:wavefolderParam3	0	static
../Core/Src/audiostream.c:1983:22:tiltParam1	16	static
../Core/Src/audiostream.c:1989:22:tiltParam2	16	static
../Core/Src/audiostream.c:1995:22:tiltParam3	0	static
../Core/Src/audiostream.c:1999:22:tiltParam4	16	static
../Core/Src/audiostream.c:2004:22:compressorParam1	0	static
../Core/Src/audiostream.c:2008:22:compressorParam2	0	static
../Core/Src/audiostream.c:2014:22:compressorParam3	0	static
../Core/Src/audiostream.c:2019:22:compressorParam4	8	static
../Core/Src/audiostream.c:2025:22:compressorParam5	8	static
../Core/Src/audiostream.c:2031:22:offsetParam2	0	static
../Core/Src/audiostream.c:2035:21:param2Linear	0	static
../Core/Src/audiostream.c:2039:21:param3Linear	0	static
../Core/Src/audiostream.c:2043:21:param3Soft	0	static
../Core/Src/audiostream.c:2049:21:param3Hard	16	static
../Core/Src/audiostream.c:2059:21:param4Linear	0	static
../Core/Src/audiostream.c:2064:21:param5Linear	0	static
../Core/Src/audiostream.c:2068:21:param2BC	0	static
../Core/Src/audiostream.c:2072:21:param3BC	0	static
../Core/Src/audiostream.c:2077:21:param4BC	0	static
../Core/Src/audiostream.c:2081:21:param5BC	0	static
../Core/Src/audiostream.c:2088:21:fxMixSet	0	static
../Core/Src/audiostream.c:2093:21:fxPostGainSet	16	static
../Core/Src/audiostream.c:2101:22:wavefolderTick	24	static
../Core/Src/audiostream.c:2139:21:chorusParam1	0	static
../Core/Src/audiostream.c:2143:21:chorusParam2	0	static
../Core/Src/audiostream.c:2148:21:chorusParam3	0	static
../Core/Src/audiostream.c:2153:21:chorusParam4	0	static
../Core/Src/audiostream.c:2159:22:chorusTick	0	static
../Core/Src/audiostream.c:2170:22:shaperTick	8	static
../Core/Src/audiostream.c:2178:22:blankTick	0	static
../Core/Src/audiostream.c:2183:22:tiltFilterTick	8	static
../Core/Src/audiostream.c:2191:22:tanhTick	8	static
../Core/Src/audiostream.c:2206:22:softClipTick	4	static
../Core/Src/audiostream.c:2228:22:hardClipTick	16	static
../Core/Src/audiostream.c:2250:22:satTick	8	static
../Core/Src/audiostream.c:2262:22:bcTick	0	static
../Core/Src/audiostream.c:2269:22:compressorTick	0	static
../Core/Src/audiostream.c:2275:23:FXlowpassTick	0	static
../Core/Src/audiostream.c:2280:23:FXhighpassTick	0	static
../Core/Src/audiostream.c:2285:23:FXbandpassTick	0	static
../Core/Src/audiostream.c:2290:23:FXdiodeLowpassTick	0	static
../Core/Src/audiostream.c:2295:23:FXVZpeakTick	0	static
../Core/Src/audiostream.c:2300:23:FXVZlowshelfTick	0	static
../Core/Src/audiostream.c:2304:23:FXVZhighshelfTick	0	static
../Core/Src/audiostream.c:2308:23:FXVZbandrejectTick	0	static
../Core/Src/audiostream.c:2313:23:FXLadderLowpassTick	0	static
../Core/Src/audiostream.c:2319:6:FXLowpassParam1	16	static
../Core/Src/audiostream.c:2325:6:FXHighpassParam1	16	static
../Core/Src/audiostream.c:2332:6:FXBandpassParam1	16	static
../Core/Src/audiostream.c:2339:6:FXDiodeParam1	16	static
../Core/Src/audiostream.c:2345:6:FXPeakParam1	16	static
../Core/Src/audiostream.c:2351:6:FXLowShelfParam1	16	static
../Core/Src/audiostream.c:2357:6:FXHighShelfParam1	16	static
../Core/Src/audiostream.c:2363:6:FXNotchParam1	16	static
../Core/Src/audiostream.c:2369:6:FXLadderParam1	16	static
../Core/Src/audiostream.c:2378:6:FXPeakParam2	16	static
../Core/Src/audiostream.c:2383:6:FXLowShelfParam2	16	static
../Core/Src/audiostream.c:2388:6:FXHighShelfParam2	16	static
../Core/Src/audiostream.c:2393:6:FXNotchParam2	16	static
../Core/Src/audiostream.c:2399:6:FXLowpassParam3	0	static
../Core/Src/audiostream.c:2404:6:FXHighpassParam3	0	static
../Core/Src/audiostream.c:2409:6:FXBandpassParam3	0	static
../Core/Src/audiostream.c:2414:6:FXDiodeParam3	0	static
../Core/Src/audiostream.c:2420:6:FXPeakParam3	0	static
../Core/Src/audiostream.c:2426:6:FXLowShelfParam3	0	static
../Core/Src/audiostream.c:2432:6:FXHighShelfParam3	0	static
../Core/Src/audiostream.c:2438:6:FXNotchParam3	0	static
../Core/Src/audiostream.c:2444:6:FXLadderParam3	0	static
../Core/Src/audiostream.c:2454:21:noiseSetTilt	16	static
../Core/Src/audiostream.c:2461:21:noiseSetGain	8	static
../Core/Src/audiostream.c:2466:21:noiseSetFreq	8	static
../Core/Src/audiostream.c:2477:21:noise_tick	40	static
../Core/Src/audiostream.c:1435:8:audioTickL	128	dynamic
../Core/Src/audiostream.c:552:6:audioFrame	104	static
../Core/Src/audiostream.c:2501:6:HAL_SPI_RxCpltCallback	16	static
../Core/Src/audiostream.c:2548:6:HAL_SPI_RxHalfCpltCallback	16	static
../Core/Src/audiostream.c:2587:6:HAL_SPI_TxRxCpltCallback	8	static
../Core/Src/audiostream.c:2598:6:HAL_SPI_TxRxHalfCpltCallback	8	static
../Core/Src/audiostream.c:2608:21:HAL_SAI_TxCpltCallback	0	static
../Core/Src/audiostream.c:2614:21:HAL_SAI_TxHalfCpltCallback	0	static
../Core/Src/audiostream.c:2620:6:HAL_SAI_ErrorCallback	0	static
