../Core/Src/audiostream.c:226:20:dbToATableLookup	8	static
../Core/Src/audiostream.c:247:20:mtofTableLookup	8	static
../Core/Src/audiostream.c:258:6:audioInit	24	static
../Core/Src/audiostream.c:387:6:audioStart	8	static
../Core/Src/audiostream.c:395:21:updateStateFromSPIMessage	16	static
../Core/Src/audiostream.c:434:21:switchStringModel	8	static
../Core/Src/audiostream.c:569:21:audioFrameWaiting	8	static
../Core/Src/audiostream.c:543:21:HAL_SAI_TxCpltCallback	8	static,ignoring_inline_asm
../Core/Src/audiostream.c:554:21:HAL_SAI_TxHalfCpltCallback	8	static,ignoring_inline_asm
../Core/Src/audiostream.c:564:21:HAL_SAI_ErrorCallback	0	static
