../Core/Src/audiostream.c:545:21:audioFrameWaiting	4	static
../Core/Src/audiostream.c:226:20:dbToATableLookup	8	static
../Core/Src/audiostream.c:247:20:mtofTableLookup	8	static
../Core/Src/audiostream.c:258:6:audioInit	40	static
../Core/Src/audiostream.c:387:6:audioStart	8	static
../Core/Src/audiostream.c:395:21:updateStateFromSPIMessage	24	static
../Core/Src/audiostream.c:513:21:HAL_SAI_TxCpltCallback	16	static,ignoring_inline_asm
../Core/Src/audiostream.c:529:21:HAL_SAI_TxHalfCpltCallback	16	static,ignoring_inline_asm
../Core/Src/audiostream.c:540:21:HAL_SAI_ErrorCallback	0	static
