../Core/Src/main.c:1111:22:scaleDefault	0	static
../Core/Src/main.c:1123:22:scaleOscPitch	0	static
../Core/Src/main.c:1129:22:scaleOscFine	0	static
../Core/Src/main.c:1135:22:scaleOscFreq	0	static
../Core/Src/main.c:1153:22:scaleFilterCutoff	0	static
../Core/Src/main.c:1199:22:scaleFinalLowpass	0	static
../Core/Src/main.c:1206:21:blankFunction	0	static
../Core/Src/main.c:1141:22:scaleTranspose	8	static
../Core/Src/main.c:1147:22:scalePitchBend	8	static
../Core/Src/main.c:1159:22:scaleFilterResonance	16	static
../Core/Src/main.c:1172:22:scaleEnvTimes	16	static
../Core/Src/main.c:1186:22:scaleLFORates	16	static
../Core/Src/main.c:625:6:SystemClock_Config	144	static
../Core/Src/main.c:689:6:PeriphCommonClock_Config	200	static
../Core/Src/main.c:716:22:randomNumber	0	static
../Core/Src/main.c:723:9:BSP_SD_IsDetected	8	static
../Core/Src/main.c:735:6:getPresetNamesFromSDCard	72	static
../Core/Src/main.c:1055:6:SDRAM_init	48	static
../Core/Src/main.c:1117:22:scaleTwo	0	static
../Core/Src/main.c:1214:6:setEffectsFunctions	20	static
../Core/Src/main.c:1426:6:setOscilllatorShapes	0	static
../Core/Src/main.c:1455:6:setFilterTypes	4	static
../Core/Src/main.c:1509:6:setLFOShapes	4	static
../Core/Src/main.c:2342:21:parsePreset	96	static,ignoring_inline_asm
../Core/Src/main.c:219:5:main	104	static,ignoring_inline_asm
../Core/Src/main.c:1573:7:handleSPI	80	static
../Core/Src/main.c:1557:9:fromHex	0	static
../Core/Src/main.c:1567:9:fromAscii	0	static
../Core/Src/main.c:3158:6:CycleCounterInit	0	static
../Core/Src/main.c:3176:6:FlushECC	16	static
../Core/Src/main.c:3208:21:HAL_I2C_SlaveRxCpltCallback	0	static
../Core/Src/main.c:3215:21:HAL_I2C_MasterTxCpltCallback	0	static
../Core/Src/main.c:3220:21:HAL_I2C_ErrorCallback	0	static
../Core/Src/main.c:3229:21:HAL_SPI_TxRxCpltCallback	16	static,ignoring_inline_asm
../Core/Src/main.c:3253:21:HAL_SPI_TxRxHalfCpltCallback	16	static,ignoring_inline_asm
../Core/Src/main.c:3278:21:HAL_SPI_RxCpltCallback	16	static,ignoring_inline_asm
../Core/Src/main.c:3313:21:HAL_SPI_RxHalfCpltCallback	16	static,ignoring_inline_asm
../Core/Src/main.c:3349:6:HAL_GPIO_EXTI_Callback	0	static
../Core/Src/main.c:3423:6:Error_Handler	0	static
