../Core/Src/main.c:1229:22:scaleFilterResonance	1
../Core/Src/main.c:1181:22:scaleDefault	1
../Core/Src/main.c:1193:22:scaleOscPitch	1
../Core/Src/main.c:1199:22:scaleOscFine	1
../Core/Src/main.c:1205:22:scaleOscFreq	1
../Core/Src/main.c:1211:22:scaleTranspose	1
../Core/Src/main.c:1217:22:scalePitchBend	1
../Core/Src/main.c:1223:22:scaleFilterCutoff	1
../Core/Src/main.c:1242:22:scaleEnvTimes	1
../Core/Src/main.c:1256:22:scaleLFORates	1
../Core/Src/main.c:1269:22:scaleFinalLowpass	1
../Core/Src/main.c:1276:21:blankFunction	1
../Core/Src/main.c:632:6:SystemClock_Config	2
../Core/Src/main.c:691:6:PeriphCommonClock_Config	1
../Core/Src/main.c:718:22:randomNumber	1
../Core/Src/main.c:725:9:BSP_SD_IsDetected	1
../Core/Src/main.c:737:6:getPresetNamesFromSDCard	8
../Core/Src/main.c:1125:6:SDRAM_init	1
../Core/Src/main.c:1187:22:scaleTwo	1
../Core/Src/main.c:1284:6:setEffectsFunctions	25
../Core/Src/main.c:1496:6:setOscilllatorShapes	7
../Core/Src/main.c:1525:6:setFilterTypes	10
../Core/Src/main.c:1579:6:setLFOShapes	7
../Core/Src/main.c:2418:21:parsePreset	95
../Core/Src/main.c:220:5:main	40
../Core/Src/main.c:1643:7:handleSPI	206
../Core/Src/main.c:1627:9:fromHex	4
../Core/Src/main.c:1637:9:fromAscii	7
../Core/Src/main.c:3234:6:CycleCounterInit	2
../Core/Src/main.c:3252:6:FlushECC	4
../Core/Src/main.c:3284:21:HAL_I2C_SlaveRxCpltCallback	1
../Core/Src/main.c:3291:21:HAL_I2C_MasterTxCpltCallback	1
../Core/Src/main.c:3296:21:HAL_I2C_ErrorCallback	1
../Core/Src/main.c:3305:21:HAL_SPI_TxRxCpltCallback	3
../Core/Src/main.c:3329:21:HAL_SPI_TxRxHalfCpltCallback	3
../Core/Src/main.c:3354:21:HAL_SPI_RxCpltCallback	16
../Core/Src/main.c:3389:21:HAL_SPI_RxHalfCpltCallback	16
../Core/Src/main.c:3425:6:HAL_GPIO_EXTI_Callback	2
../Core/Src/main.c:3499:6:Error_Handler	1
