/Users/josnyder/dev/LEAF/leaf/./Inc/leaf-math.h:356:22:fasterexpf	0	static
/Users/josnyder/dev/LEAF/leaf/./Inc/leaf-math.h:375:22:fastExp4	0	static
/Users/josnyder/dev/LEAF/leaf/./Inc/leaf-math.h:510:22:LEAF_shaper	0	static
/Users/josnyder/dev/LEAF/leaf/./Inc/leaf-math.h:653:22:fast_tanh5	0	static
../Core/Src/synth.c:184:6:audioInitSynth	56	static
../Core/Src/synth.c:307:7:audioFreeSynth	16	static
../Core/Src/synth.c:320:7:audioSwitchToSynth	24	static
../Core/Src/synth.c:707:6:changeOversampling	32	static
../Core/Src/synth.c:758:21:oscillator_tick	72	static
../Core/Src/synth.c:805:22:sawSquareTick	24	static
../Core/Src/synth.c:817:22:sineTriTick	24	static
../Core/Src/synth.c:828:22:sawTick	16	static
../Core/Src/synth.c:838:22:pulseTick	24	static
../Core/Src/synth.c:849:22:sineTick	16	static
../Core/Src/synth.c:855:22:triTick	24	static
../Core/Src/synth.c:866:22:userTick	0	static
../Core/Src/synth.c:875:22:filter_tick	40	static
../Core/Src/synth.c:913:22:lowpassTick	16	static
../Core/Src/synth.c:920:22:highpassTick	16	static
../Core/Src/synth.c:927:22:bandpassTick	16	static
../Core/Src/synth.c:934:22:diodeLowpassTick	16	static
../Core/Src/synth.c:941:22:VZpeakTick	16	static
../Core/Src/synth.c:947:22:VZlowshelfTick	16	static
../Core/Src/synth.c:952:22:VZhighshelfTick	16	static
../Core/Src/synth.c:957:22:VZbandrejectTick	16	static
../Core/Src/synth.c:964:22:LadderLowpassTick	16	static
../Core/Src/synth.c:974:21:setFreqMultPitch	0	static
../Core/Src/synth.c:984:21:setFreqMultHarm	0	static
../Core/Src/synth.c:1005:22:lowpassSetQ	8	static
../Core/Src/synth.c:1010:22:highpassSetQ	8	static
../Core/Src/synth.c:1015:22:bandpassSetQ	8	static
../Core/Src/synth.c:1020:22:diodeLowpassSetQ	8	static
../Core/Src/synth.c:1025:22:VZpeakSetQ	8	static
../Core/Src/synth.c:1030:22:VZlowshelfSetQ	8	static
../Core/Src/synth.c:1035:22:VZhighshelfSetQ	8	static
../Core/Src/synth.c:1040:22:VZbandrejectSetQ	8	static
../Core/Src/synth.c:1045:22:LadderLowpassSetQ	8	static
../Core/Src/synth.c:1050:22:lowpassSetGain	16	static
../Core/Src/synth.c:1055:22:highpassSetGain	16	static
../Core/Src/synth.c:1060:22:bandpassSetGain	16	static
../Core/Src/synth.c:1065:22:diodeLowpassSetGain	16	static
../Core/Src/synth.c:1070:22:VZpeakSetGain	8	static
../Core/Src/synth.c:1075:22:VZlowshelfSetGain	8	static
../Core/Src/synth.c:1080:22:VZhighshelfSetGain	8	static
../Core/Src/synth.c:1085:22:VZbandrejectSetGain	16	static
../Core/Src/synth.c:1090:23:LadderLowpassSetGain	16	static
../Core/Src/synth.c:1096:21:envelope_tick	16	static
../Core/Src/synth.c:1108:21:lfo_tick	24	static
../Core/Src/synth.c:1122:23:setEnvelopeAttack	8	static
../Core/Src/synth.c:1128:23:setEnvelopeDecay	8	static
../Core/Src/synth.c:1134:23:setEnvelopeSustain	8	static
../Core/Src/synth.c:1139:23:setEnvelopeRelease	8	static
../Core/Src/synth.c:1145:23:setEnvelopeLeak	8	static
../Core/Src/synth.c:1150:23:setAmp	0	static
../Core/Src/synth.c:1155:23:setMaster	0	static
../Core/Src/synth.c:1160:23:setTranspose	0	static
../Core/Src/synth.c:1165:23:setPitchBendRange	0	static
../Core/Src/synth.c:1170:23:setFinalLowpass	8	static
../Core/Src/synth.c:1176:21:tickMappings	32	static
../Core/Src/synth.c:1224:21:lfoSawSquareTick	8	static
../Core/Src/synth.c:1229:21:lfoSineTriTick	8	static
../Core/Src/synth.c:1234:21:lfoSineTick	8	static
../Core/Src/synth.c:1239:21:lfoTriTick	8	static
../Core/Src/synth.c:1243:21:lfoSawTick	8	static
../Core/Src/synth.c:1248:21:lfoPulseTick	8	static
../Core/Src/synth.c:1253:21:lfoSawSquareSetRate	8	static
../Core/Src/synth.c:1258:21:lfoSineTriSetRate	8	static
../Core/Src/synth.c:1262:21:lfoSineSetRate	8	static
../Core/Src/synth.c:1266:21:lfoTriSetRate	8	static
../Core/Src/synth.c:1270:21:lfoSawSetRate	8	static
../Core/Src/synth.c:1274:21:lfoPulseSetRate	8	static
../Core/Src/synth.c:1280:21:lfoSawSquareSetPhase	8	static
../Core/Src/synth.c:1284:21:lfoSineTriSetPhase	8	static
../Core/Src/synth.c:1288:21:lfoSineSetPhase	8	static
../Core/Src/synth.c:1292:21:lfoTriSetPhase	8	static
../Core/Src/synth.c:1296:21:lfoSawSetPhase	8	static
../Core/Src/synth.c:1300:21:lfoPulseSetPhase	8	static
../Core/Src/synth.c:1306:21:lfoSawSquareSetShape	8	static
../Core/Src/synth.c:1310:21:lfoSineTriSetShape	8	static
../Core/Src/synth.c:1314:21:lfoSineSetShape	0	static
../Core/Src/synth.c:1318:21:lfoTriSetShape	0	static
../Core/Src/synth.c:1322:21:lfoSawSetShape	0	static
../Core/Src/synth.c:1326:21:lfoPulseSetShape	8	static
../Core/Src/synth.c:1334:22:param1Linear	0	static
../Core/Src/synth.c:1339:22:clipperGainSet	16	static
../Core/Src/synth.c:1343:22:wavefolderParam1	16	static
../Core/Src/synth.c:1347:22:wavefolderParam3	0	static
../Core/Src/synth.c:1354:22:tiltParam1	8	static
../Core/Src/synth.c:1359:22:tiltParam2	8	static
../Core/Src/synth.c:1365:22:tiltParam3	8	static
../Core/Src/synth.c:1369:22:tiltParam4	8	static
../Core/Src/synth.c:1374:22:compressorParam1	0	static
../Core/Src/synth.c:1378:22:compressorParam2	0	static
../Core/Src/synth.c:1384:22:compressorParam3	0	static
../Core/Src/synth.c:1389:22:compressorParam4	8	static
../Core/Src/synth.c:1395:22:compressorParam5	8	static
../Core/Src/synth.c:1401:22:offsetParam2	0	static
../Core/Src/synth.c:1405:21:param2Linear	0	static
../Core/Src/synth.c:1409:21:param3Linear	0	static
../Core/Src/synth.c:1413:21:param3Soft	0	static
../Core/Src/synth.c:1419:21:param3Hard	16	static
../Core/Src/synth.c:1430:21:param3Poly	0	static
../Core/Src/synth.c:1442:21:param4Linear	0	static
../Core/Src/synth.c:1447:21:param5Linear	0	static
../Core/Src/synth.c:1451:21:param2BC	8	static
../Core/Src/synth.c:1455:21:param3BC	8	static
../Core/Src/synth.c:1460:21:param4BC	8	static
../Core/Src/synth.c:1464:21:param5BC	8	static
../Core/Src/synth.c:1471:21:fxMixSet	0	static
../Core/Src/synth.c:1476:21:fxPostGainSet	16	static
../Core/Src/synth.c:1484:22:wavefolderTick	24	static
../Core/Src/synth.c:1523:21:chorusParam1	0	static
../Core/Src/synth.c:1527:21:chorusParam2	0	static
../Core/Src/synth.c:1532:21:chorusParam3	8	static
../Core/Src/synth.c:1537:21:chorusParam4	8	static
../Core/Src/synth.c:1543:21:delayParam1	8	static
../Core/Src/synth.c:1548:21:delayParam2	0	static
../Core/Src/synth.c:1553:21:delayParam3	8	static
../Core/Src/synth.c:1558:21:delayParam4	8	static
../Core/Src/synth.c:1563:21:delayParam5	0	static
../Core/Src/synth.c:1570:7:delayTick	16	static
../Core/Src/synth.c:1588:22:chorusTick	48	static
../Core/Src/synth.c:1599:22:shaperTick	8	static
../Core/Src/synth.c:1607:22:blankTick	0	static
../Core/Src/synth.c:1612:22:tiltFilterTick	8	static
../Core/Src/synth.c:1619:22:tanhTick	8	static
../Core/Src/synth.c:1634:22:softClipTick	8	static
../Core/Src/synth.c:1656:22:hardClipTick	24	static
../Core/Src/synth.c:1678:22:polynomialShaperTick	8	static
../Core/Src/synth.c:1699:22:satTick	8	static
../Core/Src/synth.c:1711:22:bcTick	8	static
../Core/Src/synth.c:1718:22:compressorTick	8	static
../Core/Src/synth.c:1723:23:FXlowpassTick	8	static
../Core/Src/synth.c:1728:23:FXhighpassTick	8	static
../Core/Src/synth.c:1733:23:FXbandpassTick	8	static
../Core/Src/synth.c:1738:23:FXdiodeLowpassTick	8	static
../Core/Src/synth.c:1743:23:FXVZpeakTick	8	static
../Core/Src/synth.c:1748:23:FXVZlowshelfTick	8	static
../Core/Src/synth.c:1752:23:FXVZhighshelfTick	8	static
../Core/Src/synth.c:1756:23:FXVZbandrejectTick	8	static
../Core/Src/synth.c:1761:23:FXLadderLowpassTick	8	static
../Core/Src/synth.c:1767:22:FXLowpassParam1	8	static
../Core/Src/synth.c:1772:21:FXHighpassParam1	8	static
../Core/Src/synth.c:1778:21:FXBandpassParam1	8	static
../Core/Src/synth.c:1784:21:FXDiodeParam1	8	static
../Core/Src/synth.c:1789:21:FXPeakParam1	8	static
../Core/Src/synth.c:1794:21:FXLowShelfParam1	8	static
../Core/Src/synth.c:1799:21:FXHighShelfParam1	8	static
../Core/Src/synth.c:1804:21:FXNotchParam1	8	static
../Core/Src/synth.c:1809:21:FXLadderParam1	8	static
../Core/Src/synth.c:1817:21:FXPeakParam2	8	static
../Core/Src/synth.c:1822:21:FXLowShelfParam2	8	static
../Core/Src/synth.c:1827:21:FXHighShelfParam2	8	static
../Core/Src/synth.c:1832:21:FXNotchParam2	8	static
../Core/Src/synth.c:1838:21:FXLowpassParam3	8	static
../Core/Src/synth.c:1843:21:FXHighpassParam3	8	static
../Core/Src/synth.c:1848:21:FXBandpassParam3	8	static
../Core/Src/synth.c:1853:21:FXDiodeParam3	8	static
../Core/Src/synth.c:1859:21:FXPeakParam3	8	static
../Core/Src/synth.c:1865:21:FXLowShelfParam3	8	static
../Core/Src/synth.c:1871:21:FXHighShelfParam3	8	static
../Core/Src/synth.c:1877:21:FXNotchParam3	8	static
../Core/Src/synth.c:1883:21:FXLadderParam3	8	static
../Core/Src/synth.c:1893:21:noiseSetTilt	8	static
../Core/Src/synth.c:1900:21:noiseSetGain	8	static
../Core/Src/synth.c:1905:21:noiseSetFreq	8	static
../Core/Src/synth.c:1914:21:noise_tick	24	static
../Core/Src/synth.c:475:22:audioTickSynth	72	dynamic
../Core/Src/synth.c:355:21:audioFrameSynth	32	static
