../Core/Src/synth.c:182:6:audioInitSynth	104	static
../Core/Src/synth.c:306:7:audioFreeSynth	0	static
../Core/Src/synth.c:311:7:audioSwitchToSynth	32	static
../Core/Src/synth.c:618:6:changeOversampling	80	static
../Core/Src/synth.c:668:21:oscillator_tick	88	static
../Core/Src/synth.c:715:22:sawSquareTick	24	static
../Core/Src/synth.c:727:22:sineTriTick	24	static
../Core/Src/synth.c:738:22:sawTick	16	static
../Core/Src/synth.c:748:22:pulseTick	24	static
../Core/Src/synth.c:759:22:sineTick	16	static
../Core/Src/synth.c:765:22:triTick	24	static
../Core/Src/synth.c:776:22:userTick	0	static
../Core/Src/synth.c:785:22:filter_tick	32	static
../Core/Src/synth.c:827:22:lowpassTick	24	static
../Core/Src/synth.c:834:22:highpassTick	24	static
../Core/Src/synth.c:841:22:bandpassTick	24	static
../Core/Src/synth.c:848:22:diodeLowpassTick	24	static
../Core/Src/synth.c:855:22:VZpeakTick	16	static
../Core/Src/synth.c:861:22:VZlowshelfTick	16	static
../Core/Src/synth.c:866:22:VZhighshelfTick	16	static
../Core/Src/synth.c:871:22:VZbandrejectTick	24	static
../Core/Src/synth.c:878:22:LadderLowpassTick	24	static
../Core/Src/synth.c:888:21:setFreqMultPitch	0	static
../Core/Src/synth.c:898:21:setFreqMultHarm	0	static
../Core/Src/synth.c:919:22:lowpassSetQ	0	static
../Core/Src/synth.c:924:22:highpassSetQ	0	static
../Core/Src/synth.c:929:22:bandpassSetQ	0	static
../Core/Src/synth.c:934:22:diodeLowpassSetQ	0	static
../Core/Src/synth.c:939:22:VZpeakSetQ	0	static
../Core/Src/synth.c:944:22:VZlowshelfSetQ	0	static
../Core/Src/synth.c:949:22:VZhighshelfSetQ	0	static
../Core/Src/synth.c:954:22:VZbandrejectSetQ	0	static
../Core/Src/synth.c:959:22:LadderLowpassSetQ	0	static
../Core/Src/synth.c:964:22:lowpassSetGain	16	static
../Core/Src/synth.c:969:22:highpassSetGain	16	static
../Core/Src/synth.c:974:22:bandpassSetGain	16	static
../Core/Src/synth.c:979:22:diodeLowpassSetGain	16	static
../Core/Src/synth.c:984:22:VZpeakSetGain	16	static
../Core/Src/synth.c:989:22:VZlowshelfSetGain	16	static
../Core/Src/synth.c:994:22:VZhighshelfSetGain	16	static
../Core/Src/synth.c:999:22:VZbandrejectSetGain	16	static
../Core/Src/synth.c:1004:23:LadderLowpassSetGain	16	static
../Core/Src/synth.c:1010:21:envelope_tick	16	static
../Core/Src/synth.c:1022:21:lfo_tick	40	static
../Core/Src/synth.c:1036:23:setEnvelopeAttack	0	static
../Core/Src/synth.c:1042:23:setEnvelopeDecay	0	static
../Core/Src/synth.c:1048:23:setEnvelopeSustain	0	static
../Core/Src/synth.c:1053:23:setEnvelopeRelease	0	static
../Core/Src/synth.c:1059:23:setEnvelopeLeak	0	static
../Core/Src/synth.c:1064:23:setAmp	0	static
../Core/Src/synth.c:1069:23:setMaster	0	static
../Core/Src/synth.c:1074:23:setTranspose	0	static
../Core/Src/synth.c:1079:23:setPitchBendRange	0	static
../Core/Src/synth.c:1084:23:setFinalLowpass	0	static
../Core/Src/synth.c:1090:21:tickMappings	48	static
../Core/Src/synth.c:1138:21:lfoSawSquareTick	8	static
../Core/Src/synth.c:1143:21:lfoSineTriTick	8	static
../Core/Src/synth.c:1148:21:lfoSineTick	8	static
../Core/Src/synth.c:1153:21:lfoTriTick	8	static
../Core/Src/synth.c:1157:21:lfoSawTick	8	static
../Core/Src/synth.c:1162:21:lfoPulseTick	8	static
../Core/Src/synth.c:1167:21:lfoSawSquareSetRate	0	static
../Core/Src/synth.c:1172:21:lfoSineTriSetRate	0	static
../Core/Src/synth.c:1176:21:lfoSineSetRate	0	static
../Core/Src/synth.c:1180:21:lfoTriSetRate	0	static
../Core/Src/synth.c:1184:21:lfoSawSetRate	0	static
../Core/Src/synth.c:1188:21:lfoPulseSetRate	0	static
../Core/Src/synth.c:1194:21:lfoSawSquareSetPhase	0	static
../Core/Src/synth.c:1198:21:lfoSineTriSetPhase	0	static
../Core/Src/synth.c:1202:21:lfoSineSetPhase	0	static
../Core/Src/synth.c:1206:21:lfoTriSetPhase	0	static
../Core/Src/synth.c:1210:21:lfoSawSetPhase	0	static
../Core/Src/synth.c:1214:21:lfoPulseSetPhase	0	static
../Core/Src/synth.c:1220:21:lfoSawSquareSetShape	0	static
../Core/Src/synth.c:1224:21:lfoSineTriSetShape	0	static
../Core/Src/synth.c:1228:21:lfoSineSetShape	0	static
../Core/Src/synth.c:1232:21:lfoTriSetShape	0	static
../Core/Src/synth.c:1236:21:lfoSawSetShape	0	static
../Core/Src/synth.c:1240:21:lfoPulseSetShape	0	static
../Core/Src/synth.c:1250:22:clipperGainSet	16	static
../Core/Src/synth.c:1254:22:wavefolderParam1	16	static
../Core/Src/synth.c:1258:22:wavefolderParam3	0	static
../Core/Src/synth.c:1265:22:tiltParam1	16	static
../Core/Src/synth.c:1271:22:tiltParam2	16	static
../Core/Src/synth.c:1277:22:tiltParam3	0	static
../Core/Src/synth.c:1281:22:tiltParam4	16	static
../Core/Src/synth.c:1286:22:compressorParam1	0	static
../Core/Src/synth.c:1290:22:compressorParam2	0	static
../Core/Src/synth.c:1296:22:compressorParam3	0	static
../Core/Src/synth.c:1301:22:compressorParam4	8	static
../Core/Src/synth.c:1307:22:compressorParam5	8	static
../Core/Src/synth.c:1313:22:offsetParam2	0	static
../Core/Src/synth.c:1317:21:param2Linear	0	static
../Core/Src/synth.c:1321:21:param3Linear	0	static
../Core/Src/synth.c:1325:21:param3Soft	0	static
../Core/Src/synth.c:1331:21:param3Hard	16	static
../Core/Src/synth.c:1342:21:param3Poly	16	static
../Core/Src/synth.c:1354:21:param4Linear	0	static
../Core/Src/synth.c:1359:21:param5Linear	0	static
../Core/Src/synth.c:1363:21:param2BC	0	static
../Core/Src/synth.c:1367:21:param3BC	0	static
../Core/Src/synth.c:1372:21:param4BC	0	static
../Core/Src/synth.c:1376:21:param5BC	0	static
../Core/Src/synth.c:1383:21:fxMixSet	0	static
../Core/Src/synth.c:1388:21:fxPostGainSet	16	static
../Core/Src/synth.c:1396:22:wavefolderTick	24	static
../Core/Src/synth.c:1435:21:chorusParam1	0	static
../Core/Src/synth.c:1439:21:chorusParam2	0	static
../Core/Src/synth.c:1444:21:chorusParam3	0	static
../Core/Src/synth.c:1449:21:chorusParam4	0	static
../Core/Src/synth.c:1455:21:delayParam1	0	static
../Core/Src/synth.c:1460:21:delayParam2	16	static
../Core/Src/synth.c:1465:21:delayParam3	0	static
../Core/Src/synth.c:1470:21:delayParam4	0	static
../Core/Src/synth.c:1475:21:delayParam5	0	static
../Core/Src/synth.c:1480:7:delayTick	16	static
../Core/Src/synth.c:1498:22:chorusTick	40	static
../Core/Src/synth.c:1509:22:shaperTick	8	static
../Core/Src/synth.c:1517:22:blankTick	0	static
../Core/Src/synth.c:1522:22:tiltFilterTick	8	static
../Core/Src/synth.c:1530:22:tanhTick	8	static
../Core/Src/synth.c:1545:22:softClipTick	0	static
../Core/Src/synth.c:1567:22:hardClipTick	16	static
../Core/Src/synth.c:1589:22:polynomialShaperTick	16	static
../Core/Src/synth.c:1610:22:satTick	8	static
../Core/Src/synth.c:1622:22:bcTick	0	static
../Core/Src/synth.c:1629:22:compressorTick	0	static
../Core/Src/synth.c:1635:23:FXlowpassTick	0	static
../Core/Src/synth.c:1640:23:FXhighpassTick	0	static
../Core/Src/synth.c:1645:23:FXbandpassTick	0	static
../Core/Src/synth.c:1650:23:FXdiodeLowpassTick	0	static
../Core/Src/synth.c:1655:23:FXVZpeakTick	0	static
../Core/Src/synth.c:1660:23:FXVZlowshelfTick	0	static
../Core/Src/synth.c:1664:23:FXVZhighshelfTick	0	static
../Core/Src/synth.c:1668:23:FXVZbandrejectTick	0	static
../Core/Src/synth.c:1673:23:FXLadderLowpassTick	0	static
../Core/Src/synth.c:1679:22:FXLowpassParam1	0	static
../Core/Src/synth.c:1684:21:FXHighpassParam1	0	static
../Core/Src/synth.c:1690:21:FXBandpassParam1	0	static
../Core/Src/synth.c:1696:21:FXDiodeParam1	0	static
../Core/Src/synth.c:1701:21:FXPeakParam1	0	static
../Core/Src/synth.c:1706:21:FXLowShelfParam1	0	static
../Core/Src/synth.c:1711:21:FXHighShelfParam1	0	static
../Core/Src/synth.c:1716:21:FXNotchParam1	0	static
../Core/Src/synth.c:1721:21:FXLadderParam1	0	static
../Core/Src/synth.c:1729:21:FXPeakParam2	16	static
../Core/Src/synth.c:1734:21:FXLowShelfParam2	16	static
../Core/Src/synth.c:1739:21:FXHighShelfParam2	16	static
../Core/Src/synth.c:1744:21:FXNotchParam2	16	static
../Core/Src/synth.c:1750:21:FXLowpassParam3	0	static
../Core/Src/synth.c:1755:21:FXHighpassParam3	0	static
../Core/Src/synth.c:1760:21:FXBandpassParam3	0	static
../Core/Src/synth.c:1765:21:FXDiodeParam3	0	static
../Core/Src/synth.c:1771:21:FXPeakParam3	0	static
../Core/Src/synth.c:1777:21:FXLowShelfParam3	0	static
../Core/Src/synth.c:1783:21:FXHighShelfParam3	0	static
../Core/Src/synth.c:1789:21:FXNotchParam3	0	static
../Core/Src/synth.c:1795:21:FXLadderParam3	0	static
../Core/Src/synth.c:1805:21:noiseSetTilt	16	static
../Core/Src/synth.c:1812:21:noiseSetGain	8	static
../Core/Src/synth.c:1817:21:noiseSetFreq	8	static
../Core/Src/synth.c:1826:21:noise_tick	32	static
../Core/Src/synth.c:435:22:audioTickSynth	128	dynamic
../Core/Src/synth.c:321:21:audioFrameSynth	80	static
