../Core/Src/synth.c:182:6:audioInitSynth	104	static
../Core/Src/synth.c:306:7:audioFreeSynth	0	static
../Core/Src/synth.c:311:7:audioSwitchToSynth	32	static
../Core/Src/synth.c:664:6:changeOversampling	80	static
../Core/Src/synth.c:714:21:oscillator_tick	88	static
../Core/Src/synth.c:769:22:sawSquareTick	24	static
../Core/Src/synth.c:781:22:sineTriTick	24	static
../Core/Src/synth.c:792:22:sawTick	16	static
../Core/Src/synth.c:802:22:pulseTick	24	static
../Core/Src/synth.c:813:22:sineTick	16	static
../Core/Src/synth.c:819:22:triTick	24	static
../Core/Src/synth.c:830:22:userTick	0	static
../Core/Src/synth.c:839:22:filter_tick	32	static
../Core/Src/synth.c:901:22:lowpassTick	24	static
../Core/Src/synth.c:908:22:highpassTick	24	static
../Core/Src/synth.c:915:22:bandpassTick	24	static
../Core/Src/synth.c:922:22:diodeLowpassTick	24	static
../Core/Src/synth.c:929:22:VZpeakTick	16	static
../Core/Src/synth.c:935:22:VZlowshelfTick	16	static
../Core/Src/synth.c:940:22:VZhighshelfTick	16	static
../Core/Src/synth.c:945:22:VZbandrejectTick	24	static
../Core/Src/synth.c:952:22:LadderLowpassTick	24	static
../Core/Src/synth.c:962:21:setFreqMultPitch	0	static
../Core/Src/synth.c:972:21:setFreqMultHarm	0	static
../Core/Src/synth.c:993:22:lowpassSetQ	0	static
../Core/Src/synth.c:998:22:highpassSetQ	0	static
../Core/Src/synth.c:1003:22:bandpassSetQ	0	static
../Core/Src/synth.c:1008:22:diodeLowpassSetQ	0	static
../Core/Src/synth.c:1013:22:VZpeakSetQ	0	static
../Core/Src/synth.c:1018:22:VZlowshelfSetQ	0	static
../Core/Src/synth.c:1023:22:VZhighshelfSetQ	0	static
../Core/Src/synth.c:1028:22:VZbandrejectSetQ	0	static
../Core/Src/synth.c:1033:22:LadderLowpassSetQ	0	static
../Core/Src/synth.c:1038:22:lowpassSetGain	16	static
../Core/Src/synth.c:1043:22:highpassSetGain	16	static
../Core/Src/synth.c:1048:22:bandpassSetGain	16	static
../Core/Src/synth.c:1053:22:diodeLowpassSetGain	16	static
../Core/Src/synth.c:1058:22:VZpeakSetGain	16	static
../Core/Src/synth.c:1063:22:VZlowshelfSetGain	16	static
../Core/Src/synth.c:1068:22:VZhighshelfSetGain	16	static
../Core/Src/synth.c:1073:22:VZbandrejectSetGain	16	static
../Core/Src/synth.c:1078:23:LadderLowpassSetGain	16	static
../Core/Src/synth.c:1084:21:envelope_tick	24	static
../Core/Src/synth.c:1096:21:lfo_tick	40	static
../Core/Src/synth.c:1110:23:setEnvelopeAttack	0	static
../Core/Src/synth.c:1116:23:setEnvelopeDecay	0	static
../Core/Src/synth.c:1122:23:setEnvelopeSustain	0	static
../Core/Src/synth.c:1127:23:setEnvelopeRelease	0	static
../Core/Src/synth.c:1133:23:setEnvelopeLeak	0	static
../Core/Src/synth.c:1138:23:setAmp	0	static
../Core/Src/synth.c:1143:23:setMaster	0	static
../Core/Src/synth.c:1148:23:setTranspose	0	static
../Core/Src/synth.c:1153:23:setPitchBendRange	0	static
../Core/Src/synth.c:1158:23:setFinalLowpass	0	static
../Core/Src/synth.c:1169:21:tickMappings	56	static
../Core/Src/synth.c:1217:21:lfoSawSquareTick	8	static
../Core/Src/synth.c:1222:21:lfoSineTriTick	8	static
../Core/Src/synth.c:1227:21:lfoSineTick	8	static
../Core/Src/synth.c:1232:21:lfoTriTick	8	static
../Core/Src/synth.c:1236:21:lfoSawTick	8	static
../Core/Src/synth.c:1241:21:lfoPulseTick	8	static
../Core/Src/synth.c:1246:21:lfoSawSquareSetRate	0	static
../Core/Src/synth.c:1251:21:lfoSineTriSetRate	0	static
../Core/Src/synth.c:1255:21:lfoSineSetRate	0	static
../Core/Src/synth.c:1259:21:lfoTriSetRate	0	static
../Core/Src/synth.c:1263:21:lfoSawSetRate	0	static
../Core/Src/synth.c:1267:21:lfoPulseSetRate	0	static
../Core/Src/synth.c:1273:21:lfoSawSquareSetPhase	0	static
../Core/Src/synth.c:1277:21:lfoSineTriSetPhase	0	static
../Core/Src/synth.c:1281:21:lfoSineSetPhase	0	static
../Core/Src/synth.c:1285:21:lfoTriSetPhase	0	static
../Core/Src/synth.c:1289:21:lfoSawSetPhase	0	static
../Core/Src/synth.c:1293:21:lfoPulseSetPhase	0	static
../Core/Src/synth.c:1299:21:lfoSawSquareSetShape	0	static
../Core/Src/synth.c:1303:21:lfoSineTriSetShape	0	static
../Core/Src/synth.c:1307:21:lfoSineSetShape	0	static
../Core/Src/synth.c:1311:21:lfoTriSetShape	0	static
../Core/Src/synth.c:1315:21:lfoSawSetShape	0	static
../Core/Src/synth.c:1319:21:lfoPulseSetShape	0	static
../Core/Src/synth.c:1329:22:clipperGainSet	16	static
../Core/Src/synth.c:1333:22:wavefolderParam1	16	static
../Core/Src/synth.c:1337:22:wavefolderParam3	0	static
../Core/Src/synth.c:1344:22:tiltParam1	16	static
../Core/Src/synth.c:1350:22:tiltParam2	16	static
../Core/Src/synth.c:1356:22:tiltParam3	0	static
../Core/Src/synth.c:1360:22:tiltParam4	16	static
../Core/Src/synth.c:1365:22:compressorParam1	0	static
../Core/Src/synth.c:1369:22:compressorParam2	0	static
../Core/Src/synth.c:1375:22:compressorParam3	0	static
../Core/Src/synth.c:1380:22:compressorParam4	8	static
../Core/Src/synth.c:1386:22:compressorParam5	8	static
../Core/Src/synth.c:1392:22:offsetParam2	0	static
../Core/Src/synth.c:1396:21:param2Linear	0	static
../Core/Src/synth.c:1400:21:param3Linear	0	static
../Core/Src/synth.c:1404:21:param3Soft	0	static
../Core/Src/synth.c:1410:21:param3Hard	16	static
../Core/Src/synth.c:1421:21:param3Poly	16	static
../Core/Src/synth.c:1433:21:param4Linear	0	static
../Core/Src/synth.c:1438:21:param5Linear	0	static
../Core/Src/synth.c:1442:21:param2BC	0	static
../Core/Src/synth.c:1446:21:param3BC	0	static
../Core/Src/synth.c:1451:21:param4BC	0	static
../Core/Src/synth.c:1455:21:param5BC	0	static
../Core/Src/synth.c:1462:21:fxMixSet	0	static
../Core/Src/synth.c:1467:21:fxPostGainSet	16	static
../Core/Src/synth.c:1475:22:wavefolderTick	24	static
../Core/Src/synth.c:1514:21:chorusParam1	0	static
../Core/Src/synth.c:1518:21:chorusParam2	0	static
../Core/Src/synth.c:1523:21:chorusParam3	0	static
../Core/Src/synth.c:1528:21:chorusParam4	0	static
../Core/Src/synth.c:1534:21:delayParam1	0	static
../Core/Src/synth.c:1539:21:delayParam2	16	static
../Core/Src/synth.c:1544:21:delayParam3	0	static
../Core/Src/synth.c:1549:21:delayParam4	0	static
../Core/Src/synth.c:1554:21:delayParam5	0	static
../Core/Src/synth.c:1559:7:delayTick	16	static
../Core/Src/synth.c:1577:22:chorusTick	40	static
../Core/Src/synth.c:1588:22:shaperTick	8	static
../Core/Src/synth.c:1596:22:blankTick	0	static
../Core/Src/synth.c:1601:22:tiltFilterTick	8	static
../Core/Src/synth.c:1609:22:tanhTick	8	static
../Core/Src/synth.c:1624:22:softClipTick	0	static
../Core/Src/synth.c:1646:22:hardClipTick	16	static
../Core/Src/synth.c:1668:22:polynomialShaperTick	16	static
../Core/Src/synth.c:1689:22:satTick	8	static
../Core/Src/synth.c:1701:22:bcTick	0	static
../Core/Src/synth.c:1708:22:compressorTick	0	static
../Core/Src/synth.c:1714:23:FXlowpassTick	0	static
../Core/Src/synth.c:1719:23:FXhighpassTick	0	static
../Core/Src/synth.c:1724:23:FXbandpassTick	0	static
../Core/Src/synth.c:1729:23:FXdiodeLowpassTick	0	static
../Core/Src/synth.c:1734:23:FXVZpeakTick	0	static
../Core/Src/synth.c:1739:23:FXVZlowshelfTick	0	static
../Core/Src/synth.c:1743:23:FXVZhighshelfTick	0	static
../Core/Src/synth.c:1747:23:FXVZbandrejectTick	0	static
../Core/Src/synth.c:1752:23:FXLadderLowpassTick	0	static
../Core/Src/synth.c:1758:22:FXLowpassParam1	0	static
../Core/Src/synth.c:1763:21:FXHighpassParam1	0	static
../Core/Src/synth.c:1769:21:FXBandpassParam1	0	static
../Core/Src/synth.c:1775:21:FXDiodeParam1	0	static
../Core/Src/synth.c:1780:21:FXPeakParam1	0	static
../Core/Src/synth.c:1785:21:FXLowShelfParam1	0	static
../Core/Src/synth.c:1790:21:FXHighShelfParam1	0	static
../Core/Src/synth.c:1795:21:FXNotchParam1	0	static
../Core/Src/synth.c:1800:21:FXLadderParam1	0	static
../Core/Src/synth.c:1808:21:FXPeakParam2	16	static
../Core/Src/synth.c:1813:21:FXLowShelfParam2	16	static
../Core/Src/synth.c:1818:21:FXHighShelfParam2	16	static
../Core/Src/synth.c:1823:21:FXNotchParam2	16	static
../Core/Src/synth.c:1829:21:FXLowpassParam3	0	static
../Core/Src/synth.c:1834:21:FXHighpassParam3	0	static
../Core/Src/synth.c:1839:21:FXBandpassParam3	0	static
../Core/Src/synth.c:1844:21:FXDiodeParam3	0	static
../Core/Src/synth.c:1850:21:FXPeakParam3	0	static
../Core/Src/synth.c:1856:21:FXLowShelfParam3	0	static
../Core/Src/synth.c:1862:21:FXHighShelfParam3	0	static
../Core/Src/synth.c:1868:21:FXNotchParam3	0	static
../Core/Src/synth.c:1874:21:FXLadderParam3	0	static
../Core/Src/synth.c:1884:21:noiseSetTilt	16	static
../Core/Src/synth.c:1891:21:noiseSetGain	8	static
../Core/Src/synth.c:1896:21:noiseSetFreq	8	static
../Core/Src/synth.c:1905:21:noise_tick	32	static
../Core/Src/synth.c:435:22:audioTickSynth	144	dynamic
../Core/Src/synth.c:321:21:audioFrameSynth	80	static
