../Core/Src/synth.c:192:6:audioInitSynth	56	static
../Core/Src/synth.c:322:7:audioFreeSynth	16	static
../Core/Src/synth.c:335:7:audioSwitchToSynth	24	static
../Core/Src/synth.c:680:6:changeOversampling	40	static
../Core/Src/synth.c:731:21:oscillator_tick	72	static
../Core/Src/synth.c:778:22:sawSquareTick	24	static
../Core/Src/synth.c:790:22:sineTriTick	24	static
../Core/Src/synth.c:801:22:sawTick	16	static
../Core/Src/synth.c:811:22:pulseTick	24	static
../Core/Src/synth.c:822:22:sineTick	16	static
../Core/Src/synth.c:828:22:triTick	24	static
../Core/Src/synth.c:839:22:userTick	0	static
../Core/Src/synth.c:848:22:filter_tick	40	static
../Core/Src/synth.c:886:22:lowpassTick	16	static
../Core/Src/synth.c:893:22:highpassTick	16	static
../Core/Src/synth.c:900:22:bandpassTick	16	static
../Core/Src/synth.c:907:22:diodeLowpassTick	16	static
../Core/Src/synth.c:914:22:VZpeakTick	16	static
../Core/Src/synth.c:920:22:VZlowshelfTick	16	static
../Core/Src/synth.c:925:22:VZhighshelfTick	16	static
../Core/Src/synth.c:930:22:VZbandrejectTick	16	static
../Core/Src/synth.c:937:22:LadderLowpassTick	16	static
../Core/Src/synth.c:947:21:setFreqMultPitch	0	static
../Core/Src/synth.c:957:21:setFreqMultHarm	0	static
../Core/Src/synth.c:978:22:lowpassSetQ	8	static
../Core/Src/synth.c:983:22:highpassSetQ	8	static
../Core/Src/synth.c:988:22:bandpassSetQ	8	static
../Core/Src/synth.c:993:22:diodeLowpassSetQ	8	static
../Core/Src/synth.c:998:22:VZpeakSetQ	8	static
../Core/Src/synth.c:1003:22:VZlowshelfSetQ	8	static
../Core/Src/synth.c:1008:22:VZhighshelfSetQ	8	static
../Core/Src/synth.c:1013:22:VZbandrejectSetQ	8	static
../Core/Src/synth.c:1018:22:LadderLowpassSetQ	8	static
../Core/Src/synth.c:1023:22:lowpassSetGain	16	static
../Core/Src/synth.c:1028:22:highpassSetGain	16	static
../Core/Src/synth.c:1033:22:bandpassSetGain	16	static
../Core/Src/synth.c:1038:22:diodeLowpassSetGain	16	static
../Core/Src/synth.c:1043:22:VZpeakSetGain	8	static
../Core/Src/synth.c:1048:22:VZlowshelfSetGain	8	static
../Core/Src/synth.c:1053:22:VZhighshelfSetGain	8	static
../Core/Src/synth.c:1058:22:VZbandrejectSetGain	16	static
../Core/Src/synth.c:1063:23:LadderLowpassSetGain	16	static
../Core/Src/synth.c:1069:21:envelope_tick	16	static
../Core/Src/synth.c:1081:21:lfo_tick	24	static
../Core/Src/synth.c:1095:23:setEnvelopeAttack	8	static
../Core/Src/synth.c:1101:23:setEnvelopeDecay	8	static
../Core/Src/synth.c:1107:23:setEnvelopeSustain	8	static
../Core/Src/synth.c:1112:23:setEnvelopeRelease	8	static
../Core/Src/synth.c:1118:23:setEnvelopeLeak	8	static
../Core/Src/synth.c:1123:23:setAmp	0	static
../Core/Src/synth.c:1128:23:setMaster	0	static
../Core/Src/synth.c:1133:23:setTranspose	0	static
../Core/Src/synth.c:1138:23:setPitchBendRange	0	static
../Core/Src/synth.c:1143:23:setFinalLowpass	8	static
../Core/Src/synth.c:1149:21:tickMappings	32	static
../Core/Src/synth.c:1197:21:lfoSawSquareTick	8	static
../Core/Src/synth.c:1202:21:lfoSineTriTick	8	static
../Core/Src/synth.c:1207:21:lfoSineTick	8	static
../Core/Src/synth.c:1212:21:lfoTriTick	8	static
../Core/Src/synth.c:1216:21:lfoSawTick	8	static
../Core/Src/synth.c:1221:21:lfoPulseTick	8	static
../Core/Src/synth.c:1226:21:lfoSawSquareSetRate	8	static
../Core/Src/synth.c:1231:21:lfoSineTriSetRate	8	static
../Core/Src/synth.c:1235:21:lfoSineSetRate	8	static
../Core/Src/synth.c:1239:21:lfoTriSetRate	8	static
../Core/Src/synth.c:1243:21:lfoSawSetRate	8	static
../Core/Src/synth.c:1247:21:lfoPulseSetRate	8	static
../Core/Src/synth.c:1253:21:lfoSawSquareSetPhase	8	static
../Core/Src/synth.c:1257:21:lfoSineTriSetPhase	8	static
../Core/Src/synth.c:1261:21:lfoSineSetPhase	8	static
../Core/Src/synth.c:1265:21:lfoTriSetPhase	8	static
../Core/Src/synth.c:1269:21:lfoSawSetPhase	8	static
../Core/Src/synth.c:1273:21:lfoPulseSetPhase	8	static
../Core/Src/synth.c:1279:21:lfoSawSquareSetShape	8	static
../Core/Src/synth.c:1283:21:lfoSineTriSetShape	8	static
../Core/Src/synth.c:1287:21:lfoSineSetShape	0	static
../Core/Src/synth.c:1291:21:lfoTriSetShape	0	static
../Core/Src/synth.c:1295:21:lfoSawSetShape	0	static
../Core/Src/synth.c:1299:21:lfoPulseSetShape	8	static
../Core/Src/synth.c:1307:22:param1Linear	0	static
../Core/Src/synth.c:1312:22:clipperGainSet	16	static
../Core/Src/synth.c:1316:22:wavefolderParam1	16	static
../Core/Src/synth.c:1320:22:wavefolderParam3	0	static
../Core/Src/synth.c:1327:22:tiltParam1	8	static
../Core/Src/synth.c:1332:22:tiltParam2	8	static
../Core/Src/synth.c:1338:22:tiltParam3	8	static
../Core/Src/synth.c:1342:22:tiltParam4	8	static
../Core/Src/synth.c:1347:22:compressorParam1	0	static
../Core/Src/synth.c:1351:22:compressorParam2	0	static
../Core/Src/synth.c:1357:22:compressorParam3	0	static
../Core/Src/synth.c:1362:22:compressorParam4	4	static
../Core/Src/synth.c:1368:22:compressorParam5	4	static
../Core/Src/synth.c:1374:22:offsetParam2	0	static
../Core/Src/synth.c:1378:21:param2Linear	0	static
../Core/Src/synth.c:1382:21:param3Linear	0	static
../Core/Src/synth.c:1386:21:param3Soft	0	static
../Core/Src/synth.c:1392:21:param3Hard	16	static
../Core/Src/synth.c:1403:21:param3Poly	0	static
../Core/Src/synth.c:1415:21:param4Linear	0	static
../Core/Src/synth.c:1420:21:param5Linear	0	static
../Core/Src/synth.c:1424:21:param2BC	8	static
../Core/Src/synth.c:1428:21:param3BC	8	static
../Core/Src/synth.c:1433:21:param4BC	8	static
../Core/Src/synth.c:1437:21:param5BC	8	static
../Core/Src/synth.c:1444:21:fxMixSet	0	static
../Core/Src/synth.c:1449:21:fxPostGainSet	16	static
../Core/Src/synth.c:1457:22:wavefolderTick	16	static
../Core/Src/synth.c:1496:21:chorusParam1	0	static
../Core/Src/synth.c:1500:21:chorusParam2	0	static
../Core/Src/synth.c:1505:21:chorusParam3	8	static
../Core/Src/synth.c:1510:21:chorusParam4	8	static
../Core/Src/synth.c:1516:21:delayParam1	8	static
../Core/Src/synth.c:1521:21:delayParam2	0	static
../Core/Src/synth.c:1526:21:delayParam3	8	static
../Core/Src/synth.c:1531:21:delayParam4	8	static
../Core/Src/synth.c:1536:21:delayParam5	0	static
../Core/Src/synth.c:1543:7:delayTick	48	static
../Core/Src/synth.c:1561:22:chorusTick	48	static
../Core/Src/synth.c:1572:22:shaperTick	8	static
../Core/Src/synth.c:1580:22:blankTick	0	static
../Core/Src/synth.c:1585:22:tiltFilterTick	8	static
../Core/Src/synth.c:1592:22:tanhTick	32	static
../Core/Src/synth.c:1607:22:softClipTick	8	static
../Core/Src/synth.c:1629:22:hardClipTick	16	static
../Core/Src/synth.c:1651:22:polynomialShaperTick	8	static
../Core/Src/synth.c:1672:22:satTick	16	static
../Core/Src/synth.c:1684:22:bcTick	8	static
../Core/Src/synth.c:1691:22:compressorTick	8	static
../Core/Src/synth.c:1697:23:FXlowpassTick	8	static
../Core/Src/synth.c:1702:23:FXhighpassTick	8	static
../Core/Src/synth.c:1707:23:FXbandpassTick	8	static
../Core/Src/synth.c:1712:23:FXdiodeLowpassTick	8	static
../Core/Src/synth.c:1717:23:FXVZpeakTick	8	static
../Core/Src/synth.c:1722:23:FXVZlowshelfTick	8	static
../Core/Src/synth.c:1726:23:FXVZhighshelfTick	8	static
../Core/Src/synth.c:1730:23:FXVZbandrejectTick	8	static
../Core/Src/synth.c:1735:23:FXLadderLowpassTick	8	static
../Core/Src/synth.c:1741:22:FXLowpassParam1	8	static
../Core/Src/synth.c:1746:21:FXHighpassParam1	8	static
../Core/Src/synth.c:1752:21:FXBandpassParam1	8	static
../Core/Src/synth.c:1758:21:FXDiodeParam1	8	static
../Core/Src/synth.c:1763:21:FXPeakParam1	8	static
../Core/Src/synth.c:1768:21:FXLowShelfParam1	8	static
../Core/Src/synth.c:1773:21:FXHighShelfParam1	8	static
../Core/Src/synth.c:1778:21:FXNotchParam1	8	static
../Core/Src/synth.c:1783:21:FXLadderParam1	8	static
../Core/Src/synth.c:1791:21:FXPeakParam2	8	static
../Core/Src/synth.c:1796:21:FXLowShelfParam2	8	static
../Core/Src/synth.c:1801:21:FXHighShelfParam2	8	static
../Core/Src/synth.c:1806:21:FXNotchParam2	8	static
../Core/Src/synth.c:1812:21:FXLowpassParam3	8	static
../Core/Src/synth.c:1817:21:FXHighpassParam3	8	static
../Core/Src/synth.c:1822:21:FXBandpassParam3	8	static
../Core/Src/synth.c:1827:21:FXDiodeParam3	8	static
../Core/Src/synth.c:1833:21:FXPeakParam3	8	static
../Core/Src/synth.c:1839:21:FXLowShelfParam3	8	static
../Core/Src/synth.c:1845:21:FXHighShelfParam3	8	static
../Core/Src/synth.c:1851:21:FXNotchParam3	8	static
../Core/Src/synth.c:1857:21:FXLadderParam3	8	static
../Core/Src/synth.c:1867:21:noiseSetTilt	8	static
../Core/Src/synth.c:1874:21:noiseSetGain	8	static
../Core/Src/synth.c:1879:21:noiseSetFreq	8	static
../Core/Src/synth.c:1888:21:noise_tick	32	static
../Core/Src/synth.c:488:22:audioTickSynth	72	dynamic
../Core/Src/synth.c:370:21:audioFrameSynth	32	static
