#***************************************************************************

#sjplacer

#Version:            1.1

#Build Date:         Sep  9 2019 11:47:43

#File Generated:     May 24 2026 18:04:19

#Purpose:            

#Copyright (C) 2010-2011 by Softjin Technologies Pvt Ltd. All rights reserved.

#***************************************************************************

Executing : C:\Program Files (x86)\Cypress\PSoC Creator\4.4\PSoC Creator\bin/sjplacer.exe --proj-name CE210514_PSOC3_5_Thermistor --netlist-vh2 CE210514_PSOC3_5_Thermistor_p.vh2 --arch p35_udb4x6 --arch-file C:\Program Files (x86)\Cypress\PSoC Creator\4.4\PSoC Creator\dev\arch/udbdsi_4x6_24.cydata --ip-file C:\Program Files (x86)\Cypress\PSoC Creator\4.4\PSoC Creator\dev\psoc5/psoc5lp/ip_blocks.cydata --rrg-file C:\Program Files (x86)\Cypress\PSoC Creator\4.4\PSoC Creator\dev\psoc5/psoc5lp/route_arch-rrg.cydata --irq-file C:\Program Files (x86)\Cypress\PSoC Creator\4.4\PSoC Creator\dev\psoc5/psoc5lp/irqconn.cydata --drq-file C:\Program Files (x86)\Cypress\PSoC Creator\4.4\PSoC Creator\dev\psoc5/psoc5lp/dmaconn.cydata --dsi-conn-file C:\Program Files (x86)\Cypress\PSoC Creator\4.4\PSoC Creator\dev\psoc5/psoc5lp/dsiconn.cydata --pins-file pins_100-TQFP.xml --lib-file CE210514_PSOC3_5_Thermistor_p.lib --sdc-file CE210514_PSOC3_5_Thermistor.sdc --io-pcf CE210514_PSOC3_5_Thermistor.pci --outdir .

		Softjin Techologies Placer, Version 1.1

Build Date : Sep  9 2019	11:45:12

D2004: Option and Settings Summary
=============================================================
Netlist vh2 file          - CE210514_PSOC3_5_Thermistor_p.vh2
Architecture file         - C:\Program Files (x86)\Cypress\PSoC Creator\4.4\PSoC Creator\dev\arch/udbdsi_4x6_24.cydata
Package                   - 
Defparam file             - 
SDC file                  - CE210514_PSOC3_5_Thermistor.sdc
Output directory          - .
Timing library            - CE210514_PSOC3_5_Thermistor_p.lib
IO Placement file         - CE210514_PSOC3_5_Thermistor.pci

D2050: Starting reading inputs for placer
=============================================================
D2065: Reading netlist file : "CE210514_PSOC3_5_Thermistor_p.vh2"
D2065: Reading arch file : "C:\Program Files (x86)\Cypress\PSoC Creator\4.4\PSoC Creator\dev\arch/udbdsi_4x6_24.cydata"
D2051: Reading of inputs for placer completed successfully

D2053: Starting placement of the design
=============================================================

Phase 2
Phase 3

Design Statistics after Packing
    Number of Combinational MCs 	:	32
    Number of Sequential MCs    	:	109
    Number of DPs               	:	4
    Number of Controls          	:	6
    Number of Status            	:	10
    Number of SyncCells         	:	14
    Number of count7cells       	:	5

Device Utilization Summary after Packing
    Macrocells                  :	141/192
    UDBS                        :	22/24
    IOs                         :	51/72


D2088: Phase 3, elapsed time : 0.0 (sec)

Phase 4
D2088: Phase 4, elapsed time : 0.0 (sec)

Phase 5
D2088: Phase 5, elapsed time : 0.0 (sec)

Phase 6

######################################################################
Placement Timing Summary

The timing summary is based on estimated routing delays after
placement. For final timing report, please carry out the timing
analysis after routing.
======================================================================

######################################################################
                     Clock Summary 
======================================================================
Number of clocks: 16
Clock: ADC_SAR_Seq_1_IntClock | Frequency:  26.6 MHz | Target:   1.1 MHz
Clock: ADC_SAR_Seq_1_IntClock(routed) | Frequency: N/A       | Target:   1.1 MHz
Clock: Clock_1              | Frequency: N/A       | Target:   0.0 MHz
Clock: Clock_2              | Frequency: N/A       | Target:  15.6 MHz
Clock: CyBUS_CLK            | Frequency:  39.3 MHz | Target:  78.0 MHz
Clock: CyBUS_CLK(fixed-function) | Frequency: N/A       | Target:  78.0 MHz
Clock: CyILO                | Frequency: N/A       | Target:   0.1 MHz
Clock: CyIMO                | Frequency: N/A       | Target:  24.0 MHz
Clock: CyMASTER_CLK         | Frequency: N/A       | Target:  78.0 MHz
Clock: CyPLL_OUT            | Frequency: N/A       | Target:  78.0 MHz
Clock: SCLK_2(0)_SYNC/out   | Frequency:  39.1 MHz | Target:  39.0 MHz
Clock: SCLK_3(0)_PAD        | Frequency:  45.2 MHz | Target:   0.1 MHz
Clock: SPIM_1_IntClock      | Frequency:  52.5 MHz | Target:   9.8 MHz
Clock: SPIS_1_IntClock      | Frequency:  47.8 MHz | Target:   3.3 MHz
Clock: SPIS_2_IntClock      | Frequency:  50.7 MHz | Target:   9.8 MHz
Clock: UART_1_IntClock      | Frequency:  46.0 MHz | Target:   3.7 MHz

======================================================================
                     End of Clock Summary
######################################################################

D2088: Phase 6, elapsed time : 0.1 (sec)

Phase 7
######################################################################
                     Clock Summary 
======================================================================
Number of clocks: 16
Clock: ADC_SAR_Seq_1_IntClock | Frequency:  26.2 MHz | Target:   1.1 MHz
Clock: ADC_SAR_Seq_1_IntClock(routed) | Frequency: N/A       | Target:   1.1 MHz
Clock: Clock_1              | Frequency: N/A       | Target:   0.0 MHz
Clock: Clock_2              | Frequency: N/A       | Target:  15.6 MHz
Clock: CyBUS_CLK            | Frequency:  40.1 MHz | Target:  78.0 MHz
Clock: CyBUS_CLK(fixed-function) | Frequency: N/A       | Target:  78.0 MHz
Clock: CyILO                | Frequency: N/A       | Target:   0.1 MHz
Clock: CyIMO                | Frequency: N/A       | Target:  24.0 MHz
Clock: CyMASTER_CLK         | Frequency: N/A       | Target:  78.0 MHz
Clock: CyPLL_OUT            | Frequency: N/A       | Target:  78.0 MHz
Clock: SCLK_2(0)_SYNC/out   | Frequency:  39.1 MHz | Target:  39.0 MHz
Clock: SCLK_3(0)_PAD        | Frequency:  45.2 MHz | Target:   0.1 MHz
Clock: SPIM_1_IntClock      | Frequency:  52.5 MHz | Target:   9.8 MHz
Clock: SPIS_1_IntClock      | Frequency:  44.3 MHz | Target:   3.3 MHz
Clock: SPIS_2_IntClock      | Frequency:  62.8 MHz | Target:   9.8 MHz
Clock: UART_1_IntClock      | Frequency:  53.6 MHz | Target:   3.7 MHz

======================================================================
                     End of Clock Summary
######################################################################
D2088: Phase 7, elapsed time : 2.5 (sec)

Final Design Statistics
    Number of Combinational MCs 	:	32
    Number of Sequential MCs    	:	109
    Number of DPs               	:	4
    Number of Controls          	:	6
    Number of Status            	:	10
    Number of SyncCells         	:	14
    Number of count7cells       	:	5
    Number of IOs       	:	51

Device Utilization Summary
    Macrocells                  :	141/192
    IOs                         :	51/72



######################################################################
Placement Timing Summary

The timing summary is based on estimated routing delays after
placement. For final timing report, please carry out the timing
analysis after routing.
======================================================================


######################################################################
                     Clock Summary 
======================================================================
Number of clocks: 16
Clock: ADC_SAR_Seq_1_IntClock | Frequency:  28.3 MHz | Target:   1.1 MHz
Clock: ADC_SAR_Seq_1_IntClock(routed) | Frequency: N/A       | Target:   1.1 MHz
Clock: Clock_1              | Frequency: N/A       | Target:   0.0 MHz
Clock: Clock_2              | Frequency: N/A       | Target:  15.6 MHz
Clock: CyBUS_CLK            | Frequency:  46.0 MHz | Target:  78.0 MHz
Clock: CyBUS_CLK(fixed-function) | Frequency: N/A       | Target:  78.0 MHz
Clock: CyILO                | Frequency: N/A       | Target:   0.1 MHz
Clock: CyIMO                | Frequency: N/A       | Target:  24.0 MHz
Clock: CyMASTER_CLK         | Frequency: N/A       | Target:  78.0 MHz
Clock: CyPLL_OUT            | Frequency: N/A       | Target:  78.0 MHz
Clock: SCLK_2(0)_SYNC/out   | Frequency:  42.6 MHz | Target:  39.0 MHz
Clock: SCLK_3(0)_PAD        | Frequency:  37.4 MHz | Target:   0.1 MHz
Clock: SPIM_1_IntClock      | Frequency:  51.9 MHz | Target:   9.8 MHz
Clock: SPIS_1_IntClock      | Frequency:  60.4 MHz | Target:   3.3 MHz
Clock: SPIS_2_IntClock      | Frequency:  55.2 MHz | Target:   9.8 MHz
Clock: UART_1_IntClock      | Frequency:  53.6 MHz | Target:   3.7 MHz

======================================================================
                     End of Clock Summary
######################################################################

Phase 8
D2088: Phase 8, elapsed time : 0.0 (sec)

D2054: Placement of the design completed successfully

I2076: Total run-time: 3.1 sec.

