../Src/main.c:916:22:scaleOscPitch	0	static
../Src/main.c:922:22:scaleOscFine	0	static
../Src/main.c:928:22:scaleOscFreq	0	static
../Src/main.c:946:22:scaleFilterCutoff	0	static
../Src/main.c:992:22:scaleFinalLowpass	0	static
../Src/main.c:999:6:blankFunction	0	static
../Src/main.c:458:12:checkForSDCardPreset	64	static
../Src/main.c:904:22:scaleDefault	0	static
../Src/main.c:910:22:scaleTwo	8	static
../Src/main.c:934:22:scaleTranspose	8	static
../Src/main.c:940:22:scalePitchBend	8	static
../Src/main.c:952:22:scaleFilterResonance	24	static
../Src/main.c:965:22:scaleEnvTimes	16	static
../Src/main.c:979:22:scaleLFORates	16	static
../Src/main.c:287:6:SystemClock_Config	136	static
../Src/main.c:355:6:PeriphCommonClock_Config	200	static
../Src/main.c:382:7:randomNumber	16	static
../Src/main.c:393:6:getPresetNamesFromSDCard	72	static
../Src/main.c:594:6:SDRAM_init	40	static
../Src/main.c:649:6:MPU_Conf	32	static
../Src/main.c:1004:21:parsePreset	64	static,ignoring_inline_asm
../Src/main.c:150:5:main	80	static,ignoring_inline_asm
../Src/main.c:1755:6:CycleCounterInit	0	static
../Src/main.c:1777:6:Error_Handler	0	static
