15:00:16 **** Incremental Build of configuration Debug for project Electrosteel_Daisy_Audio ****
make -j7 all 
arm-none-eabi-gcc "../Core/Src/main.c" -mcpu=cortex-m7 -std=gnu11 -g3 -DDEBUG -DITCMRAM -DUSE_SPI_RELOAD_TRANSFER -DARM_MATH_LOOPUNROLL -DDHSE_VALUE=16000000 -DCORE_CM7 -DSTM32H750IB -DARM_MATH_CM7 -Dsram_layout -DDATA_IN_D2_SRAM -DBOOT_APP -DUSE_HAL_DRIVER -DSTM32H750xx -c -I/Users/jeffsnyder/dev/LEAF/leaf -I../Core/Inc -I../Drivers/CMSIS/DSP/Include -I../FATFS/Target -I../FATFS/App -I../USB_DEVICE/App -I../USB_DEVICE/Target -I../Drivers/STM32H7xx_HAL_Driver/Inc -I../Drivers/STM32H7xx_HAL_Driver/Inc/Legacy -I../Middlewares/Third_Party/FatFs/src -I../Middlewares/ST/STM32_USB_Device_Library/Core/Inc -I../Middlewares/ST/STM32_USB_Device_Library/Class/CDC/Inc -I../Drivers/CMSIS/Device/ST/STM32H7xx/Include -I../Drivers/CMSIS/Include -Ofast -ffunction-sections -fdata-sections -fno-strict-aliasing -Wall -ggdb -fasm -Wno-stringop-overflow -fstack-usage -fcyclomatic-complexity -MMD -MP -MF"Core/Src/main.d" -MT"Core/Src/main.o" --specs=nano.specs -mfpu=fpv5-d16 -mfloat-abi=hard -mthumb -o "Core/Src/main.o"
../Core/Src/main.c: In function 'getPresetNamesFromSDCard':
../Core/Src/main.c:722:91: warning: passing argument 4 of 'f_read' from incompatible pointer type [-Wincompatible-pointer-types]
  722 |                                                 f_read(&SDFile, &buffer, f_size(&SDFile), &bytesRead);
      |                                                                                           ^~~~~~~~~~
      |                                                                                           |
      |                                                                                           uint32_t * {aka long unsigned int *}
In file included from ../FATFS/App/fatfs.h:26,
                 from ../Core/Src/main.c:24:
../Middlewares/Third_Party/FatFs/src/ff.h:244:54: note: expected 'UINT *' {aka 'unsigned int *'} but argument is of type 'uint32_t *' {aka 'long unsigned int *'}
  244 | FRESULT f_read (FIL* fp, void* buff, UINT btr, UINT* br);                       /* Read data from the file */
      |                                                ~~~~~~^~
../Core/Src/main.c: In function 'checkForSDCardPreset':
../Core/Src/main.c:818:83: warning: passing argument 4 of 'f_read' from incompatible pointer type [-Wincompatible-pointer-types]
  818 |                                         f_read(&SDFile, &buffer, f_size(&SDFile), &bytesRead);
      |                                                                                   ^~~~~~~~~~
      |                                                                                   |
      |                                                                                   uint32_t * {aka long unsigned int *}
In file included from ../FATFS/App/fatfs.h:26,
                 from ../Core/Src/main.c:24:
../Middlewares/Third_Party/FatFs/src/ff.h:244:54: note: expected 'UINT *' {aka 'unsigned int *'} but argument is of type 'uint32_t *' {aka 'long unsigned int *'}
  244 | FRESULT f_read (FIL* fp, void* buff, UINT btr, UINT* br);                       /* Read data from the file */
      |                                                ~~~~~~^~
../Core/Src/main.c: In function 'writePresetToSDCard':
../Core/Src/main.c:1014:77: warning: passing argument 4 of 'f_write' from incompatible pointer type [-Wincompatible-pointer-types]
 1014 |                                         f_write(&SDFile, &buffer, fileSize, &bytesRead);
      |                                                                             ^~~~~~~~~~
      |                                                                             |
      |                                                                             uint32_t * {aka long unsigned int *}
In file included from ../FATFS/App/fatfs.h:26,
                 from ../Core/Src/main.c:24:
../Middlewares/Third_Party/FatFs/src/ff.h:245:61: note: expected 'UINT *' {aka 'unsigned int *'} but argument is of type 'uint32_t *' {aka 'long unsigned int *'}
  245 | FRESULT f_write (FIL* fp, const void* buff, UINT btw, UINT* bw);        /* Write data to the file */
      |                                                       ~~~~~~^~
arm-none-eabi-gcc -o "Electrosteel_Daisy_Audio.elf" @"objects.list"  -larm_cortexM7lfsp_math -mcpu=cortex-m7 -T"/Users/jeffsnyder/dev/Electrosteel_embedded/Electrosteel_Daisy_Audio/STM32H750IBKX_FLASH.ld" --specs=nosys.specs -Wl,-Map="Electrosteel_Daisy_Audio.map" -Wl,--cref -Wl,--gc-sections -static -L../Drivers/CMSIS/Lib/GCC -lnosys --specs=nano.specs -mfpu=fpv5-d16 -mfloat-abi=hard -mthumb -Wl,--start-group -lc -lm -Wl,--end-group
Finished building target: Electrosteel_Daisy_Audio.elf
 
arm-none-eabi-size   Electrosteel_Daisy_Audio.elf 
arm-none-eabi-objdump -h -S  Electrosteel_Daisy_Audio.elf  > "Electrosteel_Daisy_Audio.list"
arm-none-eabi-objcopy  -O binary  Electrosteel_Daisy_Audio.elf  "Electrosteel_Daisy_Audio.bin"
   text	   data	    bss	    dec	    hex	filename
 246912	   2652	65669140	65918704	3edd6f0	Electrosteel_Daisy_Audio.elf
Finished building: default.size.stdout
 
Finished building: Electrosteel_Daisy_Audio.bin
 
Finished building: Electrosteel_Daisy_Audio.list
 

15:00:23 Build Finished. 0 errors, 3 warnings. (took 7s.206ms)

