19:48:10 **** Incremental Build of configuration Debug for project Electrosteel_audio ****
make -j7 all 
arm-none-eabi-gcc "/Users/jeffsnyder/dev/LEAF/leaf/Src/leaf-physical.c" -mcpu=cortex-m7 -std=gnu11 -g -DDEBUG -DNO_DENORMAL_CHECK -DARM_MATH_CM7 -DUSE_HAL_DRIVER -DSTM32H743xx -c -I../Drivers/CMSIS/Include -I"/Users/jeffsnyder/dev/LEAF/leaf" -I../Drivers/CMSIS/DSP/Include -I"/Users/jeffsnyder/dev/Electrosteel_embedded/Electrosteel_audio/Drivers/CMSIS/DSP/Include" -I../Drivers/STM32H7xx_HAL_Driver/Inc/Legacy -I../Drivers/CMSIS/Device/ST/STM32H7xx/Include -I../Middlewares/Third_Party/FatFs/src -I../Drivers/STM32H7xx_HAL_Driver/Inc -I../Core/Inc -I../FATFS/Target -I../FATFS/App -I"/Users/jeffsnyder/dev/LEAF/leaf" -Og -ffunction-sections -fdata-sections -fno-strict-aliasing -Wall -fstack-usage -fcyclomatic-complexity -MMD -MP -MF"leaf/Src/leaf-physical.d" -MT"leaf/Src/leaf-physical.o" --specs=nano.specs -mfpu=fpv5-d16 -mfloat-abi=hard -mthumb -o "leaf/Src/leaf-physical.o"
/Users/jeffsnyder/dev/LEAF/leaf/Src/leaf-physical.c: In function 'tTString_initToPool':
/Users/jeffsnyder/dev/LEAF/leaf/Src/leaf-physical.c:2786:12: warning: unused variable 'slideTime' [-Wunused-variable]
 2786 |     Lfloat slideTime = x->sampleRate * 0.000555555555556f;
      |            ^~~~~~~~~
arm-none-eabi-gcc -o "Electrosteel_audio.elf" @"objects.list"  -larm_cortexM7lfsp_math -mcpu=cortex-m7 -T"/Users/jeffsnyder/dev/Electrosteel_embedded/Electrosteel_audio/STM32H743ZITX_FLASH.ld" --specs=nosys.specs -Wl,-Map="Electrosteel_audio.map" -Wl,--cref -Wl,--gc-sections -nodefaultlibs -static -L../Drivers/CMSIS/DSP/Lib/GCC/ --specs=nano.specs -mfpu=fpv5-d16 -mfloat-abi=hard -mthumb -Wl,--start-group -lc -lm -Wl,--end-group
Finished building target: Electrosteel_audio.elf
 
arm-none-eabi-size   Electrosteel_audio.elf 
arm-none-eabi-objdump -h -S  Electrosteel_audio.elf  > "Electrosteel_audio.list"
arm-none-eabi-objcopy  -O binary  Electrosteel_audio.elf  "Electrosteel_audio.bin"
   text	   data	    bss	    dec	    hex	filename
 180520	   2664	34212856	34396040	20cd788	Electrosteel_audio.elf
Finished building: default.size.stdout
 
Finished building: Electrosteel_audio.bin
 
Finished building: Electrosteel_audio.list
 
19:48:28 **** Incremental Build of configuration Debug for project Electrosteel_audio ****
make -j7 all 
arm-none-eabi-size   Electrosteel_audio.elf 
   text	   data	    bss	    dec	    hex	filename
 180520	   2664	34212856	34396040	20cd788	Electrosteel_audio.elf
Finished building: default.size.stdout
 
19:56:27 **** Incremental Build of configuration Debug for project Electrosteel_audio ****
make -j7 all 
arm-none-eabi-gcc "/Users/jeffsnyder/dev/LEAF/leaf/Src/leaf-physical.c" -mcpu=cortex-m7 -std=gnu11 -g -DDEBUG -DNO_DENORMAL_CHECK -DARM_MATH_CM7 -DUSE_HAL_DRIVER -DSTM32H743xx -c -I../Drivers/CMSIS/Include -I"/Users/jeffsnyder/dev/LEAF/leaf" -I../Drivers/CMSIS/DSP/Include -I"/Users/jeffsnyder/dev/Electrosteel_embedded/Electrosteel_audio/Drivers/CMSIS/DSP/Include" -I../Drivers/STM32H7xx_HAL_Driver/Inc/Legacy -I../Drivers/CMSIS/Device/ST/STM32H7xx/Include -I../Middlewares/Third_Party/FatFs/src -I../Drivers/STM32H7xx_HAL_Driver/Inc -I../Core/Inc -I../FATFS/Target -I../FATFS/App -I"/Users/jeffsnyder/dev/LEAF/leaf" -Og -ffunction-sections -fdata-sections -fno-strict-aliasing -Wall -fstack-usage -fcyclomatic-complexity -MMD -MP -MF"leaf/Src/leaf-physical.d" -MT"leaf/Src/leaf-physical.o" --specs=nano.specs -mfpu=fpv5-d16 -mfloat-abi=hard -mthumb -o "leaf/Src/leaf-physical.o"
arm-none-eabi-gcc "../Core/Src/string2.c" -mcpu=cortex-m7 -std=gnu11 -g -DDEBUG -DNO_DENORMAL_CHECK -DARM_MATH_CM7 -DUSE_HAL_DRIVER -DSTM32H743xx -c -I../Drivers/CMSIS/Include -I"/Users/jeffsnyder/dev/LEAF/leaf" -I../Drivers/CMSIS/DSP/Include -I"/Users/jeffsnyder/dev/Electrosteel_embedded/Electrosteel_audio/Drivers/CMSIS/DSP/Include" -I../Drivers/STM32H7xx_HAL_Driver/Inc/Legacy -I../Drivers/CMSIS/Device/ST/STM32H7xx/Include -I../Middlewares/Third_Party/FatFs/src -I../Drivers/STM32H7xx_HAL_Driver/Inc -I../Core/Inc -I../FATFS/Target -I../FATFS/App -I"/Users/jeffsnyder/dev/LEAF/leaf" -Og -ffunction-sections -fdata-sections -fno-strict-aliasing -Wall -fstack-usage -fcyclomatic-complexity -MMD -MP -MF"Core/Src/string2.d" -MT"Core/Src/string2.o" --specs=nano.specs -mfpu=fpv5-d16 -mfloat-abi=hard -mthumb -o "Core/Src/string2.o"
/Users/jeffsnyder/dev/LEAF/leaf/Src/leaf-physical.c: In function 'tTString_initToPool':
/Users/jeffsnyder/dev/LEAF/leaf/Src/leaf-physical.c:2786:12: warning: unused variable 'slideTime' [-Wunused-variable]
 2786 |     Lfloat slideTime = x->sampleRate * 0.000555555555556f;
      |            ^~~~~~~~~
../Core/Src/string2.c: In function 'audioTickString2':
../Core/Src/string2.c:215:23: warning: unused variable 'slideNoise' [-Wunused-variable]
  215 |                 float slideNoise = filtNoise * barDelta * knobScaled[1] * 20.0f;
      |                       ^~~~~~~~~~
arm-none-eabi-gcc -o "Electrosteel_audio.elf" @"objects.list"  -larm_cortexM7lfsp_math -mcpu=cortex-m7 -T"/Users/jeffsnyder/dev/Electrosteel_embedded/Electrosteel_audio/STM32H743ZITX_FLASH.ld" --specs=nosys.specs -Wl,-Map="Electrosteel_audio.map" -Wl,--cref -Wl,--gc-sections -nodefaultlibs -static -L../Drivers/CMSIS/DSP/Lib/GCC/ --specs=nano.specs -mfpu=fpv5-d16 -mfloat-abi=hard -mthumb -Wl,--start-group -lc -lm -Wl,--end-group
Finished building target: Electrosteel_audio.elf
 
arm-none-eabi-size   Electrosteel_audio.elf 
arm-none-eabi-objdump -h -S  Electrosteel_audio.elf  > "Electrosteel_audio.list"
arm-none-eabi-objcopy  -O binary  Electrosteel_audio.elf  "Electrosteel_audio.bin"
   text	   data	    bss	    dec	    hex	filename
 180520	   2664	34212856	34396040	20cd788	Electrosteel_audio.elf
Finished building: default.size.stdout
 
Finished building: Electrosteel_audio.bin
 
Finished building: Electrosteel_audio.list
 
