17:10:00 **** Incremental Build of configuration Debug for project Electrosteel_audio ****
make -j7 all 
arm-none-eabi-gcc "../Core/Src/synth.c" -mcpu=cortex-m7 -std=gnu11 -g -DDEBUG -DARM_MATH_CM7 -DNO_DENORMAL_CHECK -DUSE_HAL_DRIVER -DSTM32H743xx -c -I"/Users/jeffsnyder/dev/CMSIS/Include" -I"/Users/jeffsnyder/dev/LEAF/leaf" -I../Drivers/STM32H7xx_HAL_Driver/Inc/Legacy -I../Drivers/CMSIS/Device/ST/STM32H7xx/Include -I../Middlewares/Third_Party/FatFs/src -I../Drivers/STM32H7xx_HAL_Driver/Inc -I../Core/Inc -I../FATFS/Target -I../FATFS/App -I"/Users/jeffsnyder/dev/LEAF/leaf" -O2 -ffunction-sections -fdata-sections -fno-strict-aliasing -Wall -fstack-usage -fcyclomatic-complexity -MMD -MP -MF"Core/Src/synth.d" -MT"Core/Src/synth.o" --specs=nano.specs -mfpu=fpv5-d16 -mfloat-abi=hard -mthumb -o "Core/Src/synth.o"
../Core/Src/synth.c: In function 'filter_tick':
../Core/Src/synth.c:873:17: warning: 'cutoff[0]' may be used uninitialized in this function [-Wmaybe-uninitialized]
  873 |                 filterTick[0](&samples[0], 0, cutoff[0], string);
      |                 ^~~~~~~~~~~~~~~~~~~~~~~~~~~~~~~~~~~~~~~~~~~~~~~~
../Core/Src/synth.c:890:17: warning: 'cutoff[1]' may be used uninitialized in this function [-Wmaybe-uninitialized]
  890 |                 filterTick[1](&samples[1], 1, cutoff[1], string);
      |                 ^~~~~~~~~~~~~~~~~~~~~~~~~~~~~~~~~~~~~~~~~~~~~~~~
arm-none-eabi-gcc -o "Electrosteel_audio.elf" @"objects.list"   -mcpu=cortex-m7 -T"/Users/jeffsnyder/dev/Electrosteel_embedded/Electrosteel_audio/STM32H743ZITX_FLASH.ld" --specs=nosys.specs -Wl,-Map="Electrosteel_audio.map" -Wl,--cref -Wl,--gc-sections -nodefaultlibs -static --specs=nano.specs -mfpu=fpv5-d16 -mfloat-abi=hard -mthumb -Wl,--start-group -lc -lm -Wl,--end-group
Finished building target: Electrosteel_audio.elf
 
arm-none-eabi-size   Electrosteel_audio.elf 
arm-none-eabi-objdump -h -S  Electrosteel_audio.elf  > "Electrosteel_audio.list"
arm-none-eabi-objcopy  -O binary  Electrosteel_audio.elf  "Electrosteel_audio.bin"
   text	   data	    bss	    dec	    hex	filename
 188480	   3648	34219048	34411176	20d12a8	Electrosteel_audio.elf
Finished building: default.size.stdout
 
Finished building: Electrosteel_audio.bin
 
Finished building: Electrosteel_audio.list
 
17:10:05 **** Incremental Build of configuration Debug for project Electrosteel_audio ****
make -j7 all 
arm-none-eabi-size   Electrosteel_audio.elf 
   text	   data	    bss	    dec	    hex	filename
 188480	   3648	34219048	34411176	20d12a8	Electrosteel_audio.elf
Finished building: default.size.stdout
 
