12:48:03 **** Incremental Build of configuration Debug for project Electrosteel_audio ****
make -j7 all 
arm-none-eabi-size   Electrosteel_audio.elf 
   text	   data	    bss	    dec	    hex	filename
 212144	    404	34061576	34274124	20afb4c	Electrosteel_audio.elf
Finished building: default.size.stdout
 
12:48:05 **** Incremental Build of configuration Debug for project Electrosteel_audio ****
make -j7 all 
arm-none-eabi-size   Electrosteel_audio.elf 
   text	   data	    bss	    dec	    hex	filename
 212144	    404	34061576	34274124	20afb4c	Electrosteel_audio.elf
Finished building: default.size.stdout
 
