13:08:27 **** Incremental Build of configuration Debug for project Electrosteel_audio ****
make -j7 all 
arm-none-eabi-gcc "../leaf/Src/leaf-oscillators.c" -mcpu=cortex-m7 -std=gnu11 -g -DDEBUG -DARM_MATH_CM7 -DUSE_HAL_DRIVER -DSTM32H743xx -c -I../Drivers/CMSIS/Include -I../Drivers/CMSIS/DSP/Include -I"/Users/jeffsnyder/dev/Electrosteel_embedded/Electrosteel_audio/Drivers/CMSIS/DSP/Include" -I/Users/jeffsnyder/dev/LEAF/leaf -I/Users/jeffsnyder/dev/LEAF/leaf -I../Drivers/STM32H7xx_HAL_Driver/Inc/Legacy -I../Drivers/CMSIS/Device/ST/STM32H7xx/Include -I../Middlewares/Third_Party/FatFs/src -I../Drivers/STM32H7xx_HAL_Driver/Inc -I../Core/Inc -I../FATFS/Target -I../FATFS/App -Ofast -ffunction-sections -fdata-sections -Wall -fstack-usage -MMD -MP -MF"leaf/Src/leaf-oscillators.d" -MT"leaf/Src/leaf-oscillators.o" --specs=nano.specs -mfpu=fpv5-d16 -mfloat-abi=hard -mthumb -o "leaf/Src/leaf-oscillators.o"
arm-none-eabi-gcc -o "Electrosteel_audio.elf" @"objects.list"  -larm_cortexM7lfsp_math -mcpu=cortex-m7 -T"/Users/jeffsnyder/dev/Electrosteel_embedded/Electrosteel_audio/STM32H743ZITX_FLASH.ld" --specs=nosys.specs -Wl,-Map="Electrosteel_audio.map" -Wl,--cref -Wl,--gc-sections -static -L../Drivers/CMSIS/DSP/Lib/GCC/ --specs=nano.specs -mfpu=fpv5-d16 -mfloat-abi=hard -mthumb -Wl,--start-group -lc -lm -Wl,--end-group
Finished building target: Electrosteel_audio.elf
 
arm-none-eabi-size   Electrosteel_audio.elf 
arm-none-eabi-objdump -h -S  Electrosteel_audio.elf  > "Electrosteel_audio.list"
   text	   data	    bss	    dec	    hex	filename
 208840	    412	34216044	34425296	20d49d0	Electrosteel_audio.elf
Finished building: default.size.stdout
 
Finished building: Electrosteel_audio.list
 
