22:02:47 **** Incremental Build of configuration Debug for project Electrosteel_audio ****
make -j7 all 
arm-none-eabi-size   Electrosteel_audio.elf 
   text	   data	    bss	    dec	    hex	filename
 223640	   3268	34218524	34445432	20d9878	Electrosteel_audio.elf
Finished building: default.size.stdout
 
22:02:50 **** Incremental Build of configuration Debug for project Electrosteel_audio ****
make -j7 all 
arm-none-eabi-size   Electrosteel_audio.elf 
   text	   data	    bss	    dec	    hex	filename
 223640	   3268	34218524	34445432	20d9878	Electrosteel_audio.elf
Finished building: default.size.stdout
 
