15:35:08 **** Incremental Build of configuration Debug for project electrosteel_strings_STM32H730 ****
make -j7 all 
arm-none-eabi-size   electrosteel_strings_STM32H730.elf 
   text	   data	    bss	    dec	    hex	filename
  37120	    120	 385992	 423232	  67540	electrosteel_strings_STM32H730.elf
Finished building: default.size.stdout
 
15:36:27 **** Incremental Build of configuration Debug for project electrosteel_strings_STM32H730 ****
make -j7 all 
arm-none-eabi-size   electrosteel_strings_STM32H730.elf 
   text	   data	    bss	    dec	    hex	filename
  37120	    120	 385992	 423232	  67540	electrosteel_strings_STM32H730.elf
Finished building: default.size.stdout
 
