11:16:45 **** Incremental Build of configuration Debug for project Electrosteel_Daisy_Audio ****
make -j7 all 
arm-none-eabi-gcc -o "Electrosteel_Daisy_Audio.elf" @"objects.list"  -larm_cortexM7lfsp_math -mcpu=cortex-m7 -T"/Users/jeffsnyder/dev/Electrosteel_embedded/Electrosteel_Daisy_Audio/STM32H750IBKX_FLASH.ld" --specs=nosys.specs -Wl,-Map="Electrosteel_Daisy_Audio.map" -Wl,--cref -Wl,--gc-sections -static -L../Drivers/CMSIS/Lib/GCC -lnosys --specs=nano.specs -mfpu=fpv5-d16 -mfloat-abi=hard -mthumb -Wl,--start-group -lc -lm -Wl,--end-group
Finished building target: Electrosteel_Daisy_Audio.elf
 
arm-none-eabi-size   Electrosteel_Daisy_Audio.elf 
arm-none-eabi-objdump -h -S  Electrosteel_Daisy_Audio.elf  > "Electrosteel_Daisy_Audio.list"
arm-none-eabi-objcopy  -O binary  Electrosteel_Daisy_Audio.elf  "Electrosteel_Daisy_Audio.bin"
   text	   data	    bss	    dec	    hex	filename
 223032	   2656	67700244	67925932	40c77ac	Electrosteel_Daisy_Audio.elf
Finished building: default.size.stdout
 
Finished building: Electrosteel_Daisy_Audio.bin
 
Finished building: Electrosteel_Daisy_Audio.list
 
11:18:00 **** Incremental Build of configuration Debug for project Electrosteel_Daisy_Audio ****
make -j7 all 
arm-none-eabi-size   Electrosteel_Daisy_Audio.elf 
   text	   data	    bss	    dec	    hex	filename
 223032	   2656	67700244	67925932	40c77ac	Electrosteel_Daisy_Audio.elf
Finished building: default.size.stdout
 
