18:22:55 **** Incremental Build of configuration Debug for project Electrosteel_Daisy_Audio ****
make -j7 all 
arm-none-eabi-size   Electrosteel_Daisy_Audio.elf 
   text	   data	    bss	    dec	    hex	filename
 244112	   2792	67729904	67976808	40d3e68	Electrosteel_Daisy_Audio.elf
Finished building: default.size.stdout
 
18:22:57 **** Incremental Build of configuration Debug for project Electrosteel_Daisy_Audio ****
make -j7 all 
arm-none-eabi-size   Electrosteel_Daisy_Audio.elf 
   text	   data	    bss	    dec	    hex	filename
 244112	   2792	67729904	67976808	40d3e68	Electrosteel_Daisy_Audio.elf
Finished building: default.size.stdout
 
