21:33:38 **** Incremental Build of configuration Debug for project Electrosteel_Daisy_Audio ****
make -j7 all 
arm-none-eabi-gcc "../Core/Src/audio.c" -mcpu=cortex-m7 -std=gnu11 -g3 -DDEBUG -DITCMRAM -DUSE_SPI_RELOAD_TRANSFER -DARM_MATH_LOOPUNROLL -DDHSE_VALUE=16000000 -DCORE_CM7 -DSTM32H750IB -DARM_MATH_CM7 -Dsram_layout -DDATA_IN_D2_SRAM -DBOOT_APP -DUSE_HAL_DRIVER -DSTM32H750xx -c -I/Users/jeffsnyder/dev/LEAF/leaf -I../Core/Inc -I../Drivers/CMSIS/DSP/Include -I../FATFS/Target -I../FATFS/App -I../USB_DEVICE/App -I../USB_DEVICE/Target -I../Drivers/STM32H7xx_HAL_Driver/Inc -I../Drivers/STM32H7xx_HAL_Driver/Inc/Legacy -I../Middlewares/Third_Party/FatFs/src -I../Middlewares/ST/STM32_USB_Device_Library/Core/Inc -I../Middlewares/ST/STM32_USB_Device_Library/Class/CDC/Inc -I../Drivers/CMSIS/Device/ST/STM32H7xx/Include -I../Drivers/CMSIS/Include -Ofast -ffunction-sections -fdata-sections -fno-strict-aliasing -Wall -ggdb -fasm -Wno-stringop-overflow -fstack-usage -fcyclomatic-complexity -MMD -MP -MF"Core/Src/audio.d" -MT"Core/Src/audio.o" --specs=nano.specs -mfpu=fpv5-d16 -mfloat-abi=hard -mthumb -o "Core/Src/audio.o"
arm-none-eabi-gcc -o "Electrosteel_Daisy_Audio.elf" @"objects.list"  -larm_cortexM7lfsp_math -mcpu=cortex-m7 -T"/Users/jeffsnyder/dev/Electrosteel_embedded/Electrosteel_Daisy_Audio/STM32H750IBKX_FLASH.ld" --specs=nosys.specs -Wl,-Map="Electrosteel_Daisy_Audio.map" -Wl,--cref -Wl,--gc-sections -static -L../Drivers/CMSIS/Lib/GCC -lnosys --specs=nano.specs -mfpu=fpv5-d16 -mfloat-abi=hard -mthumb -Wl,--start-group -lc -lm -Wl,--end-group
Finished building target: Electrosteel_Daisy_Audio.elf
 
arm-none-eabi-size   Electrosteel_Daisy_Audio.elf 
arm-none-eabi-objdump -h -S  Electrosteel_Daisy_Audio.elf  > "Electrosteel_Daisy_Audio.list"
arm-none-eabi-objcopy  -O binary  Electrosteel_Daisy_Audio.elf  "Electrosteel_Daisy_Audio.bin"
   text	   data	    bss	    dec	    hex	filename
 231528	   2792	67729904	67964224	40d0d40	Electrosteel_Daisy_Audio.elf
Finished building: default.size.stdout
 
Finished building: Electrosteel_Daisy_Audio.bin
 
Finished building: Electrosteel_Daisy_Audio.list
 
