/Users/jeffsnyder/dev/LEAF/leaf/Src/leaf-filters.c:33:9:tAllpass_initToPool	32	static
/Users/jeffsnyder/dev/LEAF/leaf/Src/leaf-filters.c:28:9:tAllpass_init	8	static
/Users/jeffsnyder/dev/LEAF/leaf/Src/leaf-filters.c:46:9:tAllpass_free	8	static
/Users/jeffsnyder/dev/LEAF/leaf/Src/leaf-filters.c:54:9:tAllpass_setDelay	8	static
/Users/jeffsnyder/dev/LEAF/leaf/Src/leaf-filters.c:61:9:tAllpass_setGain	0	static
/Users/jeffsnyder/dev/LEAF/leaf/Src/leaf-filters.c:68:10:tAllpass_tick	16	static
/Users/jeffsnyder/dev/LEAF/leaf/Src/leaf-filters.c:87:9:tAllpassSO_initToPool	16	static
/Users/jeffsnyder/dev/LEAF/leaf/Src/leaf-filters.c:82:9:tAllpassSO_init	8	static
/Users/jeffsnyder/dev/LEAF/leaf/Src/leaf-filters.c:99:9:tAllpassSO_free	8	static
/Users/jeffsnyder/dev/LEAF/leaf/Src/leaf-filters.c:105:9:tAllpassSO_setCoeff	0	static
/Users/jeffsnyder/dev/LEAF/leaf/Src/leaf-filters.c:123:10:tAllpassSO_tick	0	static
/Users/jeffsnyder/dev/LEAF/leaf/Src/leaf-filters.c:175:9:tThiranAllpassSOCascade_initToPool	24	static
/Users/jeffsnyder/dev/LEAF/leaf/Src/leaf-filters.c:170:9:tThiranAllpassSOCascade_init	8	static
/Users/jeffsnyder/dev/LEAF/leaf/Src/leaf-filters.c:202:9:tThiranAllpassSOCascade_free	16	static
/Users/jeffsnyder/dev/LEAF/leaf/Src/leaf-filters.c:214:10:tThiranAllpassSOCascade_setCoeff	48	static
/Users/jeffsnyder/dev/LEAF/leaf/Src/leaf-filters.c:285:10:tThiranAllpassSOCascade_tick	16	static
/Users/jeffsnyder/dev/LEAF/leaf/Src/leaf-filters.c:296:8:tThiranAllpassSOCascade_clear	0	static
/Users/jeffsnyder/dev/LEAF/leaf/Src/leaf-filters.c:333:9:tOnePole_free	8	static
/Users/jeffsnyder/dev/LEAF/leaf/Src/leaf-filters.c:340:9:tOnePole_setB0	0	static
/Users/jeffsnyder/dev/LEAF/leaf/Src/leaf-filters.c:346:9:tOnePole_setA1	0	static
/Users/jeffsnyder/dev/LEAF/leaf/Src/leaf-filters.c:353:9:tOnePole_setPole	0	static
/Users/jeffsnyder/dev/LEAF/leaf/Src/leaf-filters.c:366:13:tOnePole_setFreq	0	static
/Users/jeffsnyder/dev/LEAF/leaf/Src/leaf-filters.c:315:9:tOnePole_initToPool	24	static
/Users/jeffsnyder/dev/LEAF/leaf/Src/leaf-filters.c:310:9:tOnePole_init	8	static
/Users/jeffsnyder/dev/LEAF/leaf/Src/leaf-filters.c:376:9:tOnePole_setCoefficients	0	static
/Users/jeffsnyder/dev/LEAF/leaf/Src/leaf-filters.c:384:9:tOnePole_setGain	0	static
/Users/jeffsnyder/dev/LEAF/leaf/Src/leaf-filters.c:390:10:tOnePole_tick	0	static
/Users/jeffsnyder/dev/LEAF/leaf/Src/leaf-filters.c:403:6:tOnePole_setSampleRate	0	static
/Users/jeffsnyder/dev/LEAF/leaf/Src/leaf-filters.c:419:9:tCookOnePole_initToPool	16	static
/Users/jeffsnyder/dev/LEAF/leaf/Src/leaf-filters.c:414:9:tCookOnePole_init	8	static
/Users/jeffsnyder/dev/LEAF/leaf/Src/leaf-filters.c:433:9:tCookOnePole_free	8	static
/Users/jeffsnyder/dev/LEAF/leaf/Src/leaf-filters.c:441:9:tCookOnePole_setPole	0	static
/Users/jeffsnyder/dev/LEAF/leaf/Src/leaf-filters.c:451:9:tCookOnePole_setGain	0	static
/Users/jeffsnyder/dev/LEAF/leaf/Src/leaf-filters.c:462:9:tCookOnePole_setGainAndPole	0	static
/Users/jeffsnyder/dev/LEAF/leaf/Src/leaf-filters.c:472:10:tCookOnePole_tick	0	static
/Users/jeffsnyder/dev/LEAF/leaf/Src/leaf-filters.c:480:6:tCookOnePole_setSampleRate	0	static
/Users/jeffsnyder/dev/LEAF/leaf/Src/leaf-filters.c:492:9:tTwoPole_initToPool	16	static
/Users/jeffsnyder/dev/LEAF/leaf/Src/leaf-filters.c:487:9:tTwoPole_init	8	static
/Users/jeffsnyder/dev/LEAF/leaf/Src/leaf-filters.c:510:9:tTwoPole_free	8	static
/Users/jeffsnyder/dev/LEAF/leaf/Src/leaf-filters.c:516:10:tTwoPole_tick	0	static
/Users/jeffsnyder/dev/LEAF/leaf/Src/leaf-filters.c:529:9:tTwoPole_setB0	0	static
/Users/jeffsnyder/dev/LEAF/leaf/Src/leaf-filters.c:535:9:tTwoPole_setA1	0	static
/Users/jeffsnyder/dev/LEAF/leaf/Src/leaf-filters.c:541:9:tTwoPole_setA2	0	static
/Users/jeffsnyder/dev/LEAF/leaf/Src/leaf-filters.c:547:9:tTwoPole_setResonance	40	static
/Users/jeffsnyder/dev/LEAF/leaf/Src/leaf-filters.c:575:9:tTwoPole_setCoefficients	0	static
/Users/jeffsnyder/dev/LEAF/leaf/Src/leaf-filters.c:583:9:tTwoPole_setGain	0	static
/Users/jeffsnyder/dev/LEAF/leaf/Src/leaf-filters.c:589:10:tTwoPole_setSampleRate	32	static
/Users/jeffsnyder/dev/LEAF/leaf/Src/leaf-filters.c:627:9:tOneZero_free	8	static
/Users/jeffsnyder/dev/LEAF/leaf/Src/leaf-filters.c:633:10:tOneZero_tick	0	static
/Users/jeffsnyder/dev/LEAF/leaf/Src/leaf-filters.c:645:9:tOneZero_setZero	0	static
/Users/jeffsnyder/dev/LEAF/leaf/Src/leaf-filters.c:613:9:tOneZero_initToPool	24	static
/Users/jeffsnyder/dev/LEAF/leaf/Src/leaf-filters.c:608:9:tOneZero_init	8	static
/Users/jeffsnyder/dev/LEAF/leaf/Src/leaf-filters.c:656:9:tOneZero_setB0	0	static
/Users/jeffsnyder/dev/LEAF/leaf/Src/leaf-filters.c:663:9:tOneZero_setB1	0	static
/Users/jeffsnyder/dev/LEAF/leaf/Src/leaf-filters.c:669:9:tOneZero_setCoefficients	0	static
/Users/jeffsnyder/dev/LEAF/leaf/Src/leaf-filters.c:676:9:tOneZero_setGain	0	static
/Users/jeffsnyder/dev/LEAF/leaf/Src/leaf-filters.c:682:10:tOneZero_getPhaseDelay	32	static
/Users/jeffsnyder/dev/LEAF/leaf/Src/leaf-filters.c:712:9:tOneZero_setSampleRate	0	static
/Users/jeffsnyder/dev/LEAF/leaf/Src/leaf-filters.c:724:9:tTwoZero_initToPool	16	static
/Users/jeffsnyder/dev/LEAF/leaf/Src/leaf-filters.c:719:9:tTwoZero_init	8	static
/Users/jeffsnyder/dev/LEAF/leaf/Src/leaf-filters.c:737:9:tTwoZero_free	8	static
/Users/jeffsnyder/dev/LEAF/leaf/Src/leaf-filters.c:743:10:tTwoZero_tick	0	static
/Users/jeffsnyder/dev/LEAF/leaf/Src/leaf-filters.c:756:9:tTwoZero_setNotch	16	static
/Users/jeffsnyder/dev/LEAF/leaf/Src/leaf-filters.c:780:9:tTwoZero_setB0	0	static
/Users/jeffsnyder/dev/LEAF/leaf/Src/leaf-filters.c:786:9:tTwoZero_setB1	0	static
/Users/jeffsnyder/dev/LEAF/leaf/Src/leaf-filters.c:792:9:tTwoZero_setCoefficients	0	static
/Users/jeffsnyder/dev/LEAF/leaf/Src/leaf-filters.c:800:9:tTwoZero_setGain	0	static
/Users/jeffsnyder/dev/LEAF/leaf/Src/leaf-filters.c:806:6:tTwoZero_setSampleRate	8	static
/Users/jeffsnyder/dev/LEAF/leaf/Src/leaf-filters.c:820:9:tPoleZero_initToPool	16	static
/Users/jeffsnyder/dev/LEAF/leaf/Src/leaf-filters.c:815:8:tPoleZero_init	8	static
/Users/jeffsnyder/dev/LEAF/leaf/Src/leaf-filters.c:834:9:tPoleZero_free	8	static
/Users/jeffsnyder/dev/LEAF/leaf/Src/leaf-filters.c:840:9:tPoleZero_setB0	0	static
/Users/jeffsnyder/dev/LEAF/leaf/Src/leaf-filters.c:846:9:tPoleZero_setB1	0	static
/Users/jeffsnyder/dev/LEAF/leaf/Src/leaf-filters.c:852:9:tPoleZero_setA1	0	static
/Users/jeffsnyder/dev/LEAF/leaf/Src/leaf-filters.c:864:9:tPoleZero_setCoefficients	0	static
/Users/jeffsnyder/dev/LEAF/leaf/Src/leaf-filters.c:878:9:tPoleZero_setThiranAllpassSOCascade	0	static
/Users/jeffsnyder/dev/LEAF/leaf/Src/leaf-filters.c:893:9:tPoleZero_setBlockZero	0	static
/Users/jeffsnyder/dev/LEAF/leaf/Src/leaf-filters.c:908:9:tPoleZero_setGain	0	static
/Users/jeffsnyder/dev/LEAF/leaf/Src/leaf-filters.c:914:10:tPoleZero_tick	0	static
/Users/jeffsnyder/dev/LEAF/leaf/Src/leaf-filters.c:933:9:tBiQuad_initToPool	16	static
/Users/jeffsnyder/dev/LEAF/leaf/Src/leaf-filters.c:928:9:tBiQuad_init	8	static
/Users/jeffsnyder/dev/LEAF/leaf/Src/leaf-filters.c:953:9:tBiQuad_free	8	static
/Users/jeffsnyder/dev/LEAF/leaf/Src/leaf-filters.c:959:10:tBiQuad_tick	0	static
/Users/jeffsnyder/dev/LEAF/leaf/Src/leaf-filters.c:976:9:tBiQuad_setResonance	24	static
/Users/jeffsnyder/dev/LEAF/leaf/Src/leaf-filters.c:1001:9:tBiQuad_setNotch	16	static
/Users/jeffsnyder/dev/LEAF/leaf/Src/leaf-filters.c:1016:6:tBiQuad_setEqualGainZeros	0	static
/Users/jeffsnyder/dev/LEAF/leaf/Src/leaf-filters.c:1024:9:tBiQuad_setB0	0	static
/Users/jeffsnyder/dev/LEAF/leaf/Src/leaf-filters.c:1030:9:tBiQuad_setB1	0	static
/Users/jeffsnyder/dev/LEAF/leaf/Src/leaf-filters.c:1036:9:tBiQuad_setB2	0	static
/Users/jeffsnyder/dev/LEAF/leaf/Src/leaf-filters.c:1042:9:tBiQuad_setA1	0	static
/Users/jeffsnyder/dev/LEAF/leaf/Src/leaf-filters.c:1048:9:tBiQuad_setA2	0	static
/Users/jeffsnyder/dev/LEAF/leaf/Src/leaf-filters.c:1054:9:tBiQuad_setCoefficients	0	static
/Users/jeffsnyder/dev/LEAF/leaf/Src/leaf-filters.c:1064:9:tBiQuad_setGain	0	static
/Users/jeffsnyder/dev/LEAF/leaf/Src/leaf-filters.c:1070:9:tBiQuad_setSampleRate	16	static
/Users/jeffsnyder/dev/LEAF/leaf/Src/leaf-filters.c:1100:9:tSVF_initToPool	32	static
/Users/jeffsnyder/dev/LEAF/leaf/Src/leaf-filters.c:1091:6:tSVF_init	8	static
/Users/jeffsnyder/dev/LEAF/leaf/Src/leaf-filters.c:1176:9:tSVF_free	8	static
/Users/jeffsnyder/dev/LEAF/leaf/Src/leaf-filters.c:1182:10:tSVF_tick	0	static
/Users/jeffsnyder/dev/LEAF/leaf/Src/leaf-filters.c:1196:10:tSVF_tickHP	0	static
/Users/jeffsnyder/dev/LEAF/leaf/Src/leaf-filters.c:1208:10:tSVF_tickBP	0	static
/Users/jeffsnyder/dev/LEAF/leaf/Src/leaf-filters.c:1221:10:tSVF_tickLP	0	static
/Users/jeffsnyder/dev/LEAF/leaf/Src/leaf-filters.c:1232:10:tSVF_setFreq	8	static
/Users/jeffsnyder/dev/LEAF/leaf/Src/leaf-filters.c:1243:9:tSVF_setFreqFast	0	static
/Users/jeffsnyder/dev/LEAF/leaf/Src/leaf-filters.c:1265:10:tSVF_setQ	0	static
/Users/jeffsnyder/dev/LEAF/leaf/Src/leaf-filters.c:1276:9:tSVF_setFreqAndQ	16	static
/Users/jeffsnyder/dev/LEAF/leaf/Src/leaf-filters.c:1288:9:tSVF_setFreqAndQFast	0	static
/Users/jeffsnyder/dev/LEAF/leaf/Src/leaf-filters.c:1312:9:tSVF_setFilterType	0	static
/Users/jeffsnyder/dev/LEAF/leaf/Src/leaf-filters.c:1356:9:tSVF_setSampleRate	0	static
/Users/jeffsnyder/dev/LEAF/leaf/Src/leaf-filters.c:1374:11:tSVF_getPhaseAtFrequency	24	static
/Users/jeffsnyder/dev/LEAF/leaf/Src/leaf-filters.c:1394:9:tSVF_LP_initToPool	24	static
/Users/jeffsnyder/dev/LEAF/leaf/Src/leaf-filters.c:1389:6:tSVF_LP_init	8	static
/Users/jeffsnyder/dev/LEAF/leaf/Src/leaf-filters.c:1429:9:tSVF_LP_free	8	static
/Users/jeffsnyder/dev/LEAF/leaf/Src/leaf-filters.c:1435:10:tSVF_LP_tick	0	static
/Users/jeffsnyder/dev/LEAF/leaf/Src/leaf-filters.c:1446:10:tSVF_LP_setFreq	8	static
/Users/jeffsnyder/dev/LEAF/leaf/Src/leaf-filters.c:1463:9:tSVF_LP_setFreqFast	0	static
/Users/jeffsnyder/dev/LEAF/leaf/Src/leaf-filters.c:1489:10:tSVF_LP_setQ	0	static
/Users/jeffsnyder/dev/LEAF/leaf/Src/leaf-filters.c:1501:9:tSVF_LP_setFreqAndQ	16	static
/Users/jeffsnyder/dev/LEAF/leaf/Src/leaf-filters.c:1517:9:tSVF_LP_setFreqAndQFast	0	static
/Users/jeffsnyder/dev/LEAF/leaf/Src/leaf-filters.c:1545:9:tSVF_LP_setSampleRate	0	static
/Users/jeffsnyder/dev/LEAF/leaf/Src/leaf-filters.c:1563:11:tSVF_LP_getPhaseAtFrequency	24	static
/Users/jeffsnyder/dev/LEAF/leaf/Src/leaf-filters.c:1582:9:tEfficientSVF_initToPool	32	static
/Users/jeffsnyder/dev/LEAF/leaf/Src/leaf-filters.c:1577:8:tEfficientSVF_init	8	static
/Users/jeffsnyder/dev/LEAF/leaf/Src/leaf-filters.c:1609:9:tEfficientSVF_free	8	static
/Users/jeffsnyder/dev/LEAF/leaf/Src/leaf-filters.c:1615:10:tEfficientSVF_tick	0	static
/Users/jeffsnyder/dev/LEAF/leaf/Src/leaf-filters.c:1635:10:tEfficientSVF_setFreq	0	static
/Users/jeffsnyder/dev/LEAF/leaf/Src/leaf-filters.c:1654:10:tEfficientSVF_setQ	0	static
/Users/jeffsnyder/dev/LEAF/leaf/Src/leaf-filters.c:1664:9:tEfficientSVF_setFreqAndQ	0	static
/Users/jeffsnyder/dev/LEAF/leaf/Src/leaf-filters.c:1675:9:tEfficientSVF_setSampleRate	0	static
/Users/jeffsnyder/dev/LEAF/leaf/Src/leaf-filters.c:1696:6:tHighpass_initToPool	24	static
/Users/jeffsnyder/dev/LEAF/leaf/Src/leaf-filters.c:1691:6:tHighpass_init	8	static
/Users/jeffsnyder/dev/LEAF/leaf/Src/leaf-filters.c:1711:6:tHighpass_free	8	static
/Users/jeffsnyder/dev/LEAF/leaf/Src/leaf-filters.c:1717:6:tHighpass_setFreq	0	static
/Users/jeffsnyder/dev/LEAF/leaf/Src/leaf-filters.c:1725:8:tHighpass_getFreq	0	static
/Users/jeffsnyder/dev/LEAF/leaf/Src/leaf-filters.c:1732:8:tHighpass_tick	0	static
/Users/jeffsnyder/dev/LEAF/leaf/Src/leaf-filters.c:1740:6:tHighpass_setSampleRate	0	static
/Users/jeffsnyder/dev/LEAF/leaf/Src/leaf-filters.c:1752:9:tButterworth_initToPool	40	static
/Users/jeffsnyder/dev/LEAF/leaf/Src/leaf-filters.c:1747:6:tButterworth_init	8	static
/Users/jeffsnyder/dev/LEAF/leaf/Src/leaf-filters.c:1778:9:tButterworth_free	16	static
/Users/jeffsnyder/dev/LEAF/leaf/Src/leaf-filters.c:1788:8:tButterworth_tick	16	static
/Users/jeffsnyder/dev/LEAF/leaf/Src/leaf-filters.c:1798:6:tButterworth_setF1	24	static
/Users/jeffsnyder/dev/LEAF/leaf/Src/leaf-filters.c:1808:6:tButterworth_setF2	24	static
/Users/jeffsnyder/dev/LEAF/leaf/Src/leaf-filters.c:1820:6:tButterworth_setFreqs	16	static
/Users/jeffsnyder/dev/LEAF/leaf/Src/leaf-filters.c:1826:9:tButterworth_setSampleRate	24	static
/Users/jeffsnyder/dev/LEAF/leaf/Src/leaf-filters.c:1839:9:tFIR_initToPool	24	static
/Users/jeffsnyder/dev/LEAF/leaf/Src/leaf-filters.c:1834:9:tFIR_init	8	static
/Users/jeffsnyder/dev/LEAF/leaf/Src/leaf-filters.c:1851:9:tFIR_free	8	static
/Users/jeffsnyder/dev/LEAF/leaf/Src/leaf-filters.c:1859:10:tFIR_tick	0	static
/Users/jeffsnyder/dev/LEAF/leaf/Src/leaf-filters.c:1881:9:tMedianFilter_initToPool	24	static
/Users/jeffsnyder/dev/LEAF/leaf/Src/leaf-filters.c:1876:9:tMedianFilter_init	8	static
/Users/jeffsnyder/dev/LEAF/leaf/Src/leaf-filters.c:1900:9:tMedianFilter_free	8	static
/Users/jeffsnyder/dev/LEAF/leaf/Src/leaf-filters.c:1909:10:tMedianFilter_tick	4	static
/Users/jeffsnyder/dev/LEAF/leaf/Src/leaf-filters.c:1992:9:tVZFilter_free	8	static
/Users/jeffsnyder/dev/LEAF/leaf/Src/leaf-filters.c:1998:10:tVZFilter_tick	32	static
/Users/jeffsnyder/dev/LEAF/leaf/Src/leaf-filters.c:2033:10:tVZFilter_tickEfficient	0	static
/Users/jeffsnyder/dev/LEAF/leaf/Src/leaf-filters.c:2055:8:tVZFilter_calcCoeffs	24	static
/Users/jeffsnyder/dev/LEAF/leaf/Src/leaf-filters.c:2192:8:tVZFilter_setFreq	8	static
/Users/jeffsnyder/dev/LEAF/leaf/Src/leaf-filters.c:2200:9:tVZFilter_setFreqFast	0	static
/Users/jeffsnyder/dev/LEAF/leaf/Src/leaf-filters.c:2334:8:tVZFilter_setFreqAndBandwidth	8	static
/Users/jeffsnyder/dev/LEAF/leaf/Src/leaf-filters.c:2352:8:tVZFilter_setGain	8	static
/Users/jeffsnyder/dev/LEAF/leaf/Src/leaf-filters.c:2361:8:tVZFilter_setResonance	8	static
/Users/jeffsnyder/dev/LEAF/leaf/Src/leaf-filters.c:2370:6:tVZFilter_setFrequencyAndResonance	8	static
/Users/jeffsnyder/dev/LEAF/leaf/Src/leaf-filters.c:2379:6:tVZFilter_setFrequencyAndResonanceAndGain	8	static
/Users/jeffsnyder/dev/LEAF/leaf/Src/leaf-filters.c:2390:6:tVZFilter_setFastFrequencyAndResonanceAndGain	8	static
/Users/jeffsnyder/dev/LEAF/leaf/Src/leaf-filters.c:2401:6:tVZFilter_setFrequencyAndBandwidthAndGain	8	static
/Users/jeffsnyder/dev/LEAF/leaf/Src/leaf-filters.c:2413:6:tVZFilter_setFrequencyAndResonanceAndMorph	8	static
/Users/jeffsnyder/dev/LEAF/leaf/Src/leaf-filters.c:2423:8:tVZFilter_setMorph	8	static
/Users/jeffsnyder/dev/LEAF/leaf/Src/leaf-filters.c:2430:8:tVZFilter_setMorphOnly	0	static
/Users/jeffsnyder/dev/LEAF/leaf/Src/leaf-filters.c:2437:6:tVZFilter_setType	8	static
/Users/jeffsnyder/dev/LEAF/leaf/Src/leaf-filters.c:2444:8:tVZFilter_BandwidthToR	16	static
/Users/jeffsnyder/dev/LEAF/leaf/Src/leaf-filters.c:2185:8:tVZFilter_setBandwidth	16	static
/Users/jeffsnyder/dev/LEAF/leaf/Src/leaf-filters.c:1955:9:tVZFilter_initToPool	32	static
/Users/jeffsnyder/dev/LEAF/leaf/Src/leaf-filters.c:1950:9:tVZFilter_init	8	static
/Users/jeffsnyder/dev/LEAF/leaf/Src/leaf-filters.c:2455:8:tVZFilter_BandwidthToREfficientBP	0	static
/Users/jeffsnyder/dev/LEAF/leaf/Src/leaf-filters.c:2176:8:tVZFilter_calcCoeffsEfficientBP	16	static
/Users/jeffsnyder/dev/LEAF/leaf/Src/leaf-filters.c:2343:8:tVZFilter_setFreqAndBandwidthEfficientBP	8	static
/Users/jeffsnyder/dev/LEAF/leaf/Src/leaf-filters.c:2466:9:tVZFilter_setSampleRate	0	static
/Users/jeffsnyder/dev/LEAF/leaf/Src/leaf-filters.c:2488:9:tVZFilterLS_initToPool	32	static
/Users/jeffsnyder/dev/LEAF/leaf/Src/leaf-filters.c:2483:9:tVZFilterLS_init	8	static
/Users/jeffsnyder/dev/LEAF/leaf/Src/leaf-filters.c:2521:9:tVZFilterLS_free	8	static
/Users/jeffsnyder/dev/LEAF/leaf/Src/leaf-filters.c:2527:9:tVZFilterLS_setSampleRate	0	static
/Users/jeffsnyder/dev/LEAF/leaf/Src/leaf-filters.c:2542:10:tVZFilterLS_tick	0	static
/Users/jeffsnyder/dev/LEAF/leaf/Src/leaf-filters.c:2564:9:tVZFilterLS_setFreqFast	0	static
/Users/jeffsnyder/dev/LEAF/leaf/Src/leaf-filters.c:2586:9:tVZFilterLS_setBandwidthSlow	8	static
/Users/jeffsnyder/dev/LEAF/leaf/Src/leaf-filters.c:2591:9:tVZFilterLS_setFreq	8	static
/Users/jeffsnyder/dev/LEAF/leaf/Src/leaf-filters.c:2600:9:tVZFilterLS_setGain	0	static
/Users/jeffsnyder/dev/LEAF/leaf/Src/leaf-filters.c:2610:9:tVZFilterLS_setResonance	0	static
/Users/jeffsnyder/dev/LEAF/leaf/Src/leaf-filters.c:2619:9:tVZFilterLS_setFreqFastAndResonanceAndGain	0	static
/Users/jeffsnyder/dev/LEAF/leaf/Src/leaf-filters.c:2656:9:tVZFilterHS_initToPool	32	static
/Users/jeffsnyder/dev/LEAF/leaf/Src/leaf-filters.c:2651:9:tVZFilterHS_init	8	static
/Users/jeffsnyder/dev/LEAF/leaf/Src/leaf-filters.c:2689:9:tVZFilterHS_free	8	static
/Users/jeffsnyder/dev/LEAF/leaf/Src/leaf-filters.c:2695:9:tVZFilterHS_setSampleRate	0	static
/Users/jeffsnyder/dev/LEAF/leaf/Src/leaf-filters.c:2710:10:tVZFilterHS_tick	0	static
/Users/jeffsnyder/dev/LEAF/leaf/Src/leaf-filters.c:2732:9:tVZFilterHS_setFreqFast	0	static
/Users/jeffsnyder/dev/LEAF/leaf/Src/leaf-filters.c:2755:9:tVZFilterHS_setBandwidthSlow	8	static
/Users/jeffsnyder/dev/LEAF/leaf/Src/leaf-filters.c:2760:9:tVZFilterHS_setFreq	8	static
/Users/jeffsnyder/dev/LEAF/leaf/Src/leaf-filters.c:2770:9:tVZFilterHS_setGain	0	static
/Users/jeffsnyder/dev/LEAF/leaf/Src/leaf-filters.c:2780:9:tVZFilterHS_setResonance	0	static
/Users/jeffsnyder/dev/LEAF/leaf/Src/leaf-filters.c:2790:9:tVZFilterHS_setFreqFastAndResonanceAndGain	0	static
/Users/jeffsnyder/dev/LEAF/leaf/Src/leaf-filters.c:2827:9:tVZFilterBell_initToPool	32	static
/Users/jeffsnyder/dev/LEAF/leaf/Src/leaf-filters.c:2822:9:tVZFilterBell_init	8	static
/Users/jeffsnyder/dev/LEAF/leaf/Src/leaf-filters.c:2864:9:tVZFilterBell_free	8	static
/Users/jeffsnyder/dev/LEAF/leaf/Src/leaf-filters.c:2870:9:tVZFilterBell_setSampleRate	0	static
/Users/jeffsnyder/dev/LEAF/leaf/Src/leaf-filters.c:2885:10:tVZFilterBell_tick	0	static
/Users/jeffsnyder/dev/LEAF/leaf/Src/leaf-filters.c:2909:9:tVZFilterBell_setBandwidth	0	static
/Users/jeffsnyder/dev/LEAF/leaf/Src/leaf-filters.c:2921:9:tVZFilterBell_setFreq	24	static
/Users/jeffsnyder/dev/LEAF/leaf/Src/leaf-filters.c:2937:9:tVZFilterBell_setFreqFast	0	static
/Users/jeffsnyder/dev/LEAF/leaf/Src/leaf-filters.c:2975:9:tVZFilterBell_setFreqAndGainFast	0	static
/Users/jeffsnyder/dev/LEAF/leaf/Src/leaf-filters.c:3015:9:tVZFilterBell_setGain	0	static
/Users/jeffsnyder/dev/LEAF/leaf/Src/leaf-filters.c:3024:9:tVZFilterBell_setFrequencyAndGain	0	static
/Users/jeffsnyder/dev/LEAF/leaf/Src/leaf-filters.c:3041:9:tVZFilterBell_setFrequencyAndBandwidthAndGain	0	static
/Users/jeffsnyder/dev/LEAF/leaf/Src/leaf-filters.c:3059:9:tVZFilterBell_setFreqAndBWAndGainFast	0	static
/Users/jeffsnyder/dev/LEAF/leaf/Src/leaf-filters.c:3106:9:tVZFilterBR_initToPool	32	static
/Users/jeffsnyder/dev/LEAF/leaf/Src/leaf-filters.c:3101:9:tVZFilterBR_init	8	static
/Users/jeffsnyder/dev/LEAF/leaf/Src/leaf-filters.c:3136:9:tVZFilterBR_free	8	static
/Users/jeffsnyder/dev/LEAF/leaf/Src/leaf-filters.c:3142:9:tVZFilterBR_setSampleRate	0	static
/Users/jeffsnyder/dev/LEAF/leaf/Src/leaf-filters.c:3157:10:tVZFilterBR_tick	0	static
/Users/jeffsnyder/dev/LEAF/leaf/Src/leaf-filters.c:3179:9:tVZFilterBR_setFreqFast	0	static
/Users/jeffsnyder/dev/LEAF/leaf/Src/leaf-filters.c:3200:9:tVZFilterBR_setGain	0	static
/Users/jeffsnyder/dev/LEAF/leaf/Src/leaf-filters.c:3206:9:tVZFilterBR_setFreq	8	static
/Users/jeffsnyder/dev/LEAF/leaf/Src/leaf-filters.c:3215:9:tVZFilterBR_setResonance	0	static
/Users/jeffsnyder/dev/LEAF/leaf/Src/leaf-filters.c:3223:9:tVZFilterBR_setFreqAndResonanceFast	0	static
/Users/jeffsnyder/dev/LEAF/leaf/Src/leaf-filters.c:3256:9:tDiodeFilter_initToPool	24	static
/Users/jeffsnyder/dev/LEAF/leaf/Src/leaf-filters.c:3251:9:tDiodeFilter_init	8	static
/Users/jeffsnyder/dev/LEAF/leaf/Src/leaf-filters.c:3292:9:tDiodeFilter_free	8	static
/Users/jeffsnyder/dev/LEAF/leaf/Src/leaf-filters.c:3298:8:tanhXdX	0	static
/Users/jeffsnyder/dev/LEAF/leaf/Src/leaf-filters.c:3316:10:tDiodeFilter_tick	56	static
/Users/jeffsnyder/dev/LEAF/leaf/Src/leaf-filters.c:3375:10:tDiodeFilter_tickEfficient	56	static
/Users/jeffsnyder/dev/LEAF/leaf/Src/leaf-filters.c:3436:9:tDiodeFilter_setFreq	8	static
/Users/jeffsnyder/dev/LEAF/leaf/Src/leaf-filters.c:3444:9:tDiodeFilter_setFreqFast	0	static
/Users/jeffsnyder/dev/LEAF/leaf/Src/leaf-filters.c:3464:9:tDiodeFilter_setQ	0	static
/Users/jeffsnyder/dev/LEAF/leaf/Src/leaf-filters.c:3471:9:tDiodeFilter_setSampleRate	0	static
/Users/jeffsnyder/dev/LEAF/leaf/Src/leaf-filters.c:3493:9:tLadderFilter_initToPool	24	static
/Users/jeffsnyder/dev/LEAF/leaf/Src/leaf-filters.c:3488:9:tLadderFilter_init	8	static
/Users/jeffsnyder/dev/LEAF/leaf/Src/leaf-filters.c:3534:9:tLadderFilter_free	8	static
/Users/jeffsnyder/dev/LEAF/leaf/Src/leaf-filters.c:3540:8:smoothABS	16	static
/Users/jeffsnyder/dev/LEAF/leaf/Src/leaf-filters.c:3554:8:smoothclip	32	static
/Users/jeffsnyder/dev/LEAF/leaf/Src/leaf-filters.c:3564:8:tanhd	0	static
/Users/jeffsnyder/dev/LEAF/leaf/Src/leaf-filters.c:3569:10:tLadderFilter_tick	72	static
/Users/jeffsnyder/dev/LEAF/leaf/Src/leaf-filters.c:3632:9:tLadderFilter_setFreq	8	static
/Users/jeffsnyder/dev/LEAF/leaf/Src/leaf-filters.c:3641:9:tLadderFilter_setFreqFast	0	static
/Users/jeffsnyder/dev/LEAF/leaf/Src/leaf-filters.c:3663:9:tLadderFilter_setQ	0	static
/Users/jeffsnyder/dev/LEAF/leaf/Src/leaf-filters.c:3669:9:tLadderFilter_setSampleRate	0	static
/Users/jeffsnyder/dev/LEAF/leaf/Src/leaf-filters.c:3686:9:tLadderFilter_setOversampling	0	static
/Users/jeffsnyder/dev/LEAF/leaf/Src/leaf-filters.c:3711:9:tTiltFilter_initToPool	24	static
/Users/jeffsnyder/dev/LEAF/leaf/Src/leaf-filters.c:3706:9:tTiltFilter_init	8	static
/Users/jeffsnyder/dev/LEAF/leaf/Src/leaf-filters.c:3730:9:tTiltFilter_free	8	static
/Users/jeffsnyder/dev/LEAF/leaf/Src/leaf-filters.c:3738:10:tTiltFilter_tick	0	static
/Users/jeffsnyder/dev/LEAF/leaf/Src/leaf-filters.c:3745:9:tTiltFilter_setTilt	0	static
/Users/jeffsnyder/dev/LEAF/leaf/Src/leaf-filters.c:3765:9:tTiltFilter_setSampleRate	0	static
