/Users/jeffsnyder/dev/LEAF/leaf/Src/leaf-filters.c:28:9:tAllpass_init	32	static
/Users/jeffsnyder/dev/LEAF/leaf/Src/leaf-filters.c:33:9:tAllpass_initToPool	32	static
/Users/jeffsnyder/dev/LEAF/leaf/Src/leaf-filters.c:46:9:tAllpass_free	8	static
/Users/jeffsnyder/dev/LEAF/leaf/Src/leaf-filters.c:54:9:tAllpass_setDelay	0	static
/Users/jeffsnyder/dev/LEAF/leaf/Src/leaf-filters.c:61:9:tAllpass_setGain	0	static
/Users/jeffsnyder/dev/LEAF/leaf/Src/leaf-filters.c:68:10:tAllpass_tick	16	static
/Users/jeffsnyder/dev/LEAF/leaf/Src/leaf-filters.c:82:9:tAllpassSO_init	16	static
/Users/jeffsnyder/dev/LEAF/leaf/Src/leaf-filters.c:87:9:tAllpassSO_initToPool	16	static
/Users/jeffsnyder/dev/LEAF/leaf/Src/leaf-filters.c:99:9:tAllpassSO_free	0	static
/Users/jeffsnyder/dev/LEAF/leaf/Src/leaf-filters.c:105:9:tAllpassSO_setCoeff	0	static
/Users/jeffsnyder/dev/LEAF/leaf/Src/leaf-filters.c:123:10:tAllpassSO_tick	0	static
/Users/jeffsnyder/dev/LEAF/leaf/Src/leaf-filters.c:175:9:tThiranAllpassSOCascade_initToPool	40	static
/Users/jeffsnyder/dev/LEAF/leaf/Src/leaf-filters.c:170:9:tThiranAllpassSOCascade_init	0	static
/Users/jeffsnyder/dev/LEAF/leaf/Src/leaf-filters.c:202:9:tThiranAllpassSOCascade_free	16	static
/Users/jeffsnyder/dev/LEAF/leaf/Src/leaf-filters.c:214:10:tThiranAllpassSOCascade_setCoeff	40	static
/Users/jeffsnyder/dev/LEAF/leaf/Src/leaf-filters.c:285:10:tThiranAllpassSOCascade_tick	0	static
/Users/jeffsnyder/dev/LEAF/leaf/Src/leaf-filters.c:296:8:tThiranAllpassSOCascade_clear	0	static
/Users/jeffsnyder/dev/LEAF/leaf/Src/leaf-filters.c:310:9:tOnePole_init	24	static
/Users/jeffsnyder/dev/LEAF/leaf/Src/leaf-filters.c:315:9:tOnePole_initToPool	24	static
/Users/jeffsnyder/dev/LEAF/leaf/Src/leaf-filters.c:333:9:tOnePole_free	0	static
/Users/jeffsnyder/dev/LEAF/leaf/Src/leaf-filters.c:340:9:tOnePole_setB0	0	static
/Users/jeffsnyder/dev/LEAF/leaf/Src/leaf-filters.c:346:9:tOnePole_setA1	0	static
/Users/jeffsnyder/dev/LEAF/leaf/Src/leaf-filters.c:353:9:tOnePole_setPole	0	static
/Users/jeffsnyder/dev/LEAF/leaf/Src/leaf-filters.c:366:13:tOnePole_setFreq	8	static
/Users/jeffsnyder/dev/LEAF/leaf/Src/leaf-filters.c:376:9:tOnePole_setCoefficients	0	static
/Users/jeffsnyder/dev/LEAF/leaf/Src/leaf-filters.c:384:9:tOnePole_setGain	0	static
/Users/jeffsnyder/dev/LEAF/leaf/Src/leaf-filters.c:390:10:tOnePole_tick	0	static
/Users/jeffsnyder/dev/LEAF/leaf/Src/leaf-filters.c:403:6:tOnePole_setSampleRate	8	static
/Users/jeffsnyder/dev/LEAF/leaf/Src/leaf-filters.c:414:9:tCookOnePole_init	16	static
/Users/jeffsnyder/dev/LEAF/leaf/Src/leaf-filters.c:419:9:tCookOnePole_initToPool	16	static
/Users/jeffsnyder/dev/LEAF/leaf/Src/leaf-filters.c:433:9:tCookOnePole_free	0	static
/Users/jeffsnyder/dev/LEAF/leaf/Src/leaf-filters.c:441:9:tCookOnePole_setPole	0	static
/Users/jeffsnyder/dev/LEAF/leaf/Src/leaf-filters.c:453:9:tCookOnePole_setGainAndPole	0	static
/Users/jeffsnyder/dev/LEAF/leaf/Src/leaf-filters.c:463:10:tCookOnePole_tick	0	static
/Users/jeffsnyder/dev/LEAF/leaf/Src/leaf-filters.c:471:6:tCookOnePole_setSampleRate	0	static
/Users/jeffsnyder/dev/LEAF/leaf/Src/leaf-filters.c:478:9:tTwoPole_init	16	static
/Users/jeffsnyder/dev/LEAF/leaf/Src/leaf-filters.c:483:9:tTwoPole_initToPool	16	static
/Users/jeffsnyder/dev/LEAF/leaf/Src/leaf-filters.c:501:9:tTwoPole_free	0	static
/Users/jeffsnyder/dev/LEAF/leaf/Src/leaf-filters.c:507:10:tTwoPole_tick	0	static
/Users/jeffsnyder/dev/LEAF/leaf/Src/leaf-filters.c:520:9:tTwoPole_setB0	0	static
/Users/jeffsnyder/dev/LEAF/leaf/Src/leaf-filters.c:526:9:tTwoPole_setA1	0	static
/Users/jeffsnyder/dev/LEAF/leaf/Src/leaf-filters.c:532:9:tTwoPole_setA2	0	static
/Users/jeffsnyder/dev/LEAF/leaf/Src/leaf-filters.c:538:9:tTwoPole_setResonance	32	static
/Users/jeffsnyder/dev/LEAF/leaf/Src/leaf-filters.c:566:9:tTwoPole_setCoefficients	0	static
/Users/jeffsnyder/dev/LEAF/leaf/Src/leaf-filters.c:574:9:tTwoPole_setGain	0	static
/Users/jeffsnyder/dev/LEAF/leaf/Src/leaf-filters.c:580:10:tTwoPole_setSampleRate	24	static
/Users/jeffsnyder/dev/LEAF/leaf/Src/leaf-filters.c:599:9:tOneZero_init	24	static
/Users/jeffsnyder/dev/LEAF/leaf/Src/leaf-filters.c:604:9:tOneZero_initToPool	24	static
/Users/jeffsnyder/dev/LEAF/leaf/Src/leaf-filters.c:618:9:tOneZero_free	0	static
/Users/jeffsnyder/dev/LEAF/leaf/Src/leaf-filters.c:624:10:tOneZero_tick	0	static
/Users/jeffsnyder/dev/LEAF/leaf/Src/leaf-filters.c:636:9:tOneZero_setZero	0	static
/Users/jeffsnyder/dev/LEAF/leaf/Src/leaf-filters.c:647:9:tOneZero_setB0	0	static
/Users/jeffsnyder/dev/LEAF/leaf/Src/leaf-filters.c:654:9:tOneZero_setB1	0	static
/Users/jeffsnyder/dev/LEAF/leaf/Src/leaf-filters.c:660:9:tOneZero_setCoefficients	0	static
/Users/jeffsnyder/dev/LEAF/leaf/Src/leaf-filters.c:667:9:tOneZero_setGain	0	static
/Users/jeffsnyder/dev/LEAF/leaf/Src/leaf-filters.c:673:10:tOneZero_getPhaseDelay	24	static
/Users/jeffsnyder/dev/LEAF/leaf/Src/leaf-filters.c:703:9:tOneZero_setSampleRate	0	static
/Users/jeffsnyder/dev/LEAF/leaf/Src/leaf-filters.c:710:9:tTwoZero_init	16	static
/Users/jeffsnyder/dev/LEAF/leaf/Src/leaf-filters.c:715:9:tTwoZero_initToPool	16	static
/Users/jeffsnyder/dev/LEAF/leaf/Src/leaf-filters.c:728:9:tTwoZero_free	0	static
/Users/jeffsnyder/dev/LEAF/leaf/Src/leaf-filters.c:734:10:tTwoZero_tick	0	static
/Users/jeffsnyder/dev/LEAF/leaf/Src/leaf-filters.c:747:9:tTwoZero_setNotch	16	static
/Users/jeffsnyder/dev/LEAF/leaf/Src/leaf-filters.c:771:9:tTwoZero_setB0	0	static
/Users/jeffsnyder/dev/LEAF/leaf/Src/leaf-filters.c:777:9:tTwoZero_setB1	0	static
/Users/jeffsnyder/dev/LEAF/leaf/Src/leaf-filters.c:783:9:tTwoZero_setCoefficients	0	static
/Users/jeffsnyder/dev/LEAF/leaf/Src/leaf-filters.c:791:9:tTwoZero_setGain	0	static
/Users/jeffsnyder/dev/LEAF/leaf/Src/leaf-filters.c:797:6:tTwoZero_setSampleRate	16	static
/Users/jeffsnyder/dev/LEAF/leaf/Src/leaf-filters.c:806:8:tPoleZero_init	16	static
/Users/jeffsnyder/dev/LEAF/leaf/Src/leaf-filters.c:811:9:tPoleZero_initToPool	16	static
/Users/jeffsnyder/dev/LEAF/leaf/Src/leaf-filters.c:825:9:tPoleZero_free	0	static
/Users/jeffsnyder/dev/LEAF/leaf/Src/leaf-filters.c:831:9:tPoleZero_setB0	0	static
/Users/jeffsnyder/dev/LEAF/leaf/Src/leaf-filters.c:837:9:tPoleZero_setB1	0	static
/Users/jeffsnyder/dev/LEAF/leaf/Src/leaf-filters.c:843:9:tPoleZero_setA1	0	static
/Users/jeffsnyder/dev/LEAF/leaf/Src/leaf-filters.c:855:9:tPoleZero_setCoefficients	0	static
/Users/jeffsnyder/dev/LEAF/leaf/Src/leaf-filters.c:869:9:tPoleZero_setThiranAllpassSOCascade	0	static
/Users/jeffsnyder/dev/LEAF/leaf/Src/leaf-filters.c:884:9:tPoleZero_setBlockZero	0	static
/Users/jeffsnyder/dev/LEAF/leaf/Src/leaf-filters.c:899:9:tPoleZero_setGain	0	static
/Users/jeffsnyder/dev/LEAF/leaf/Src/leaf-filters.c:905:10:tPoleZero_tick	0	static
/Users/jeffsnyder/dev/LEAF/leaf/Src/leaf-filters.c:919:9:tBiQuad_init	16	static
/Users/jeffsnyder/dev/LEAF/leaf/Src/leaf-filters.c:924:9:tBiQuad_initToPool	16	static
/Users/jeffsnyder/dev/LEAF/leaf/Src/leaf-filters.c:944:9:tBiQuad_free	0	static
/Users/jeffsnyder/dev/LEAF/leaf/Src/leaf-filters.c:950:10:tBiQuad_tick	0	static
/Users/jeffsnyder/dev/LEAF/leaf/Src/leaf-filters.c:967:9:tBiQuad_setResonance	32	static
/Users/jeffsnyder/dev/LEAF/leaf/Src/leaf-filters.c:992:9:tBiQuad_setNotch	16	static
/Users/jeffsnyder/dev/LEAF/leaf/Src/leaf-filters.c:1007:6:tBiQuad_setEqualGainZeros	0	static
/Users/jeffsnyder/dev/LEAF/leaf/Src/leaf-filters.c:1015:9:tBiQuad_setB0	0	static
/Users/jeffsnyder/dev/LEAF/leaf/Src/leaf-filters.c:1021:9:tBiQuad_setB1	0	static
/Users/jeffsnyder/dev/LEAF/leaf/Src/leaf-filters.c:1027:9:tBiQuad_setB2	0	static
/Users/jeffsnyder/dev/LEAF/leaf/Src/leaf-filters.c:1033:9:tBiQuad_setA1	0	static
/Users/jeffsnyder/dev/LEAF/leaf/Src/leaf-filters.c:1039:9:tBiQuad_setA2	0	static
/Users/jeffsnyder/dev/LEAF/leaf/Src/leaf-filters.c:1045:9:tBiQuad_setCoefficients	0	static
/Users/jeffsnyder/dev/LEAF/leaf/Src/leaf-filters.c:1055:9:tBiQuad_setGain	0	static
/Users/jeffsnyder/dev/LEAF/leaf/Src/leaf-filters.c:1061:9:tBiQuad_setSampleRate	16	static
/Users/jeffsnyder/dev/LEAF/leaf/Src/leaf-filters.c:1081:6:tSVF_init	32	static
/Users/jeffsnyder/dev/LEAF/leaf/Src/leaf-filters.c:1090:9:tSVF_initToPool	32	static
/Users/jeffsnyder/dev/LEAF/leaf/Src/leaf-filters.c:1166:9:tSVF_free	0	static
/Users/jeffsnyder/dev/LEAF/leaf/Src/leaf-filters.c:1172:10:tSVF_tick	0	static
/Users/jeffsnyder/dev/LEAF/leaf/Src/leaf-filters.c:1191:10:tSVF_setFreq	8	static
/Users/jeffsnyder/dev/LEAF/leaf/Src/leaf-filters.c:1202:9:tSVF_setFreqFast	0	static
/Users/jeffsnyder/dev/LEAF/leaf/Src/leaf-filters.c:1224:10:tSVF_setQ	0	static
/Users/jeffsnyder/dev/LEAF/leaf/Src/leaf-filters.c:1235:9:tSVF_setFreqAndQ	16	static
/Users/jeffsnyder/dev/LEAF/leaf/Src/leaf-filters.c:1247:9:tSVF_setFilterType	0	static
/Users/jeffsnyder/dev/LEAF/leaf/Src/leaf-filters.c:1291:9:tSVF_setSampleRate	0	static
/Users/jeffsnyder/dev/LEAF/leaf/Src/leaf-filters.c:1300:8:tEfficientSVF_init	32	static
/Users/jeffsnyder/dev/LEAF/leaf/Src/leaf-filters.c:1305:9:tEfficientSVF_initToPool	32	static
/Users/jeffsnyder/dev/LEAF/leaf/Src/leaf-filters.c:1332:9:tEfficientSVF_free	0	static
/Users/jeffsnyder/dev/LEAF/leaf/Src/leaf-filters.c:1338:10:tEfficientSVF_tick	0	static
/Users/jeffsnyder/dev/LEAF/leaf/Src/leaf-filters.c:1358:10:tEfficientSVF_setFreq	0	static
/Users/jeffsnyder/dev/LEAF/leaf/Src/leaf-filters.c:1377:10:tEfficientSVF_setQ	0	static
/Users/jeffsnyder/dev/LEAF/leaf/Src/leaf-filters.c:1387:9:tEfficientSVF_setFreqAndQ	0	static
/Users/jeffsnyder/dev/LEAF/leaf/Src/leaf-filters.c:1398:9:tEfficientSVF_setSampleRate	0	static
/Users/jeffsnyder/dev/LEAF/leaf/Src/leaf-filters.c:1414:6:tHighpass_init	24	static
/Users/jeffsnyder/dev/LEAF/leaf/Src/leaf-filters.c:1419:6:tHighpass_initToPool	24	static
/Users/jeffsnyder/dev/LEAF/leaf/Src/leaf-filters.c:1434:6:tHighpass_free	0	static
/Users/jeffsnyder/dev/LEAF/leaf/Src/leaf-filters.c:1440:6:tHighpass_setFreq	0	static
/Users/jeffsnyder/dev/LEAF/leaf/Src/leaf-filters.c:1448:8:tHighpass_getFreq	0	static
/Users/jeffsnyder/dev/LEAF/leaf/Src/leaf-filters.c:1455:8:tHighpass_tick	0	static
/Users/jeffsnyder/dev/LEAF/leaf/Src/leaf-filters.c:1463:6:tHighpass_setSampleRate	0	static
/Users/jeffsnyder/dev/LEAF/leaf/Src/leaf-filters.c:1475:9:tButterworth_initToPool	64	static
/Users/jeffsnyder/dev/LEAF/leaf/Src/leaf-filters.c:1470:6:tButterworth_init	0	static
/Users/jeffsnyder/dev/LEAF/leaf/Src/leaf-filters.c:1501:9:tButterworth_free	16	static
/Users/jeffsnyder/dev/LEAF/leaf/Src/leaf-filters.c:1511:8:tButterworth_tick	0	static
/Users/jeffsnyder/dev/LEAF/leaf/Src/leaf-filters.c:1521:6:tButterworth_setF1	32	static
/Users/jeffsnyder/dev/LEAF/leaf/Src/leaf-filters.c:1531:6:tButterworth_setF2	40	static
/Users/jeffsnyder/dev/LEAF/leaf/Src/leaf-filters.c:1543:6:tButterworth_setFreqs	48	static
/Users/jeffsnyder/dev/LEAF/leaf/Src/leaf-filters.c:1549:9:tButterworth_setSampleRate	0	static
/Users/jeffsnyder/dev/LEAF/leaf/Src/leaf-filters.c:1557:9:tFIR_init	32	static
/Users/jeffsnyder/dev/LEAF/leaf/Src/leaf-filters.c:1562:9:tFIR_initToPool	32	static
/Users/jeffsnyder/dev/LEAF/leaf/Src/leaf-filters.c:1574:9:tFIR_free	8	static
/Users/jeffsnyder/dev/LEAF/leaf/Src/leaf-filters.c:1582:10:tFIR_tick	4	static
/Users/jeffsnyder/dev/LEAF/leaf/Src/leaf-filters.c:1604:9:tMedianFilter_initToPool	24	static
/Users/jeffsnyder/dev/LEAF/leaf/Src/leaf-filters.c:1599:9:tMedianFilter_init	0	static
/Users/jeffsnyder/dev/LEAF/leaf/Src/leaf-filters.c:1623:9:tMedianFilter_free	8	static
/Users/jeffsnyder/dev/LEAF/leaf/Src/leaf-filters.c:1632:10:tMedianFilter_tick	12	static
/Users/jeffsnyder/dev/LEAF/leaf/Src/leaf-filters.c:1714:9:tVZFilter_free	0	static
/Users/jeffsnyder/dev/LEAF/leaf/Src/leaf-filters.c:1720:10:tVZFilter_tick	32	static
/Users/jeffsnyder/dev/LEAF/leaf/Src/leaf-filters.c:1755:10:tVZFilter_tickEfficient	0	static
/Users/jeffsnyder/dev/LEAF/leaf/Src/leaf-filters.c:1777:8:tVZFilter_calcCoeffs	16	static
/Users/jeffsnyder/dev/LEAF/leaf/Src/leaf-filters.c:1678:9:tVZFilter_initToPool	48	static
/Users/jeffsnyder/dev/LEAF/leaf/Src/leaf-filters.c:1673:9:tVZFilter_init	0	static
/Users/jeffsnyder/dev/LEAF/leaf/Src/leaf-filters.c:1898:8:tVZFilter_calcCoeffsEfficientBP	32	static
/Users/jeffsnyder/dev/LEAF/leaf/Src/leaf-filters.c:1907:8:tVZFilter_setBandwidth	16	static
/Users/jeffsnyder/dev/LEAF/leaf/Src/leaf-filters.c:1914:8:tVZFilter_setFreq	16	static
/Users/jeffsnyder/dev/LEAF/leaf/Src/leaf-filters.c:1922:9:tVZFilter_setFreqFast	16	static
/Users/jeffsnyder/dev/LEAF/leaf/Src/leaf-filters.c:2056:8:tVZFilter_setFreqAndBandwidth	24	static
/Users/jeffsnyder/dev/LEAF/leaf/Src/leaf-filters.c:2065:8:tVZFilter_setFreqAndBandwidthEfficientBP	24	static
/Users/jeffsnyder/dev/LEAF/leaf/Src/leaf-filters.c:2074:8:tVZFilter_setGain	16	static
/Users/jeffsnyder/dev/LEAF/leaf/Src/leaf-filters.c:2083:8:tVZFilter_setResonance	16	static
/Users/jeffsnyder/dev/LEAF/leaf/Src/leaf-filters.c:2092:6:tVZFilter_setFrequencyAndResonance	24	static
/Users/jeffsnyder/dev/LEAF/leaf/Src/leaf-filters.c:2101:6:tVZFilter_setFrequencyAndResonanceAndGain	32	static
/Users/jeffsnyder/dev/LEAF/leaf/Src/leaf-filters.c:2112:6:tVZFilter_setFastFrequencyAndResonanceAndGain	32	static
/Users/jeffsnyder/dev/LEAF/leaf/Src/leaf-filters.c:2124:6:tVZFilter_setFrequencyAndBandwidthAndGain	24	static
/Users/jeffsnyder/dev/LEAF/leaf/Src/leaf-filters.c:2136:6:tVZFilter_setFrequencyAndResonanceAndMorph	24	static
/Users/jeffsnyder/dev/LEAF/leaf/Src/leaf-filters.c:2146:8:tVZFilter_setMorph	16	static
/Users/jeffsnyder/dev/LEAF/leaf/Src/leaf-filters.c:2153:8:tVZFilter_setMorphOnly	8	static
/Users/jeffsnyder/dev/LEAF/leaf/Src/leaf-filters.c:2160:6:tVZFilter_setType	16	static
/Users/jeffsnyder/dev/LEAF/leaf/Src/leaf-filters.c:2167:8:tVZFilter_BandwidthToR	8	static
/Users/jeffsnyder/dev/LEAF/leaf/Src/leaf-filters.c:2178:8:tVZFilter_BandwidthToREfficientBP	16	static
/Users/jeffsnyder/dev/LEAF/leaf/Src/leaf-filters.c:2189:9:tVZFilter_setSampleRate	0	static
/Users/jeffsnyder/dev/LEAF/leaf/Src/leaf-filters.c:2210:9:tVZFilterLS_initToPool	40	static
/Users/jeffsnyder/dev/LEAF/leaf/Src/leaf-filters.c:2205:9:tVZFilterLS_init	0	static
/Users/jeffsnyder/dev/LEAF/leaf/Src/leaf-filters.c:2243:9:tVZFilterLS_free	0	static
/Users/jeffsnyder/dev/LEAF/leaf/Src/leaf-filters.c:2249:9:tVZFilterLS_setSampleRate	0	static
/Users/jeffsnyder/dev/LEAF/leaf/Src/leaf-filters.c:2264:10:tVZFilterLS_tick	0	static
/Users/jeffsnyder/dev/LEAF/leaf/Src/leaf-filters.c:2286:9:tVZFilterLS_setFreqFast	0	static
/Users/jeffsnyder/dev/LEAF/leaf/Src/leaf-filters.c:2308:9:tVZFilterLS_setBandwidthSlow	8	static
/Users/jeffsnyder/dev/LEAF/leaf/Src/leaf-filters.c:2313:9:tVZFilterLS_setFreq	0	static
/Users/jeffsnyder/dev/LEAF/leaf/Src/leaf-filters.c:2322:9:tVZFilterLS_setGain	8	static
/Users/jeffsnyder/dev/LEAF/leaf/Src/leaf-filters.c:2332:9:tVZFilterLS_setResonance	0	static
/Users/jeffsnyder/dev/LEAF/leaf/Src/leaf-filters.c:2341:9:tVZFilterLS_setFreqFastAndResonanceAndGain	16	static
/Users/jeffsnyder/dev/LEAF/leaf/Src/leaf-filters.c:2363:9:tVZFilterHS_initToPool	40	static
/Users/jeffsnyder/dev/LEAF/leaf/Src/leaf-filters.c:2358:9:tVZFilterHS_init	0	static
/Users/jeffsnyder/dev/LEAF/leaf/Src/leaf-filters.c:2396:9:tVZFilterHS_free	0	static
/Users/jeffsnyder/dev/LEAF/leaf/Src/leaf-filters.c:2402:9:tVZFilterHS_setSampleRate	0	static
/Users/jeffsnyder/dev/LEAF/leaf/Src/leaf-filters.c:2417:10:tVZFilterHS_tick	0	static
/Users/jeffsnyder/dev/LEAF/leaf/Src/leaf-filters.c:2439:9:tVZFilterHS_setFreqFast	0	static
/Users/jeffsnyder/dev/LEAF/leaf/Src/leaf-filters.c:2462:9:tVZFilterHS_setBandwidthSlow	8	static
/Users/jeffsnyder/dev/LEAF/leaf/Src/leaf-filters.c:2467:9:tVZFilterHS_setFreq	8	static
/Users/jeffsnyder/dev/LEAF/leaf/Src/leaf-filters.c:2477:9:tVZFilterHS_setGain	8	static
/Users/jeffsnyder/dev/LEAF/leaf/Src/leaf-filters.c:2487:9:tVZFilterHS_setResonance	0	static
/Users/jeffsnyder/dev/LEAF/leaf/Src/leaf-filters.c:2497:9:tVZFilterHS_setFreqFastAndResonanceAndGain	16	static
/Users/jeffsnyder/dev/LEAF/leaf/Src/leaf-filters.c:2518:9:tVZFilterBell_initToPool	40	static
/Users/jeffsnyder/dev/LEAF/leaf/Src/leaf-filters.c:2513:9:tVZFilterBell_init	0	static
/Users/jeffsnyder/dev/LEAF/leaf/Src/leaf-filters.c:2555:9:tVZFilterBell_free	0	static
/Users/jeffsnyder/dev/LEAF/leaf/Src/leaf-filters.c:2561:9:tVZFilterBell_setSampleRate	0	static
/Users/jeffsnyder/dev/LEAF/leaf/Src/leaf-filters.c:2576:10:tVZFilterBell_tick	0	static
/Users/jeffsnyder/dev/LEAF/leaf/Src/leaf-filters.c:2600:9:tVZFilterBell_setBandwidth	16	static
/Users/jeffsnyder/dev/LEAF/leaf/Src/leaf-filters.c:2612:9:tVZFilterBell_setFreq	16	static
/Users/jeffsnyder/dev/LEAF/leaf/Src/leaf-filters.c:2629:9:tVZFilterBell_setFreqFast	16	static
/Users/jeffsnyder/dev/LEAF/leaf/Src/leaf-filters.c:2667:9:tVZFilterBell_setGain	16	static
/Users/jeffsnyder/dev/LEAF/leaf/Src/leaf-filters.c:2676:9:tVZFilterBell_setFrequencyAndGain	24	static
/Users/jeffsnyder/dev/LEAF/leaf/Src/leaf-filters.c:2693:9:tVZFilterBell_setFrequencyAndBandwidthAndGain	24	static
/Users/jeffsnyder/dev/LEAF/leaf/Src/leaf-filters.c:2714:9:tDiodeFilter_init	24	static
/Users/jeffsnyder/dev/LEAF/leaf/Src/leaf-filters.c:2719:9:tDiodeFilter_initToPool	24	static
/Users/jeffsnyder/dev/LEAF/leaf/Src/leaf-filters.c:2754:9:tDiodeFilter_free	0	static
/Users/jeffsnyder/dev/LEAF/leaf/Src/leaf-filters.c:2760:8:tanhXdX	0	static
/Users/jeffsnyder/dev/LEAF/leaf/Src/leaf-filters.c:2779:10:tDiodeFilter_tick	32	static
/Users/jeffsnyder/dev/LEAF/leaf/Src/leaf-filters.c:2871:10:tDiodeFilter_tickEfficient	24	static
/Users/jeffsnyder/dev/LEAF/leaf/Src/leaf-filters.c:2964:9:tDiodeFilter_setFreq	8	static
/Users/jeffsnyder/dev/LEAF/leaf/Src/leaf-filters.c:2972:9:tDiodeFilter_setFreqFast	0	static
/Users/jeffsnyder/dev/LEAF/leaf/Src/leaf-filters.c:2991:9:tDiodeFilter_setQ	8	static
/Users/jeffsnyder/dev/LEAF/leaf/Src/leaf-filters.c:2997:9:tDiodeFilter_setSampleRate	0	static
/Users/jeffsnyder/dev/LEAF/leaf/Src/leaf-filters.c:3013:9:tLadderFilter_init	24	static
/Users/jeffsnyder/dev/LEAF/leaf/Src/leaf-filters.c:3018:9:tLadderFilter_initToPool	24	static
/Users/jeffsnyder/dev/LEAF/leaf/Src/leaf-filters.c:3057:9:tLadderFilter_free	0	static
/Users/jeffsnyder/dev/LEAF/leaf/Src/leaf-filters.c:3063:8:smoothABS	0	static
/Users/jeffsnyder/dev/LEAF/leaf/Src/leaf-filters.c:3077:8:smoothclip	0	static
/Users/jeffsnyder/dev/LEAF/leaf/Src/leaf-filters.c:3087:8:tanhd	0	static
/Users/jeffsnyder/dev/LEAF/leaf/Src/leaf-filters.c:3092:10:tLadderFilter_tick	64	static
/Users/jeffsnyder/dev/LEAF/leaf/Src/leaf-filters.c:3151:9:tLadderFilter_setFreq	8	static
/Users/jeffsnyder/dev/LEAF/leaf/Src/leaf-filters.c:3160:9:tLadderFilter_setFreqFast	0	static
/Users/jeffsnyder/dev/LEAF/leaf/Src/leaf-filters.c:3180:9:tLadderFilter_setQ	8	static
/Users/jeffsnyder/dev/LEAF/leaf/Src/leaf-filters.c:3186:9:tLadderFilter_setSampleRate	0	static
