../leaf/Src/leaf-physical.c:25:9:tPluck_initToPool	40	static
../leaf/Src/leaf-physical.c:20:9:tPluck_init	0	static
../leaf/Src/leaf-physical.c:48:9:tPluck_free	8	static
../leaf/Src/leaf-physical.c:60:9:tPluck_getLastOut	0	static
../leaf/Src/leaf-physical.c:66:9:tPluck_tick	16	static
../leaf/Src/leaf-physical.c:72:9:tPluck_pluck	32	static
../leaf/Src/leaf-physical.c:88:9:tPluck_noteOn	32	static
../leaf/Src/leaf-physical.c:97:9:tPluck_noteOff	0	static
../leaf/Src/leaf-physical.c:108:9:tPluck_setFrequency	16	static
../leaf/Src/leaf-physical.c:125:9:tPluck_controlChange	0	static
../leaf/Src/leaf-physical.c:130:6:tPluck_setSampleRate	32	static
../leaf/Src/leaf-physical.c:186:9:tKarplusStrong_free	8	static
../leaf/Src/leaf-physical.c:203:9:tKarplusStrong_getLastOut	0	static
../leaf/Src/leaf-physical.c:209:9:tKarplusStrong_tick	32	static
../leaf/Src/leaf-physical.c:228:9:tKarplusStrong_pluck	40	static
../leaf/Src/leaf-physical.c:253:9:tKarplusStrong_noteOff	0	static
../leaf/Src/leaf-physical.c:285:9:tKarplusStrong_setStretch	48	static
../leaf/Src/leaf-physical.c:264:9:tKarplusStrong_setFrequency	24	static
../leaf/Src/leaf-physical.c:246:9:tKarplusStrong_noteOn	40	static
../leaf/Src/leaf-physical.c:150:9:tKarplusStrong_initToPool	32	static
../leaf/Src/leaf-physical.c:145:9:tKarplusStrong_init	0	static
../leaf/Src/leaf-physical.c:312:9:tKarplusStrong_setPickupPosition	0	static
../leaf/Src/leaf-physical.c:324:9:tKarplusStrong_setBaseLoopGain	0	static
../leaf/Src/leaf-physical.c:334:9:tKarplusStrong_controlChange	0	static
../leaf/Src/leaf-physical.c:349:9:tKarplusStrong_setSampleRate	32	static
../leaf/Src/leaf-physical.c:380:9:tSimpleLivingString_initToPool	56	static
../leaf/Src/leaf-physical.c:373:9:tSimpleLivingString_init	0	static
../leaf/Src/leaf-physical.c:402:9:tSimpleLivingString_free	8	static
../leaf/Src/leaf-physical.c:415:10:tSimpleLivingString_setFreq	0	static
../leaf/Src/leaf-physical.c:425:10:tSimpleLivingString_setWaveLength	0	static
../leaf/Src/leaf-physical.c:435:10:tSimpleLivingString_setDampFreq	0	static
../leaf/Src/leaf-physical.c:441:10:tSimpleLivingString_setDecay	0	static
../leaf/Src/leaf-physical.c:447:10:tSimpleLivingString_setTargetLev	0	static
../leaf/Src/leaf-physical.c:453:10:tSimpleLivingString_setLevSmoothFactor	0	static
../leaf/Src/leaf-physical.c:459:10:tSimpleLivingString_setLevStrength	0	static
../leaf/Src/leaf-physical.c:465:10:tSimpleLivingString_setLevMode	16	static
../leaf/Src/leaf-physical.c:472:9:tSimpleLivingString_tick	24	static
../leaf/Src/leaf-physical.c:484:9:tSimpleLivingString_sample	0	static
../leaf/Src/leaf-physical.c:490:8:tSimpleLivingString_setSampleRate	8	static
../leaf/Src/leaf-physical.c:511:9:tSimpleLivingString3_initToPool	64	static
../leaf/Src/leaf-physical.c:504:9:tSimpleLivingString3_init	0	static
../leaf/Src/leaf-physical.c:541:9:tSimpleLivingString3_free	8	static
../leaf/Src/leaf-physical.c:555:10:tSimpleLivingString3_setFreq	0	static
../leaf/Src/leaf-physical.c:566:10:tSimpleLivingString3_setWaveLength	0	static
../leaf/Src/leaf-physical.c:576:10:tSimpleLivingString3_setDampFreq	0	static
../leaf/Src/leaf-physical.c:582:10:tSimpleLivingString3_setDecay	0	static
../leaf/Src/leaf-physical.c:588:10:tSimpleLivingString3_setTargetLev	0	static
../leaf/Src/leaf-physical.c:594:10:tSimpleLivingString3_setLevSmoothFactor	0	static
../leaf/Src/leaf-physical.c:600:10:tSimpleLivingString3_setLevStrength	0	static
../leaf/Src/leaf-physical.c:606:10:tSimpleLivingString3_setLevMode	16	static
../leaf/Src/leaf-physical.c:613:8:tSimpleLivingString3_pluck	20	static
../leaf/Src/leaf-physical.c:643:9:tSimpleLivingString3_tick	24	static
../leaf/Src/leaf-physical.c:663:9:tSimpleLivingString3_sample	0	static
../leaf/Src/leaf-physical.c:669:8:tSimpleLivingString3_setSampleRate	8	static
../leaf/Src/leaf-physical.c:692:9:tSimpleLivingString2_initToPool	64	static
../leaf/Src/leaf-physical.c:685:9:tSimpleLivingString2_init	0	static
../leaf/Src/leaf-physical.c:715:9:tSimpleLivingString2_free	8	static
../leaf/Src/leaf-physical.c:728:10:tSimpleLivingString2_setFreq	0	static
../leaf/Src/leaf-physical.c:738:10:tSimpleLivingString2_setWaveLength	0	static
../leaf/Src/leaf-physical.c:748:10:tSimpleLivingString2_setBrightness	0	static
../leaf/Src/leaf-physical.c:756:10:tSimpleLivingString2_setDecay	0	static
../leaf/Src/leaf-physical.c:762:10:tSimpleLivingString2_setTargetLev	0	static
../leaf/Src/leaf-physical.c:768:10:tSimpleLivingString2_setLevSmoothFactor	0	static
../leaf/Src/leaf-physical.c:774:10:tSimpleLivingString2_setLevStrength	0	static
../leaf/Src/leaf-physical.c:780:10:tSimpleLivingString2_setLevMode	16	static
../leaf/Src/leaf-physical.c:787:9:tSimpleLivingString2_tick	24	static
../leaf/Src/leaf-physical.c:800:9:tSimpleLivingString2_sample	0	static
../leaf/Src/leaf-physical.c:806:8:tSimpleLivingString2_setSampleRate	8	static
../leaf/Src/leaf-physical.c:825:9:tLivingString_initToPool	72	static
../leaf/Src/leaf-physical.c:818:9:tLivingString_init	0	static
../leaf/Src/leaf-physical.c:864:9:tLivingString_free	8	static
../leaf/Src/leaf-physical.c:886:10:tLivingString_setFreq	0	static
../leaf/Src/leaf-physical.c:896:10:tLivingString_setWaveLength	0	static
../leaf/Src/leaf-physical.c:905:10:tLivingString_setPickPos	0	static
../leaf/Src/leaf-physical.c:914:10:tLivingString_setPrepIndex	0	static
../leaf/Src/leaf-physical.c:922:10:tLivingString_setDampFreq	16	static
../leaf/Src/leaf-physical.c:931:10:tLivingString_setDecay	0	static
../leaf/Src/leaf-physical.c:937:10:tLivingString_setTargetLev	16	static
../leaf/Src/leaf-physical.c:944:10:tLivingString_setLevSmoothFactor	16	static
../leaf/Src/leaf-physical.c:951:10:tLivingString_setLevStrength	16	static
../leaf/Src/leaf-physical.c:958:10:tLivingString_setLevMode	16	static
../leaf/Src/leaf-physical.c:966:9:tLivingString_tick	64	static
../leaf/Src/leaf-physical.c:1002:9:tLivingString_sample	0	static
../leaf/Src/leaf-physical.c:1008:8:tLivingString_setSampleRate	8	static
../leaf/Src/leaf-physical.c:1037:9:tLivingString2_initToPool	96	static
../leaf/Src/leaf-physical.c:1030:9:tLivingString2_init	0	static
../leaf/Src/leaf-physical.c:1082:9:tLivingString2_free	8	static
../leaf/Src/leaf-physical.c:1106:10:tLivingString2_setFreq	0	static
../leaf/Src/leaf-physical.c:1118:10:tLivingString2_setWaveLength	0	static
../leaf/Src/leaf-physical.c:1130:10:tLivingString2_setPickPos	0	static
../leaf/Src/leaf-physical.c:1139:10:tLivingString2_setPrepPos	0	static
../leaf/Src/leaf-physical.c:1148:10:tLivingString2_setPickupPos	0	static
../leaf/Src/leaf-physical.c:1157:10:tLivingString2_setPrepIndex	0	static
../leaf/Src/leaf-physical.c:1165:10:tLivingString2_setBrightness	16	static
../leaf/Src/leaf-physical.c:1177:10:tLivingString2_setDecay	8	static
../leaf/Src/leaf-physical.c:1183:10:tLivingString2_setTargetLev	16	static
../leaf/Src/leaf-physical.c:1190:10:tLivingString2_setLevSmoothFactor	16	static
../leaf/Src/leaf-physical.c:1197:10:tLivingString2_setLevStrength	16	static
../leaf/Src/leaf-physical.c:1204:10:tLivingString2_setLevMode	16	static
../leaf/Src/leaf-physical.c:1212:9:tLivingString2_tick	72	static
../leaf/Src/leaf-physical.c:1353:9:tLivingString2_tickEfficient	48	static
../leaf/Src/leaf-physical.c:1416:6:tLivingString2_updateDelays	24	static
../leaf/Src/leaf-physical.c:1431:9:tLivingString2_sample	0	static
../leaf/Src/leaf-physical.c:1437:9:tLivingString2_setSampleRate	8	static
../leaf/Src/leaf-physical.c:1463:9:tComplexLivingString_initToPool	88	static
../leaf/Src/leaf-physical.c:1456:9:tComplexLivingString_init	0	static
../leaf/Src/leaf-physical.c:1511:9:tComplexLivingString_free	8	static
../leaf/Src/leaf-physical.c:1536:10:tComplexLivingString_setFreq	0	static
../leaf/Src/leaf-physical.c:1546:10:tComplexLivingString_setWaveLength	0	static
../leaf/Src/leaf-physical.c:1555:10:tComplexLivingString_setPickPos	0	static
../leaf/Src/leaf-physical.c:1564:10:tComplexLivingString_setPrepPos	0	static
../leaf/Src/leaf-physical.c:1573:10:tComplexLivingString_setPrepIndex	0	static
../leaf/Src/leaf-physical.c:1581:10:tComplexLivingString_setDampFreq	16	static
../leaf/Src/leaf-physical.c:1590:10:tComplexLivingString_setDecay	0	static
../leaf/Src/leaf-physical.c:1596:10:tComplexLivingString_setTargetLev	16	static
../leaf/Src/leaf-physical.c:1603:10:tComplexLivingString_setLevSmoothFactor	16	static
../leaf/Src/leaf-physical.c:1610:10:tComplexLivingString_setLevStrength	16	static
../leaf/Src/leaf-physical.c:1617:10:tComplexLivingString_setLevMode	16	static
../leaf/Src/leaf-physical.c:1625:9:tComplexLivingString_tick	80	static
../leaf/Src/leaf-physical.c:1687:9:tComplexLivingString_sample	0	static
../leaf/Src/leaf-physical.c:1693:9:tComplexLivingString_setSampleRate	8	static
../leaf/Src/leaf-physical.c:1711:9:tReedTable_init	24	static
../leaf/Src/leaf-physical.c:1716:9:tReedTable_initToPool	24	static
../leaf/Src/leaf-physical.c:1726:9:tReedTable_free	0	static
../leaf/Src/leaf-physical.c:1733:9:tReedTable_tick	0	static
../leaf/Src/leaf-physical.c:1752:9:tReedTable_tanh_tick	0	static
../leaf/Src/leaf-physical.c:1764:10:tReedTable_setOffset	0	static
../leaf/Src/leaf-physical.c:1770:10:tReedTable_setSlope	0	static
