/Users/josnyder/dev/LEAF/leaf/Src/leaf-instruments.c:26:13:t808Cowbell_initToPool	32	static
/Users/josnyder/dev/LEAF/leaf/Src/leaf-instruments.c:21:6:t808Cowbell_init	8	static
/Users/josnyder/dev/LEAF/leaf/Src/leaf-instruments.c:57:13:t808Cowbell_free	8	static
/Users/josnyder/dev/LEAF/leaf/Src/leaf-instruments.c:73:6:t808Cowbell_on	16	static
/Users/josnyder/dev/LEAF/leaf/Src/leaf-instruments.c:81:8:t808Cowbell_tick	24	static
/Users/josnyder/dev/LEAF/leaf/Src/leaf-instruments.c:103:6:t808Cowbell_setDecay	8	static
/Users/josnyder/dev/LEAF/leaf/Src/leaf-instruments.c:108:6:t808Cowbell_setHighpassFreq	8	static
/Users/josnyder/dev/LEAF/leaf/Src/leaf-instruments.c:113:6:t808Cowbell_setBandpassFreq	0	static
/Users/josnyder/dev/LEAF/leaf/Src/leaf-instruments.c:118:6:t808Cowbell_setFreq	16	static
/Users/josnyder/dev/LEAF/leaf/Src/leaf-instruments.c:124:6:t808Cowbell_setOscMix	0	static
/Users/josnyder/dev/LEAF/leaf/Src/leaf-instruments.c:129:6:t808Cowbell_setStick	0	static
/Users/josnyder/dev/LEAF/leaf/Src/leaf-instruments.c:134:6:t808Cowbell_setSampleRate	16	static
/Users/josnyder/dev/LEAF/leaf/Src/leaf-instruments.c:150:9:t808Hihat_initToPool	32	static
/Users/josnyder/dev/LEAF/leaf/Src/leaf-instruments.c:145:6:t808Hihat_init	8	static
/Users/josnyder/dev/LEAF/leaf/Src/leaf-instruments.c:185:9:t808Hihat_free	16	static
/Users/josnyder/dev/LEAF/leaf/Src/leaf-instruments.c:208:6:t808Hihat_on	16	static
/Users/josnyder/dev/LEAF/leaf/Src/leaf-instruments.c:214:6:t808Hihat_setOscNoiseMix	0	static
/Users/josnyder/dev/LEAF/leaf/Src/leaf-instruments.c:219:8:t808Hihat_tick	24	static
/Users/josnyder/dev/LEAF/leaf/Src/leaf-instruments.c:253:6:t808Hihat_setDecay	8	static
/Users/josnyder/dev/LEAF/leaf/Src/leaf-instruments.c:258:6:t808Hihat_setHighpassFreq	8	static
/Users/josnyder/dev/LEAF/leaf/Src/leaf-instruments.c:263:6:t808Hihat_setStretch	0	static
/Users/josnyder/dev/LEAF/leaf/Src/leaf-instruments.c:268:6:t808Hihat_setFM	0	static
/Users/josnyder/dev/LEAF/leaf/Src/leaf-instruments.c:273:6:t808Hihat_setOscBandpassFreq	8	static
/Users/josnyder/dev/LEAF/leaf/Src/leaf-instruments.c:278:6:t808Hihat_setOscBandpassQ	8	static
/Users/josnyder/dev/LEAF/leaf/Src/leaf-instruments.c:283:6:t808Hihat_setStickBandPassFreq	8	static
/Users/josnyder/dev/LEAF/leaf/Src/leaf-instruments.c:288:6:t808Hihat_setStickBandPassQ	8	static
/Users/josnyder/dev/LEAF/leaf/Src/leaf-instruments.c:293:6:t808Hihat_setOscFreq	0	static
/Users/josnyder/dev/LEAF/leaf/Src/leaf-instruments.c:298:6:t808Hihat_setSampleRate	24	static
/Users/josnyder/dev/LEAF/leaf/Src/leaf-instruments.c:319:9:t808Snare_initToPool	40	static
/Users/josnyder/dev/LEAF/leaf/Src/leaf-instruments.c:314:6:t808Snare_init	8	static
/Users/josnyder/dev/LEAF/leaf/Src/leaf-instruments.c:349:9:t808Snare_free	16	static
/Users/josnyder/dev/LEAF/leaf/Src/leaf-instruments.c:370:6:t808Snare_on	24	static
/Users/josnyder/dev/LEAF/leaf/Src/leaf-instruments.c:383:6:t808Snare_setTone1Freq	8	static
/Users/josnyder/dev/LEAF/leaf/Src/leaf-instruments.c:389:6:t808Snare_setTone2Freq	8	static
/Users/josnyder/dev/LEAF/leaf/Src/leaf-instruments.c:395:6:t808Snare_setTone1Decay	8	static
/Users/josnyder/dev/LEAF/leaf/Src/leaf-instruments.c:400:6:t808Snare_setTone2Decay	8	static
/Users/josnyder/dev/LEAF/leaf/Src/leaf-instruments.c:405:6:t808Snare_setNoiseDecay	8	static
/Users/josnyder/dev/LEAF/leaf/Src/leaf-instruments.c:410:6:t808Snare_setToneNoiseMix	0	static
/Users/josnyder/dev/LEAF/leaf/Src/leaf-instruments.c:415:6:t808Snare_setNoiseFilterFreq	0	static
/Users/josnyder/dev/LEAF/leaf/Src/leaf-instruments.c:420:6:t808Snare_setNoiseFilterQ	8	static
/Users/josnyder/dev/LEAF/leaf/Src/leaf-instruments.c:427:8:t808Snare_tick	40	static
/Users/josnyder/dev/LEAF/leaf/Src/leaf-instruments.c:448:6:t808Snare_setSampleRate	24	static
/Users/josnyder/dev/LEAF/leaf/Src/leaf-instruments.c:466:9:t808SnareSmall_initToPool	48	static
/Users/josnyder/dev/LEAF/leaf/Src/leaf-instruments.c:461:6:t808SnareSmall_init	8	static
/Users/josnyder/dev/LEAF/leaf/Src/leaf-instruments.c:495:9:t808SnareSmall_free	16	static
/Users/josnyder/dev/LEAF/leaf/Src/leaf-instruments.c:516:6:t808SnareSmall_on	24	static
/Users/josnyder/dev/LEAF/leaf/Src/leaf-instruments.c:529:6:t808SnareSmall_setTone1Freq	8	static
/Users/josnyder/dev/LEAF/leaf/Src/leaf-instruments.c:535:6:t808SnareSmall_setTone2Freq	8	static
/Users/josnyder/dev/LEAF/leaf/Src/leaf-instruments.c:541:6:t808SnareSmall_setTone1Decay	8	static
/Users/josnyder/dev/LEAF/leaf/Src/leaf-instruments.c:546:6:t808SnareSmall_setTone2Decay	8	static
/Users/josnyder/dev/LEAF/leaf/Src/leaf-instruments.c:551:6:t808SnareSmall_setNoiseDecay	8	static
/Users/josnyder/dev/LEAF/leaf/Src/leaf-instruments.c:556:6:t808SnareSmall_setToneNoiseMix	0	static
/Users/josnyder/dev/LEAF/leaf/Src/leaf-instruments.c:561:6:t808SnareSmall_setNoiseFilterFreq	0	static
/Users/josnyder/dev/LEAF/leaf/Src/leaf-instruments.c:566:6:t808SnareSmall_setNoiseFilterQ	8	static
/Users/josnyder/dev/LEAF/leaf/Src/leaf-instruments.c:572:8:t808SnareSmall_tick	40	static
/Users/josnyder/dev/LEAF/leaf/Src/leaf-instruments.c:593:6:t808SnareSmall_setSampleRate	24	static
/Users/josnyder/dev/LEAF/leaf/Src/leaf-instruments.c:610:6:t808Kick_initToPool	32	static
/Users/josnyder/dev/LEAF/leaf/Src/leaf-instruments.c:605:6:t808Kick_init	8	static
/Users/josnyder/dev/LEAF/leaf/Src/leaf-instruments.c:630:9:t808Kick_free	8	static
/Users/josnyder/dev/LEAF/leaf/Src/leaf-instruments.c:645:14:t808Kick_tick	24	static
/Users/josnyder/dev/LEAF/leaf/Src/leaf-instruments.c:655:13:t808Kick_on	16	static
/Users/josnyder/dev/LEAF/leaf/Src/leaf-instruments.c:663:13:t808Kick_setToneFreq	0	static
/Users/josnyder/dev/LEAF/leaf/Src/leaf-instruments.c:669:13:t808Kick_setToneDecay	16	static
/Users/josnyder/dev/LEAF/leaf/Src/leaf-instruments.c:676:13:t808Kick_setSampleRate	16	static
/Users/josnyder/dev/LEAF/leaf/Src/leaf-instruments.c:692:6:t808KickSmall_initToPool	32	static
/Users/josnyder/dev/LEAF/leaf/Src/leaf-instruments.c:687:6:t808KickSmall_init	8	static
/Users/josnyder/dev/LEAF/leaf/Src/leaf-instruments.c:712:9:t808KickSmall_free	8	static
/Users/josnyder/dev/LEAF/leaf/Src/leaf-instruments.c:727:14:t808KickSmall_tick	24	static
/Users/josnyder/dev/LEAF/leaf/Src/leaf-instruments.c:737:13:t808KickSmall_on	16	static
/Users/josnyder/dev/LEAF/leaf/Src/leaf-instruments.c:745:13:t808KickSmall_setToneFreq	0	static
/Users/josnyder/dev/LEAF/leaf/Src/leaf-instruments.c:751:13:t808KickSmall_setToneDecay	16	static
/Users/josnyder/dev/LEAF/leaf/Src/leaf-instruments.c:758:13:t808KickSmall_setSampleRate	16	static
