/Users/jeffsnyder/dev/LEAF/leaf/Src/leaf-filters.c:28:9:tAllpass_init	32	static
/Users/jeffsnyder/dev/LEAF/leaf/Src/leaf-filters.c:33:9:tAllpass_initToPool	32	static
/Users/jeffsnyder/dev/LEAF/leaf/Src/leaf-filters.c:46:9:tAllpass_free	8	static
/Users/jeffsnyder/dev/LEAF/leaf/Src/leaf-filters.c:54:9:tAllpass_setDelay	0	static
/Users/jeffsnyder/dev/LEAF/leaf/Src/leaf-filters.c:61:9:tAllpass_setGain	0	static
/Users/jeffsnyder/dev/LEAF/leaf/Src/leaf-filters.c:68:10:tAllpass_tick	16	static
/Users/jeffsnyder/dev/LEAF/leaf/Src/leaf-filters.c:82:9:tAllpassSO_init	16	static
/Users/jeffsnyder/dev/LEAF/leaf/Src/leaf-filters.c:87:9:tAllpassSO_initToPool	16	static
/Users/jeffsnyder/dev/LEAF/leaf/Src/leaf-filters.c:99:9:tAllpassSO_free	0	static
/Users/jeffsnyder/dev/LEAF/leaf/Src/leaf-filters.c:105:9:tAllpassSO_setCoeff	0	static
/Users/jeffsnyder/dev/LEAF/leaf/Src/leaf-filters.c:123:10:tAllpassSO_tick	0	static
/Users/jeffsnyder/dev/LEAF/leaf/Src/leaf-filters.c:175:9:tThiranAllpassSOCascade_initToPool	40	static
/Users/jeffsnyder/dev/LEAF/leaf/Src/leaf-filters.c:170:9:tThiranAllpassSOCascade_init	0	static
/Users/jeffsnyder/dev/LEAF/leaf/Src/leaf-filters.c:202:9:tThiranAllpassSOCascade_free	16	static
/Users/jeffsnyder/dev/LEAF/leaf/Src/leaf-filters.c:214:10:tThiranAllpassSOCascade_setCoeff	40	static
/Users/jeffsnyder/dev/LEAF/leaf/Src/leaf-filters.c:285:10:tThiranAllpassSOCascade_tick	0	static
/Users/jeffsnyder/dev/LEAF/leaf/Src/leaf-filters.c:296:8:tThiranAllpassSOCascade_clear	0	static
/Users/jeffsnyder/dev/LEAF/leaf/Src/leaf-filters.c:310:9:tOnePole_init	24	static
/Users/jeffsnyder/dev/LEAF/leaf/Src/leaf-filters.c:315:9:tOnePole_initToPool	24	static
/Users/jeffsnyder/dev/LEAF/leaf/Src/leaf-filters.c:333:9:tOnePole_free	0	static
/Users/jeffsnyder/dev/LEAF/leaf/Src/leaf-filters.c:340:9:tOnePole_setB0	0	static
/Users/jeffsnyder/dev/LEAF/leaf/Src/leaf-filters.c:346:9:tOnePole_setA1	0	static
/Users/jeffsnyder/dev/LEAF/leaf/Src/leaf-filters.c:353:9:tOnePole_setPole	0	static
/Users/jeffsnyder/dev/LEAF/leaf/Src/leaf-filters.c:366:13:tOnePole_setFreq	8	static
/Users/jeffsnyder/dev/LEAF/leaf/Src/leaf-filters.c:376:9:tOnePole_setCoefficients	0	static
/Users/jeffsnyder/dev/LEAF/leaf/Src/leaf-filters.c:384:9:tOnePole_setGain	0	static
/Users/jeffsnyder/dev/LEAF/leaf/Src/leaf-filters.c:390:10:tOnePole_tick	0	static
/Users/jeffsnyder/dev/LEAF/leaf/Src/leaf-filters.c:403:6:tOnePole_setSampleRate	16	static
/Users/jeffsnyder/dev/LEAF/leaf/Src/leaf-filters.c:414:9:tCookOnePole_init	16	static
/Users/jeffsnyder/dev/LEAF/leaf/Src/leaf-filters.c:419:9:tCookOnePole_initToPool	16	static
/Users/jeffsnyder/dev/LEAF/leaf/Src/leaf-filters.c:433:9:tCookOnePole_free	0	static
/Users/jeffsnyder/dev/LEAF/leaf/Src/leaf-filters.c:441:9:tCookOnePole_setPole	0	static
/Users/jeffsnyder/dev/LEAF/leaf/Src/leaf-filters.c:451:9:tCookOnePole_setGain	0	static
/Users/jeffsnyder/dev/LEAF/leaf/Src/leaf-filters.c:462:9:tCookOnePole_setGainAndPole	0	static
/Users/jeffsnyder/dev/LEAF/leaf/Src/leaf-filters.c:472:10:tCookOnePole_tick	0	static
/Users/jeffsnyder/dev/LEAF/leaf/Src/leaf-filters.c:480:6:tCookOnePole_setSampleRate	0	static
/Users/jeffsnyder/dev/LEAF/leaf/Src/leaf-filters.c:487:9:tTwoPole_init	16	static
/Users/jeffsnyder/dev/LEAF/leaf/Src/leaf-filters.c:492:9:tTwoPole_initToPool	16	static
/Users/jeffsnyder/dev/LEAF/leaf/Src/leaf-filters.c:510:9:tTwoPole_free	0	static
/Users/jeffsnyder/dev/LEAF/leaf/Src/leaf-filters.c:516:10:tTwoPole_tick	0	static
/Users/jeffsnyder/dev/LEAF/leaf/Src/leaf-filters.c:529:9:tTwoPole_setB0	0	static
/Users/jeffsnyder/dev/LEAF/leaf/Src/leaf-filters.c:535:9:tTwoPole_setA1	0	static
/Users/jeffsnyder/dev/LEAF/leaf/Src/leaf-filters.c:541:9:tTwoPole_setA2	0	static
/Users/jeffsnyder/dev/LEAF/leaf/Src/leaf-filters.c:547:9:tTwoPole_setResonance	40	static
/Users/jeffsnyder/dev/LEAF/leaf/Src/leaf-filters.c:575:9:tTwoPole_setCoefficients	0	static
/Users/jeffsnyder/dev/LEAF/leaf/Src/leaf-filters.c:583:9:tTwoPole_setGain	0	static
/Users/jeffsnyder/dev/LEAF/leaf/Src/leaf-filters.c:589:10:tTwoPole_setSampleRate	32	static
/Users/jeffsnyder/dev/LEAF/leaf/Src/leaf-filters.c:608:9:tOneZero_init	24	static
/Users/jeffsnyder/dev/LEAF/leaf/Src/leaf-filters.c:613:9:tOneZero_initToPool	24	static
/Users/jeffsnyder/dev/LEAF/leaf/Src/leaf-filters.c:627:9:tOneZero_free	0	static
/Users/jeffsnyder/dev/LEAF/leaf/Src/leaf-filters.c:633:10:tOneZero_tick	0	static
/Users/jeffsnyder/dev/LEAF/leaf/Src/leaf-filters.c:645:9:tOneZero_setZero	0	static
/Users/jeffsnyder/dev/LEAF/leaf/Src/leaf-filters.c:656:9:tOneZero_setB0	0	static
/Users/jeffsnyder/dev/LEAF/leaf/Src/leaf-filters.c:663:9:tOneZero_setB1	0	static
/Users/jeffsnyder/dev/LEAF/leaf/Src/leaf-filters.c:669:9:tOneZero_setCoefficients	0	static
/Users/jeffsnyder/dev/LEAF/leaf/Src/leaf-filters.c:676:9:tOneZero_setGain	0	static
/Users/jeffsnyder/dev/LEAF/leaf/Src/leaf-filters.c:682:10:tOneZero_getPhaseDelay	24	static
/Users/jeffsnyder/dev/LEAF/leaf/Src/leaf-filters.c:712:9:tOneZero_setSampleRate	0	static
/Users/jeffsnyder/dev/LEAF/leaf/Src/leaf-filters.c:719:9:tTwoZero_init	16	static
/Users/jeffsnyder/dev/LEAF/leaf/Src/leaf-filters.c:724:9:tTwoZero_initToPool	16	static
/Users/jeffsnyder/dev/LEAF/leaf/Src/leaf-filters.c:737:9:tTwoZero_free	0	static
/Users/jeffsnyder/dev/LEAF/leaf/Src/leaf-filters.c:743:10:tTwoZero_tick	0	static
/Users/jeffsnyder/dev/LEAF/leaf/Src/leaf-filters.c:756:9:tTwoZero_setNotch	16	static
/Users/jeffsnyder/dev/LEAF/leaf/Src/leaf-filters.c:780:9:tTwoZero_setB0	0	static
/Users/jeffsnyder/dev/LEAF/leaf/Src/leaf-filters.c:786:9:tTwoZero_setB1	0	static
/Users/jeffsnyder/dev/LEAF/leaf/Src/leaf-filters.c:792:9:tTwoZero_setCoefficients	0	static
/Users/jeffsnyder/dev/LEAF/leaf/Src/leaf-filters.c:800:9:tTwoZero_setGain	0	static
/Users/jeffsnyder/dev/LEAF/leaf/Src/leaf-filters.c:806:6:tTwoZero_setSampleRate	0	static
/Users/jeffsnyder/dev/LEAF/leaf/Src/leaf-filters.c:815:8:tPoleZero_init	16	static
/Users/jeffsnyder/dev/LEAF/leaf/Src/leaf-filters.c:820:9:tPoleZero_initToPool	16	static
/Users/jeffsnyder/dev/LEAF/leaf/Src/leaf-filters.c:834:9:tPoleZero_free	0	static
/Users/jeffsnyder/dev/LEAF/leaf/Src/leaf-filters.c:840:9:tPoleZero_setB0	0	static
/Users/jeffsnyder/dev/LEAF/leaf/Src/leaf-filters.c:846:9:tPoleZero_setB1	0	static
/Users/jeffsnyder/dev/LEAF/leaf/Src/leaf-filters.c:852:9:tPoleZero_setA1	0	static
/Users/jeffsnyder/dev/LEAF/leaf/Src/leaf-filters.c:864:9:tPoleZero_setCoefficients	0	static
/Users/jeffsnyder/dev/LEAF/leaf/Src/leaf-filters.c:878:9:tPoleZero_setThiranAllpassSOCascade	0	static
/Users/jeffsnyder/dev/LEAF/leaf/Src/leaf-filters.c:893:9:tPoleZero_setBlockZero	0	static
/Users/jeffsnyder/dev/LEAF/leaf/Src/leaf-filters.c:908:9:tPoleZero_setGain	0	static
/Users/jeffsnyder/dev/LEAF/leaf/Src/leaf-filters.c:914:10:tPoleZero_tick	0	static
/Users/jeffsnyder/dev/LEAF/leaf/Src/leaf-filters.c:928:9:tBiQuad_init	16	static
/Users/jeffsnyder/dev/LEAF/leaf/Src/leaf-filters.c:933:9:tBiQuad_initToPool	16	static
/Users/jeffsnyder/dev/LEAF/leaf/Src/leaf-filters.c:953:9:tBiQuad_free	0	static
/Users/jeffsnyder/dev/LEAF/leaf/Src/leaf-filters.c:959:10:tBiQuad_tick	0	static
/Users/jeffsnyder/dev/LEAF/leaf/Src/leaf-filters.c:976:9:tBiQuad_setResonance	24	static
/Users/jeffsnyder/dev/LEAF/leaf/Src/leaf-filters.c:1001:9:tBiQuad_setNotch	16	static
/Users/jeffsnyder/dev/LEAF/leaf/Src/leaf-filters.c:1016:6:tBiQuad_setEqualGainZeros	0	static
/Users/jeffsnyder/dev/LEAF/leaf/Src/leaf-filters.c:1024:9:tBiQuad_setB0	0	static
/Users/jeffsnyder/dev/LEAF/leaf/Src/leaf-filters.c:1030:9:tBiQuad_setB1	0	static
/Users/jeffsnyder/dev/LEAF/leaf/Src/leaf-filters.c:1036:9:tBiQuad_setB2	0	static
/Users/jeffsnyder/dev/LEAF/leaf/Src/leaf-filters.c:1042:9:tBiQuad_setA1	0	static
/Users/jeffsnyder/dev/LEAF/leaf/Src/leaf-filters.c:1048:9:tBiQuad_setA2	0	static
/Users/jeffsnyder/dev/LEAF/leaf/Src/leaf-filters.c:1054:9:tBiQuad_setCoefficients	0	static
/Users/jeffsnyder/dev/LEAF/leaf/Src/leaf-filters.c:1064:9:tBiQuad_setGain	0	static
/Users/jeffsnyder/dev/LEAF/leaf/Src/leaf-filters.c:1070:9:tBiQuad_setSampleRate	16	static
/Users/jeffsnyder/dev/LEAF/leaf/Src/leaf-filters.c:1099:9:tSVF_initToPool	32	static
/Users/jeffsnyder/dev/LEAF/leaf/Src/leaf-filters.c:1090:6:tSVF_init	0	static
/Users/jeffsnyder/dev/LEAF/leaf/Src/leaf-filters.c:1175:9:tSVF_free	0	static
/Users/jeffsnyder/dev/LEAF/leaf/Src/leaf-filters.c:1181:10:tSVF_tick	0	static
/Users/jeffsnyder/dev/LEAF/leaf/Src/leaf-filters.c:1200:10:tSVF_setFreq	8	static
/Users/jeffsnyder/dev/LEAF/leaf/Src/leaf-filters.c:1211:9:tSVF_setFreqFast	0	static
/Users/jeffsnyder/dev/LEAF/leaf/Src/leaf-filters.c:1233:10:tSVF_setQ	0	static
/Users/jeffsnyder/dev/LEAF/leaf/Src/leaf-filters.c:1244:9:tSVF_setFreqAndQ	24	static
/Users/jeffsnyder/dev/LEAF/leaf/Src/leaf-filters.c:1256:9:tSVF_setFilterType	0	static
/Users/jeffsnyder/dev/LEAF/leaf/Src/leaf-filters.c:1300:9:tSVF_setSampleRate	0	static
/Users/jeffsnyder/dev/LEAF/leaf/Src/leaf-filters.c:1309:11:tSVF_getPhaseAtFrequency	24	static
/Users/jeffsnyder/dev/LEAF/leaf/Src/leaf-filters.c:1328:9:tEfficientSVF_initToPool	32	static
/Users/jeffsnyder/dev/LEAF/leaf/Src/leaf-filters.c:1323:8:tEfficientSVF_init	0	static
/Users/jeffsnyder/dev/LEAF/leaf/Src/leaf-filters.c:1355:9:tEfficientSVF_free	0	static
/Users/jeffsnyder/dev/LEAF/leaf/Src/leaf-filters.c:1361:10:tEfficientSVF_tick	0	static
/Users/jeffsnyder/dev/LEAF/leaf/Src/leaf-filters.c:1381:10:tEfficientSVF_setFreq	0	static
/Users/jeffsnyder/dev/LEAF/leaf/Src/leaf-filters.c:1400:10:tEfficientSVF_setQ	0	static
/Users/jeffsnyder/dev/LEAF/leaf/Src/leaf-filters.c:1410:9:tEfficientSVF_setFreqAndQ	0	static
/Users/jeffsnyder/dev/LEAF/leaf/Src/leaf-filters.c:1421:9:tEfficientSVF_setSampleRate	0	static
/Users/jeffsnyder/dev/LEAF/leaf/Src/leaf-filters.c:1437:6:tHighpass_init	24	static
/Users/jeffsnyder/dev/LEAF/leaf/Src/leaf-filters.c:1442:6:tHighpass_initToPool	24	static
/Users/jeffsnyder/dev/LEAF/leaf/Src/leaf-filters.c:1457:6:tHighpass_free	0	static
/Users/jeffsnyder/dev/LEAF/leaf/Src/leaf-filters.c:1463:6:tHighpass_setFreq	0	static
/Users/jeffsnyder/dev/LEAF/leaf/Src/leaf-filters.c:1471:8:tHighpass_getFreq	0	static
/Users/jeffsnyder/dev/LEAF/leaf/Src/leaf-filters.c:1478:8:tHighpass_tick	0	static
/Users/jeffsnyder/dev/LEAF/leaf/Src/leaf-filters.c:1486:6:tHighpass_setSampleRate	0	static
/Users/jeffsnyder/dev/LEAF/leaf/Src/leaf-filters.c:1498:9:tButterworth_initToPool	56	static
/Users/jeffsnyder/dev/LEAF/leaf/Src/leaf-filters.c:1493:6:tButterworth_init	0	static
/Users/jeffsnyder/dev/LEAF/leaf/Src/leaf-filters.c:1524:9:tButterworth_free	16	static
/Users/jeffsnyder/dev/LEAF/leaf/Src/leaf-filters.c:1534:8:tButterworth_tick	8	static
/Users/jeffsnyder/dev/LEAF/leaf/Src/leaf-filters.c:1544:6:tButterworth_setF1	24	static
/Users/jeffsnyder/dev/LEAF/leaf/Src/leaf-filters.c:1554:6:tButterworth_setF2	24	static
/Users/jeffsnyder/dev/LEAF/leaf/Src/leaf-filters.c:1566:6:tButterworth_setFreqs	24	static
/Users/jeffsnyder/dev/LEAF/leaf/Src/leaf-filters.c:1572:9:tButterworth_setSampleRate	0	static
/Users/jeffsnyder/dev/LEAF/leaf/Src/leaf-filters.c:1585:9:tFIR_initToPool	32	static
/Users/jeffsnyder/dev/LEAF/leaf/Src/leaf-filters.c:1580:9:tFIR_init	0	static
/Users/jeffsnyder/dev/LEAF/leaf/Src/leaf-filters.c:1597:9:tFIR_free	8	static
/Users/jeffsnyder/dev/LEAF/leaf/Src/leaf-filters.c:1605:10:tFIR_tick	4	static
/Users/jeffsnyder/dev/LEAF/leaf/Src/leaf-filters.c:1627:9:tMedianFilter_initToPool	24	static
/Users/jeffsnyder/dev/LEAF/leaf/Src/leaf-filters.c:1622:9:tMedianFilter_init	0	static
/Users/jeffsnyder/dev/LEAF/leaf/Src/leaf-filters.c:1646:9:tMedianFilter_free	8	static
/Users/jeffsnyder/dev/LEAF/leaf/Src/leaf-filters.c:1655:10:tMedianFilter_tick	12	static
/Users/jeffsnyder/dev/LEAF/leaf/Src/leaf-filters.c:1737:9:tVZFilter_free	0	static
/Users/jeffsnyder/dev/LEAF/leaf/Src/leaf-filters.c:1743:10:tVZFilter_tick	32	static
/Users/jeffsnyder/dev/LEAF/leaf/Src/leaf-filters.c:1778:10:tVZFilter_tickEfficient	0	static
/Users/jeffsnyder/dev/LEAF/leaf/Src/leaf-filters.c:1800:8:tVZFilter_calcCoeffs	24	static
/Users/jeffsnyder/dev/LEAF/leaf/Src/leaf-filters.c:1937:8:tVZFilter_setFreq	16	static
/Users/jeffsnyder/dev/LEAF/leaf/Src/leaf-filters.c:1945:9:tVZFilter_setFreqFast	24	static
/Users/jeffsnyder/dev/LEAF/leaf/Src/leaf-filters.c:2079:8:tVZFilter_setFreqAndBandwidth	24	static
/Users/jeffsnyder/dev/LEAF/leaf/Src/leaf-filters.c:2097:8:tVZFilter_setGain	16	static
/Users/jeffsnyder/dev/LEAF/leaf/Src/leaf-filters.c:2106:8:tVZFilter_setResonance	16	static
/Users/jeffsnyder/dev/LEAF/leaf/Src/leaf-filters.c:2115:6:tVZFilter_setFrequencyAndResonance	24	static
/Users/jeffsnyder/dev/LEAF/leaf/Src/leaf-filters.c:2124:6:tVZFilter_setFrequencyAndResonanceAndGain	32	static
/Users/jeffsnyder/dev/LEAF/leaf/Src/leaf-filters.c:2135:6:tVZFilter_setFastFrequencyAndResonanceAndGain	32	static
/Users/jeffsnyder/dev/LEAF/leaf/Src/leaf-filters.c:2147:6:tVZFilter_setFrequencyAndBandwidthAndGain	24	static
/Users/jeffsnyder/dev/LEAF/leaf/Src/leaf-filters.c:2159:6:tVZFilter_setFrequencyAndResonanceAndMorph	24	static
/Users/jeffsnyder/dev/LEAF/leaf/Src/leaf-filters.c:2169:8:tVZFilter_setMorph	16	static
/Users/jeffsnyder/dev/LEAF/leaf/Src/leaf-filters.c:2176:8:tVZFilter_setMorphOnly	8	static
/Users/jeffsnyder/dev/LEAF/leaf/Src/leaf-filters.c:2183:6:tVZFilter_setType	0	static
/Users/jeffsnyder/dev/LEAF/leaf/Src/leaf-filters.c:2190:8:tVZFilter_BandwidthToR	16	static
/Users/jeffsnyder/dev/LEAF/leaf/Src/leaf-filters.c:1930:8:tVZFilter_setBandwidth	16	static
/Users/jeffsnyder/dev/LEAF/leaf/Src/leaf-filters.c:1701:9:tVZFilter_initToPool	48	static
/Users/jeffsnyder/dev/LEAF/leaf/Src/leaf-filters.c:1696:9:tVZFilter_init	0	static
/Users/jeffsnyder/dev/LEAF/leaf/Src/leaf-filters.c:2201:8:tVZFilter_BandwidthToREfficientBP	16	static
/Users/jeffsnyder/dev/LEAF/leaf/Src/leaf-filters.c:1921:8:tVZFilter_calcCoeffsEfficientBP	16	static
/Users/jeffsnyder/dev/LEAF/leaf/Src/leaf-filters.c:2088:8:tVZFilter_setFreqAndBandwidthEfficientBP	24	static
/Users/jeffsnyder/dev/LEAF/leaf/Src/leaf-filters.c:2212:9:tVZFilter_setSampleRate	0	static
/Users/jeffsnyder/dev/LEAF/leaf/Src/leaf-filters.c:2233:9:tVZFilterLS_initToPool	40	static
/Users/jeffsnyder/dev/LEAF/leaf/Src/leaf-filters.c:2228:9:tVZFilterLS_init	0	static
/Users/jeffsnyder/dev/LEAF/leaf/Src/leaf-filters.c:2266:9:tVZFilterLS_free	0	static
/Users/jeffsnyder/dev/LEAF/leaf/Src/leaf-filters.c:2272:9:tVZFilterLS_setSampleRate	0	static
/Users/jeffsnyder/dev/LEAF/leaf/Src/leaf-filters.c:2287:10:tVZFilterLS_tick	0	static
/Users/jeffsnyder/dev/LEAF/leaf/Src/leaf-filters.c:2309:9:tVZFilterLS_setFreqFast	0	static
/Users/jeffsnyder/dev/LEAF/leaf/Src/leaf-filters.c:2331:9:tVZFilterLS_setBandwidthSlow	8	static
/Users/jeffsnyder/dev/LEAF/leaf/Src/leaf-filters.c:2336:9:tVZFilterLS_setFreq	0	static
/Users/jeffsnyder/dev/LEAF/leaf/Src/leaf-filters.c:2345:9:tVZFilterLS_setGain	8	static
/Users/jeffsnyder/dev/LEAF/leaf/Src/leaf-filters.c:2355:9:tVZFilterLS_setResonance	0	static
/Users/jeffsnyder/dev/LEAF/leaf/Src/leaf-filters.c:2364:9:tVZFilterLS_setFreqFastAndResonanceAndGain	16	static
/Users/jeffsnyder/dev/LEAF/leaf/Src/leaf-filters.c:2386:9:tVZFilterHS_initToPool	40	static
/Users/jeffsnyder/dev/LEAF/leaf/Src/leaf-filters.c:2381:9:tVZFilterHS_init	0	static
/Users/jeffsnyder/dev/LEAF/leaf/Src/leaf-filters.c:2419:9:tVZFilterHS_free	0	static
/Users/jeffsnyder/dev/LEAF/leaf/Src/leaf-filters.c:2425:9:tVZFilterHS_setSampleRate	0	static
/Users/jeffsnyder/dev/LEAF/leaf/Src/leaf-filters.c:2440:10:tVZFilterHS_tick	0	static
/Users/jeffsnyder/dev/LEAF/leaf/Src/leaf-filters.c:2462:9:tVZFilterHS_setFreqFast	0	static
/Users/jeffsnyder/dev/LEAF/leaf/Src/leaf-filters.c:2485:9:tVZFilterHS_setBandwidthSlow	8	static
/Users/jeffsnyder/dev/LEAF/leaf/Src/leaf-filters.c:2490:9:tVZFilterHS_setFreq	8	static
/Users/jeffsnyder/dev/LEAF/leaf/Src/leaf-filters.c:2500:9:tVZFilterHS_setGain	8	static
/Users/jeffsnyder/dev/LEAF/leaf/Src/leaf-filters.c:2510:9:tVZFilterHS_setResonance	0	static
/Users/jeffsnyder/dev/LEAF/leaf/Src/leaf-filters.c:2520:9:tVZFilterHS_setFreqFastAndResonanceAndGain	16	static
/Users/jeffsnyder/dev/LEAF/leaf/Src/leaf-filters.c:2541:9:tVZFilterBell_initToPool	48	static
/Users/jeffsnyder/dev/LEAF/leaf/Src/leaf-filters.c:2536:9:tVZFilterBell_init	0	static
/Users/jeffsnyder/dev/LEAF/leaf/Src/leaf-filters.c:2578:9:tVZFilterBell_free	0	static
/Users/jeffsnyder/dev/LEAF/leaf/Src/leaf-filters.c:2584:9:tVZFilterBell_setSampleRate	0	static
/Users/jeffsnyder/dev/LEAF/leaf/Src/leaf-filters.c:2599:10:tVZFilterBell_tick	0	static
/Users/jeffsnyder/dev/LEAF/leaf/Src/leaf-filters.c:2623:9:tVZFilterBell_setBandwidth	16	static
/Users/jeffsnyder/dev/LEAF/leaf/Src/leaf-filters.c:2635:9:tVZFilterBell_setFreq	24	static
/Users/jeffsnyder/dev/LEAF/leaf/Src/leaf-filters.c:2652:9:tVZFilterBell_setFreqFast	16	static
/Users/jeffsnyder/dev/LEAF/leaf/Src/leaf-filters.c:2690:9:tVZFilterBell_setGain	16	static
/Users/jeffsnyder/dev/LEAF/leaf/Src/leaf-filters.c:2699:9:tVZFilterBell_setFrequencyAndGain	24	static
/Users/jeffsnyder/dev/LEAF/leaf/Src/leaf-filters.c:2716:9:tVZFilterBell_setFrequencyAndBandwidthAndGain	24	static
/Users/jeffsnyder/dev/LEAF/leaf/Src/leaf-filters.c:2742:9:tDiodeFilter_initToPool	24	static
/Users/jeffsnyder/dev/LEAF/leaf/Src/leaf-filters.c:2737:9:tDiodeFilter_init	0	static
/Users/jeffsnyder/dev/LEAF/leaf/Src/leaf-filters.c:2777:9:tDiodeFilter_free	0	static
/Users/jeffsnyder/dev/LEAF/leaf/Src/leaf-filters.c:2783:8:tanhXdX	0	static
/Users/jeffsnyder/dev/LEAF/leaf/Src/leaf-filters.c:2802:10:tDiodeFilter_tick	32	static
/Users/jeffsnyder/dev/LEAF/leaf/Src/leaf-filters.c:2894:10:tDiodeFilter_tickEfficient	24	static
/Users/jeffsnyder/dev/LEAF/leaf/Src/leaf-filters.c:2987:9:tDiodeFilter_setFreq	8	static
/Users/jeffsnyder/dev/LEAF/leaf/Src/leaf-filters.c:2995:9:tDiodeFilter_setFreqFast	0	static
/Users/jeffsnyder/dev/LEAF/leaf/Src/leaf-filters.c:3014:9:tDiodeFilter_setQ	8	static
/Users/jeffsnyder/dev/LEAF/leaf/Src/leaf-filters.c:3020:9:tDiodeFilter_setSampleRate	0	static
/Users/jeffsnyder/dev/LEAF/leaf/Src/leaf-filters.c:3041:9:tLadderFilter_initToPool	24	static
/Users/jeffsnyder/dev/LEAF/leaf/Src/leaf-filters.c:3036:9:tLadderFilter_init	0	static
/Users/jeffsnyder/dev/LEAF/leaf/Src/leaf-filters.c:3080:9:tLadderFilter_free	0	static
/Users/jeffsnyder/dev/LEAF/leaf/Src/leaf-filters.c:3086:8:smoothABS	24	static
/Users/jeffsnyder/dev/LEAF/leaf/Src/leaf-filters.c:3100:8:smoothclip	24	static
/Users/jeffsnyder/dev/LEAF/leaf/Src/leaf-filters.c:3110:8:tanhd	0	static
/Users/jeffsnyder/dev/LEAF/leaf/Src/leaf-filters.c:3115:10:tLadderFilter_tick	112	static
/Users/jeffsnyder/dev/LEAF/leaf/Src/leaf-filters.c:3174:9:tLadderFilter_setFreq	8	static
/Users/jeffsnyder/dev/LEAF/leaf/Src/leaf-filters.c:3183:9:tLadderFilter_setFreqFast	0	static
/Users/jeffsnyder/dev/LEAF/leaf/Src/leaf-filters.c:3203:9:tLadderFilter_setQ	8	static
/Users/jeffsnyder/dev/LEAF/leaf/Src/leaf-filters.c:3209:9:tLadderFilter_setSampleRate	0	static
