/Users/jeffsnyder/dev/LEAF/leaf/Src/leaf-math.c:28:15:log2f_approx	16	static
/Users/jeffsnyder/dev/LEAF/leaf/Src/leaf-math.c:44:15:log2f_approx2	0	static
/Users/jeffsnyder/dev/LEAF/leaf/Src/leaf-math.c:49:15:interpolate3max	0	static
/Users/jeffsnyder/dev/LEAF/leaf/Src/leaf-math.c:61:15:interpolate3phase	0	static
/Users/jeffsnyder/dev/LEAF/leaf/Src/leaf-math.c:73:14:LEAF_map	0	static
/Users/jeffsnyder/dev/LEAF/leaf/Src/leaf-math.c:78:14:LEAF_mapFromZeroToOneInput	0	static
/Users/jeffsnyder/dev/LEAF/leaf/Src/leaf-math.c:83:14:LEAF_mapToZeroToOneOutput	0	static
/Users/jeffsnyder/dev/LEAF/leaf/Src/leaf-math.c:89:15:fastcosf	0	static
/Users/jeffsnyder/dev/LEAF/leaf/Src/leaf-math.c:106:15:fastercosf	0	static
/Users/jeffsnyder/dev/LEAF/leaf/Src/leaf-math.c:117:15:fasttanf	0	static
/Users/jeffsnyder/dev/LEAF/leaf/Src/leaf-math.c:137:15:fastertanf	0	static
/Users/jeffsnyder/dev/LEAF/leaf/Src/leaf-math.c:149:15:my_faster_logf	8	static
/Users/jeffsnyder/dev/LEAF/leaf/Src/leaf-math.c:172:15:fastsqrtf	0	static
/Users/jeffsnyder/dev/LEAF/leaf/Src/leaf-math.c:183:12:fastabs_int	0	static
/Users/jeffsnyder/dev/LEAF/leaf/Src/leaf-math.c:194:16:fastabsf	0	static
/Users/jeffsnyder/dev/LEAF/leaf/Src/leaf-math.c:207:16:fastexp	0	static
/Users/jeffsnyder/dev/LEAF/leaf/Src/leaf-math.c:215:15:fastexpf	0	static
/Users/jeffsnyder/dev/LEAF/leaf/Src/leaf-math.c:223:16:fasterexp	0	static
/Users/jeffsnyder/dev/LEAF/leaf/Src/leaf-math.c:230:15:fasterexpf	0	static
/Users/jeffsnyder/dev/LEAF/leaf/Src/leaf-math.c:237:15:fastExp3	0	static
/Users/jeffsnyder/dev/LEAF/leaf/Src/leaf-math.c:249:15:fastExp4	0	static
/Users/jeffsnyder/dev/LEAF/leaf/Src/leaf-math.c:262:15:fast_sinf2	0	static
/Users/jeffsnyder/dev/LEAF/leaf/Src/leaf-math.c:286:15:fastexp2f	0	static
/Users/jeffsnyder/dev/LEAF/leaf/Src/leaf-math.c:316:15:fastPowf	0	static
/Users/jeffsnyder/dev/LEAF/leaf/Src/leaf-math.c:328:15:fastPow	8	static
/Users/jeffsnyder/dev/LEAF/leaf/Src/leaf-math.c:342:12:getBinCoeff	4	static
/Users/jeffsnyder/dev/LEAF/leaf/Src/leaf-math.c:369:13:LEAF_crossfade	24	static
/Users/jeffsnyder/dev/LEAF/leaf/Src/leaf-math.c:375:15:LEAF_chebyshevT	48	static
/Users/jeffsnyder/dev/LEAF/leaf/Src/leaf-math.c:382:15:LEAF_CompoundChebyshevT	8	dynamic
/Users/jeffsnyder/dev/LEAF/leaf/Src/leaf-math.c:398:15:LEAF_frequencyToMidi	8	static
/Users/jeffsnyder/dev/LEAF/leaf/Src/leaf-math.c:404:8:LEAF_shaper	0	static
/Users/jeffsnyder/dev/LEAF/leaf/Src/leaf-math.c:420:15:LEAF_round	0	static
/Users/jeffsnyder/dev/LEAF/leaf/Src/leaf-math.c:433:15:LEAF_bitwise_xor	0	static
/Users/jeffsnyder/dev/LEAF/leaf/Src/leaf-math.c:442:15:LEAF_reedTable	0	static
/Users/jeffsnyder/dev/LEAF/leaf/Src/leaf-math.c:450:10:LEAF_softClip	0	static
/Users/jeffsnyder/dev/LEAF/leaf/Src/leaf-math.c:473:17:LEAF_clip	0	static
/Users/jeffsnyder/dev/LEAF/leaf/Src/leaf-math.c:491:14:LEAF_clipInt	0	static
/Users/jeffsnyder/dev/LEAF/leaf/Src/leaf-math.c:509:16:LEAF_isPrime	32	static
/Users/jeffsnyder/dev/LEAF/leaf/Src/leaf-math.c:521:15:LEAF_tanh	0	static
/Users/jeffsnyder/dev/LEAF/leaf/Src/leaf-math.c:535:15:LEAF_tanhNoClip	0	static
/Users/jeffsnyder/dev/LEAF/leaf/Src/leaf-math.c:541:15:fast_tanh	0	static
/Users/jeffsnyder/dev/LEAF/leaf/Src/leaf-math.c:548:15:fast_tanh2	0	static
/Users/jeffsnyder/dev/LEAF/leaf/Src/leaf-math.c:553:15:fast_tanh3	0	static
/Users/jeffsnyder/dev/LEAF/leaf/Src/leaf-math.c:560:17:fast_tanh4	0	static
/Users/jeffsnyder/dev/LEAF/leaf/Src/leaf-math.c:574:15:fast_tanh5	16	static
/Users/jeffsnyder/dev/LEAF/leaf/Src/leaf-math.c:580:8:leaf_softClip	0	static
/Users/jeffsnyder/dev/LEAF/leaf/Src/leaf-math.c:594:8:fastSine	0	static
/Users/jeffsnyder/dev/LEAF/leaf/Src/leaf-math.c:602:13:LEAF_generate_sine	24	static
/Users/jeffsnyder/dev/LEAF/leaf/Src/leaf-math.c:612:6:LEAF_generate_sawtooth	72	static
/Users/jeffsnyder/dev/LEAF/leaf/Src/leaf-math.c:634:6:LEAF_generate_triangle	72	static
/Users/jeffsnyder/dev/LEAF/leaf/Src/leaf-math.c:663:6:LEAF_generate_square	72	static
/Users/jeffsnyder/dev/LEAF/leaf/Src/leaf-math.c:687:6:LEAF_generate_exp	32	static
/Users/jeffsnyder/dev/LEAF/leaf/Src/leaf-math.c:701:6:LEAF_generate_table_skew_non_sym_double	56	static
/Users/jeffsnyder/dev/LEAF/leaf/Src/leaf-math.c:716:6:LEAF_generate_table_skew_non_sym	40	static
/Users/jeffsnyder/dev/LEAF/leaf/Src/leaf-math.c:731:6:LEAF_generate_atodb	32	static
/Users/jeffsnyder/dev/LEAF/leaf/Src/leaf-math.c:742:6:LEAF_generate_dbtoa	32	static
/Users/jeffsnyder/dev/LEAF/leaf/Src/leaf-math.c:754:6:LEAF_generate_atodbPositiveClipped	40	static
/Users/jeffsnyder/dev/LEAF/leaf/Src/leaf-math.c:769:6:LEAF_generate_mtof	56	static
/Users/jeffsnyder/dev/LEAF/leaf/Src/leaf-math.c:782:6:LEAF_generate_ftom	48	static
/Users/jeffsnyder/dev/LEAF/leaf/Src/leaf-math.c:799:15:LEAF_poly_blep	0	static
/Users/jeffsnyder/dev/LEAF/leaf/Src/leaf-math.c:850:8:LEAF_poly_blepInt	0	static
/Users/jeffsnyder/dev/LEAF/leaf/Src/leaf-math.c:869:15:LEAF_poly_blamp	0	static
/Users/jeffsnyder/dev/LEAF/leaf/Src/leaf-math.c:896:8:LEAF_midiToFrequency	8	static
/Users/jeffsnyder/dev/LEAF/leaf/Src/leaf-math.c:905:8:LEAF_interpolate_hermite	0	static
/Users/jeffsnyder/dev/LEAF/leaf/Src/leaf-math.c:921:8:LEAF_interpolate_hermite_x	0	static
/Users/jeffsnyder/dev/LEAF/leaf/Src/leaf-math.c:958:15:LEAF_interpolation_linear	0	static
/Users/jeffsnyder/dev/LEAF/leaf/Src/leaf-math.c:974:8:mtof	8	static
/Users/jeffsnyder/dev/LEAF/leaf/Src/leaf-math.c:981:8:fast_mtof	0	static
/Users/jeffsnyder/dev/LEAF/leaf/Src/leaf-math.c:986:8:faster_mtof	0	static
/Users/jeffsnyder/dev/LEAF/leaf/Src/leaf-math.c:991:8:ftom	8	static
/Users/jeffsnyder/dev/LEAF/leaf/Src/leaf-math.c:996:8:powtodb	8	static
/Users/jeffsnyder/dev/LEAF/leaf/Src/leaf-math.c:1006:8:rmstodb	8	static
/Users/jeffsnyder/dev/LEAF/leaf/Src/leaf-math.c:1016:8:dbtopow	0	static
/Users/jeffsnyder/dev/LEAF/leaf/Src/leaf-math.c:1028:8:dbtorms	0	static
/Users/jeffsnyder/dev/LEAF/leaf/Src/leaf-math.c:1041:8:atodb	8	static
/Users/jeffsnyder/dev/LEAF/leaf/Src/leaf-math.c:1045:8:fasteratodb	16	static
/Users/jeffsnyder/dev/LEAF/leaf/Src/leaf-math.c:1050:15:dbtoa	0	static
/Users/jeffsnyder/dev/LEAF/leaf/Src/leaf-math.c:1056:15:fastdbtoa	0	static
/Users/jeffsnyder/dev/LEAF/leaf/Src/leaf-math.c:1062:15:fasterdbtoa	0	static
/Users/jeffsnyder/dev/LEAF/leaf/Src/leaf-math.c:1069:15:maximum	0	static
/Users/jeffsnyder/dev/LEAF/leaf/Src/leaf-math.c:1074:15:minimum	0	static
/Users/jeffsnyder/dev/LEAF/leaf/Src/leaf-math.c:1083:5:popcount	0	static
/Users/jeffsnyder/dev/LEAF/leaf/Src/leaf-math.c:1097:8:median3f	0	static
/Users/jeffsnyder/dev/LEAF/leaf/Src/leaf-math.c:1108:6:place_step_dd	24	static
/Users/jeffsnyder/dev/LEAF/leaf/Src/leaf-math.c:1132:6:place_slope_dd	32	static
