/Users/jeffsnyder/dev/LEAF/leaf/Src/leaf-physical.c:25:9:tPluck_initToPool	40	static
/Users/jeffsnyder/dev/LEAF/leaf/Src/leaf-physical.c:20:9:tPluck_init	0	static
/Users/jeffsnyder/dev/LEAF/leaf/Src/leaf-physical.c:48:9:tPluck_free	8	static
/Users/jeffsnyder/dev/LEAF/leaf/Src/leaf-physical.c:60:10:tPluck_getLastOut	0	static
/Users/jeffsnyder/dev/LEAF/leaf/Src/leaf-physical.c:66:10:tPluck_tick	16	static
/Users/jeffsnyder/dev/LEAF/leaf/Src/leaf-physical.c:72:9:tPluck_pluck	32	static
/Users/jeffsnyder/dev/LEAF/leaf/Src/leaf-physical.c:88:9:tPluck_noteOn	32	static
/Users/jeffsnyder/dev/LEAF/leaf/Src/leaf-physical.c:97:9:tPluck_noteOff	0	static
/Users/jeffsnyder/dev/LEAF/leaf/Src/leaf-physical.c:108:9:tPluck_setFrequency	16	static
/Users/jeffsnyder/dev/LEAF/leaf/Src/leaf-physical.c:125:9:tPluck_controlChange	0	static
/Users/jeffsnyder/dev/LEAF/leaf/Src/leaf-physical.c:130:6:tPluck_setSampleRate	32	static
/Users/jeffsnyder/dev/LEAF/leaf/Src/leaf-physical.c:186:9:tKarplusStrong_free	8	static
/Users/jeffsnyder/dev/LEAF/leaf/Src/leaf-physical.c:203:10:tKarplusStrong_getLastOut	0	static
/Users/jeffsnyder/dev/LEAF/leaf/Src/leaf-physical.c:209:10:tKarplusStrong_tick	32	static
/Users/jeffsnyder/dev/LEAF/leaf/Src/leaf-physical.c:228:9:tKarplusStrong_pluck	40	static
/Users/jeffsnyder/dev/LEAF/leaf/Src/leaf-physical.c:253:9:tKarplusStrong_noteOff	0	static
/Users/jeffsnyder/dev/LEAF/leaf/Src/leaf-physical.c:285:9:tKarplusStrong_setStretch	48	static
/Users/jeffsnyder/dev/LEAF/leaf/Src/leaf-physical.c:264:9:tKarplusStrong_setFrequency	24	static
/Users/jeffsnyder/dev/LEAF/leaf/Src/leaf-physical.c:246:9:tKarplusStrong_noteOn	40	static
/Users/jeffsnyder/dev/LEAF/leaf/Src/leaf-physical.c:150:9:tKarplusStrong_initToPool	32	static
/Users/jeffsnyder/dev/LEAF/leaf/Src/leaf-physical.c:145:9:tKarplusStrong_init	0	static
/Users/jeffsnyder/dev/LEAF/leaf/Src/leaf-physical.c:312:9:tKarplusStrong_setPickupPosition	0	static
/Users/jeffsnyder/dev/LEAF/leaf/Src/leaf-physical.c:324:9:tKarplusStrong_setBaseLoopGain	0	static
/Users/jeffsnyder/dev/LEAF/leaf/Src/leaf-physical.c:334:9:tKarplusStrong_controlChange	0	static
/Users/jeffsnyder/dev/LEAF/leaf/Src/leaf-physical.c:349:9:tKarplusStrong_setSampleRate	32	static
/Users/jeffsnyder/dev/LEAF/leaf/Src/leaf-physical.c:380:9:tSimpleLivingString_initToPool	56	static
/Users/jeffsnyder/dev/LEAF/leaf/Src/leaf-physical.c:373:9:tSimpleLivingString_init	0	static
/Users/jeffsnyder/dev/LEAF/leaf/Src/leaf-physical.c:402:9:tSimpleLivingString_free	8	static
/Users/jeffsnyder/dev/LEAF/leaf/Src/leaf-physical.c:415:10:tSimpleLivingString_setFreq	0	static
/Users/jeffsnyder/dev/LEAF/leaf/Src/leaf-physical.c:425:10:tSimpleLivingString_setWaveLength	0	static
/Users/jeffsnyder/dev/LEAF/leaf/Src/leaf-physical.c:435:10:tSimpleLivingString_setDampFreq	0	static
/Users/jeffsnyder/dev/LEAF/leaf/Src/leaf-physical.c:441:10:tSimpleLivingString_setDecay	0	static
/Users/jeffsnyder/dev/LEAF/leaf/Src/leaf-physical.c:447:10:tSimpleLivingString_setTargetLev	0	static
/Users/jeffsnyder/dev/LEAF/leaf/Src/leaf-physical.c:453:10:tSimpleLivingString_setLevSmoothFactor	0	static
/Users/jeffsnyder/dev/LEAF/leaf/Src/leaf-physical.c:459:10:tSimpleLivingString_setLevStrength	0	static
/Users/jeffsnyder/dev/LEAF/leaf/Src/leaf-physical.c:465:10:tSimpleLivingString_setLevMode	16	static
/Users/jeffsnyder/dev/LEAF/leaf/Src/leaf-physical.c:472:10:tSimpleLivingString_tick	24	static
/Users/jeffsnyder/dev/LEAF/leaf/Src/leaf-physical.c:484:10:tSimpleLivingString_sample	0	static
/Users/jeffsnyder/dev/LEAF/leaf/Src/leaf-physical.c:490:8:tSimpleLivingString_setSampleRate	8	static
/Users/jeffsnyder/dev/LEAF/leaf/Src/leaf-physical.c:511:9:tSimpleLivingString2_initToPool	64	static
/Users/jeffsnyder/dev/LEAF/leaf/Src/leaf-physical.c:504:9:tSimpleLivingString2_init	0	static
/Users/jeffsnyder/dev/LEAF/leaf/Src/leaf-physical.c:534:9:tSimpleLivingString2_free	8	static
/Users/jeffsnyder/dev/LEAF/leaf/Src/leaf-physical.c:547:10:tSimpleLivingString2_setFreq	0	static
/Users/jeffsnyder/dev/LEAF/leaf/Src/leaf-physical.c:557:10:tSimpleLivingString2_setWaveLength	0	static
/Users/jeffsnyder/dev/LEAF/leaf/Src/leaf-physical.c:567:10:tSimpleLivingString2_setBrightness	0	static
/Users/jeffsnyder/dev/LEAF/leaf/Src/leaf-physical.c:575:10:tSimpleLivingString2_setDecay	0	static
/Users/jeffsnyder/dev/LEAF/leaf/Src/leaf-physical.c:581:10:tSimpleLivingString2_setTargetLev	0	static
/Users/jeffsnyder/dev/LEAF/leaf/Src/leaf-physical.c:587:10:tSimpleLivingString2_setLevSmoothFactor	0	static
/Users/jeffsnyder/dev/LEAF/leaf/Src/leaf-physical.c:593:10:tSimpleLivingString2_setLevStrength	0	static
/Users/jeffsnyder/dev/LEAF/leaf/Src/leaf-physical.c:599:10:tSimpleLivingString2_setLevMode	16	static
/Users/jeffsnyder/dev/LEAF/leaf/Src/leaf-physical.c:606:10:tSimpleLivingString2_tick	24	static
/Users/jeffsnyder/dev/LEAF/leaf/Src/leaf-physical.c:619:10:tSimpleLivingString2_sample	0	static
/Users/jeffsnyder/dev/LEAF/leaf/Src/leaf-physical.c:625:8:tSimpleLivingString2_setSampleRate	8	static
/Users/jeffsnyder/dev/LEAF/leaf/Src/leaf-physical.c:644:9:tLivingString_initToPool	72	static
/Users/jeffsnyder/dev/LEAF/leaf/Src/leaf-physical.c:637:9:tLivingString_init	0	static
/Users/jeffsnyder/dev/LEAF/leaf/Src/leaf-physical.c:693:9:tSimpleLivingString3_initToPool	88	static
/Users/jeffsnyder/dev/LEAF/leaf/Src/leaf-physical.c:686:9:tSimpleLivingString3_init	0	static
/Users/jeffsnyder/dev/LEAF/leaf/Src/leaf-physical.c:746:9:tSimpleLivingString3_free	8	static
/Users/jeffsnyder/dev/LEAF/leaf/Src/leaf-physical.c:760:10:tSimpleLivingString3_setFreq	8	static
/Users/jeffsnyder/dev/LEAF/leaf/Src/leaf-physical.c:778:10:tSimpleLivingString3_setWaveLength	0	static
/Users/jeffsnyder/dev/LEAF/leaf/Src/leaf-physical.c:788:10:tSimpleLivingString3_setDampFreq	0	static
/Users/jeffsnyder/dev/LEAF/leaf/Src/leaf-physical.c:798:10:tSimpleLivingString3_setDecay	8	static
/Users/jeffsnyder/dev/LEAF/leaf/Src/leaf-physical.c:809:10:tSimpleLivingString3_setTargetLev	0	static
/Users/jeffsnyder/dev/LEAF/leaf/Src/leaf-physical.c:815:10:tSimpleLivingString3_setLevSmoothFactor	0	static
/Users/jeffsnyder/dev/LEAF/leaf/Src/leaf-physical.c:821:10:tSimpleLivingString3_setLevStrength	0	static
/Users/jeffsnyder/dev/LEAF/leaf/Src/leaf-physical.c:827:10:tSimpleLivingString3_setLevMode	16	static
/Users/jeffsnyder/dev/LEAF/leaf/Src/leaf-physical.c:834:8:tSimpleLivingString3_pluck	40	static
/Users/jeffsnyder/dev/LEAF/leaf/Src/leaf-physical.c:872:10:tSimpleLivingString3_tick	40	static
/Users/jeffsnyder/dev/LEAF/leaf/Src/leaf-physical.c:929:8:tSimpleLivingString3_setPickupPoint	0	static
/Users/jeffsnyder/dev/LEAF/leaf/Src/leaf-physical.c:936:10:tSimpleLivingString3_sample	0	static
/Users/jeffsnyder/dev/LEAF/leaf/Src/leaf-physical.c:942:8:tSimpleLivingString3_setSampleRate	8	static
/Users/jeffsnyder/dev/LEAF/leaf/Src/leaf-physical.c:965:9:tSimpleLivingString4_initToPool	88	static
/Users/jeffsnyder/dev/LEAF/leaf/Src/leaf-physical.c:958:9:tSimpleLivingString4_init	0	static
/Users/jeffsnyder/dev/LEAF/leaf/Src/leaf-physical.c:1021:9:tSimpleLivingString4_free	8	static
/Users/jeffsnyder/dev/LEAF/leaf/Src/leaf-physical.c:1036:10:tSimpleLivingString4_setFreq	8	static
/Users/jeffsnyder/dev/LEAF/leaf/Src/leaf-physical.c:1054:10:tSimpleLivingString4_setWaveLength	0	static
/Users/jeffsnyder/dev/LEAF/leaf/Src/leaf-physical.c:1064:10:tSimpleLivingString4_setDampFreq	0	static
/Users/jeffsnyder/dev/LEAF/leaf/Src/leaf-physical.c:1074:10:tSimpleLivingString4_setDecay	8	static
/Users/jeffsnyder/dev/LEAF/leaf/Src/leaf-physical.c:1085:10:tSimpleLivingString4_setTargetLev	0	static
/Users/jeffsnyder/dev/LEAF/leaf/Src/leaf-physical.c:1091:10:tSimpleLivingString4_setLevSmoothFactor	0	static
/Users/jeffsnyder/dev/LEAF/leaf/Src/leaf-physical.c:1097:10:tSimpleLivingString4_setLevStrength	0	static
/Users/jeffsnyder/dev/LEAF/leaf/Src/leaf-physical.c:1103:10:tSimpleLivingString4_setLevMode	16	static
/Users/jeffsnyder/dev/LEAF/leaf/Src/leaf-physical.c:1110:8:tSimpleLivingString4_setPluckPosition	0	static
/Users/jeffsnyder/dev/LEAF/leaf/Src/leaf-physical.c:1117:8:tSimpleLivingString4_pluck	64	static
/Users/jeffsnyder/dev/LEAF/leaf/Src/leaf-physical.c:1155:8:tSimpleLivingString4_pluckNoPosition	64	static
/Users/jeffsnyder/dev/LEAF/leaf/Src/leaf-physical.c:1195:10:tSimpleLivingString4_tick	96	static
/Users/jeffsnyder/dev/LEAF/leaf/Src/leaf-physical.c:1257:8:tSimpleLivingString4_setPickupPoint	0	static
/Users/jeffsnyder/dev/LEAF/leaf/Src/leaf-physical.c:1264:10:tSimpleLivingString4_sample	0	static
/Users/jeffsnyder/dev/LEAF/leaf/Src/leaf-physical.c:1270:8:tSimpleLivingString4_setSampleRate	8	static
/Users/jeffsnyder/dev/LEAF/leaf/Src/leaf-physical.c:1294:9:tSimpleLivingString5_initToPool	88	static
/Users/jeffsnyder/dev/LEAF/leaf/Src/leaf-physical.c:1287:9:tSimpleLivingString5_init	0	static
/Users/jeffsnyder/dev/LEAF/leaf/Src/leaf-physical.c:1381:9:tSimpleLivingString5_free	8	static
/Users/jeffsnyder/dev/LEAF/leaf/Src/leaf-physical.c:1408:10:tSimpleLivingString5_setFreq	0	static
/Users/jeffsnyder/dev/LEAF/leaf/Src/leaf-physical.c:1426:10:tSimpleLivingString5_setWaveLength	0	static
/Users/jeffsnyder/dev/LEAF/leaf/Src/leaf-physical.c:1436:10:tSimpleLivingString5_setDampFreq	16	static
/Users/jeffsnyder/dev/LEAF/leaf/Src/leaf-physical.c:1447:10:tSimpleLivingString5_setDecay	0	static
/Users/jeffsnyder/dev/LEAF/leaf/Src/leaf-physical.c:1459:8:tSimpleLivingString5_setPrepPosition	0	static
/Users/jeffsnyder/dev/LEAF/leaf/Src/leaf-physical.c:1465:8:tSimpleLivingString5_setPrepIndex	0	static
/Users/jeffsnyder/dev/LEAF/leaf/Src/leaf-physical.c:1472:10:tSimpleLivingString5_setTargetLev	16	static
/Users/jeffsnyder/dev/LEAF/leaf/Src/leaf-physical.c:1479:10:tSimpleLivingString5_setLevSmoothFactor	16	static
/Users/jeffsnyder/dev/LEAF/leaf/Src/leaf-physical.c:1486:10:tSimpleLivingString5_setLevStrength	16	static
/Users/jeffsnyder/dev/LEAF/leaf/Src/leaf-physical.c:1493:10:tSimpleLivingString5_setLevMode	16	static
/Users/jeffsnyder/dev/LEAF/leaf/Src/leaf-physical.c:1501:8:tSimpleLivingString5_setPluckPosition	0	static
/Users/jeffsnyder/dev/LEAF/leaf/Src/leaf-physical.c:1510:8:tSimpleLivingString5_pluck	72	static
/Users/jeffsnyder/dev/LEAF/leaf/Src/leaf-physical.c:1563:10:tSimpleLivingString5_tick	112	static
/Users/jeffsnyder/dev/LEAF/leaf/Src/leaf-physical.c:1734:8:tSimpleLivingString5_setPickupPoint	0	static
/Users/jeffsnyder/dev/LEAF/leaf/Src/leaf-physical.c:1742:10:tSimpleLivingString5_sample	0	static
/Users/jeffsnyder/dev/LEAF/leaf/Src/leaf-physical.c:1748:8:tSimpleLivingString5_setSampleRate	8	static
/Users/jeffsnyder/dev/LEAF/leaf/Src/leaf-physical.c:1761:8:tSimpleLivingString5_setFFAmount	0	static
/Users/jeffsnyder/dev/LEAF/leaf/Src/leaf-physical.c:1769:9:tLivingString_free	8	static
/Users/jeffsnyder/dev/LEAF/leaf/Src/leaf-physical.c:1791:10:tLivingString_setFreq	0	static
/Users/jeffsnyder/dev/LEAF/leaf/Src/leaf-physical.c:1801:10:tLivingString_setWaveLength	0	static
/Users/jeffsnyder/dev/LEAF/leaf/Src/leaf-physical.c:1810:10:tLivingString_setPickPos	0	static
/Users/jeffsnyder/dev/LEAF/leaf/Src/leaf-physical.c:1819:10:tLivingString_setPrepIndex	0	static
/Users/jeffsnyder/dev/LEAF/leaf/Src/leaf-physical.c:1827:10:tLivingString_setDampFreq	16	static
/Users/jeffsnyder/dev/LEAF/leaf/Src/leaf-physical.c:1836:10:tLivingString_setDecay	0	static
/Users/jeffsnyder/dev/LEAF/leaf/Src/leaf-physical.c:1842:10:tLivingString_setTargetLev	16	static
/Users/jeffsnyder/dev/LEAF/leaf/Src/leaf-physical.c:1849:10:tLivingString_setLevSmoothFactor	16	static
/Users/jeffsnyder/dev/LEAF/leaf/Src/leaf-physical.c:1856:10:tLivingString_setLevStrength	16	static
/Users/jeffsnyder/dev/LEAF/leaf/Src/leaf-physical.c:1863:10:tLivingString_setLevMode	16	static
/Users/jeffsnyder/dev/LEAF/leaf/Src/leaf-physical.c:1871:10:tLivingString_tick	64	static
/Users/jeffsnyder/dev/LEAF/leaf/Src/leaf-physical.c:1907:10:tLivingString_sample	0	static
/Users/jeffsnyder/dev/LEAF/leaf/Src/leaf-physical.c:1913:8:tLivingString_setSampleRate	8	static
/Users/jeffsnyder/dev/LEAF/leaf/Src/leaf-physical.c:1942:9:tLivingString2_initToPool	96	static
/Users/jeffsnyder/dev/LEAF/leaf/Src/leaf-physical.c:1935:9:tLivingString2_init	0	static
/Users/jeffsnyder/dev/LEAF/leaf/Src/leaf-physical.c:1987:9:tLivingString2_free	8	static
/Users/jeffsnyder/dev/LEAF/leaf/Src/leaf-physical.c:2011:10:tLivingString2_setFreq	0	static
/Users/jeffsnyder/dev/LEAF/leaf/Src/leaf-physical.c:2023:10:tLivingString2_setWaveLength	0	static
/Users/jeffsnyder/dev/LEAF/leaf/Src/leaf-physical.c:2035:10:tLivingString2_setPickPos	0	static
/Users/jeffsnyder/dev/LEAF/leaf/Src/leaf-physical.c:2044:10:tLivingString2_setPrepPos	0	static
/Users/jeffsnyder/dev/LEAF/leaf/Src/leaf-physical.c:2053:10:tLivingString2_setPickupPos	0	static
/Users/jeffsnyder/dev/LEAF/leaf/Src/leaf-physical.c:2062:10:tLivingString2_setPrepIndex	0	static
/Users/jeffsnyder/dev/LEAF/leaf/Src/leaf-physical.c:2070:10:tLivingString2_setBrightness	16	static
/Users/jeffsnyder/dev/LEAF/leaf/Src/leaf-physical.c:2082:10:tLivingString2_setDecay	8	static
/Users/jeffsnyder/dev/LEAF/leaf/Src/leaf-physical.c:2088:10:tLivingString2_setTargetLev	16	static
/Users/jeffsnyder/dev/LEAF/leaf/Src/leaf-physical.c:2095:10:tLivingString2_setLevSmoothFactor	16	static
/Users/jeffsnyder/dev/LEAF/leaf/Src/leaf-physical.c:2102:10:tLivingString2_setLevStrength	16	static
/Users/jeffsnyder/dev/LEAF/leaf/Src/leaf-physical.c:2109:10:tLivingString2_setLevMode	16	static
/Users/jeffsnyder/dev/LEAF/leaf/Src/leaf-physical.c:2117:10:tLivingString2_tick	72	static
/Users/jeffsnyder/dev/LEAF/leaf/Src/leaf-physical.c:2270:10:tLivingString2_tickEfficient	48	static
/Users/jeffsnyder/dev/LEAF/leaf/Src/leaf-physical.c:2333:6:tLivingString2_updateDelays	24	static
/Users/jeffsnyder/dev/LEAF/leaf/Src/leaf-physical.c:2348:10:tLivingString2_sample	0	static
/Users/jeffsnyder/dev/LEAF/leaf/Src/leaf-physical.c:2354:9:tLivingString2_setSampleRate	8	static
/Users/jeffsnyder/dev/LEAF/leaf/Src/leaf-physical.c:2380:9:tComplexLivingString_initToPool	88	static
/Users/jeffsnyder/dev/LEAF/leaf/Src/leaf-physical.c:2373:9:tComplexLivingString_init	0	static
/Users/jeffsnyder/dev/LEAF/leaf/Src/leaf-physical.c:2428:9:tComplexLivingString_free	8	static
/Users/jeffsnyder/dev/LEAF/leaf/Src/leaf-physical.c:2453:10:tComplexLivingString_setFreq	0	static
/Users/jeffsnyder/dev/LEAF/leaf/Src/leaf-physical.c:2463:10:tComplexLivingString_setWaveLength	0	static
/Users/jeffsnyder/dev/LEAF/leaf/Src/leaf-physical.c:2472:10:tComplexLivingString_setPickPos	0	static
/Users/jeffsnyder/dev/LEAF/leaf/Src/leaf-physical.c:2481:10:tComplexLivingString_setPrepPos	0	static
/Users/jeffsnyder/dev/LEAF/leaf/Src/leaf-physical.c:2490:10:tComplexLivingString_setPrepIndex	0	static
/Users/jeffsnyder/dev/LEAF/leaf/Src/leaf-physical.c:2498:10:tComplexLivingString_setDampFreq	16	static
/Users/jeffsnyder/dev/LEAF/leaf/Src/leaf-physical.c:2507:10:tComplexLivingString_setDecay	0	static
/Users/jeffsnyder/dev/LEAF/leaf/Src/leaf-physical.c:2513:10:tComplexLivingString_setTargetLev	16	static
/Users/jeffsnyder/dev/LEAF/leaf/Src/leaf-physical.c:2520:10:tComplexLivingString_setLevSmoothFactor	16	static
/Users/jeffsnyder/dev/LEAF/leaf/Src/leaf-physical.c:2527:10:tComplexLivingString_setLevStrength	16	static
/Users/jeffsnyder/dev/LEAF/leaf/Src/leaf-physical.c:2534:10:tComplexLivingString_setLevMode	16	static
/Users/jeffsnyder/dev/LEAF/leaf/Src/leaf-physical.c:2542:10:tComplexLivingString_tick	80	static
/Users/jeffsnyder/dev/LEAF/leaf/Src/leaf-physical.c:2604:10:tComplexLivingString_sample	0	static
/Users/jeffsnyder/dev/LEAF/leaf/Src/leaf-physical.c:2610:9:tComplexLivingString_setSampleRate	8	static
/Users/jeffsnyder/dev/LEAF/leaf/Src/leaf-physical.c:2630:9:tBowed_initToPool	48	static
/Users/jeffsnyder/dev/LEAF/leaf/Src/leaf-physical.c:2626:9:tBowed_init	0	static
/Users/jeffsnyder/dev/LEAF/leaf/Src/leaf-physical.c:2665:9:tBowed_free	8	static
/Users/jeffsnyder/dev/LEAF/leaf/Src/leaf-physical.c:2674:10:tBowed_tick	64	static
/Users/jeffsnyder/dev/LEAF/leaf/Src/leaf-physical.c:2710:9:tBowed_setFreq	8	static
/Users/jeffsnyder/dev/LEAF/leaf/Src/leaf-physical.c:2730:9:tTString_initToPool	40	static
/Users/jeffsnyder/dev/LEAF/leaf/Src/leaf-physical.c:2726:9:tTString_init	0	static
/Users/jeffsnyder/dev/LEAF/leaf/Src/leaf-physical.c:2774:9:tTString_free	8	static
/Users/jeffsnyder/dev/LEAF/leaf/Src/leaf-physical.c:2789:10:tTString_tick	40	static
/Users/jeffsnyder/dev/LEAF/leaf/Src/leaf-physical.c:2842:9:tTString_setFreq	0	static
/Users/jeffsnyder/dev/LEAF/leaf/Src/leaf-physical.c:2853:9:tTString_setDecay	16	static
/Users/jeffsnyder/dev/LEAF/leaf/Src/leaf-physical.c:2861:9:tTString_mute	0	static
/Users/jeffsnyder/dev/LEAF/leaf/Src/leaf-physical.c:2867:9:tTString_setFilter	16	static
/Users/jeffsnyder/dev/LEAF/leaf/Src/leaf-physical.c:2877:9:tTString_pluck	72	static
/Users/jeffsnyder/dev/LEAF/leaf/Src/leaf-physical.c:2938:9:tTString_setHarmonicity	16	static
/Users/jeffsnyder/dev/LEAF/leaf/Src/leaf-physical.c:2948:9:tBowTable_init	16	static
/Users/jeffsnyder/dev/LEAF/leaf/Src/leaf-physical.c:2952:9:tBowTable_initToPool	16	static
/Users/jeffsnyder/dev/LEAF/leaf/Src/leaf-physical.c:2962:9:tBowTable_free	0	static
/Users/jeffsnyder/dev/LEAF/leaf/Src/leaf-physical.c:2968:11:tBowTable_lookup	0	static
/Users/jeffsnyder/dev/LEAF/leaf/Src/leaf-physical.c:2983:9:tReedTable_init	24	static
/Users/jeffsnyder/dev/LEAF/leaf/Src/leaf-physical.c:2988:9:tReedTable_initToPool	24	static
/Users/jeffsnyder/dev/LEAF/leaf/Src/leaf-physical.c:2998:9:tReedTable_free	0	static
/Users/jeffsnyder/dev/LEAF/leaf/Src/leaf-physical.c:3005:10:tReedTable_tick	0	static
/Users/jeffsnyder/dev/LEAF/leaf/Src/leaf-physical.c:3024:10:tReedTable_tanh_tick	0	static
/Users/jeffsnyder/dev/LEAF/leaf/Src/leaf-physical.c:3036:10:tReedTable_setOffset	0	static
/Users/jeffsnyder/dev/LEAF/leaf/Src/leaf-physical.c:3042:10:tReedTable_setSlope	0	static
