/Users/jeffsnyder/dev/LEAF/leaf/Src/leaf-oscillators.c:26:9:tCycle_init	16	static
/Users/jeffsnyder/dev/LEAF/leaf/Src/leaf-oscillators.c:31:9:tCycle_initToPool	16	static
/Users/jeffsnyder/dev/LEAF/leaf/Src/leaf-oscillators.c:44:9:tCycle_free	0	static
/Users/jeffsnyder/dev/LEAF/leaf/Src/leaf-oscillators.c:52:10:tCycle_tick	0	static
/Users/jeffsnyder/dev/LEAF/leaf/Src/leaf-oscillators.c:73:10:tCycle_setFreq	0	static
/Users/jeffsnyder/dev/LEAF/leaf/Src/leaf-oscillators.c:83:9:tCycle_setPhase	0	static
/Users/jeffsnyder/dev/LEAF/leaf/Src/leaf-oscillators.c:92:10:tCycle_setSampleRate	0	static
/Users/jeffsnyder/dev/LEAF/leaf/Src/leaf-oscillators.c:104:8:tTriangle_init	16	static
/Users/jeffsnyder/dev/LEAF/leaf/Src/leaf-oscillators.c:109:9:tTriangle_initToPool	16	static
/Users/jeffsnyder/dev/LEAF/leaf/Src/leaf-oscillators.c:124:9:tTriangle_free	0	static
/Users/jeffsnyder/dev/LEAF/leaf/Src/leaf-oscillators.c:131:10:tTriangle_tick	4	static
/Users/jeffsnyder/dev/LEAF/leaf/Src/leaf-oscillators.c:159:6:tTriangle_setFreq	8	static
/Users/jeffsnyder/dev/LEAF/leaf/Src/leaf-oscillators.c:176:6:tTriangle_setPhase	0	static
/Users/jeffsnyder/dev/LEAF/leaf/Src/leaf-oscillators.c:185:10:tTriangle_setSampleRate	8	static
/Users/jeffsnyder/dev/LEAF/leaf/Src/leaf-oscillators.c:198:8:tSquare_init	16	static
/Users/jeffsnyder/dev/LEAF/leaf/Src/leaf-oscillators.c:203:9:tSquare_initToPool	16	static
/Users/jeffsnyder/dev/LEAF/leaf/Src/leaf-oscillators.c:218:9:tSquare_free	0	static
/Users/jeffsnyder/dev/LEAF/leaf/Src/leaf-oscillators.c:225:10:tSquare_tick	4	static
/Users/jeffsnyder/dev/LEAF/leaf/Src/leaf-oscillators.c:253:9:tSquare_setFreq	8	static
/Users/jeffsnyder/dev/LEAF/leaf/Src/leaf-oscillators.c:270:9:tSquare_setPhase	0	static
/Users/jeffsnyder/dev/LEAF/leaf/Src/leaf-oscillators.c:279:10:tSquare_setSampleRate	8	static
/Users/jeffsnyder/dev/LEAF/leaf/Src/leaf-oscillators.c:292:9:tSawtooth_init	16	static
/Users/jeffsnyder/dev/LEAF/leaf/Src/leaf-oscillators.c:297:9:tSawtooth_initToPool	16	static
/Users/jeffsnyder/dev/LEAF/leaf/Src/leaf-oscillators.c:312:9:tSawtooth_free	0	static
/Users/jeffsnyder/dev/LEAF/leaf/Src/leaf-oscillators.c:319:10:tSawtooth_tick	4	static
/Users/jeffsnyder/dev/LEAF/leaf/Src/leaf-oscillators.c:348:9:tSawtooth_setFreq	8	static
/Users/jeffsnyder/dev/LEAF/leaf/Src/leaf-oscillators.c:365:6:tSawtooth_setPhase	0	static
/Users/jeffsnyder/dev/LEAF/leaf/Src/leaf-oscillators.c:374:10:tSawtooth_setSampleRate	8	static
/Users/jeffsnyder/dev/LEAF/leaf/Src/leaf-oscillators.c:388:9:tPBTriangle_init	16	static
/Users/jeffsnyder/dev/LEAF/leaf/Src/leaf-oscillators.c:393:9:tPBTriangle_initToPool	16	static
/Users/jeffsnyder/dev/LEAF/leaf/Src/leaf-oscillators.c:408:9:tPBTriangle_free	0	static
/Users/jeffsnyder/dev/LEAF/leaf/Src/leaf-oscillators.c:418:10:tPBTriangle_tick	48	static
/Users/jeffsnyder/dev/LEAF/leaf/Src/leaf-oscillators.c:467:9:tPBTriangle_setFreq	0	static
/Users/jeffsnyder/dev/LEAF/leaf/Src/leaf-oscillators.c:476:9:tPBTriangle_setSkew	8	static
/Users/jeffsnyder/dev/LEAF/leaf/Src/leaf-oscillators.c:485:10:tPBTriangle_setSampleRate	0	static
/Users/jeffsnyder/dev/LEAF/leaf/Src/leaf-oscillators.c:497:9:tPBSineTriangle_init	24	static
/Users/jeffsnyder/dev/LEAF/leaf/Src/leaf-oscillators.c:502:9:tPBSineTriangle_initToPool	24	static
/Users/jeffsnyder/dev/LEAF/leaf/Src/leaf-oscillators.c:518:9:tPBSineTriangle_free	8	static
/Users/jeffsnyder/dev/LEAF/leaf/Src/leaf-oscillators.c:528:10:tPBSineTriangle_tick	40	static
/Users/jeffsnyder/dev/LEAF/leaf/Src/leaf-oscillators.c:569:9:tPBSineTriangle_setFreq	0	static
/Users/jeffsnyder/dev/LEAF/leaf/Src/leaf-oscillators.c:579:9:tPBSineTriangle_setShape	0	static
/Users/jeffsnyder/dev/LEAF/leaf/Src/leaf-oscillators.c:586:9:tPBSineTriangle_setSampleRate	0	static
/Users/jeffsnyder/dev/LEAF/leaf/Src/leaf-oscillators.c:596:9:tPBPulse_init	16	static
/Users/jeffsnyder/dev/LEAF/leaf/Src/leaf-oscillators.c:601:9:tPBPulse_initToPool	16	static
/Users/jeffsnyder/dev/LEAF/leaf/Src/leaf-oscillators.c:617:9:tPBPulse_free	0	static
/Users/jeffsnyder/dev/LEAF/leaf/Src/leaf-oscillators.c:627:10:tPBPulse_tick	24	static
/Users/jeffsnyder/dev/LEAF/leaf/Src/leaf-oscillators.c:646:9:tPBPulse_setFreq	0	static
/Users/jeffsnyder/dev/LEAF/leaf/Src/leaf-oscillators.c:655:9:tPBPulse_setWidth	0	static
/Users/jeffsnyder/dev/LEAF/leaf/Src/leaf-oscillators.c:671:9:tPBPulse_setSampleRate	0	static
/Users/jeffsnyder/dev/LEAF/leaf/Src/leaf-oscillators.c:683:9:tPBSaw_init	16	static
/Users/jeffsnyder/dev/LEAF/leaf/Src/leaf-oscillators.c:688:9:tPBSaw_initToPool	16	static
/Users/jeffsnyder/dev/LEAF/leaf/Src/leaf-oscillators.c:702:9:tPBSaw_free	0	static
/Users/jeffsnyder/dev/LEAF/leaf/Src/leaf-oscillators.c:712:10:tPBSaw_tick	16	static
/Users/jeffsnyder/dev/LEAF/leaf/Src/leaf-oscillators.c:728:9:tPBSaw_setFreq	0	static
/Users/jeffsnyder/dev/LEAF/leaf/Src/leaf-oscillators.c:737:9:tPBSaw_setSampleRate	0	static
/Users/jeffsnyder/dev/LEAF/leaf/Src/leaf-oscillators.c:750:9:tPBSawSquare_init	16	static
/Users/jeffsnyder/dev/LEAF/leaf/Src/leaf-oscillators.c:755:9:tPBSawSquare_initToPool	16	static
/Users/jeffsnyder/dev/LEAF/leaf/Src/leaf-oscillators.c:770:9:tPBSawSquare_free	0	static
/Users/jeffsnyder/dev/LEAF/leaf/Src/leaf-oscillators.c:781:10:tPBSawSquare_tick	48	static
/Users/jeffsnyder/dev/LEAF/leaf/Src/leaf-oscillators.c:808:9:tPBSawSquare_setFreq	0	static
/Users/jeffsnyder/dev/LEAF/leaf/Src/leaf-oscillators.c:818:9:tPBSawSquare_setShape	0	static
/Users/jeffsnyder/dev/LEAF/leaf/Src/leaf-oscillators.c:826:9:tPBSawSquare_setSampleRate	0	static
/Users/jeffsnyder/dev/LEAF/leaf/Src/leaf-oscillators.c:846:9:tSawOS_initToPool	56	static
/Users/jeffsnyder/dev/LEAF/leaf/Src/leaf-oscillators.c:841:9:tSawOS_init	0	static
/Users/jeffsnyder/dev/LEAF/leaf/Src/leaf-oscillators.c:869:9:tSawOS_free	16	static
/Users/jeffsnyder/dev/LEAF/leaf/Src/leaf-oscillators.c:877:10:tSawOS_tick	24	static
/Users/jeffsnyder/dev/LEAF/leaf/Src/leaf-oscillators.c:894:9:tSawOS_setFreq	0	static
/Users/jeffsnyder/dev/LEAF/leaf/Src/leaf-oscillators.c:902:9:tSawOS_setSampleRate	0	static
/Users/jeffsnyder/dev/LEAF/leaf/Src/leaf-oscillators.c:914:9:tPhasor_init	16	static
/Users/jeffsnyder/dev/LEAF/leaf/Src/leaf-oscillators.c:919:9:tPhasor_initToPool	16	static
/Users/jeffsnyder/dev/LEAF/leaf/Src/leaf-oscillators.c:932:9:tPhasor_free	0	static
/Users/jeffsnyder/dev/LEAF/leaf/Src/leaf-oscillators.c:939:9:tPhasor_setFreq	0	static
/Users/jeffsnyder/dev/LEAF/leaf/Src/leaf-oscillators.c:947:10:tPhasor_tick	0	static
/Users/jeffsnyder/dev/LEAF/leaf/Src/leaf-oscillators.c:955:10:tPhasor_setSampleRate	0	static
/Users/jeffsnyder/dev/LEAF/leaf/Src/leaf-oscillators.c:966:9:tNoise_init	16	static
/Users/jeffsnyder/dev/LEAF/leaf/Src/leaf-oscillators.c:971:9:tNoise_initToPool	16	static
/Users/jeffsnyder/dev/LEAF/leaf/Src/leaf-oscillators.c:982:9:tNoise_free	0	static
/Users/jeffsnyder/dev/LEAF/leaf/Src/leaf-oscillators.c:989:10:tNoise_tick	8	static
/Users/jeffsnyder/dev/LEAF/leaf/Src/leaf-oscillators.c:1013:6:tNeuron_init	24	static
/Users/jeffsnyder/dev/LEAF/leaf/Src/leaf-oscillators.c:1018:6:tNeuron_initToPool	24	static
/Users/jeffsnyder/dev/LEAF/leaf/Src/leaf-oscillators.c:1053:9:tNeuron_free	8	static
/Users/jeffsnyder/dev/LEAF/leaf/Src/leaf-oscillators.c:1061:8:tNeuron_reset	8	static
/Users/jeffsnyder/dev/LEAF/leaf/Src/leaf-oscillators.c:1090:6:tNeuron_setV1	0	static
/Users/jeffsnyder/dev/LEAF/leaf/Src/leaf-oscillators.c:1096:6:tNeuron_setV2	0	static
/Users/jeffsnyder/dev/LEAF/leaf/Src/leaf-oscillators.c:1102:6:tNeuron_setV3	0	static
/Users/jeffsnyder/dev/LEAF/leaf/Src/leaf-oscillators.c:1108:6:tNeuron_setTimeStep	0	static
/Users/jeffsnyder/dev/LEAF/leaf/Src/leaf-oscillators.c:1114:6:tNeuron_setK	0	static
/Users/jeffsnyder/dev/LEAF/leaf/Src/leaf-oscillators.c:1120:6:tNeuron_setL	0	static
/Users/jeffsnyder/dev/LEAF/leaf/Src/leaf-oscillators.c:1127:6:tNeuron_setN	0	static
/Users/jeffsnyder/dev/LEAF/leaf/Src/leaf-oscillators.c:1133:6:tNeuron_setC	0	static
/Users/jeffsnyder/dev/LEAF/leaf/Src/leaf-oscillators.c:1140:8:tNeuron_tick	48	static
/Users/jeffsnyder/dev/LEAF/leaf/Src/leaf-oscillators.c:1216:6:tNeuron_setMode	0	static
/Users/jeffsnyder/dev/LEAF/leaf/Src/leaf-oscillators.c:1222:6:tNeuron_setCurrent	0	static
/Users/jeffsnyder/dev/LEAF/leaf/Src/leaf-oscillators.c:1228:6:tNeuron_setSampleRate	0	static
/Users/jeffsnyder/dev/LEAF/leaf/Src/leaf-oscillators.c:1237:6:tMBPulse_init	24	static
/Users/jeffsnyder/dev/LEAF/leaf/Src/leaf-oscillators.c:1242:6:tMBPulse_initToPool	24	static
/Users/jeffsnyder/dev/LEAF/leaf/Src/leaf-oscillators.c:1273:6:tMBPulse_free	0	static
/Users/jeffsnyder/dev/LEAF/leaf/Src/leaf-oscillators.c:1282:6:tMBPulse_place_step_dd_noBuffer	24	static
/Users/jeffsnyder/dev/LEAF/leaf/Src/leaf-oscillators.c:1301:8:tMBPulse_tick	96	static
/Users/jeffsnyder/dev/LEAF/leaf/Src/leaf-oscillators.c:1524:6:tMBPulse_setFreq	0	static
/Users/jeffsnyder/dev/LEAF/leaf/Src/leaf-oscillators.c:1532:6:tMBPulse_setWidth	0	static
/Users/jeffsnyder/dev/LEAF/leaf/Src/leaf-oscillators.c:1539:8:tMBPulse_sync	0	static
/Users/jeffsnyder/dev/LEAF/leaf/Src/leaf-oscillators.c:1555:6:tMBPulse_setPhase	0	static
/Users/jeffsnyder/dev/LEAF/leaf/Src/leaf-oscillators.c:1562:6:tMBPulse_setBufferOffset	0	static
/Users/jeffsnyder/dev/LEAF/leaf/Src/leaf-oscillators.c:1569:6:tMBPulse_setSyncMode	0	static
/Users/jeffsnyder/dev/LEAF/leaf/Src/leaf-oscillators.c:1575:6:tMBPulse_setSampleRate	0	static
/Users/jeffsnyder/dev/LEAF/leaf/Src/leaf-oscillators.c:1584:6:tMBTriangle_init	24	static
/Users/jeffsnyder/dev/LEAF/leaf/Src/leaf-oscillators.c:1589:6:tMBTriangle_initToPool	24	static
/Users/jeffsnyder/dev/LEAF/leaf/Src/leaf-oscillators.c:1618:6:tMBTriangle_free	0	static
/Users/jeffsnyder/dev/LEAF/leaf/Src/leaf-oscillators.c:1627:6:tMBTriangle_place_dd_noBuffer	32	static
/Users/jeffsnyder/dev/LEAF/leaf/Src/leaf-oscillators.c:1647:8:tMBTriangle_tick	104	static
/Users/jeffsnyder/dev/LEAF/leaf/Src/leaf-oscillators.c:1888:6:tMBTriangle_setFreq	0	static
/Users/jeffsnyder/dev/LEAF/leaf/Src/leaf-oscillators.c:1897:6:tMBTriangle_setWidth	8	static
/Users/jeffsnyder/dev/LEAF/leaf/Src/leaf-oscillators.c:1904:8:tMBTriangle_sync	0	static
/Users/jeffsnyder/dev/LEAF/leaf/Src/leaf-oscillators.c:1920:6:tMBTriangle_setPhase	0	static
/Users/jeffsnyder/dev/LEAF/leaf/Src/leaf-oscillators.c:1926:6:tMBTriangle_setSyncMode	0	static
/Users/jeffsnyder/dev/LEAF/leaf/Src/leaf-oscillators.c:1933:6:tMBTriangle_setBufferOffset	0	static
/Users/jeffsnyder/dev/LEAF/leaf/Src/leaf-oscillators.c:1940:6:tMBTriangle_setSampleRate	0	static
/Users/jeffsnyder/dev/LEAF/leaf/Src/leaf-oscillators.c:1950:6:tMBSineTri_init	24	static
/Users/jeffsnyder/dev/LEAF/leaf/Src/leaf-oscillators.c:1955:6:tMBSineTri_initToPool	24	static
/Users/jeffsnyder/dev/LEAF/leaf/Src/leaf-oscillators.c:1987:6:tMBSineTri_free	0	static
/Users/jeffsnyder/dev/LEAF/leaf/Src/leaf-oscillators.c:1996:6:tMBSineTri_place_dd_noBuffer	32	static
/Users/jeffsnyder/dev/LEAF/leaf/Src/leaf-oscillators.c:2016:8:tMBSineTri_tick	104	static
/Users/jeffsnyder/dev/LEAF/leaf/Src/leaf-oscillators.c:2296:6:tMBSineTri_setFreq	0	static
/Users/jeffsnyder/dev/LEAF/leaf/Src/leaf-oscillators.c:2305:6:tMBSineTri_setWidth	8	static
/Users/jeffsnyder/dev/LEAF/leaf/Src/leaf-oscillators.c:2312:8:tMBSineTri_sync	0	static
/Users/jeffsnyder/dev/LEAF/leaf/Src/leaf-oscillators.c:2328:6:tMBSineTri_setPhase	0	static
/Users/jeffsnyder/dev/LEAF/leaf/Src/leaf-oscillators.c:2334:6:tMBSineTri_setShape	0	static
/Users/jeffsnyder/dev/LEAF/leaf/Src/leaf-oscillators.c:2341:6:tMBSineTri_setSyncMode	0	static
/Users/jeffsnyder/dev/LEAF/leaf/Src/leaf-oscillators.c:2348:6:tMBSineTri_setBufferOffset	0	static
/Users/jeffsnyder/dev/LEAF/leaf/Src/leaf-oscillators.c:2355:6:tMBSineTri_setSampleRate	0	static
/Users/jeffsnyder/dev/LEAF/leaf/Src/leaf-oscillators.c:2363:6:tMBSaw_init	24	static
/Users/jeffsnyder/dev/LEAF/leaf/Src/leaf-oscillators.c:2368:6:tMBSaw_initToPool	24	static
/Users/jeffsnyder/dev/LEAF/leaf/Src/leaf-oscillators.c:2393:6:tMBSaw_free	0	static
/Users/jeffsnyder/dev/LEAF/leaf/Src/leaf-oscillators.c:2403:6:tMBSaw_place_step_dd_noBuffer	24	static
/Users/jeffsnyder/dev/LEAF/leaf/Src/leaf-oscillators.c:2423:8:tMBSaw_tick	72	static
/Users/jeffsnyder/dev/LEAF/leaf/Src/leaf-oscillators.c:2527:6:tMBSaw_setFreq	0	static
/Users/jeffsnyder/dev/LEAF/leaf/Src/leaf-oscillators.c:2536:8:tMBSaw_sync	0	static
/Users/jeffsnyder/dev/LEAF/leaf/Src/leaf-oscillators.c:2552:6:tMBSaw_setPhase	0	static
/Users/jeffsnyder/dev/LEAF/leaf/Src/leaf-oscillators.c:2558:6:tMBSaw_setSyncMode	0	static
/Users/jeffsnyder/dev/LEAF/leaf/Src/leaf-oscillators.c:2565:6:tMBSaw_setBufferOffset	0	static
/Users/jeffsnyder/dev/LEAF/leaf/Src/leaf-oscillators.c:2572:6:tMBSaw_setSampleRate	0	static
/Users/jeffsnyder/dev/LEAF/leaf/Src/leaf-oscillators.c:2581:6:tMBSawPulse_init	16	static
/Users/jeffsnyder/dev/LEAF/leaf/Src/leaf-oscillators.c:2586:6:tMBSawPulse_initToPool	16	static
/Users/jeffsnyder/dev/LEAF/leaf/Src/leaf-oscillators.c:2617:6:tMBSawPulse_free	0	static
/Users/jeffsnyder/dev/LEAF/leaf/Src/leaf-oscillators.c:2627:6:tMBSawPulse_place_step_dd_noBuffer	24	static
/Users/jeffsnyder/dev/LEAF/leaf/Src/leaf-oscillators.c:2655:8:tMBSawPulse_tick	96	static
/Users/jeffsnyder/dev/LEAF/leaf/Src/leaf-oscillators.c:2903:6:tMBSawPulse_setFreq	0	static
/Users/jeffsnyder/dev/LEAF/leaf/Src/leaf-oscillators.c:2925:8:tMBSawPulse_sync	0	static
/Users/jeffsnyder/dev/LEAF/leaf/Src/leaf-oscillators.c:2942:6:tMBSawPulse_setPhase	0	static
/Users/jeffsnyder/dev/LEAF/leaf/Src/leaf-oscillators.c:2948:6:tMBSawPulse_setShape	0	static
/Users/jeffsnyder/dev/LEAF/leaf/Src/leaf-oscillators.c:2954:6:tMBSawPulse_setSyncMode	0	static
/Users/jeffsnyder/dev/LEAF/leaf/Src/leaf-oscillators.c:2961:6:tMBSawPulse_setBufferOffset	0	static
/Users/jeffsnyder/dev/LEAF/leaf/Src/leaf-oscillators.c:2968:6:tMBSawPulse_setSampleRate	0	static
/Users/jeffsnyder/dev/LEAF/leaf/Src/leaf-oscillators.c:2976:9:tTable_init	24	static
/Users/jeffsnyder/dev/LEAF/leaf/Src/leaf-oscillators.c:2981:9:tTable_initToPool	24	static
/Users/jeffsnyder/dev/LEAF/leaf/Src/leaf-oscillators.c:2995:9:tTable_free	0	static
/Users/jeffsnyder/dev/LEAF/leaf/Src/leaf-oscillators.c:3002:10:tTable_setFreq	0	static
/Users/jeffsnyder/dev/LEAF/leaf/Src/leaf-oscillators.c:3013:10:tTable_tick	0	static
/Users/jeffsnyder/dev/LEAF/leaf/Src/leaf-oscillators.c:3039:10:tTable_setSampleRate	0	static
/Users/jeffsnyder/dev/LEAF/leaf/Src/leaf-oscillators.c:3051:6:tWaveTable_initToPool	48	static
/Users/jeffsnyder/dev/LEAF/leaf/Src/leaf-oscillators.c:3046:6:tWaveTable_init	0	static
/Users/jeffsnyder/dev/LEAF/leaf/Src/leaf-oscillators.c:3115:6:tWaveTable_free	16	static
/Users/jeffsnyder/dev/LEAF/leaf/Src/leaf-oscillators.c:3128:6:tWaveTable_setSampleRate	48	static
/Users/jeffsnyder/dev/LEAF/leaf/Src/leaf-oscillators.c:3189:6:tWaveOsc_init	24	static
/Users/jeffsnyder/dev/LEAF/leaf/Src/leaf-oscillators.c:3194:6:tWaveOsc_initToPool	24	static
/Users/jeffsnyder/dev/LEAF/leaf/Src/leaf-oscillators.c:3225:6:tWaveOsc_free	0	static
/Users/jeffsnyder/dev/LEAF/leaf/Src/leaf-oscillators.c:3231:8:tWaveOsc_tick	16	static
/Users/jeffsnyder/dev/LEAF/leaf/Src/leaf-oscillators.c:3300:6:tWaveOsc_setFreq	8	static
/Users/jeffsnyder/dev/LEAF/leaf/Src/leaf-oscillators.c:3320:6:tWaveOsc_setAntiAliasing	0	static
/Users/jeffsnyder/dev/LEAF/leaf/Src/leaf-oscillators.c:3326:6:tWaveOsc_setIndex	0	static
/Users/jeffsnyder/dev/LEAF/leaf/Src/leaf-oscillators.c:3338:6:tWaveOsc_setTables	0	static
/Users/jeffsnyder/dev/LEAF/leaf/Src/leaf-oscillators.c:3369:6:tWaveOsc_setSampleRate	8	static
/Users/jeffsnyder/dev/LEAF/leaf/Src/leaf-oscillators.c:3391:6:tWaveTableS_initToPool	56	static
/Users/jeffsnyder/dev/LEAF/leaf/Src/leaf-oscillators.c:3386:6:tWaveTableS_init	0	static
/Users/jeffsnyder/dev/LEAF/leaf/Src/leaf-oscillators.c:3474:9:tWaveTableS_free	16	static
/Users/jeffsnyder/dev/LEAF/leaf/Src/leaf-oscillators.c:3489:9:tWaveTableS_setSampleRate	56	static
/Users/jeffsnyder/dev/LEAF/leaf/Src/leaf-oscillators.c:3573:6:tWaveOscS_init	24	static
/Users/jeffsnyder/dev/LEAF/leaf/Src/leaf-oscillators.c:3578:6:tWaveOscS_initToPool	24	static
/Users/jeffsnyder/dev/LEAF/leaf/Src/leaf-oscillators.c:3609:6:tWaveOscS_free	0	static
/Users/jeffsnyder/dev/LEAF/leaf/Src/leaf-oscillators.c:3617:8:tWaveOscS_tick	48	static
/Users/jeffsnyder/dev/LEAF/leaf/Src/leaf-oscillators.c:3688:6:tWaveOscS_setFreq	8	static
/Users/jeffsnyder/dev/LEAF/leaf/Src/leaf-oscillators.c:3708:6:tWaveOscS_setAntiAliasing	0	static
/Users/jeffsnyder/dev/LEAF/leaf/Src/leaf-oscillators.c:3714:6:tWaveOscS_setIndex	0	static
/Users/jeffsnyder/dev/LEAF/leaf/Src/leaf-oscillators.c:3742:6:tWaveOscS_setSampleRate	8	static
/Users/jeffsnyder/dev/LEAF/leaf/Src/leaf-oscillators.c:3769:9:tIntPhasor_init	16	static
/Users/jeffsnyder/dev/LEAF/leaf/Src/leaf-oscillators.c:3774:9:tIntPhasor_initToPool	16	static
/Users/jeffsnyder/dev/LEAF/leaf/Src/leaf-oscillators.c:3786:9:tIntPhasor_free	0	static
/Users/jeffsnyder/dev/LEAF/leaf/Src/leaf-oscillators.c:3794:10:tIntPhasor_tick	0	static
/Users/jeffsnyder/dev/LEAF/leaf/Src/leaf-oscillators.c:3803:10:tIntPhasor_setFreq	0	static
/Users/jeffsnyder/dev/LEAF/leaf/Src/leaf-oscillators.c:3811:9:tIntPhasor_setPhase	0	static
/Users/jeffsnyder/dev/LEAF/leaf/Src/leaf-oscillators.c:3820:10:tIntPhasor_setSampleRate	0	static
/Users/jeffsnyder/dev/LEAF/leaf/Src/leaf-oscillators.c:3829:9:tSquareLFO_init	32	static
/Users/jeffsnyder/dev/LEAF/leaf/Src/leaf-oscillators.c:3834:9:tSquareLFO_initToPool	32	static
/Users/jeffsnyder/dev/LEAF/leaf/Src/leaf-oscillators.c:3844:9:tSquareLFO_free	8	static
/Users/jeffsnyder/dev/LEAF/leaf/Src/leaf-oscillators.c:3853:10:tSquareLFO_tick	0	static
/Users/jeffsnyder/dev/LEAF/leaf/Src/leaf-oscillators.c:3863:10:tSquareLFO_setFreq	0	static
/Users/jeffsnyder/dev/LEAF/leaf/Src/leaf-oscillators.c:3872:10:tSquareLFO_setSampleRate	0	static
/Users/jeffsnyder/dev/LEAF/leaf/Src/leaf-oscillators.c:3879:6:tSquareLFO_setPulseWidth	0	static
/Users/jeffsnyder/dev/LEAF/leaf/Src/leaf-oscillators.c:3887:6:tSquareLFO_setPhase	0	static
/Users/jeffsnyder/dev/LEAF/leaf/Src/leaf-oscillators.c:3894:9:tSawSquareLFO_init	24	static
/Users/jeffsnyder/dev/LEAF/leaf/Src/leaf-oscillators.c:3900:9:tSawSquareLFO_initToPool	24	static
/Users/jeffsnyder/dev/LEAF/leaf/Src/leaf-oscillators.c:3908:9:tSawSquareLFO_free	16	static
/Users/jeffsnyder/dev/LEAF/leaf/Src/leaf-oscillators.c:3916:10:tSawSquareLFO_tick	4	static
/Users/jeffsnyder/dev/LEAF/leaf/Src/leaf-oscillators.c:3923:9:tSawSquareLFO_setFreq	0	static
/Users/jeffsnyder/dev/LEAF/leaf/Src/leaf-oscillators.c:3929:9:tSawSquareLFO_setSampleRate	0	static
/Users/jeffsnyder/dev/LEAF/leaf/Src/leaf-oscillators.c:3935:9:tSawSquareLFO_setPhase	0	static
/Users/jeffsnyder/dev/LEAF/leaf/Src/leaf-oscillators.c:3943:9:tSawSquareLFO_setShape	0	static
/Users/jeffsnyder/dev/LEAF/leaf/Src/leaf-oscillators.c:3953:9:tTriLFO_init	16	static
/Users/jeffsnyder/dev/LEAF/leaf/Src/leaf-oscillators.c:3958:9:tTriLFO_initToPool	16	static
/Users/jeffsnyder/dev/LEAF/leaf/Src/leaf-oscillators.c:3972:9:tTriLFO_free	0	static
/Users/jeffsnyder/dev/LEAF/leaf/Src/leaf-oscillators.c:3980:10:tTriLFO_tick	0	static
/Users/jeffsnyder/dev/LEAF/leaf/Src/leaf-oscillators.c:3995:10:tTriLFO_setFreq	0	static
/Users/jeffsnyder/dev/LEAF/leaf/Src/leaf-oscillators.c:4003:9:tTriLFO_setPhase	0	static
/Users/jeffsnyder/dev/LEAF/leaf/Src/leaf-oscillators.c:4011:10:tTriLFO_setSampleRate	0	static
/Users/jeffsnyder/dev/LEAF/leaf/Src/leaf-oscillators.c:4020:9:tSineTriLFO_init	32	static
/Users/jeffsnyder/dev/LEAF/leaf/Src/leaf-oscillators.c:4025:9:tSineTriLFO_initToPool	32	static
/Users/jeffsnyder/dev/LEAF/leaf/Src/leaf-oscillators.c:4034:9:tSineTriLFO_free	8	static
/Users/jeffsnyder/dev/LEAF/leaf/Src/leaf-oscillators.c:4042:10:tSineTriLFO_tick	12	static
/Users/jeffsnyder/dev/LEAF/leaf/Src/leaf-oscillators.c:4049:9:tSineTriLFO_setFreq	0	static
/Users/jeffsnyder/dev/LEAF/leaf/Src/leaf-oscillators.c:4055:9:tSineTriLFO_setSampleRate	0	static
/Users/jeffsnyder/dev/LEAF/leaf/Src/leaf-oscillators.c:4061:9:tSineTriLFO_setPhase	0	static
/Users/jeffsnyder/dev/LEAF/leaf/Src/leaf-oscillators.c:4068:10:tSineTriLFO_setShape	0	static
/Users/jeffsnyder/dev/LEAF/leaf/Src/leaf-oscillators.c:4078:10:tDampedOscillator_init	32	static
/Users/jeffsnyder/dev/LEAF/leaf/Src/leaf-oscillators.c:4083:10:tDampedOscillator_initToPool	32	static
/Users/jeffsnyder/dev/LEAF/leaf/Src/leaf-oscillators.c:4101:10:tDampedOscillator_free	0	static
/Users/jeffsnyder/dev/LEAF/leaf/Src/leaf-oscillators.c:4108:11:tDampedOscillator_tick	0	static
/Users/jeffsnyder/dev/LEAF/leaf/Src/leaf-oscillators.c:4117:10:tDampedOscillator_setFreq	8	static,ignoring_inline_asm
/Users/jeffsnyder/dev/LEAF/leaf/Src/leaf-oscillators.c:4137:10:tDampedOscillator_setDecay	8	static
/Users/jeffsnyder/dev/LEAF/leaf/Src/leaf-oscillators.c:4149:10:tDampedOscillator_setSampleRate	0	static
/Users/jeffsnyder/dev/LEAF/leaf/Src/leaf-oscillators.c:4156:11:tDampedOscillator_reset	0	static
