/Users/jeffsnyder/dev/LEAF/leaf/Src/leaf-math.c:28:8:log2f_approx	16	static
/Users/jeffsnyder/dev/LEAF/leaf/Src/leaf-math.c:44:8:log2f_approx2	0	static
/Users/jeffsnyder/dev/LEAF/leaf/Src/leaf-math.c:49:8:interpolate3max	0	static
/Users/jeffsnyder/dev/LEAF/leaf/Src/leaf-math.c:61:8:interpolate3phase	0	static
/Users/jeffsnyder/dev/LEAF/leaf/Src/leaf-math.c:73:7:LEAF_map	0	static
/Users/jeffsnyder/dev/LEAF/leaf/Src/leaf-math.c:78:8:fastcosf	0	static
/Users/jeffsnyder/dev/LEAF/leaf/Src/leaf-math.c:95:8:fastercosf	0	static
/Users/jeffsnyder/dev/LEAF/leaf/Src/leaf-math.c:106:8:fasttanf	0	static
/Users/jeffsnyder/dev/LEAF/leaf/Src/leaf-math.c:126:8:fastertanf	0	static
/Users/jeffsnyder/dev/LEAF/leaf/Src/leaf-math.c:139:8:fastsqrtf	0	static
/Users/jeffsnyder/dev/LEAF/leaf/Src/leaf-math.c:150:5:fastabs_int	0	static
/Users/jeffsnyder/dev/LEAF/leaf/Src/leaf-math.c:161:8:fastabsf	0	static
/Users/jeffsnyder/dev/LEAF/leaf/Src/leaf-math.c:174:8:fastexp	0	static
/Users/jeffsnyder/dev/LEAF/leaf/Src/leaf-math.c:182:15:fastexpf	0	static
/Users/jeffsnyder/dev/LEAF/leaf/Src/leaf-math.c:190:8:fasterexp	0	static
/Users/jeffsnyder/dev/LEAF/leaf/Src/leaf-math.c:197:15:fasterexpf	0	static
/Users/jeffsnyder/dev/LEAF/leaf/Src/leaf-math.c:204:8:fast_sinf2	0	static
/Users/jeffsnyder/dev/LEAF/leaf/Src/leaf-math.c:227:8:fastexp2f	0	static
/Users/jeffsnyder/dev/LEAF/leaf/Src/leaf-math.c:257:8:fastPowf	0	static
/Users/jeffsnyder/dev/LEAF/leaf/Src/leaf-math.c:269:8:fastPow	0	static
/Users/jeffsnyder/dev/LEAF/leaf/Src/leaf-math.c:283:5:getBinCoeff	0	static
/Users/jeffsnyder/dev/LEAF/leaf/Src/leaf-math.c:310:6:LEAF_crossfade	24	static
/Users/jeffsnyder/dev/LEAF/leaf/Src/leaf-math.c:316:8:LEAF_chebyshevT	16	static
/Users/jeffsnyder/dev/LEAF/leaf/Src/leaf-math.c:323:8:LEAF_CompoundChebyshevT	8	dynamic
/Users/jeffsnyder/dev/LEAF/leaf/Src/leaf-math.c:339:8:LEAF_frequencyToMidi	8	static
/Users/jeffsnyder/dev/LEAF/leaf/Src/leaf-math.c:361:8:LEAF_round	0	static
/Users/jeffsnyder/dev/LEAF/leaf/Src/leaf-math.c:374:8:LEAF_bitwise_xor	0	static
/Users/jeffsnyder/dev/LEAF/leaf/Src/leaf-math.c:383:8:LEAF_reedTable	0	static
/Users/jeffsnyder/dev/LEAF/leaf/Src/leaf-math.c:391:10:LEAF_softClip	0	static
/Users/jeffsnyder/dev/LEAF/leaf/Src/leaf-math.c:414:8:LEAF_clip	0	static
/Users/jeffsnyder/dev/LEAF/leaf/Src/leaf-math.c:345:8:LEAF_shaper	16	static
/Users/jeffsnyder/dev/LEAF/leaf/Src/leaf-math.c:432:7:LEAF_clipInt	0	static
/Users/jeffsnyder/dev/LEAF/leaf/Src/leaf-math.c:450:9:LEAF_isPrime	16	static
/Users/jeffsnyder/dev/LEAF/leaf/Src/leaf-math.c:462:8:LEAF_tanh	0	static
/Users/jeffsnyder/dev/LEAF/leaf/Src/leaf-math.c:476:8:LEAF_tanhNoClip	0	static
/Users/jeffsnyder/dev/LEAF/leaf/Src/leaf-math.c:482:8:fast_tanh	0	static
/Users/jeffsnyder/dev/LEAF/leaf/Src/leaf-math.c:489:8:fast_tanh2	0	static
/Users/jeffsnyder/dev/LEAF/leaf/Src/leaf-math.c:494:8:fast_tanh3	0	static
/Users/jeffsnyder/dev/LEAF/leaf/Src/leaf-math.c:501:10:fast_tanh4	0	static
/Users/jeffsnyder/dev/LEAF/leaf/Src/leaf-math.c:515:8:fast_tanh5	16	static
/Users/jeffsnyder/dev/LEAF/leaf/Src/leaf-math.c:521:8:leaf_softClip	0	static
/Users/jeffsnyder/dev/LEAF/leaf/Src/leaf-math.c:535:8:fastSine	0	static
/Users/jeffsnyder/dev/LEAF/leaf/Src/leaf-math.c:543:6:LEAF_generate_sine	24	static
/Users/jeffsnyder/dev/LEAF/leaf/Src/leaf-math.c:553:6:LEAF_generate_sawtooth	48	static
/Users/jeffsnyder/dev/LEAF/leaf/Src/leaf-math.c:575:6:LEAF_generate_triangle	56	static
/Users/jeffsnyder/dev/LEAF/leaf/Src/leaf-math.c:604:6:LEAF_generate_square	48	static
/Users/jeffsnyder/dev/LEAF/leaf/Src/leaf-math.c:628:6:LEAF_generate_exp	32	static
/Users/jeffsnyder/dev/LEAF/leaf/Src/leaf-math.c:642:6:LEAF_generate_table_skew_non_sym_double	48	static
/Users/jeffsnyder/dev/LEAF/leaf/Src/leaf-math.c:657:6:LEAF_generate_table_skew_non_sym	40	static
/Users/jeffsnyder/dev/LEAF/leaf/Src/leaf-math.c:740:8:LEAF_poly_blep	0	static
/Users/jeffsnyder/dev/LEAF/leaf/Src/leaf-math.c:791:8:LEAF_poly_blepInt	0	static
/Users/jeffsnyder/dev/LEAF/leaf/Src/leaf-math.c:810:8:LEAF_poly_blamp	0	static
/Users/jeffsnyder/dev/LEAF/leaf/Src/leaf-math.c:837:8:LEAF_midiToFrequency	8	static
/Users/jeffsnyder/dev/LEAF/leaf/Src/leaf-math.c:846:8:LEAF_interpolate_hermite	24	static
/Users/jeffsnyder/dev/LEAF/leaf/Src/leaf-math.c:862:8:LEAF_interpolate_hermite_x	0	static
/Users/jeffsnyder/dev/LEAF/leaf/Src/leaf-math.c:877:8:LEAF_interpolate_lagrange	0	static
/Users/jeffsnyder/dev/LEAF/leaf/Src/leaf-math.c:899:8:LEAF_interpolation_linear	16	static
/Users/jeffsnyder/dev/LEAF/leaf/Src/leaf-math.c:915:8:mtof	8	static
/Users/jeffsnyder/dev/LEAF/leaf/Src/leaf-math.c:710:6:LEAF_generate_mtof	40	static
/Users/jeffsnyder/dev/LEAF/leaf/Src/leaf-math.c:922:8:fast_mtof	0	static
/Users/jeffsnyder/dev/LEAF/leaf/Src/leaf-math.c:927:8:faster_mtof	0	static
/Users/jeffsnyder/dev/LEAF/leaf/Src/leaf-math.c:932:8:ftom	8	static
/Users/jeffsnyder/dev/LEAF/leaf/Src/leaf-math.c:723:6:LEAF_generate_ftom	40	static
/Users/jeffsnyder/dev/LEAF/leaf/Src/leaf-math.c:937:8:powtodb	8	static
/Users/jeffsnyder/dev/LEAF/leaf/Src/leaf-math.c:947:8:rmstodb	8	static
/Users/jeffsnyder/dev/LEAF/leaf/Src/leaf-math.c:957:8:dbtopow	8	static
/Users/jeffsnyder/dev/LEAF/leaf/Src/leaf-math.c:969:8:dbtorms	8	static
/Users/jeffsnyder/dev/LEAF/leaf/Src/leaf-math.c:982:8:atodb	8	static
/Users/jeffsnyder/dev/LEAF/leaf/Src/leaf-math.c:672:6:LEAF_generate_atodb	32	static
/Users/jeffsnyder/dev/LEAF/leaf/Src/leaf-math.c:695:6:LEAF_generate_atodbPositiveClipped	32	static
/Users/jeffsnyder/dev/LEAF/leaf/Src/leaf-math.c:986:8:fasteratodb	8	static
/Users/jeffsnyder/dev/LEAF/leaf/Src/leaf-math.c:991:8:dbtoa	8	static
/Users/jeffsnyder/dev/LEAF/leaf/Src/leaf-math.c:683:6:LEAF_generate_dbtoa	32	static
/Users/jeffsnyder/dev/LEAF/leaf/Src/leaf-math.c:997:8:fastdbtoa	8	static
/Users/jeffsnyder/dev/LEAF/leaf/Src/leaf-math.c:1003:8:fasterdbtoa	0	static
/Users/jeffsnyder/dev/LEAF/leaf/Src/leaf-math.c:1010:8:maximum	0	static
/Users/jeffsnyder/dev/LEAF/leaf/Src/leaf-math.c:1015:8:minimum	0	static
/Users/jeffsnyder/dev/LEAF/leaf/Src/leaf-math.c:1024:5:popcount	0	static
/Users/jeffsnyder/dev/LEAF/leaf/Src/leaf-math.c:1038:8:median3f	0	static
/Users/jeffsnyder/dev/LEAF/leaf/Src/leaf-math.c:1049:6:place_step_dd	24	static
/Users/jeffsnyder/dev/LEAF/leaf/Src/leaf-math.c:1073:6:place_slope_dd	32	static
